Archive member included to satisfy reference by file (symbol)

d:/progra~2/gbuarm~1/bin/../lib/gcc/arm-none-eabi/10.3.1/thumb/v6-m/nofp\libgcc.a(_dvmd_tls.o)
                              CMakeFiles/configTest.dir/C_/Users/Daniel/Desktop/pico/pico-sdk/src/rp2_common/pico_divider/divider.S.obj (__aeabi_idiv0)
d:/progra~2/gbuarm~1/bin/../lib/gcc/arm-none-eabi/10.3.1/../../../../arm-none-eabi/lib/thumb/v6-m/nofp\libg.a(lib_a-calloc.o)
                              CMakeFiles/configTest.dir/C_/Users/Daniel/Desktop/pico/pico-sdk/src/rp2_common/pico_malloc/pico_malloc.c.obj (calloc)
d:/progra~2/gbuarm~1/bin/../lib/gcc/arm-none-eabi/10.3.1/../../../../arm-none-eabi/lib/thumb/v6-m/nofp\libg.a(lib_a-callocr.o)
                              d:/progra~2/gbuarm~1/bin/../lib/gcc/arm-none-eabi/10.3.1/../../../../arm-none-eabi/lib/thumb/v6-m/nofp\libg.a(lib_a-calloc.o) (_calloc_r)
d:/progra~2/gbuarm~1/bin/../lib/gcc/arm-none-eabi/10.3.1/../../../../arm-none-eabi/lib/thumb/v6-m/nofp\libg.a(lib_a-ctype_.o)
                              CMakeFiles/configTest.dir/C_/Users/Daniel/Desktop/pico/pico-sdk/lib/tinyusb/src/tusb.c.obj (_ctype_)
d:/progra~2/gbuarm~1/bin/../lib/gcc/arm-none-eabi/10.3.1/../../../../arm-none-eabi/lib/thumb/v6-m/nofp\libg.a(lib_a-errno.o)
                              d:/progra~2/gbuarm~1/bin/../lib/gcc/arm-none-eabi/10.3.1/../../../../arm-none-eabi/lib/thumb/v6-m/nofp\libg.a(lib_a-callocr.o) (__errno)
d:/progra~2/gbuarm~1/bin/../lib/gcc/arm-none-eabi/10.3.1/../../../../arm-none-eabi/lib/thumb/v6-m/nofp\libg.a(lib_a-impure.o)
                              d:/progra~2/gbuarm~1/bin/../lib/gcc/arm-none-eabi/10.3.1/../../../../arm-none-eabi/lib/thumb/v6-m/nofp\libg.a(lib_a-calloc.o) (_impure_ptr)
d:/progra~2/gbuarm~1/bin/../lib/gcc/arm-none-eabi/10.3.1/../../../../arm-none-eabi/lib/thumb/v6-m/nofp\libg.a(lib_a-init.o)
                              d:/progra~2/gbuarm~1/bin/../lib/gcc/arm-none-eabi/10.3.1/../../../../arm-none-eabi/lib/thumb/v6-m/nofp/crt0.o (__libc_init_array)
d:/progra~2/gbuarm~1/bin/../lib/gcc/arm-none-eabi/10.3.1/../../../../arm-none-eabi/lib/thumb/v6-m/nofp\libg.a(lib_a-malloc.o)
                              CMakeFiles/configTest.dir/C_/Users/Daniel/Desktop/pico/pico-sdk/src/rp2_common/pico_malloc/pico_malloc.c.obj (malloc)
d:/progra~2/gbuarm~1/bin/../lib/gcc/arm-none-eabi/10.3.1/../../../../arm-none-eabi/lib/thumb/v6-m/nofp\libg.a(lib_a-mallocr.o)
                              d:/progra~2/gbuarm~1/bin/../lib/gcc/arm-none-eabi/10.3.1/../../../../arm-none-eabi/lib/thumb/v6-m/nofp\libg.a(lib_a-callocr.o) (_malloc_r)
d:/progra~2/gbuarm~1/bin/../lib/gcc/arm-none-eabi/10.3.1/../../../../arm-none-eabi/lib/thumb/v6-m/nofp\libg.a(lib_a-memmove.o)
                              CMakeFiles/configTest.dir/C_/Users/Daniel/Desktop/pico/pico-sdk/lib/tinyusb/src/class/msc/msc_device.c.obj (memmove)
d:/progra~2/gbuarm~1/bin/../lib/gcc/arm-none-eabi/10.3.1/../../../../arm-none-eabi/lib/thumb/v6-m/nofp\libg.a(lib_a-mlock.o)
                              d:/progra~2/gbuarm~1/bin/../lib/gcc/arm-none-eabi/10.3.1/../../../../arm-none-eabi/lib/thumb/v6-m/nofp\libg.a(lib_a-mallocr.o) (__malloc_lock)
d:/progra~2/gbuarm~1/bin/../lib/gcc/arm-none-eabi/10.3.1/../../../../arm-none-eabi/lib/thumb/v6-m/nofp\libg.a(lib_a-realloc.o)
                              CMakeFiles/configTest.dir/C_/Users/Daniel/Desktop/pico/pico-sdk/src/rp2_common/pico_malloc/pico_malloc.c.obj (realloc)
d:/progra~2/gbuarm~1/bin/../lib/gcc/arm-none-eabi/10.3.1/../../../../arm-none-eabi/lib/thumb/v6-m/nofp\libg.a(lib_a-reallocr.o)
                              d:/progra~2/gbuarm~1/bin/../lib/gcc/arm-none-eabi/10.3.1/../../../../arm-none-eabi/lib/thumb/v6-m/nofp\libg.a(lib_a-realloc.o) (_realloc_r)
d:/progra~2/gbuarm~1/bin/../lib/gcc/arm-none-eabi/10.3.1/../../../../arm-none-eabi/lib/thumb/v6-m/nofp\libg.a(lib_a-sbrkr.o)
                              d:/progra~2/gbuarm~1/bin/../lib/gcc/arm-none-eabi/10.3.1/../../../../arm-none-eabi/lib/thumb/v6-m/nofp\libg.a(lib_a-mallocr.o) (_sbrk_r)
d:/progra~2/gbuarm~1/bin/../lib/gcc/arm-none-eabi/10.3.1/../../../../arm-none-eabi/lib/thumb/v6-m/nofp\libg.a(lib_a-strlen-stub.o)
                              CMakeFiles/configTest.dir/msc_disk.c.obj (strlen)
d:/progra~2/gbuarm~1/bin/../lib/gcc/arm-none-eabi/10.3.1/../../../../arm-none-eabi/lib/thumb/v6-m/nofp\libg.a(lib_a-freer.o)
                              d:/progra~2/gbuarm~1/bin/../lib/gcc/arm-none-eabi/10.3.1/../../../../arm-none-eabi/lib/thumb/v6-m/nofp\libg.a(lib_a-malloc.o) (_free_r)
d:/progra~2/gbuarm~1/bin/../lib/gcc/arm-none-eabi/10.3.1/../../../../arm-none-eabi/lib/thumb/v6-m/nofp\libg.a(lib_a-lock.o)
                              d:/progra~2/gbuarm~1/bin/../lib/gcc/arm-none-eabi/10.3.1/../../../../arm-none-eabi/lib/thumb/v6-m/nofp\libg.a(lib_a-mlock.o) (__retarget_lock_acquire_recursive)
d:/progra~2/gbuarm~1/bin/../lib/gcc/arm-none-eabi/10.3.1/../../../../arm-none-eabi/lib/thumb/v6-m/nofp\libg.a(lib_a-reent.o)
[...]
Memory Configuration

Name             Origin             Length             Attributes
FLASH            0x10000000         0x00200000         xr
RAM              0x20000000         0x00040000         xrw
SCRATCH_X        0x20040000         0x00001000         xrw
SCRATCH_Y        0x20041000         0x00001000         xrw
*default*        0x00000000         0xffffffff

Linker script and memory map

LOAD d:/progra~2/gbuarm~1/bin/../lib/gcc/arm-none-eabi/10.3.1/thumb/v6-m/nofp/crti.o
LOAD d:/progra~2/gbuarm~1/bin/../lib/gcc/arm-none-eabi/10.3.1/thumb/v6-m/nofp/crtbegin.o
LOAD d:/progra~2/gbuarm~1/bin/../lib/gcc/arm-none-eabi/10.3.1/../../../../arm-none-eabi/lib/thumb/v6-m/nofp/crt0.o

.flash_begin    0x10000000        0x0
                0x10000000                __flash_binary_start = .

.boot2          0x10000000      0x100
                0x10000000                __boot2_start__ = .
 *(.boot2)
 .boot2         0x10000000      0x100 C:\Users\Daniel\AppData\Local\Temp\ccSIFzkI.o
                0x10000100                __boot2_end__ = .
                0x00000001                ASSERT (((__boot2_end__ - __boot2_start__) == 0x100), ERROR: Pico second stage bootloader must be 256 bytes in size)

.text           0x10000100     0x7ad0
                0x10000100                __logical_binary_start = .
 *(.vectors)
 .vectors       0x10000100       0xd4 CMakeFiles/configTest.dir/C_/Users/Daniel/Desktop/pico/pico-sdk/src/rp2_common/pico_standard_link/crt0.S.obj
                0x10000100                __VECTOR_TABLE
                0x10000100                __vectors
                0x100001c0                isr_invalid
                0x100001c0                __default_isrs_start
                0x100001c2                isr_nmi
                0x100001c4                isr_hardfault
                0x100001c6                isr_svcall
                0x100001c8                isr_pendsv
                0x100001ca                isr_systick
                0x100001cc                isr_irq23
                0x100001cc                isr_irq18
                0x100001cc                isr_irq11
                0x100001cc                isr_irq28
                0x100001cc                isr_irq19
                0x100001cc                isr_irq0
                0x100001cc                isr_irq6
                0x100001cc                isr_irq5
                0x100001cc                isr_irq12
                0x100001cc                isr_irq22
                0x100001cc                isr_irq31
                0x100001cc                isr_irq17
                0x100001cc                isr_irq27
                0x100001cc                isr_irq30
                0x100001cc                isr_irq2
                0x100001cc                isr_irq10
                0x100001cc                isr_irq8
                0x100001cc                isr_irq24
                0x100001cc                isr_irq1
                0x100001cc                isr_irq7
                0x100001cc                isr_irq21
                0x100001cc                isr_irq20
                0x100001cc                isr_irq15
                0x100001cc                isr_irq25
                0x100001cc                isr_irq13
                0x100001cc                __unhandled_user_irq
                0x100001cc                isr_irq4
                0x100001cc                isr_irq16
                0x100001cc                isr_irq29
                0x100001cc                isr_irq26
                0x100001cc                __default_isrs_end
                0x100001cc                isr_irq3
                0x100001cc                isr_irq14
                0x100001cc                isr_irq9
                0x100001d2                unhandled_user_irq_num_in_r0
 *(.binary_info_header)
 .binary_info_header
                0x100001d4       0x14 CMakeFiles/configTest.dir/C_/Users/Daniel/Desktop/pico/pico-sdk/src/rp2_common/pico_standard_link/crt0.S.obj
                0x100001e8                __binary_info_header_end = .
 *(.reset)
 .reset         0x100001e8       0xa8 CMakeFiles/configTest.dir/C_/Users/Daniel/Desktop/pico/pico-sdk/src/rp2_common/pico_standard_link/crt0.S.obj
                0x100001e8                _entry_point
                0x10000266                __get_current_exception
 .reset         0x10000290       0x30 CMakeFiles/configTest.dir/C_/Users/Daniel/Desktop/pico/pico-sdk/src/rp2_common/pico_standard_link/binary_info.c.obj
 *(.init)
 .init          0x100002c0        0x4 d:/progra~2/gbuarm~1/bin/../lib/gcc/arm-none-eabi/10.3.1/thumb/v6-m/nofp/crti.o
                0x100002c0                _init
 *(EXCLUDE_FILE(*libm.a: *libc.a:*lib_a-mem*.o *libgcc.a:) .text*)
 .text          0x100002c4       0x48 d:/progra~2/gbuarm~1/bin/../lib/gcc/arm-none-eabi/10.3.1/thumb/v6-m/nofp/crtbegin.o
 .text.main     0x1000030c       0x16 CMakeFiles/configTest.dir/main.c.obj
                0x1000030c                main
 *fill*         0x10000322        0x2 
 .text.tud_mount_cb
                0x10000324       0x10 CMakeFiles/configTest.dir/main.c.obj
                0x10000324                tud_mount_cb
 .text.tud_umount_cb
                0x10000334        0xc CMakeFiles/configTest.dir/main.c.obj
                0x10000334                tud_umount_cb
 .text.tud_suspend_cb
                0x10000340       0x10 CMakeFiles/configTest.dir/main.c.obj
                0x10000340                tud_suspend_cb
 .text.tud_resume_cb
                0x10000350       0x10 CMakeFiles/configTest.dir/main.c.obj
                0x10000350                tud_resume_cb
 .text.tud_cdc_line_state_cb
                0x10000360        0x2 CMakeFiles/configTest.dir/main.c.obj
                0x10000360                tud_cdc_line_state_cb
 .text.tud_cdc_rx_cb
                0x10000362        0x2 CMakeFiles/configTest.dir/main.c.obj
                0x10000362                tud_cdc_rx_cb
 .text.tud_msc_inquiry_cb
                0x10000364       0x78 CMakeFiles/configTest.dir/msc_disk.c.obj
                0x10000364                tud_msc_inquiry_cb
 .text.tud_msc_test_unit_ready_cb
                0x100003dc       0x20 CMakeFiles/configTest.dir/msc_disk.c.obj
                0x100003dc                tud_msc_test_unit_ready_cb
 .text.tud_msc_capacity_cb
                0x100003fc        0xc CMakeFiles/configTest.dir/msc_disk.c.obj
                0x100003fc                tud_msc_capacity_cb
 .text.tud_msc_start_stop_cb
                0x10000408       0x18 CMakeFiles/configTest.dir/msc_disk.c.obj
                0x10000408                tud_msc_start_stop_cb
 .text.tud_msc_read10_cb
                0x10000420       0x24 CMakeFiles/configTest.dir/msc_disk.c.obj
                0x10000420                tud_msc_read10_cb
 .text.tud_msc_is_writable_cb
                0x10000444        0x4 CMakeFiles/configTest.dir/msc_disk.c.obj
                0x10000444                tud_msc_is_writable_cb
 .text.tud_msc_write10_cb
                0x10000448       0x34 CMakeFiles/configTest.dir/msc_disk.c.obj
                0x10000448                tud_msc_write10_cb
 .text.tud_msc_scsi_cb
                0x1000047c       0x26 CMakeFiles/configTest.dir/msc_disk.c.obj
                0x1000047c                tud_msc_scsi_cb
 *fill*         0x100004a2        0x2 
 .text.tud_descriptor_device_cb
                0x100004a4        0x8 CMakeFiles/configTest.dir/usb_descriptors.c.obj
                0x100004a4                tud_descriptor_device_cb
 .text.tud_descriptor_configuration_cb
                0x100004ac        0x8 CMakeFiles/configTest.dir/usb_descriptors.c.obj
                0x100004ac                tud_descriptor_configuration_cb
 .text.tud_descriptor_string_cb
                0x100004b4       0x60 CMakeFiles/configTest.dir/usb_descriptors.c.obj
                0x100004b4                tud_descriptor_string_cb
 .text.gpio_set_function
                0x10000514       0x30 CMakeFiles/configTest.dir/C_/Users/Daniel/Desktop/pico/pico-sdk/src/rp2_common/hardware_gpio/gpio.c.obj
                0x10000514                gpio_set_function
 .text.gpio_init
                0x10000544       0x16 CMakeFiles/configTest.dir/C_/Users/Daniel/Desktop/pico/pico-sdk/src/rp2_common/hardware_gpio/gpio.c.obj
                0x10000544                gpio_init
 *fill*         0x1000055a        0x2 
 .text.hw_claim_lock
                0x1000055c       0x18 CMakeFiles/configTest.dir/C_/Users/Daniel/Desktop/pico/pico-sdk/src/rp2_common/hardware_claim/claim.c.obj
                0x1000055c                hw_claim_lock
 .text.hw_claim_unlock
                0x10000574       0x14 CMakeFiles/configTest.dir/C_/Users/Daniel/Desktop/pico/pico-sdk/src/rp2_common/hardware_claim/claim.c.obj
                0x10000574                hw_claim_unlock
 .text.hw_claim_or_assert
                0x10000588       0x32 CMakeFiles/configTest.dir/C_/Users/Daniel/Desktop/pico/pico-sdk/src/rp2_common/hardware_claim/claim.c.obj
                0x10000588                hw_claim_or_assert
 .text.hw_claim_unused_from_range
                0x100005ba       0x50 CMakeFiles/configTest.dir/C_/Users/Daniel/Desktop/pico/pico-sdk/src/rp2_common/hardware_claim/claim.c.obj
                0x100005ba                hw_claim_unused_from_range
 *fill*         0x1000060a        0x2 
 .text.running_on_fpga
                0x1000060c       0x14 CMakeFiles/configTest.dir/C_/Users/Daniel/Desktop/pico/pico-sdk/src/rp2_common/pico_platform/platform.c.obj
                0x1000060c                running_on_fpga
 .text.spin_locks_reset
                0x10000620       0x20 CMakeFiles/configTest.dir/C_/Users/Daniel/Desktop/pico/pico-sdk/src/rp2_common/hardware_sync/sync.c.obj
                0x10000620                spin_locks_reset
 .text.next_striped_spin_lock_num
                0x10000640       0x1c CMakeFiles/configTest.dir/C_/Users/Daniel/Desktop/pico/pico-sdk/src/rp2_common/hardware_sync/sync.c.obj
                0x10000640                next_striped_spin_lock_num
 .text.spin_lock_claim_unused
                0x1000065c       0x20 CMakeFiles/configTest.dir/C_/Users/Daniel/Desktop/pico/pico-sdk/src/rp2_common/hardware_sync/sync.c.obj
                0x1000065c                spin_lock_claim_unused
 .text.set_raw_irq_handler_and_unlock
                0x1000067c       0x28 CMakeFiles/configTest.dir/C_/Users/Daniel/Desktop/pico/pico-sdk/src/rp2_common/hardware_irq/irq.c.obj
 .text.make_branch
                0x100006a4       0x48 CMakeFiles/configTest.dir/C_/Users/Daniel/Desktop/pico/pico-sdk/src/rp2_common/hardware_irq/irq.c.obj
 .text.insert_branch_and_link
                0x100006ec       0x40 CMakeFiles/configTest.dir/C_/Users/Daniel/Desktop/pico/pico-sdk/src/rp2_common/hardware_irq/irq.c.obj
 .text.irq_is_enabled
                0x1000072c       0x18 CMakeFiles/configTest.dir/C_/Users/Daniel/Desktop/pico/pico-sdk/src/rp2_common/hardware_irq/irq.c.obj
                0x1000072c                irq_is_enabled
 .text.irq_set_mask_enabled
                0x10000744       0x20 CMakeFiles/configTest.dir/C_/Users/Daniel/Desktop/pico/pico-sdk/src/rp2_common/hardware_irq/irq.c.obj
                0x10000744                irq_set_mask_enabled
 .text.irq_set_enabled
                0x10000764        0xe CMakeFiles/configTest.dir/C_/Users/Daniel/Desktop/pico/pico-sdk/src/rp2_common/hardware_irq/irq.c.obj
                0x10000764                irq_set_enabled
 *fill*         0x10000772        0x2 
 .text.irq_get_vtable_handler
                0x10000774       0x10 CMakeFiles/configTest.dir/C_/Users/Daniel/Desktop/pico/pico-sdk/src/rp2_common/hardware_irq/irq.c.obj
                0x10000774                irq_get_vtable_handler
 .text.irq_set_exclusive_handler
                0x10000784       0x54 CMakeFiles/configTest.dir/C_/Users/Daniel/Desktop/pico/pico-sdk/src/rp2_common/hardware_irq/irq.c.obj
                0x10000784                irq_set_exclusive_handler
 .text.irq_remove_handler
                0x100007d8      0x1a8 CMakeFiles/configTest.dir/C_/Users/Daniel/Desktop/pico/pico-sdk/src/rp2_common/hardware_irq/irq.c.obj
                0x100007d8                irq_remove_handler
 .text.irq_add_tail_to_free_list
                0x10000980       0xf0 CMakeFiles/configTest.dir/C_/Users/Daniel/Desktop/pico/pico-sdk/src/rp2_common/hardware_irq/irq.c.obj
                0x10000980                irq_add_tail_to_free_list
 .text.irq_init_priorities
                0x10000a70       0x1c CMakeFiles/configTest.dir/C_/Users/Daniel/Desktop/pico/pico-sdk/src/rp2_common/hardware_irq/irq.c.obj
                0x10000a70                irq_init_priorities
 .text.lock_init
                0x10000a8c       0x10 CMakeFiles/configTest.dir/C_/Users/Daniel/Desktop/pico/pico-sdk/src/common/pico_sync/lock_core.c.obj
                0x10000a8c                lock_init
 .text.alarm_pool_post_alloc_init
                0x10000a9c       0x40 CMakeFiles/configTest.dir/C_/Users/Daniel/Desktop/pico/pico-sdk/src/common/pico_time/time.c.obj
 .text.sleep_until_callback
                0x10000adc       0x30 CMakeFiles/configTest.dir/C_/Users/Daniel/Desktop/pico/pico-sdk/src/common/pico_time/time.c.obj
 .text.timer_pool_entry_comparator
                0x10000b0c       0x7c CMakeFiles/configTest.dir/C_/Users/Daniel/Desktop/pico/pico-sdk/src/common/pico_time/time.c.obj
                0x10000b0c                timer_pool_entry_comparator
 .text.ph_add_child_node
                0x10000b88       0xa4 CMakeFiles/configTest.dir/C_/Users/Daniel/Desktop/pico/pico-sdk/src/common/pico_time/time.c.obj
 .text.ph_merge_nodes
                0x10000c2c       0x3e CMakeFiles/configTest.dir/C_/Users/Daniel/Desktop/pico/pico-sdk/src/common/pico_time/time.c.obj
 *fill*         0x10000c6a        0x2 
 .text.add_alarm_under_lock
                0x10000c6c      0x174 CMakeFiles/configTest.dir/C_/Users/Daniel/Desktop/pico/pico-sdk/src/common/pico_time/time.c.obj
 .text.alarm_pool_alarm_callback
                0x10000de0      0x328 CMakeFiles/configTest.dir/C_/Users/Daniel/Desktop/pico/pico-sdk/src/common/pico_time/time.c.obj
 .text.alarm_pool_init_default
                0x10001108       0x38 CMakeFiles/configTest.dir/C_/Users/Daniel/Desktop/pico/pico-sdk/src/common/pico_time/time.c.obj
                0x10001108                alarm_pool_init_default
 .text.alarm_pool_get_default
                0x10001140       0x2c CMakeFiles/configTest.dir/C_/Users/Daniel/Desktop/pico/pico-sdk/src/common/pico_time/time.c.obj
                0x10001140                alarm_pool_get_default
 .text.alarm_pool_add_alarm_at
                0x1000116c      0x170 CMakeFiles/configTest.dir/C_/Users/Daniel/Desktop/pico/pico-sdk/src/common/pico_time/time.c.obj
                0x1000116c                alarm_pool_add_alarm_at
 .text.alarm_pool_cancel_alarm
                0x100012dc       0xf0 CMakeFiles/configTest.dir/C_/Users/Daniel/Desktop/pico/pico-sdk/src/common/pico_time/time.c.obj
                0x100012dc                alarm_pool_cancel_alarm
 .text.best_effort_wfe_or_timeout
                0x100013cc       0x80 CMakeFiles/configTest.dir/C_/Users/Daniel/Desktop/pico/pico-sdk/src/common/pico_time/time.c.obj
                0x100013cc                best_effort_wfe_or_timeout
 .text.hardware_alarm_irq_handler
                0x1000144c       0x8c CMakeFiles/configTest.dir/C_/Users/Daniel/Desktop/pico/pico-sdk/src/rp2_common/hardware_timer/timer.c.obj
 .text.hardware_alarm_claim
                0x100014d8       0x18 CMakeFiles/configTest.dir/C_/Users/Daniel/Desktop/pico/pico-sdk/src/rp2_common/hardware_timer/timer.c.obj
                0x100014d8                hardware_alarm_claim
 .text.time_us_64
                0x100014f0       0x18 CMakeFiles/configTest.dir/C_/Users/Daniel/Desktop/pico/pico-sdk/src/rp2_common/hardware_timer/timer.c.obj
                0x100014f0                time_us_64
 .text.hardware_alarm_set_callback
                0x10001508       0x90 CMakeFiles/configTest.dir/C_/Users/Daniel/Desktop/pico/pico-sdk/src/rp2_common/hardware_timer/timer.c.obj
                0x10001508                hardware_alarm_set_callback
 .text.hardware_alarm_set_target
                0x10001598       0xe8 CMakeFiles/configTest.dir/C_/Users/Daniel/Desktop/pico/pico-sdk/src/rp2_common/hardware_timer/timer.c.obj
                0x10001598                hardware_alarm_set_target
 .text.hardware_alarm_cancel
                0x10001680       0x40 CMakeFiles/configTest.dir/C_/Users/Daniel/Desktop/pico/pico-sdk/src/rp2_common/hardware_timer/timer.c.obj
                0x10001680                hardware_alarm_cancel
 .text.ph_add_child_node
                0x100016c0       0xa4 CMakeFiles/configTest.dir/C_/Users/Daniel/Desktop/pico/pico-sdk/src/common/pico_util/pheap.c.obj
 .text.ph_merge_nodes
                0x10001764       0x3e CMakeFiles/configTest.dir/C_/Users/Daniel/Desktop/pico/pico-sdk/src/common/pico_util/pheap.c.obj
 *fill*         0x100017a2        0x2 
 .text.ph_clear
                0x100017a4       0x70 CMakeFiles/configTest.dir/C_/Users/Daniel/Desktop/pico/pico-sdk/src/common/pico_util/pheap.c.obj
                0x100017a4                ph_clear
 .text.ph_post_alloc_init
                0x10001814        0xe CMakeFiles/configTest.dir/C_/Users/Daniel/Desktop/pico/pico-sdk/src/common/pico_util/pheap.c.obj
                0x10001814                ph_post_alloc_init
 *fill*         0x10001822        0x2 
 .text.ph_merge_two_pass
                0x10001824       0xa8 CMakeFiles/configTest.dir/C_/Users/Daniel/Desktop/pico/pico-sdk/src/common/pico_util/pheap.c.obj
                0x10001824                ph_merge_two_pass
 .text.ph_remove_any_head
                0x100018cc      0x108 CMakeFiles/configTest.dir/C_/Users/Daniel/Desktop/pico/pico-sdk/src/common/pico_util/pheap.c.obj
 .text.ph_remove_head
                0x100019d4       0x14 CMakeFiles/configTest.dir/C_/Users/Daniel/Desktop/pico/pico-sdk/src/common/pico_util/pheap.c.obj
                0x100019d4                ph_remove_head
 .text.ph_remove_and_free_node
                0x100019e8       0xf8 CMakeFiles/configTest.dir/C_/Users/Daniel/Desktop/pico/pico-sdk/src/common/pico_util/pheap.c.obj
                0x100019e8                ph_remove_and_free_node
 .text.mutex_init
                0x10001ae0       0x1a CMakeFiles/configTest.dir/C_/Users/Daniel/Desktop/pico/pico-sdk/src/common/pico_sync/mutex.c.obj
                0x10001ae0                mutex_init
 .text.recursive_mutex_init
                0x10001afa       0x1e CMakeFiles/configTest.dir/C_/Users/Daniel/Desktop/pico/pico-sdk/src/common/pico_sync/mutex.c.obj
                0x10001afa                recursive_mutex_init
 .text.critical_section_init_with_lock_num
                0x10001b18       0x14 CMakeFiles/configTest.dir/C_/Users/Daniel/Desktop/pico/pico-sdk/src/common/pico_sync/critical_section.c.obj
                0x10001b18                critical_section_init_with_lock_num
 .text.critical_section_init
                0x10001b2c       0x14 CMakeFiles/configTest.dir/C_/Users/Daniel/Desktop/pico/pico-sdk/src/common/pico_sync/critical_section.c.obj
                0x10001b2c                critical_section_init
 .text.uart_set_baudrate
                0x10001b40       0x5c CMakeFiles/configTest.dir/C_/Users/Daniel/Desktop/pico/pico-sdk/src/rp2_common/hardware_uart/uart.c.obj
                0x10001b40                uart_set_baudrate
 .text.uart_set_translate_crlf
                0x10001b9c       0x28 CMakeFiles/configTest.dir/C_/Users/Daniel/Desktop/pico/pico-sdk/src/rp2_common/hardware_uart/uart.c.obj
                0x10001b9c                uart_set_translate_crlf
 .text.uart_init
                0x10001bc4       0x80 CMakeFiles/configTest.dir/C_/Users/Daniel/Desktop/pico/pico-sdk/src/rp2_common/hardware_uart/uart.c.obj
                0x10001bc4                uart_init
 .text._exit    0x10001c44        0x4 CMakeFiles/configTest.dir/C_/Users/Daniel/Desktop/pico/pico-sdk/src/rp2_common/pico_runtime/runtime.c.obj
                0x10001c44                _exit
 .text.exit     0x10001c48        0x6 CMakeFiles/configTest.dir/C_/Users/Daniel/Desktop/pico/pico-sdk/src/rp2_common/pico_runtime/runtime.c.obj
                0x10001c48                exit
 *fill*         0x10001c4e        0x2 
 .text.__assert_func
                0x10001c50       0x3c CMakeFiles/configTest.dir/C_/Users/Daniel/Desktop/pico/pico-sdk/src/rp2_common/pico_runtime/runtime.c.obj
                0x10001c50                __assert_func
 .text.runtime_init
                0x10001c8c       0xf8 CMakeFiles/configTest.dir/C_/Users/Daniel/Desktop/pico/pico-sdk/src/rp2_common/pico_runtime/runtime.c.obj
                0x10001c8c                runtime_init
 .text.panic    0x10001d84       0x30 CMakeFiles/configTest.dir/C_/Users/Daniel/Desktop/pico/pico-sdk/src/rp2_common/pico_runtime/runtime.c.obj
                0x10001d84                panic
 .text.clock_configure
                0x10001db4      0x104 CMakeFiles/configTest.dir/C_/Users/Daniel/Desktop/pico/pico-sdk/src/rp2_common/hardware_clocks/clocks.c.obj
                0x10001db4                clock_configure
 .text.clocks_init
                0x10001eb8      0x100 CMakeFiles/configTest.dir/C_/Users/Daniel/Desktop/pico/pico-sdk/src/rp2_common/hardware_clocks/clocks.c.obj
                0x10001eb8                clocks_init
 .text.clock_get_hz
                0x10001fb8        0xc CMakeFiles/configTest.dir/C_/Users/Daniel/Desktop/pico/pico-sdk/src/rp2_common/hardware_clocks/clocks.c.obj
                0x10001fb8                clock_get_hz
 .text.pll_init
                0x10001fc4      0x140 CMakeFiles/configTest.dir/C_/Users/Daniel/Desktop/pico/pico-sdk/src/rp2_common/hardware_pll/pll.c.obj
                0x10001fc4                pll_init
 .text.watchdog_start_tick
                0x10002104       0x10 CMakeFiles/configTest.dir/C_/Users/Daniel/Desktop/pico/pico-sdk/src/rp2_common/hardware_watchdog/watchdog.c.obj
                0x10002104                watchdog_start_tick
 .text.xosc_init
                0x10002114       0x28 CMakeFiles/configTest.dir/C_/Users/Daniel/Desktop/pico/pico-sdk/src/rp2_common/hardware_xosc/xosc.c.obj
                0x10002114                xosc_init
 .text._out_null
                0x1000213c        0x2 CMakeFiles/configTest.dir/C_/Users/Daniel/Desktop/pico/pico-sdk/src/rp2_common/pico_printf/printf.c.obj
 .text._out_fct
                0x1000213e        0xe CMakeFiles/configTest.dir/C_/Users/Daniel/Desktop/pico/pico-sdk/src/rp2_common/pico_printf/printf.c.obj
 .text._atoi    0x1000214c       0x24 CMakeFiles/configTest.dir/C_/Users/Daniel/Desktop/pico/pico-sdk/src/rp2_common/pico_printf/printf.c.obj
 .text._out_rev
                0x10002170       0xae CMakeFiles/configTest.dir/C_/Users/Daniel/Desktop/pico/pico-sdk/src/rp2_common/pico_printf/printf.c.obj
 .text._ntoa_format
                0x1000221e      0x112 CMakeFiles/configTest.dir/C_/Users/Daniel/Desktop/pico/pico-sdk/src/rp2_common/pico_printf/printf.c.obj
 .text._ntoa_long
                0x10002330       0xbc CMakeFiles/configTest.dir/C_/Users/Daniel/Desktop/pico/pico-sdk/src/rp2_common/pico_printf/printf.c.obj
 .text._ntoa_long_long
                0x100023ec       0xe2 CMakeFiles/configTest.dir/C_/Users/Daniel/Desktop/pico/pico-sdk/src/rp2_common/pico_printf/printf.c.obj
 *fill*         0x100024ce        0x2 
 .text._etoa    0x100024d0      0x414 CMakeFiles/configTest.dir/C_/Users/Daniel/Desktop/pico/pico-sdk/src/rp2_common/pico_printf/printf.c.obj
 .text._ftoa    0x100028e4      0x354 CMakeFiles/configTest.dir/C_/Users/Daniel/Desktop/pico/pico-sdk/src/rp2_common/pico_printf/printf.c.obj
 .text._vsnprintf
                0x10002c38      0x624 CMakeFiles/configTest.dir/C_/Users/Daniel/Desktop/pico/pico-sdk/src/rp2_common/pico_printf/printf.c.obj
 .text.vfctprintf
                0x1000325c       0x20 CMakeFiles/configTest.dir/C_/Users/Daniel/Desktop/pico/pico-sdk/src/rp2_common/pico_printf/printf.c.obj
                0x1000325c                vfctprintf
 .text          0x1000327c       0x10 CMakeFiles/configTest.dir/C_/Users/Daniel/Desktop/pico/pico-sdk/src/rp2_common/pico_bit_ops/bit_ops_aeabi.S.obj
 .text.rom_func_lookup
                0x1000328c       0x10 CMakeFiles/configTest.dir/C_/Users/Daniel/Desktop/pico/pico-sdk/src/rp2_common/pico_bootrom/bootrom.c.obj
                0x1000328c                rom_func_lookup
 .text.rom_data_lookup
                0x1000329c       0x10 CMakeFiles/configTest.dir/C_/Users/Daniel/Desktop/pico/pico-sdk/src/rp2_common/pico_bootrom/bootrom.c.obj
                0x1000329c                rom_data_lookup
 .text.rom_funcs_lookup
                0x100032ac       0x36 CMakeFiles/configTest.dir/C_/Users/Daniel/Desktop/pico/pico-sdk/src/rp2_common/pico_bootrom/bootrom.c.obj
                0x100032ac                rom_funcs_lookup
 *fill*         0x100032e2        0x2 
 .text.__wrap___aeabi_idiv
                0x100032e4       0x50 CMakeFiles/configTest.dir/C_/Users/Daniel/Desktop/pico/pico-sdk/src/rp2_common/pico_divider/divider.S.obj
                0x100032e4                __wrap___aeabi_idivmod
                0x100032e4                divmod_s32s32
                0x100032e4                div_s32s32
                0x100032e4                __wrap___aeabi_idiv
                0x100032ec                divmod_s32s32_unsafe
                0x10003318                divmod_s32s32_savestate
 .text.__wrap___aeabi_uidiv
                0x10003334       0x4c CMakeFiles/configTest.dir/C_/Users/Daniel/Desktop/pico/pico-sdk/src/rp2_common/pico_divider/divider.S.obj
                0x10003334                __wrap___aeabi_uidiv
                0x10003334                __wrap___aeabi_uidivmod
                0x10003334                div_u32u32
                0x10003334                divmod_u32u32
                0x1000333c                divmod_u32u32_unsafe
                0x10003364                divmod_u32u32_savestate
 .text.__wrap___aeabi_ldiv
                0x10003380      0x434 CMakeFiles/configTest.dir/C_/Users/Daniel/Desktop/pico/pico-sdk/src/rp2_common/pico_divider/divider.S.obj
                0x10003380                div_s64s64
                0x10003380                divmod_s64s64
                0x10003380                __wrap___aeabi_ldivmod
                0x100033b8                divmod_u64u64
                0x100033b8                div_u64u64
                0x100033b8                __wrap___aeabi_uldivmod
                0x100033c8                divmod_u64u64_savestate
                0x100033f0                divmod_s64s64_unsafe
                0x10003478                divmod_u64u64_unsafe
 .text.__wrap___aeabi_darithmetic
                0x100037b4       0x80 CMakeFiles/configTest.dir/C_/Users/Daniel/Desktop/pico/pico-sdk/src/rp2_common/pico_double/double_aeabi.S.obj
                0x100037b4                __wrap___aeabi_drsub
                0x100037ba                __wrap___aeabi_dsub
                0x100037cc                __wrap___aeabi_dadd
                0x100037de                __wrap___aeabi_ddiv
                0x1000381a                __wrap___aeabi_dmul
 .text.__wrap___aeabi_cdcmple
                0x10003834       0x6c CMakeFiles/configTest.dir/C_/Users/Daniel/Desktop/pico/pico-sdk/src/rp2_common/pico_double/double_aeabi.S.obj
                0x10003834                __wrap___aeabi_cdrcmple
                0x10003844                __wrap___aeabi_cdcmpeq
                0x10003844                __wrap___aeabi_cdcmple
 .text.__wrap___aeabi_dcmplt
                0x100038a0        0xc CMakeFiles/configTest.dir/C_/Users/Daniel/Desktop/pico/pico-sdk/src/rp2_common/pico_double/double_aeabi.S.obj
                0x100038a0                __wrap___aeabi_dcmplt
 .text.__wrap___aeabi_dcmple
                0x100038ac       0x10 CMakeFiles/configTest.dir/C_/Users/Daniel/Desktop/pico/pico-sdk/src/rp2_common/pico_double/double_aeabi.S.obj
                0x100038ac                __wrap___aeabi_dcmple
 .text.__wrap___aeabi_dcmpge
                0x100038bc       0x10 CMakeFiles/configTest.dir/C_/Users/Daniel/Desktop/pico/pico-sdk/src/rp2_common/pico_double/double_aeabi.S.obj
                0x100038bc                __wrap___aeabi_dcmpge
 .text.__wrap___aeabi_dcmpgt
                0x100038cc        0xa CMakeFiles/configTest.dir/C_/Users/Daniel/Desktop/pico/pico-sdk/src/rp2_common/pico_double/double_aeabi.S.obj
                0x100038cc                __wrap___aeabi_dcmpgt
 .text.__wrap___aeabi_dcmpun
                0x100038d6       0x1c CMakeFiles/configTest.dir/C_/Users/Daniel/Desktop/pico/pico-sdk/src/rp2_common/pico_double/double_aeabi.S.obj
                0x100038d6                __wrap___aeabi_dcmpun
 *fill*         0x100038f2        0x2 
 .text.__wrap___aeabi_i2d
                0x100038f4       0x38 CMakeFiles/configTest.dir/C_/Users/Daniel/Desktop/pico/pico-sdk/src/rp2_common/pico_double/double_aeabi.S.obj
                0x100038f4                __wrap___aeabi_ui2d
                0x100038fc                __wrap___aeabi_i2d
 .text.__wrap___aeabi_d2iz
                0x1000392c       0x48 CMakeFiles/configTest.dir/C_/Users/Daniel/Desktop/pico/pico-sdk/src/rp2_common/pico_double/double_aeabi.S.obj
                0x1000392c                double2int_z
                0x1000392c                __wrap___aeabi_d2iz
 .text.__wrap___aeabi_d2uiz
                0x10003974       0x18 CMakeFiles/configTest.dir/C_/Users/Daniel/Desktop/pico/pico-sdk/src/rp2_common/pico_double/double_aeabi.S.obj
                0x10003974                __wrap___aeabi_d2uiz
                0x10003974                double2uint
 .text.__aeabi_double_init
                0x1000398c       0xc8 CMakeFiles/configTest.dir/C_/Users/Daniel/Desktop/pico/pico-sdk/src/rp2_common/pico_double/double_init_rom.c.obj
                0x1000398c                __aeabi_double_init
 .text.double_table_shim_on_use_helper
                0x10003a54       0x34 CMakeFiles/configTest.dir/C_/Users/Daniel/Desktop/pico/pico-sdk/src/rp2_common/pico_double/double_v1_rom_shim.S.obj
                0x10003a54                double_table_shim_on_use_helper
 .text.__wrap___aeabi_dsub
                0x10003a88       0x10 CMakeFiles/configTest.dir/C_/Users/Daniel/Desktop/pico/pico-sdk/src/rp2_common/pico_double/double_v1_rom_shim.S.obj
                0x10003a88                drsub_shim
                0x10003a8e                dsub_shim
 .text.dadd_shim
                0x10003a98      0x15c CMakeFiles/configTest.dir/C_/Users/Daniel/Desktop/pico/pico-sdk/src/rp2_common/pico_double/double_v1_rom_shim.S.obj
                0x10003a98                dadd_shim
 .text.dmul_shim
                0x10003bf4      0x15c CMakeFiles/configTest.dir/C_/Users/Daniel/Desktop/pico/pico-sdk/src/rp2_common/pico_double/double_v1_rom_shim.S.obj
                0x10003bf4                dmul_shim
 .text.ddiv_shim
                0x10003d50      0x1b0 CMakeFiles/configTest.dir/C_/Users/Daniel/Desktop/pico/pico-sdk/src/rp2_common/pico_double/double_v1_rom_shim.S.obj
                0x10003d50                ddiv_shim
 .text.double2uint_shim
                0x10003f00        0xe CMakeFiles/configTest.dir/C_/Users/Daniel/Desktop/pico/pico-sdk/src/rp2_common/pico_double/double_v1_rom_shim.S.obj
                0x10003f00                double2uint_shim
                0x10003f02                double2ufix_shim
 *fill*         0x10003f0e        0x2 
 .text.double2uint64_shim
                0x10003f10       0x70 CMakeFiles/configTest.dir/C_/Users/Daniel/Desktop/pico/pico-sdk/src/rp2_common/pico_double/double_v1_rom_shim.S.obj
                0x10003f10                double2uint64_shim
                0x10003f12                double2ufix64_shim
                0x10003f32                d2fix_a
 .text.dunpacks
                0x10003f80       0x3c CMakeFiles/configTest.dir/C_/Users/Daniel/Desktop/pico/pico-sdk/src/rp2_common/pico_double/double_v1_rom_shim.S.obj
                0x10003f80                dunpacks
 .text.__aeabi_lmul
                0x10003fbc       0x32 CMakeFiles/configTest.dir/C_/Users/Daniel/Desktop/pico/pico-sdk/src/rp2_common/pico_int64_ops/pico_int64_ops_aeabi.S.obj
                0x10003fbc                __wrap___aeabi_lmul
 *fill*         0x10003fee        0x2 
 .text.__aeabi_float_init
                0x10003ff0       0xfc CMakeFiles/configTest.dir/C_/Users/Daniel/Desktop/pico/pico-sdk/src/rp2_common/pico_float/float_init_rom.c.obj
                0x10003ff0                __aeabi_float_init
 .text.float_table_shim_on_use_helper
                0x100040ec       0x34 CMakeFiles/configTest.dir/C_/Users/Daniel/Desktop/pico/pico-sdk/src/rp2_common/pico_float/float_v1_rom_shim.S.obj
                0x100040ec                float_table_shim_on_use_helper
 .text          0x10004120       0x10 CMakeFiles/configTest.dir/C_/Users/Daniel/Desktop/pico/pico-sdk/src/rp2_common/pico_mem_ops/mem_ops_aeabi.S.obj
                0x10004120                __aeabi_mem_init
 .text.memset   0x10004130        0xc CMakeFiles/configTest.dir/C_/Users/Daniel/Desktop/pico/pico-sdk/src/rp2_common/pico_mem_ops/mem_ops_aeabi.S.obj
                0x10004130                __wrap_memset
 .text.memcpy   0x1000413c        0xc CMakeFiles/configTest.dir/C_/Users/Daniel/Desktop/pico/pico-sdk/src/rp2_common/pico_mem_ops/mem_ops_aeabi.S.obj
                0x1000413c                __wrap_memcpy
                0x1000413c                __wrap___aeabi_memcpy
 .text.stdio_out_chars_no_crlf
                0x10004148        0xe CMakeFiles/configTest.dir/C_/Users/Daniel/Desktop/pico/pico-sdk/src/rp2_common/pico_stdio/stdio.c.obj
 *fill*         0x10004156        0x2 
 .text.stdio_out_chars_crlf
                0x10004158       0x80 CMakeFiles/configTest.dir/C_/Users/Daniel/Desktop/pico/pico-sdk/src/rp2_common/pico_stdio/stdio.c.obj
 .text.stdio_stack_buffer_flush
                0x100041d8       0x44 CMakeFiles/configTest.dir/C_/Users/Daniel/Desktop/pico/pico-sdk/src/rp2_common/pico_stdio/stdio.c.obj
 .text.stdio_buffered_printer
                0x1000421c       0x20 CMakeFiles/configTest.dir/C_/Users/Daniel/Desktop/pico/pico-sdk/src/rp2_common/pico_stdio/stdio.c.obj
 .text.stdout_serialize_begin
                0x1000423c       0x30 CMakeFiles/configTest.dir/C_/Users/Daniel/Desktop/pico/pico-sdk/src/rp2_common/pico_stdio/stdio.c.obj
                0x1000423c                stdout_serialize_begin
 .text.stdout_serialize_end
                0x1000426c       0x10 CMakeFiles/configTest.dir/C_/Users/Daniel/Desktop/pico/pico-sdk/src/rp2_common/pico_stdio/stdio.c.obj
                0x1000426c                stdout_serialize_end
 .text.stdio_put_string
                0x1000427c       0x98 CMakeFiles/configTest.dir/C_/Users/Daniel/Desktop/pico/pico-sdk/src/rp2_common/pico_stdio/stdio.c.obj
 .text.stdio_set_driver_enabled
                0x10004314       0x2c CMakeFiles/configTest.dir/C_/Users/Daniel/Desktop/pico/pico-sdk/src/rp2_common/pico_stdio/stdio.c.obj
                0x10004314                stdio_set_driver_enabled
 .text.stdio_flush
                0x10004340       0x20 CMakeFiles/configTest.dir/C_/Users/Daniel/Desktop/pico/pico-sdk/src/rp2_common/pico_stdio/stdio.c.obj
                0x10004340                stdio_flush
 .text.__wrap_puts
                0x10004360       0x1e CMakeFiles/configTest.dir/C_/Users/Daniel/Desktop/pico/pico-sdk/src/rp2_common/pico_stdio/stdio.c.obj
                0x10004360                __wrap_puts
 *fill*         0x1000437e        0x2 
 .text.__wrap_vprintf
                0x10004380       0x44 CMakeFiles/configTest.dir/C_/Users/Daniel/Desktop/pico/pico-sdk/src/rp2_common/pico_stdio/stdio.c.obj
                0x10004380                __wrap_vprintf
 .text.__wrap_printf
                0x100043c4       0x18 CMakeFiles/configTest.dir/C_/Users/Daniel/Desktop/pico/pico-sdk/src/rp2_common/pico_stdio/stdio.c.obj
                0x100043c4                __wrap_printf
 .text.stdio_init_all
                0x100043dc        0xc CMakeFiles/configTest.dir/C_/Users/Daniel/Desktop/pico/pico-sdk/src/rp2_common/pico_stdio/stdio.c.obj
                0x100043dc                stdio_init_all
 .text.stdio_uart_out_chars
                0x100043e8       0x74 CMakeFiles/configTest.dir/C_/Users/Daniel/Desktop/pico/pico-sdk/src/rp2_common/pico_stdio_uart/stdio_uart.c.obj
 .text.stdio_uart_in_chars
                0x1000445c       0x58 CMakeFiles/configTest.dir/C_/Users/Daniel/Desktop/pico/pico-sdk/src/rp2_common/pico_stdio_uart/stdio_uart.c.obj
                0x1000445c                stdio_uart_in_chars
 .text.stdio_uart_init_full
                0x100044b4       0x3c CMakeFiles/configTest.dir/C_/Users/Daniel/Desktop/pico/pico-sdk/src/rp2_common/pico_stdio_uart/stdio_uart.c.obj
                0x100044b4                stdio_uart_init_full
 .text.stdio_uart_init
                0x100044f0       0x28 CMakeFiles/configTest.dir/C_/Users/Daniel/Desktop/pico/pico-sdk/src/rp2_common/pico_stdio_uart/stdio_uart.c.obj
                0x100044f0                stdio_uart_init
 .text.stdio_usb_in_chars
                0x10004518       0x70 CMakeFiles/configTest.dir/C_/Users/Daniel/Desktop/pico/pico-sdk/src/rp2_common/pico_stdio_usb/stdio_usb.c.obj
                0x10004518                stdio_usb_in_chars
 .text.stdio_usb_out_chars
                0x10004588       0xd4 CMakeFiles/configTest.dir/C_/Users/Daniel/Desktop/pico/pico-sdk/src/rp2_common/pico_stdio_usb/stdio_usb.c.obj
 .text.stdio_usb_init
                0x1000465c       0x54 CMakeFiles/configTest.dir/C_/Users/Daniel/Desktop/pico/pico-sdk/src/rp2_common/pico_stdio_usb/stdio_usb.c.obj
                0x1000465c                stdio_usb_init
 .text.hw_endpoint_get_by_addr
                0x100046b0       0x18 CMakeFiles/configTest.dir/C_/Users/Daniel/Desktop/pico/pico-sdk/lib/tinyusb/src/portable/raspberrypi/rp2040/dcd_rp2040.c.obj
 .text.reset_ep0_pid
                0x100046c8       0x28 CMakeFiles/configTest.dir/C_/Users/Daniel/Desktop/pico/pico-sdk/lib/tinyusb/src/portable/raspberrypi/rp2040/dcd_rp2040.c.obj
 .text._hw_endpoint_alloc
                0x100046f0       0x70 CMakeFiles/configTest.dir/C_/Users/Daniel/Desktop/pico/pico-sdk/lib/tinyusb/src/portable/raspberrypi/rp2040/dcd_rp2040.c.obj
 .text.hw_endpoint_init
                0x10004760       0x88 CMakeFiles/configTest.dir/C_/Users/Daniel/Desktop/pico/pico-sdk/lib/tinyusb/src/portable/raspberrypi/rp2040/dcd_rp2040.c.obj
 .text.reset_non_control_endpoints
                0x100047e8       0x40 CMakeFiles/configTest.dir/C_/Users/Daniel/Desktop/pico/pico-sdk/lib/tinyusb/src/portable/raspberrypi/rp2040/dcd_rp2040.c.obj
 .text.hw_handle_buff_status
                0x10004828       0x8c CMakeFiles/configTest.dir/C_/Users/Daniel/Desktop/pico/pico-sdk/lib/tinyusb/src/portable/raspberrypi/rp2040/dcd_rp2040.c.obj
 .text.dcd_rp2040_irq
                0x100048b4       0xc0 CMakeFiles/configTest.dir/C_/Users/Daniel/Desktop/pico/pico-sdk/lib/tinyusb/src/portable/raspberrypi/rp2040/dcd_rp2040.c.obj
 .text.hw_endpoint_xfer
                0x10004974       0x14 CMakeFiles/configTest.dir/C_/Users/Daniel/Desktop/pico/pico-sdk/lib/tinyusb/src/portable/raspberrypi/rp2040/dcd_rp2040.c.obj
 .text.dcd_int_enable
                0x10004988       0x2c CMakeFiles/configTest.dir/C_/Users/Daniel/Desktop/pico/pico-sdk/lib/tinyusb/src/portable/raspberrypi/rp2040/dcd_rp2040.c.obj
                0x10004988                dcd_int_enable
 .text.dcd_set_address
                0x100049b4       0x2c CMakeFiles/configTest.dir/C_/Users/Daniel/Desktop/pico/pico-sdk/lib/tinyusb/src/portable/raspberrypi/rp2040/dcd_rp2040.c.obj
                0x100049b4                dcd_set_address
 .text.dcd_connect
                0x100049e0       0x10 CMakeFiles/configTest.dir/C_/Users/Daniel/Desktop/pico/pico-sdk/lib/tinyusb/src/portable/raspberrypi/rp2040/dcd_rp2040.c.obj
                0x100049e0                dcd_connect
 .text.dcd_init
                0x100049f0       0x7c CMakeFiles/configTest.dir/C_/Users/Daniel/Desktop/pico/pico-sdk/lib/tinyusb/src/portable/raspberrypi/rp2040/dcd_rp2040.c.obj
                0x100049f0                dcd_init
 .text.dcd_edpt0_status_complete
                0x10004a6c       0x1c CMakeFiles/configTest.dir/C_/Users/Daniel/Desktop/pico/pico-sdk/lib/tinyusb/src/portable/raspberrypi/rp2040/dcd_rp2040.c.obj
                0x10004a6c                dcd_edpt0_status_complete
 .text.dcd_edpt_open
                0x10004a88       0x40 CMakeFiles/configTest.dir/C_/Users/Daniel/Desktop/pico/pico-sdk/lib/tinyusb/src/portable/raspberrypi/rp2040/dcd_rp2040.c.obj
                0x10004a88                dcd_edpt_open
 .text.dcd_edpt_close_all
                0x10004ac8        0x8 CMakeFiles/configTest.dir/C_/Users/Daniel/Desktop/pico/pico-sdk/lib/tinyusb/src/portable/raspberrypi/rp2040/dcd_rp2040.c.obj
                0x10004ac8                dcd_edpt_close_all
 .text.dcd_edpt_xfer
                0x10004ad0       0x30 CMakeFiles/configTest.dir/C_/Users/Daniel/Desktop/pico/pico-sdk/lib/tinyusb/src/portable/raspberrypi/rp2040/dcd_rp2040.c.obj
                0x10004ad0                dcd_edpt_xfer
 .text.dcd_edpt_stall
                0x10004b00       0x2c CMakeFiles/configTest.dir/C_/Users/Daniel/Desktop/pico/pico-sdk/lib/tinyusb/src/portable/raspberrypi/rp2040/dcd_rp2040.c.obj
                0x10004b00                dcd_edpt_stall
 .text.dcd_edpt_clear_stall
                0x10004b2c       0x20 CMakeFiles/configTest.dir/C_/Users/Daniel/Desktop/pico/pico-sdk/lib/tinyusb/src/portable/raspberrypi/rp2040/dcd_rp2040.c.obj
                0x10004b2c                dcd_edpt_clear_stall
 .text.prepare_ep_buffer
                0x10004b4c       0x70 CMakeFiles/configTest.dir/C_/Users/Daniel/Desktop/pico/pico-sdk/lib/tinyusb/src/portable/raspberrypi/rp2040/rp2040_usb.c.obj
 .text.sync_ep_buffer
                0x10004bbc       0x7c CMakeFiles/configTest.dir/C_/Users/Daniel/Desktop/pico/pico-sdk/lib/tinyusb/src/portable/raspberrypi/rp2040/rp2040_usb.c.obj
 .text._hw_endpoint_xfer_sync
                0x10004c38       0x28 CMakeFiles/configTest.dir/C_/Users/Daniel/Desktop/pico/pico-sdk/lib/tinyusb/src/portable/raspberrypi/rp2040/rp2040_usb.c.obj
 .text.rp2040_usb_init
                0x10004c60       0x4c CMakeFiles/configTest.dir/C_/Users/Daniel/Desktop/pico/pico-sdk/lib/tinyusb/src/portable/raspberrypi/rp2040/rp2040_usb.c.obj
                0x10004c60                rp2040_usb_init
 .text.hw_endpoint_reset_transfer
                0x10004cac        0xc CMakeFiles/configTest.dir/C_/Users/Daniel/Desktop/pico/pico-sdk/lib/tinyusb/src/portable/raspberrypi/rp2040/rp2040_usb.c.obj
                0x10004cac                hw_endpoint_reset_transfer
 .text._hw_endpoint_buffer_control_update32
                0x10004cb8       0x58 CMakeFiles/configTest.dir/C_/Users/Daniel/Desktop/pico/pico-sdk/lib/tinyusb/src/portable/raspberrypi/rp2040/rp2040_usb.c.obj
                0x10004cb8                _hw_endpoint_buffer_control_update32
 .text._hw_endpoint_start_next_buffer
                0x10004d10       0x74 CMakeFiles/configTest.dir/C_/Users/Daniel/Desktop/pico/pico-sdk/lib/tinyusb/src/portable/raspberrypi/rp2040/rp2040_usb.c.obj
 .text.hw_endpoint_xfer_start
                0x10004d84       0x48 CMakeFiles/configTest.dir/C_/Users/Daniel/Desktop/pico/pico-sdk/lib/tinyusb/src/portable/raspberrypi/rp2040/rp2040_usb.c.obj
                0x10004d84                hw_endpoint_xfer_start
 .text.hw_endpoint_xfer_continue
                0x10004dcc       0x38 CMakeFiles/configTest.dir/C_/Users/Daniel/Desktop/pico/pico-sdk/lib/tinyusb/src/portable/raspberrypi/rp2040/rp2040_usb.c.obj
                0x10004dcc                hw_endpoint_xfer_continue
 .text.configuration_reset
                0x10004e04       0x88 CMakeFiles/configTest.dir/C_/Users/Daniel/Desktop/pico/pico-sdk/lib/tinyusb/src/device/usbd.c.obj
 .text.usbd_reset
                0x10004e8c        0xc CMakeFiles/configTest.dir/C_/Users/Daniel/Desktop/pico/pico-sdk/lib/tinyusb/src/device/usbd.c.obj
 .text.invoke_class_control
                0x10004e98       0x1a CMakeFiles/configTest.dir/C_/Users/Daniel/Desktop/pico/pico-sdk/lib/tinyusb/src/device/usbd.c.obj
 *fill*         0x10004eb2        0x2 
 .text.process_set_config
                0x10004eb4      0x1b8 CMakeFiles/configTest.dir/C_/Users/Daniel/Desktop/pico/pico-sdk/lib/tinyusb/src/device/usbd.c.obj
 .text.process_get_descriptor
                0x1000506c       0xec CMakeFiles/configTest.dir/C_/Users/Daniel/Desktop/pico/pico-sdk/lib/tinyusb/src/device/usbd.c.obj
 .text.tud_mounted
                0x10005158       0x10 CMakeFiles/configTest.dir/C_/Users/Daniel/Desktop/pico/pico-sdk/lib/tinyusb/src/device/usbd.c.obj
                0x10005158                tud_mounted
 .text.tud_suspended
                0x10005168       0x10 CMakeFiles/configTest.dir/C_/Users/Daniel/Desktop/pico/pico-sdk/lib/tinyusb/src/device/usbd.c.obj
                0x10005168                tud_suspended
 .text.tud_inited
                0x10005178        0xc CMakeFiles/configTest.dir/C_/Users/Daniel/Desktop/pico/pico-sdk/lib/tinyusb/src/device/usbd.c.obj
                0x10005178                tud_inited
 .text.tud_init
                0x10005184       0xd0 CMakeFiles/configTest.dir/C_/Users/Daniel/Desktop/pico/pico-sdk/lib/tinyusb/src/device/usbd.c.obj
                0x10005184                tud_init
 .text.dcd_event_handler
                0x10005254      0x1e0 CMakeFiles/configTest.dir/C_/Users/Daniel/Desktop/pico/pico-sdk/lib/tinyusb/src/device/usbd.c.obj
                0x10005254                dcd_event_handler
 .text.dcd_event_bus_signal
                0x10005434       0x26 CMakeFiles/configTest.dir/C_/Users/Daniel/Desktop/pico/pico-sdk/lib/tinyusb/src/device/usbd.c.obj
                0x10005434                dcd_event_bus_signal
 .text.dcd_event_bus_reset
                0x1000545a       0x2a CMakeFiles/configTest.dir/C_/Users/Daniel/Desktop/pico/pico-sdk/lib/tinyusb/src/device/usbd.c.obj
                0x1000545a                dcd_event_bus_reset
 .text.dcd_event_setup_received
                0x10005484       0x34 CMakeFiles/configTest.dir/C_/Users/Daniel/Desktop/pico/pico-sdk/lib/tinyusb/src/device/usbd.c.obj
                0x10005484                dcd_event_setup_received
 .text.dcd_event_xfer_complete
                0x100054b8       0x44 CMakeFiles/configTest.dir/C_/Users/Daniel/Desktop/pico/pico-sdk/lib/tinyusb/src/device/usbd.c.obj
                0x100054b8                dcd_event_xfer_complete
 .text.usbd_edpt_open
                0x100054fc       0x58 CMakeFiles/configTest.dir/C_/Users/Daniel/Desktop/pico/pico-sdk/lib/tinyusb/src/device/usbd.c.obj
                0x100054fc                usbd_edpt_open
 .text.usbd_open_edpt_pair
                0x10005554       0x8c CMakeFiles/configTest.dir/C_/Users/Daniel/Desktop/pico/pico-sdk/lib/tinyusb/src/device/usbd.c.obj
                0x10005554                usbd_open_edpt_pair
 .text.usbd_edpt_claim
                0x100055e0       0x8c CMakeFiles/configTest.dir/C_/Users/Daniel/Desktop/pico/pico-sdk/lib/tinyusb/src/device/usbd.c.obj
                0x100055e0                usbd_edpt_claim
 .text.usbd_edpt_release
                0x1000566c       0x68 CMakeFiles/configTest.dir/C_/Users/Daniel/Desktop/pico/pico-sdk/lib/tinyusb/src/device/usbd.c.obj
                0x1000566c                usbd_edpt_release
 .text.usbd_edpt_xfer
                0x100056d4       0x80 CMakeFiles/configTest.dir/C_/Users/Daniel/Desktop/pico/pico-sdk/lib/tinyusb/src/device/usbd.c.obj
                0x100056d4                usbd_edpt_xfer
 .text.usbd_edpt_busy
                0x10005754       0x1c CMakeFiles/configTest.dir/C_/Users/Daniel/Desktop/pico/pico-sdk/lib/tinyusb/src/device/usbd.c.obj
                0x10005754                usbd_edpt_busy
 .text.usbd_edpt_stall
                0x10005770       0x40 CMakeFiles/configTest.dir/C_/Users/Daniel/Desktop/pico/pico-sdk/lib/tinyusb/src/device/usbd.c.obj
                0x10005770                usbd_edpt_stall
 .text.usbd_edpt_clear_stall
                0x100057b0       0x40 CMakeFiles/configTest.dir/C_/Users/Daniel/Desktop/pico/pico-sdk/lib/tinyusb/src/device/usbd.c.obj
                0x100057b0                usbd_edpt_clear_stall
 .text.usbd_edpt_stalled
                0x100057f0       0x1c CMakeFiles/configTest.dir/C_/Users/Daniel/Desktop/pico/pico-sdk/lib/tinyusb/src/device/usbd.c.obj
                0x100057f0                usbd_edpt_stalled
 .text.process_control_request
                0x1000580c      0x3b4 CMakeFiles/configTest.dir/C_/Users/Daniel/Desktop/pico/pico-sdk/lib/tinyusb/src/device/usbd.c.obj
 .text.tud_task
                0x10005bc0      0x21c CMakeFiles/configTest.dir/C_/Users/Daniel/Desktop/pico/pico-sdk/lib/tinyusb/src/device/usbd.c.obj
                0x10005bc0                tud_task
 .text._data_stage_xact
                0x10005ddc       0x58 CMakeFiles/configTest.dir/C_/Users/Daniel/Desktop/pico/pico-sdk/lib/tinyusb/src/device/usbd_control.c.obj
 .text.tud_control_status
                0x10005e34       0x38 CMakeFiles/configTest.dir/C_/Users/Daniel/Desktop/pico/pico-sdk/lib/tinyusb/src/device/usbd_control.c.obj
                0x10005e34                tud_control_status
 .text.tud_control_xfer
                0x10005e6c       0xa8 CMakeFiles/configTest.dir/C_/Users/Daniel/Desktop/pico/pico-sdk/lib/tinyusb/src/device/usbd_control.c.obj
                0x10005e6c                tud_control_xfer
 .text.usbd_control_reset
                0x10005f14       0x14 CMakeFiles/configTest.dir/C_/Users/Daniel/Desktop/pico/pico-sdk/lib/tinyusb/src/device/usbd_control.c.obj
                0x10005f14                usbd_control_reset
 .text.usbd_control_set_complete_callback
                0x10005f28        0xc CMakeFiles/configTest.dir/C_/Users/Daniel/Desktop/pico/pico-sdk/lib/tinyusb/src/device/usbd_control.c.obj
                0x10005f28                usbd_control_set_complete_callback
 .text.usbd_control_set_request
                0x10005f34       0x1c CMakeFiles/configTest.dir/C_/Users/Daniel/Desktop/pico/pico-sdk/lib/tinyusb/src/device/usbd_control.c.obj
                0x10005f34                usbd_control_set_request
 .text.usbd_control_xfer_cb
                0x10005f50       0xfc CMakeFiles/configTest.dir/C_/Users/Daniel/Desktop/pico/pico-sdk/lib/tinyusb/src/device/usbd_control.c.obj
                0x10005f50                usbd_control_xfer_cb
 .text._prep_out_transaction
                0x1000604c       0x44 CMakeFiles/configTest.dir/C_/Users/Daniel/Desktop/pico/pico-sdk/lib/tinyusb/src/class/cdc/cdc_device.c.obj
 .text.tud_cdc_n_connected
                0x10006090       0x44 CMakeFiles/configTest.dir/C_/Users/Daniel/Desktop/pico/pico-sdk/lib/tinyusb/src/class/cdc/cdc_device.c.obj
                0x10006090                tud_cdc_n_connected
 .text.tud_cdc_n_available
                0x100060d4       0x18 CMakeFiles/configTest.dir/C_/Users/Daniel/Desktop/pico/pico-sdk/lib/tinyusb/src/class/cdc/cdc_device.c.obj
                0x100060d4                tud_cdc_n_available
 .text.tud_cdc_n_read
                0x100060ec       0x28 CMakeFiles/configTest.dir/C_/Users/Daniel/Desktop/pico/pico-sdk/lib/tinyusb/src/class/cdc/cdc_device.c.obj
                0x100060ec                tud_cdc_n_read
 .text.tud_cdc_n_write_flush
                0x10006114       0xc8 CMakeFiles/configTest.dir/C_/Users/Daniel/Desktop/pico/pico-sdk/lib/tinyusb/src/class/cdc/cdc_device.c.obj
                0x10006114                tud_cdc_n_write_flush
 .text.tud_cdc_n_write
                0x100061dc       0x38 CMakeFiles/configTest.dir/C_/Users/Daniel/Desktop/pico/pico-sdk/lib/tinyusb/src/class/cdc/cdc_device.c.obj
                0x100061dc                tud_cdc_n_write
 .text.tud_cdc_n_write_available
                0x10006214       0x1c CMakeFiles/configTest.dir/C_/Users/Daniel/Desktop/pico/pico-sdk/lib/tinyusb/src/class/cdc/cdc_device.c.obj
                0x10006214                tud_cdc_n_write_available
 .text.cdcd_init
                0x10006230       0xac CMakeFiles/configTest.dir/C_/Users/Daniel/Desktop/pico/pico-sdk/lib/tinyusb/src/class/cdc/cdc_device.c.obj
                0x10006230                cdcd_init
 .text.cdcd_reset
                0x100062dc       0x44 CMakeFiles/configTest.dir/C_/Users/Daniel/Desktop/pico/pico-sdk/lib/tinyusb/src/class/cdc/cdc_device.c.obj
                0x100062dc                cdcd_reset
 .text.cdcd_open
                0x10006320       0xf8 CMakeFiles/configTest.dir/C_/Users/Daniel/Desktop/pico/pico-sdk/lib/tinyusb/src/class/cdc/cdc_device.c.obj
                0x10006320                cdcd_open
 .text.cdcd_control_xfer_cb
                0x10006418      0x130 CMakeFiles/configTest.dir/C_/Users/Daniel/Desktop/pico/pico-sdk/lib/tinyusb/src/class/cdc/cdc_device.c.obj
                0x10006418                cdcd_control_xfer_cb
 .text.cdcd_xfer_cb
                0x10006548      0x13c CMakeFiles/configTest.dir/C_/Users/Daniel/Desktop/pico/pico-sdk/lib/tinyusb/src/class/cdc/cdc_device.c.obj
                0x10006548                cdcd_xfer_cb
 .text.proc_bot_reset
                0x10006684       0x18 CMakeFiles/configTest.dir/C_/Users/Daniel/Desktop/pico/pico-sdk/lib/tinyusb/src/class/msc/msc_device.c.obj
 .text.rdwr10_validate_cmd
                0x1000669c       0x62 CMakeFiles/configTest.dir/C_/Users/Daniel/Desktop/pico/pico-sdk/lib/tinyusb/src/class/msc/msc_device.c.obj
                0x1000669c                rdwr10_validate_cmd
 *fill*         0x100066fe        0x2 
 .text.tud_msc_set_sense
                0x10006700       0x18 CMakeFiles/configTest.dir/C_/Users/Daniel/Desktop/pico/pico-sdk/lib/tinyusb/src/class/msc/msc_device.c.obj
                0x10006700                tud_msc_set_sense
 .text.proc_builtin_scsi
                0x10006718      0x268 CMakeFiles/configTest.dir/C_/Users/Daniel/Desktop/pico/pico-sdk/lib/tinyusb/src/class/msc/msc_device.c.obj
 .text.fail_scsi_op
                0x10006980       0x94 CMakeFiles/configTest.dir/C_/Users/Daniel/Desktop/pico/pico-sdk/lib/tinyusb/src/class/msc/msc_device.c.obj
 .text.proc_write10_cmd
                0x10006a14       0x84 CMakeFiles/configTest.dir/C_/Users/Daniel/Desktop/pico/pico-sdk/lib/tinyusb/src/class/msc/msc_device.c.obj
 .text.proc_read10_cmd
                0x10006a98       0xf8 CMakeFiles/configTest.dir/C_/Users/Daniel/Desktop/pico/pico-sdk/lib/tinyusb/src/class/msc/msc_device.c.obj
 .text.proc_write10_new_data
                0x10006b90       0xec CMakeFiles/configTest.dir/C_/Users/Daniel/Desktop/pico/pico-sdk/lib/tinyusb/src/class/msc/msc_device.c.obj
 .text.mscd_init
                0x10006c7c       0x14 CMakeFiles/configTest.dir/C_/Users/Daniel/Desktop/pico/pico-sdk/lib/tinyusb/src/class/msc/msc_device.c.obj
                0x10006c7c                mscd_init
 .text.mscd_reset
                0x10006c90       0x14 CMakeFiles/configTest.dir/C_/Users/Daniel/Desktop/pico/pico-sdk/lib/tinyusb/src/class/msc/msc_device.c.obj
                0x10006c90                mscd_reset
 .text.mscd_open
                0x10006ca4       0xa8 CMakeFiles/configTest.dir/C_/Users/Daniel/Desktop/pico/pico-sdk/lib/tinyusb/src/class/msc/msc_device.c.obj
                0x10006ca4                mscd_open
 .text.mscd_control_xfer_cb
                0x10006d4c      0x18c CMakeFiles/configTest.dir/C_/Users/Daniel/Desktop/pico/pico-sdk/lib/tinyusb/src/class/msc/msc_device.c.obj
                0x10006d4c                mscd_control_xfer_cb
 .text.mscd_xfer_cb
                0x10006ed8      0x33c CMakeFiles/configTest.dir/C_/Users/Daniel/Desktop/pico/pico-sdk/lib/tinyusb/src/class/msc/msc_device.c.obj
                0x10006ed8                mscd_xfer_cb
 .text.tusb_init
                0x10007214       0x24 CMakeFiles/configTest.dir/C_/Users/Daniel/Desktop/pico/pico-sdk/lib/tinyusb/src/tusb.c.obj
                0x10007214                tusb_init
 .text.tusb_inited
                0x10007238        0xe CMakeFiles/configTest.dir/C_/Users/Daniel/Desktop/pico/pico-sdk/lib/tinyusb/src/tusb.c.obj
                0x10007238                tusb_inited
 *fill*         0x10007246        0x2 
 .text.tu_edpt_validate
                0x10007248       0xa8 CMakeFiles/configTest.dir/C_/Users/Daniel/Desktop/pico/pico-sdk/lib/tinyusb/src/tusb.c.obj
                0x10007248                tu_edpt_validate
 .text.tu_edpt_bind_driver
                0x100072f0       0x2a CMakeFiles/configTest.dir/C_/Users/Daniel/Desktop/pico/pico-sdk/lib/tinyusb/src/tusb.c.obj
                0x100072f0                tu_edpt_bind_driver
 .text.advance_pointer
                0x1000731a       0x18 CMakeFiles/configTest.dir/C_/Users/Daniel/Desktop/pico/pico-sdk/lib/tinyusb/src/common/tusb_fifo.c.obj
 .text.backward_pointer
                0x10007332       0x1e CMakeFiles/configTest.dir/C_/Users/Daniel/Desktop/pico/pico-sdk/lib/tinyusb/src/common/tusb_fifo.c.obj
 .text.get_relative_pointer
                0x10007350       0x10 CMakeFiles/configTest.dir/C_/Users/Daniel/Desktop/pico/pico-sdk/lib/tinyusb/src/common/tusb_fifo.c.obj
 .text._tu_fifo_peek
                0x10007360       0x50 CMakeFiles/configTest.dir/C_/Users/Daniel/Desktop/pico/pico-sdk/lib/tinyusb/src/common/tusb_fifo.c.obj
 .text._ff_pull_const_addr
                0x100073b0       0x4c CMakeFiles/configTest.dir/C_/Users/Daniel/Desktop/pico/pico-sdk/lib/tinyusb/src/common/tusb_fifo.c.obj
 .text._ff_pull_n
                0x100073fc      0x10c CMakeFiles/configTest.dir/C_/Users/Daniel/Desktop/pico/pico-sdk/lib/tinyusb/src/common/tusb_fifo.c.obj
 .text._tu_fifo_peek_n
                0x10007508       0x5e CMakeFiles/configTest.dir/C_/Users/Daniel/Desktop/pico/pico-sdk/lib/tinyusb/src/common/tusb_fifo.c.obj
 .text._tu_fifo_read_n
                0x10007566       0x4e CMakeFiles/configTest.dir/C_/Users/Daniel/Desktop/pico/pico-sdk/lib/tinyusb/src/common/tusb_fifo.c.obj
 .text._ff_push_const_addr
                0x100075b4       0x40 CMakeFiles/configTest.dir/C_/Users/Daniel/Desktop/pico/pico-sdk/lib/tinyusb/src/common/tusb_fifo.c.obj
 .text._ff_push_n
                0x100075f4      0x108 CMakeFiles/configTest.dir/C_/Users/Daniel/Desktop/pico/pico-sdk/lib/tinyusb/src/common/tusb_fifo.c.obj
 .text._tu_fifo_write_n
                0x100076fc       0x9e CMakeFiles/configTest.dir/C_/Users/Daniel/Desktop/pico/pico-sdk/lib/tinyusb/src/common/tusb_fifo.c.obj
 .text.tu_fifo_config
                0x1000779a       0x72 CMakeFiles/configTest.dir/C_/Users/Daniel/Desktop/pico/pico-sdk/lib/tinyusb/src/common/tusb_fifo.c.obj
                0x1000779a                tu_fifo_config
 .text.tu_fifo_count
                0x1000780c       0x26 CMakeFiles/configTest.dir/C_/Users/Daniel/Desktop/pico/pico-sdk/lib/tinyusb/src/common/tusb_fifo.c.obj
                0x1000780c                tu_fifo_count
 .text.tu_fifo_empty
                0x10007832       0x10 CMakeFiles/configTest.dir/C_/Users/Daniel/Desktop/pico/pico-sdk/lib/tinyusb/src/common/tusb_fifo.c.obj
                0x10007832                tu_fifo_empty
 .text.tu_fifo_remaining
                0x10007842       0x20 CMakeFiles/configTest.dir/C_/Users/Daniel/Desktop/pico/pico-sdk/lib/tinyusb/src/common/tusb_fifo.c.obj
                0x10007842                tu_fifo_remaining
 .text.tu_fifo_read
                0x10007862       0x42 CMakeFiles/configTest.dir/C_/Users/Daniel/Desktop/pico/pico-sdk/lib/tinyusb/src/common/tusb_fifo.c.obj
                0x10007862                tu_fifo_read
 .text.tu_fifo_read_n
                0x100078a4        0xa CMakeFiles/configTest.dir/C_/Users/Daniel/Desktop/pico/pico-sdk/lib/tinyusb/src/common/tusb_fifo.c.obj
                0x100078a4                tu_fifo_read_n
 .text.tu_fifo_write
                0x100078ae       0x6c CMakeFiles/configTest.dir/C_/Users/Daniel/Desktop/pico/pico-sdk/lib/tinyusb/src/common/tusb_fifo.c.obj
                0x100078ae                tu_fifo_write
 .text.tu_fifo_write_n
                0x1000791a        0xa CMakeFiles/configTest.dir/C_/Users/Daniel/Desktop/pico/pico-sdk/lib/tinyusb/src/common/tusb_fifo.c.obj
                0x1000791a                tu_fifo_write_n
 .text.tu_fifo_clear
                0x10007924       0x4c CMakeFiles/configTest.dir/C_/Users/Daniel/Desktop/pico/pico-sdk/lib/tinyusb/src/common/tusb_fifo.c.obj
                0x10007924                tu_fifo_clear
 .text.tu_fifo_set_overwritable
                0x10007970       0x3c CMakeFiles/configTest.dir/C_/Users/Daniel/Desktop/pico/pico-sdk/lib/tinyusb/src/common/tusb_fifo.c.obj
                0x10007970                tu_fifo_set_overwritable
 .text._retrieve_unique_id_on_boot
                0x100079ac       0x10 CMakeFiles/configTest.dir/C_/Users/Daniel/Desktop/pico/pico-sdk/src/rp2_common/pico_unique_id/unique_id.c.obj
 .text.flash_get_unique_id
                0x100079bc       0x46 CMakeFiles/configTest.dir/C_/Users/Daniel/Desktop/pico/pico-sdk/src/rp2_common/hardware_flash/flash.c.obj
                0x100079bc                flash_get_unique_id
 *fill*         0x10007a02        0x2 
 .text.board_init
                0x10007a04       0x30 CMakeFiles/configTest.dir/C_/Users/Daniel/Desktop/pico/pico-sdk/lib/tinyusb/hw/bsp/rp2040/family.c.obj
                0x10007a04                board_init
 .text.board_led_write
                0x10007a34       0x1c CMakeFiles/configTest.dir/C_/Users/Daniel/Desktop/pico/pico-sdk/lib/tinyusb/hw/bsp/rp2040/family.c.obj
                0x10007a34                board_led_write
 .text.memmove  0x10007a50       0xac d:/progra~2/gbuarm~1/bin/../lib/gcc/arm-none-eabi/10.3.1/../../../../arm-none-eabi/lib/thumb/v6-m/nofp\libg.a(lib_a-memmove.o)
                0x10007a50                memmove
 .text.strlen   0x10007afc       0x5c d:/progra~2/gbuarm~1/bin/../lib/gcc/arm-none-eabi/10.3.1/../../../../arm-none-eabi/lib/thumb/v6-m/nofp\libg.a(lib_a-strlen-stub.o)
                0x10007afc                strlen
 *(.fini)
 .fini          0x10007b58        0x4 d:/progra~2/gbuarm~1/bin/../lib/gcc/arm-none-eabi/10.3.1/thumb/v6-m/nofp/crti.o
                0x10007b58                _fini
 *fill*         0x10007b5c        0x4 
 .fini.__stub   0x10007b60       0x70 linker stubs
 *crtbegin.o(.ctors)
 *crtbegin?.o(.ctors)
 *(EXCLUDE_FILE(*crtend.o *crtend?.o) .ctors)
 *(SORT_BY_NAME(.ctors.*))
 *(.ctors)
 *crtbegin.o(.dtors)
 *crtbegin?.o(.dtors)
 *(EXCLUDE_FILE(*crtend.o *crtend?.o) .dtors)
 *(SORT_BY_NAME(.dtors.*))
 *(.dtors)
 *(.eh_frame*)
 .eh_frame      0x10007bd0        0x0 d:/progra~2/gbuarm~1/bin/../lib/gcc/arm-none-eabi/10.3.1/thumb/v6-m/nofp/crtbegin.o
                0x10007bd0                . = ALIGN (0x4)

.glue_7         0x10007bd0        0x0
 .glue_7        0x10007bd0        0x0 linker stubs

.glue_7t        0x10007bd0        0x0
 .glue_7t       0x10007bd0        0x0 linker stubs

.vfp11_veneer   0x10007bd0        0x0
 .vfp11_veneer  0x10007bd0        0x0 linker stubs

.v4_bx          0x10007bd0        0x0
 .v4_bx         0x10007bd0        0x0 linker stubs

.iplt           0x10007bd0        0x0
 .iplt          0x10007bd0        0x0 d:/progra~2/gbuarm~1/bin/../lib/gcc/arm-none-eabi/10.3.1/thumb/v6-m/nofp/crtbegin.o

.rodata         0x10007bd0     0x1818
 *(EXCLUDE_FILE(*libm.a: *libc.a:*lib_a-mem*.o *libgcc.a:) .rodata*)
 .rodata.tud_msc_inquiry_cb.str1.4
                0x10007bd0       0x19 CMakeFiles/configTest.dir/msc_disk.c.obj
 *fill*         0x10007be9        0x3 
 .rodata.tud_msc_write10_cb.str1.4
                0x10007bec        0x8 CMakeFiles/configTest.dir/msc_disk.c.obj
 .rodata.str1.4
                0x10007bf4       0x52 CMakeFiles/configTest.dir/usb_descriptors.c.obj
 *fill*         0x10007c46        0x2 
 .rodata.__compound_literal.0
                0x10007c48        0x2 CMakeFiles/configTest.dir/usb_descriptors.c.obj
 *fill*         0x10007c4a        0x2 
 .rodata.desc_device
                0x10007c4c       0x12 CMakeFiles/configTest.dir/usb_descriptors.c.obj
                0x10007c4c                desc_device
 *fill*         0x10007c5e        0x2 
 .rodata.desc_fs_configuration
                0x10007c60       0x62 CMakeFiles/configTest.dir/usb_descriptors.c.obj
                0x10007c60                desc_fs_configuration
 *fill*         0x10007cc2        0x2 
 .rodata.spin_lock_claim_unused.str1.4
                0x10007cc4       0x1b CMakeFiles/configTest.dir/C_/Users/Daniel/Desktop/pico/pico-sdk/src/rp2_common/hardware_sync/sync.c.obj
 *fill*         0x10007cdf        0x1 
 .rodata.make_branch.str1.4
                0x10007ce0       0x78 CMakeFiles/configTest.dir/C_/Users/Daniel/Desktop/pico/pico-sdk/src/rp2_common/hardware_irq/irq.c.obj
 .rodata.insert_branch_and_link.str1.4
                0x10007d58       0x10 CMakeFiles/configTest.dir/C_/Users/Daniel/Desktop/pico/pico-sdk/src/rp2_common/hardware_irq/irq.c.obj
 .rodata.irq_set_exclusive_handler.str1.4
                0x10007d68       0x36 CMakeFiles/configTest.dir/C_/Users/Daniel/Desktop/pico/pico-sdk/src/rp2_common/hardware_irq/irq.c.obj
 *fill*         0x10007d9e        0x2 
 .rodata.irq_add_shared_handler.str1.4
                0x10007da0       0xd9 CMakeFiles/configTest.dir/C_/Users/Daniel/Desktop/pico/pico-sdk/src/rp2_common/hardware_irq/irq.c.obj
 *fill*         0x10007e79        0x3 
 .rodata.irq_remove_handler.str1.4
                0x10007e7c       0x2a CMakeFiles/configTest.dir/C_/Users/Daniel/Desktop/pico/pico-sdk/src/rp2_common/hardware_irq/irq.c.obj
 *fill*         0x10007ea6        0x2 
 .rodata.irq_add_tail_to_free_list.str1.4
                0x10007ea8       0x3a CMakeFiles/configTest.dir/C_/Users/Daniel/Desktop/pico/pico-sdk/src/rp2_common/hardware_irq/irq.c.obj
 *fill*         0x10007ee2        0x2 
 .rodata.__func__.0
                0x10007ee4       0x1a CMakeFiles/configTest.dir/C_/Users/Daniel/Desktop/pico/pico-sdk/src/rp2_common/hardware_irq/irq.c.obj
 *fill*         0x10007efe        0x2 
 .rodata.__func__.1
                0x10007f00       0x17 CMakeFiles/configTest.dir/C_/Users/Daniel/Desktop/pico/pico-sdk/src/rp2_common/hardware_irq/irq.c.obj
 *fill*         0x10007f17        0x1 
 .rodata.__func__.2
                0x10007f18       0x13 CMakeFiles/configTest.dir/C_/Users/Daniel/Desktop/pico/pico-sdk/src/rp2_common/hardware_irq/irq.c.obj
 *fill*         0x10007f2b        0x1 
 .rodata.__func__.3
                0x10007f2c        0xc CMakeFiles/configTest.dir/C_/Users/Daniel/Desktop/pico/pico-sdk/src/rp2_common/hardware_irq/irq.c.obj
 .rodata.__func__.4
                0x10007f38        0xf CMakeFiles/configTest.dir/C_/Users/Daniel/Desktop/pico/pico-sdk/src/rp2_common/hardware_irq/irq.c.obj
 *fill*         0x10007f47        0x1 
 .rodata.__func__.6
                0x10007f48       0x1a CMakeFiles/configTest.dir/C_/Users/Daniel/Desktop/pico/pico-sdk/src/rp2_common/hardware_irq/irq.c.obj
 *fill*         0x10007f62        0x2 
 .rodata.repeating_timer_callback.str1.4
                0x10007f64       0x56 CMakeFiles/configTest.dir/C_/Users/Daniel/Desktop/pico/pico-sdk/src/common/pico_time/time.c.obj
 *fill*         0x10007fba        0x2 
 .rodata.alarm_pool_dump_key.str1.4
                0x10007fbc       0x33 CMakeFiles/configTest.dir/C_/Users/Daniel/Desktop/pico/pico-sdk/src/common/pico_time/time.c.obj
 *fill*         0x10007fef        0x1 
 .rodata.ph_add_child_node.str1.4
                0x10007ff0       0xa2 CMakeFiles/configTest.dir/C_/Users/Daniel/Desktop/pico/pico-sdk/src/common/pico_time/time.c.obj
 *fill*         0x10008092        0x2 
 .rodata.add_alarm_under_lock.str1.4
                0x10008094       0x28 CMakeFiles/configTest.dir/C_/Users/Daniel/Desktop/pico/pico-sdk/src/common/pico_time/time.c.obj
                                 0x2b (size before relaxing)
 .rodata.alarm_pool_alarm_callback.str1.4
                0x100080bc       0xee CMakeFiles/configTest.dir/C_/Users/Daniel/Desktop/pico/pico-sdk/src/common/pico_time/time.c.obj
 *fill*         0x100081aa        0x2 
 .rodata.alarm_pool_get_default.str1.4
                0x100081ac       0x21 CMakeFiles/configTest.dir/C_/Users/Daniel/Desktop/pico/pico-sdk/src/common/pico_time/time.c.obj
 *fill*         0x100081cd        0x3 
 .rodata.alarm_pool_cancel_alarm.str1.4
                0x100081d0       0x27 CMakeFiles/configTest.dir/C_/Users/Daniel/Desktop/pico/pico-sdk/src/common/pico_time/time.c.obj
 *fill*         0x100081f7        0x1 
 .rodata.__func__.1
                0x100081f8       0x18 CMakeFiles/configTest.dir/C_/Users/Daniel/Desktop/pico/pico-sdk/src/common/pico_time/time.c.obj
 .rodata.__func__.10
                0x10008210       0x15 CMakeFiles/configTest.dir/C_/Users/Daniel/Desktop/pico/pico-sdk/src/common/pico_time/time.c.obj
 *fill*         0x10008225        0x3 
 .rodata.__func__.11
                0x10008228       0x1a CMakeFiles/configTest.dir/C_/Users/Daniel/Desktop/pico/pico-sdk/src/common/pico_time/time.c.obj
 *fill*         0x10008242        0x2 
 .rodata.__func__.12
                0x10008244        0xa CMakeFiles/configTest.dir/C_/Users/Daniel/Desktop/pico/pico-sdk/src/common/pico_time/time.c.obj
 *fill*         0x1000824e        0x2 
 .rodata.__func__.3
                0x10008250       0x17 CMakeFiles/configTest.dir/C_/Users/Daniel/Desktop/pico/pico-sdk/src/common/pico_time/time.c.obj
 *fill*         0x10008267        0x1 
 .rodata.__func__.4
                0x10008268       0x12 CMakeFiles/configTest.dir/C_/Users/Daniel/Desktop/pico/pico-sdk/src/common/pico_time/time.c.obj
 *fill*         0x1000827a        0x2 
 .rodata.__func__.5
                0x1000827c        0xd CMakeFiles/configTest.dir/C_/Users/Daniel/Desktop/pico/pico-sdk/src/common/pico_time/time.c.obj
 *fill*         0x10008289        0x3 
 .rodata.__func__.6
                0x1000828c       0x12 CMakeFiles/configTest.dir/C_/Users/Daniel/Desktop/pico/pico-sdk/src/common/pico_time/time.c.obj
 *fill*         0x1000829e        0x2 
 .rodata.__func__.7
                0x100082a0        0xf CMakeFiles/configTest.dir/C_/Users/Daniel/Desktop/pico/pico-sdk/src/common/pico_time/time.c.obj
 *fill*         0x100082af        0x1 
 .rodata.__func__.8
                0x100082b0        0xc CMakeFiles/configTest.dir/C_/Users/Daniel/Desktop/pico/pico-sdk/src/common/pico_time/time.c.obj
 .rodata.__func__.9
                0x100082bc       0x15 CMakeFiles/configTest.dir/C_/Users/Daniel/Desktop/pico/pico-sdk/src/common/pico_time/time.c.obj
 *fill*         0x100082d1        0x3 
 .rodata.hardware_alarm_claim.str1.4
                0x100082d4       0x22 CMakeFiles/configTest.dir/C_/Users/Daniel/Desktop/pico/pico-sdk/src/rp2_common/hardware_timer/timer.c.obj
 *fill*         0x100082f6        0x2 
 .rodata.hardware_alarm_set_target.str1.4
                0x100082f8       0x70 CMakeFiles/configTest.dir/C_/Users/Daniel/Desktop/pico/pico-sdk/src/rp2_common/hardware_timer/timer.c.obj
 .rodata.__func__.0
                0x10008368       0x1a CMakeFiles/configTest.dir/C_/Users/Daniel/Desktop/pico/pico-sdk/src/rp2_common/hardware_timer/timer.c.obj
 .rodata.ph_add_child_node.str1.4
                0x10008382       0xa2 CMakeFiles/configTest.dir/C_/Users/Daniel/Desktop/pico/pico-sdk/src/common/pico_util/pheap.c.obj
 *fill*         0x10008382        0x2 
 .rodata.ph_remove_any_head.str1.4
                0x10008384       0x98 CMakeFiles/configTest.dir/C_/Users/Daniel/Desktop/pico/pico-sdk/src/common/pico_util/pheap.c.obj
 .rodata.ph_remove_and_free_node.str1.4
                0x1000841c       0x1e CMakeFiles/configTest.dir/C_/Users/Daniel/Desktop/pico/pico-sdk/src/common/pico_util/pheap.c.obj
                                 0x26 (size before relaxing)
 *fill*         0x1000843a        0x2 
 .rodata.__func__.0
                0x1000843c       0x18 CMakeFiles/configTest.dir/C_/Users/Daniel/Desktop/pico/pico-sdk/src/common/pico_util/pheap.c.obj
 .rodata.__func__.1
                0x10008454       0x13 CMakeFiles/configTest.dir/C_/Users/Daniel/Desktop/pico/pico-sdk/src/common/pico_util/pheap.c.obj
 *fill*         0x10008467        0x1 
 .rodata.__func__.2
                0x10008468       0x12 CMakeFiles/configTest.dir/C_/Users/Daniel/Desktop/pico/pico-sdk/src/common/pico_util/pheap.c.obj
 *fill*         0x1000847a        0x2 
 .rodata.__func__.3
                0x1000847c        0xc CMakeFiles/configTest.dir/C_/Users/Daniel/Desktop/pico/pico-sdk/src/common/pico_util/pheap.c.obj
 .rodata.str1.4
                0x10008488       0x95 CMakeFiles/configTest.dir/C_/Users/Daniel/Desktop/pico/pico-sdk/src/common/pico_sync/mutex.c.obj
                                0x101 (size before relaxing)
 *fill*         0x1000851d        0x3 
 .rodata.__func__.1
                0x10008520        0xb CMakeFiles/configTest.dir/C_/Users/Daniel/Desktop/pico/pico-sdk/src/common/pico_sync/mutex.c.obj
 *fill*         0x1000852b        0x1 
 .rodata.__func__.3
                0x1000852c       0x18 CMakeFiles/configTest.dir/C_/Users/Daniel/Desktop/pico/pico-sdk/src/common/pico_sync/mutex.c.obj
 .rodata.__func__.4
                0x10008544       0x15 CMakeFiles/configTest.dir/C_/Users/Daniel/Desktop/pico/pico-sdk/src/common/pico_sync/mutex.c.obj
 *fill*         0x10008559        0x3 
 .rodata.__assert_func.str1.4
                0x1000855c       0x3f CMakeFiles/configTest.dir/C_/Users/Daniel/Desktop/pico/pico-sdk/src/rp2_common/pico_runtime/runtime.c.obj
                                 0x43 (size before relaxing)
 *fill*         0x1000859b        0x1 
 .rodata.runtime_init.str1.4
                0x1000859c       0x6c CMakeFiles/configTest.dir/C_/Users/Daniel/Desktop/pico/pico-sdk/src/rp2_common/pico_runtime/runtime.c.obj
 .rodata.panic.str1.4
                0x10008608       0x12 CMakeFiles/configTest.dir/C_/Users/Daniel/Desktop/pico/pico-sdk/src/rp2_common/pico_runtime/runtime.c.obj
 *fill*         0x1000861a        0x2 
 .rodata.__func__.1
                0x1000861c        0xd CMakeFiles/configTest.dir/C_/Users/Daniel/Desktop/pico/pico-sdk/src/rp2_common/pico_runtime/runtime.c.obj
 *fill*         0x10008629        0x3 
 .rodata.clock_configure.str1.4
                0x1000862c       0x62 CMakeFiles/configTest.dir/C_/Users/Daniel/Desktop/pico/pico-sdk/src/rp2_common/hardware_clocks/clocks.c.obj
 *fill*         0x1000868e        0x2 
 .rodata.__func__.1
                0x10008690       0x10 CMakeFiles/configTest.dir/C_/Users/Daniel/Desktop/pico/pico-sdk/src/rp2_common/hardware_clocks/clocks.c.obj
 .rodata.pll_init.str1.4
                0x100086a0      0x143 CMakeFiles/configTest.dir/C_/Users/Daniel/Desktop/pico/pico-sdk/src/rp2_common/hardware_pll/pll.c.obj
 *fill*         0x100087e3        0x1 
 .rodata.__func__.0
                0x100087e4        0x9 CMakeFiles/configTest.dir/C_/Users/Daniel/Desktop/pico/pico-sdk/src/rp2_common/hardware_pll/pll.c.obj
 *fill*         0x100087ed        0x3 
 .rodata._ftoa.str1.4
                0x100087f0       0x15 CMakeFiles/configTest.dir/C_/Users/Daniel/Desktop/pico/pico-sdk/src/rp2_common/pico_printf/printf.c.obj
 *fill*         0x10008805        0x3 
 .rodata._vsnprintf
                0x10008808      0x1e0 CMakeFiles/configTest.dir/C_/Users/Daniel/Desktop/pico/pico-sdk/src/rp2_common/pico_printf/printf.c.obj
 .rodata.pow10.0
                0x100089e8       0x50 CMakeFiles/configTest.dir/C_/Users/Daniel/Desktop/pico/pico-sdk/src/rp2_common/pico_printf/printf.c.obj
 .rodata.__aeabi_double_init.str1.4
                0x10008a38       0xb3 CMakeFiles/configTest.dir/C_/Users/Daniel/Desktop/pico/pico-sdk/src/rp2_common/pico_double/double_init_rom.c.obj
 *fill*         0x10008aeb        0x1 
 .rodata.__func__.0
                0x10008aec       0x14 CMakeFiles/configTest.dir/C_/Users/Daniel/Desktop/pico/pico-sdk/src/rp2_common/pico_double/double_init_rom.c.obj
 .rodata.__aeabi_float_init.str1.4
                0x10008b00       0x85 CMakeFiles/configTest.dir/C_/Users/Daniel/Desktop/pico/pico-sdk/src/rp2_common/pico_float/float_init_rom.c.obj
                                 0x89 (size before relaxing)
 *fill*         0x10008b85        0x3 
 .rodata.__func__.0
                0x10008b88       0x13 CMakeFiles/configTest.dir/C_/Users/Daniel/Desktop/pico/pico-sdk/src/rp2_common/pico_float/float_init_rom.c.obj
 *fill*         0x10008b9b        0x1 
 .rodata.str1.4
                0x10008b9c       0x40 CMakeFiles/configTest.dir/C_/Users/Daniel/Desktop/pico/pico-sdk/src/rp2_common/pico_standard_link/binary_info.c.obj
 .rodata.__bi_44
                0x10008bdc        0xc CMakeFiles/configTest.dir/C_/Users/Daniel/Desktop/pico/pico-sdk/src/rp2_common/pico_standard_link/binary_info.c.obj
 .rodata.__bi_75
                0x10008be8        0xc CMakeFiles/configTest.dir/C_/Users/Daniel/Desktop/pico/pico-sdk/src/rp2_common/pico_standard_link/binary_info.c.obj
 .rodata.__bi_81
                0x10008bf4        0xc CMakeFiles/configTest.dir/C_/Users/Daniel/Desktop/pico/pico-sdk/src/rp2_common/pico_standard_link/binary_info.c.obj
 .rodata.crlf_str.3
                0x10008c00        0x2 CMakeFiles/configTest.dir/C_/Users/Daniel/Desktop/pico/pico-sdk/src/rp2_common/pico_stdio/stdio.c.obj
 *fill*         0x10008c02        0x2 
 .rodata.str1.4
                0x10008c04       0x2c CMakeFiles/configTest.dir/C_/Users/Daniel/Desktop/pico/pico-sdk/src/rp2_common/pico_stdio_uart/stdio_uart.c.obj
 .rodata.__bi_28.4
                0x10008c30        0xc CMakeFiles/configTest.dir/C_/Users/Daniel/Desktop/pico/pico-sdk/src/rp2_common/pico_stdio_uart/stdio_uart.c.obj
 .rodata.__bi_29.5
                0x10008c3c        0x8 CMakeFiles/configTest.dir/C_/Users/Daniel/Desktop/pico/pico-sdk/src/rp2_common/pico_stdio_uart/stdio_uart.c.obj
 .rodata.stdio_usb_init.str1.4
                0x10008c44       0x60 CMakeFiles/configTest.dir/C_/Users/Daniel/Desktop/pico/pico-sdk/src/rp2_common/pico_stdio_usb/stdio_usb.c.obj
 .rodata.str1.4
                0x10008ca4       0x13 CMakeFiles/configTest.dir/C_/Users/Daniel/Desktop/pico/pico-sdk/src/rp2_common/pico_stdio_usb/stdio_usb.c.obj
 *fill*         0x10008cb7        0x1 
 .rodata.__bi_118.0
                0x10008cb8        0xc CMakeFiles/configTest.dir/C_/Users/Daniel/Desktop/pico/pico-sdk/src/rp2_common/pico_stdio_usb/stdio_usb.c.obj
 .rodata.__func__.1
                0x10008cc4        0xf CMakeFiles/configTest.dir/C_/Users/Daniel/Desktop/pico/pico-sdk/src/rp2_common/pico_stdio_usb/stdio_usb.c.obj
 *fill*         0x10008cd3        0x1 
 .rodata._hw_endpoint_alloc.str1.4
                0x10008cd4       0xc1 CMakeFiles/configTest.dir/C_/Users/Daniel/Desktop/pico/pico-sdk/lib/tinyusb/src/portable/raspberrypi/rp2040/dcd_rp2040.c.obj
 *fill*         0x10008d95        0x3 
 .rodata.dcd_rp2040_irq.str1.4
                0x10008d98       0x14 CMakeFiles/configTest.dir/C_/Users/Daniel/Desktop/pico/pico-sdk/lib/tinyusb/src/portable/raspberrypi/rp2040/dcd_rp2040.c.obj
 .rodata.dcd_int_enable.str1.4
                0x10008dac        0xc CMakeFiles/configTest.dir/C_/Users/Daniel/Desktop/pico/pico-sdk/lib/tinyusb/src/portable/raspberrypi/rp2040/dcd_rp2040.c.obj
 .rodata.__func__.0
                0x10008db8        0xe CMakeFiles/configTest.dir/C_/Users/Daniel/Desktop/pico/pico-sdk/lib/tinyusb/src/portable/raspberrypi/rp2040/dcd_rp2040.c.obj
 *fill*         0x10008dc6        0x2 
 .rodata.__func__.1
                0x10008dc8        0xe CMakeFiles/configTest.dir/C_/Users/Daniel/Desktop/pico/pico-sdk/lib/tinyusb/src/portable/raspberrypi/rp2040/dcd_rp2040.c.obj
 *fill*         0x10008dd6        0x2 
 .rodata.__func__.3
                0x10008dd8       0x10 CMakeFiles/configTest.dir/C_/Users/Daniel/Desktop/pico/pico-sdk/lib/tinyusb/src/portable/raspberrypi/rp2040/dcd_rp2040.c.obj
 .rodata.__func__.5
                0x10008de8        0xf CMakeFiles/configTest.dir/C_/Users/Daniel/Desktop/pico/pico-sdk/lib/tinyusb/src/portable/raspberrypi/rp2040/dcd_rp2040.c.obj
 *fill*         0x10008df7        0x1 
 .rodata.__func__.6
                0x10008df8       0x13 CMakeFiles/configTest.dir/C_/Users/Daniel/Desktop/pico/pico-sdk/lib/tinyusb/src/portable/raspberrypi/rp2040/dcd_rp2040.c.obj
 *fill*         0x10008e0b        0x1 
 .rodata.__func__.7
                0x10008e0c        0x9 CMakeFiles/configTest.dir/C_/Users/Daniel/Desktop/pico/pico-sdk/lib/tinyusb/src/portable/raspberrypi/rp2040/dcd_rp2040.c.obj
 *fill*         0x10008e15        0x3 
 .rodata.sync_ep_buffer.str1.4
                0x10008e18       0x9d CMakeFiles/configTest.dir/C_/Users/Daniel/Desktop/pico/pico-sdk/lib/tinyusb/src/portable/raspberrypi/rp2040/rp2040_usb.c.obj
 *fill*         0x10008eb5        0x3 
 .rodata._hw_endpoint_buffer_control_update32.str1.4
                0x10008eb8       0x1f CMakeFiles/configTest.dir/C_/Users/Daniel/Desktop/pico/pico-sdk/lib/tinyusb/src/portable/raspberrypi/rp2040/rp2040_usb.c.obj
 *fill*         0x10008ed7        0x1 
 .rodata.hw_endpoint_xfer_start.str1.4
                0x10008ed8       0x38 CMakeFiles/configTest.dir/C_/Users/Daniel/Desktop/pico/pico-sdk/lib/tinyusb/src/portable/raspberrypi/rp2040/rp2040_usb.c.obj
 .rodata.hw_endpoint_xfer_continue.str1.4
                0x10008f10       0x29 CMakeFiles/configTest.dir/C_/Users/Daniel/Desktop/pico/pico-sdk/lib/tinyusb/src/portable/raspberrypi/rp2040/rp2040_usb.c.obj
 .rodata.str1.4
                0x10008f39       0x29 CMakeFiles/configTest.dir/C_/Users/Daniel/Desktop/pico/pico-sdk/lib/tinyusb/src/portable/raspberrypi/rp2040/rp2040_usb.c.obj
                                  0x7 (size before relaxing)
 *fill*         0x10008f39        0x3 
 .rodata.__func__.0
                0x10008f3c        0xf CMakeFiles/configTest.dir/C_/Users/Daniel/Desktop/pico/pico-sdk/lib/tinyusb/src/portable/raspberrypi/rp2040/rp2040_usb.c.obj
 *fill*         0x10008f4b        0x1 
 .rodata.process_set_config.str1.4
                0x10008f4c       0x17 CMakeFiles/configTest.dir/C_/Users/Daniel/Desktop/pico/pico-sdk/lib/tinyusb/src/device/usbd.c.obj
 *fill*         0x10008f63        0x1 
 .rodata.process_get_descriptor
                0x10008f64       0x40 CMakeFiles/configTest.dir/C_/Users/Daniel/Desktop/pico/pico-sdk/lib/tinyusb/src/device/usbd.c.obj
 .rodata.process_control_request
                0x10008fa4       0x28 CMakeFiles/configTest.dir/C_/Users/Daniel/Desktop/pico/pico-sdk/lib/tinyusb/src/device/usbd.c.obj
 .rodata.tud_task
                0x10008fcc       0x24 CMakeFiles/configTest.dir/C_/Users/Daniel/Desktop/pico/pico-sdk/lib/tinyusb/src/device/usbd.c.obj
 .rodata.__func__.2
                0x10008ff0        0xf CMakeFiles/configTest.dir/C_/Users/Daniel/Desktop/pico/pico-sdk/lib/tinyusb/src/device/usbd.c.obj
 *fill*         0x10008fff        0x1 
 .rodata.__func__.3
                0x10009000        0xf CMakeFiles/configTest.dir/C_/Users/Daniel/Desktop/pico/pico-sdk/lib/tinyusb/src/device/usbd.c.obj
 *fill*         0x1000900f        0x1 
 .rodata.__func__.4
                0x10009010       0x14 CMakeFiles/configTest.dir/C_/Users/Daniel/Desktop/pico/pico-sdk/lib/tinyusb/src/device/usbd.c.obj
 .rodata.__func__.5
                0x10009024       0x10 CMakeFiles/configTest.dir/C_/Users/Daniel/Desktop/pico/pico-sdk/lib/tinyusb/src/device/usbd.c.obj
 .rodata.__func__.6
                0x10009034       0x17 CMakeFiles/configTest.dir/C_/Users/Daniel/Desktop/pico/pico-sdk/lib/tinyusb/src/device/usbd.c.obj
 *fill*         0x1000904b        0x1 
 .rodata.__func__.7
                0x1000904c       0x13 CMakeFiles/configTest.dir/C_/Users/Daniel/Desktop/pico/pico-sdk/lib/tinyusb/src/device/usbd.c.obj
 *fill*         0x1000905f        0x1 
 .rodata.__func__.8
                0x10009060       0x18 CMakeFiles/configTest.dir/C_/Users/Daniel/Desktop/pico/pico-sdk/lib/tinyusb/src/device/usbd.c.obj
 .rodata.__func__.9
                0x10009078        0x9 CMakeFiles/configTest.dir/C_/Users/Daniel/Desktop/pico/pico-sdk/lib/tinyusb/src/device/usbd.c.obj
 *fill*         0x10009081        0x3 
 .rodata._usbd_driver
                0x10009084       0x30 CMakeFiles/configTest.dir/C_/Users/Daniel/Desktop/pico/pico-sdk/lib/tinyusb/src/device/usbd.c.obj
 .rodata.tud_control_xfer.str1.4
                0x100090b4       0x17 CMakeFiles/configTest.dir/C_/Users/Daniel/Desktop/pico/pico-sdk/lib/tinyusb/src/device/usbd_control.c.obj
 .rodata.__func__.0
                0x100090b4       0x15 CMakeFiles/configTest.dir/C_/Users/Daniel/Desktop/pico/pico-sdk/lib/tinyusb/src/device/usbd_control.c.obj
 *fill*         0x100090c9        0x3 
 .rodata.__func__.1
                0x100090cc       0x11 CMakeFiles/configTest.dir/C_/Users/Daniel/Desktop/pico/pico-sdk/lib/tinyusb/src/device/usbd_control.c.obj
 .rodata.tud_cdc_n_write_flush.str1.4
                0x100090dd       0x17 CMakeFiles/configTest.dir/C_/Users/Daniel/Desktop/pico/pico-sdk/lib/tinyusb/src/class/cdc/cdc_device.c.obj
 *fill*         0x100090dd        0x3 
 .rodata.__func__.0
                0x100090e0        0xd CMakeFiles/configTest.dir/C_/Users/Daniel/Desktop/pico/pico-sdk/lib/tinyusb/src/class/cdc/cdc_device.c.obj
 *fill*         0x100090ed        0x3 
 .rodata.__func__.1
                0x100090f0        0xa CMakeFiles/configTest.dir/C_/Users/Daniel/Desktop/pico/pico-sdk/lib/tinyusb/src/class/cdc/cdc_device.c.obj
 *fill*         0x100090fa        0x2 
 .rodata.__func__.2
                0x100090fc       0x16 CMakeFiles/configTest.dir/C_/Users/Daniel/Desktop/pico/pico-sdk/lib/tinyusb/src/class/cdc/cdc_device.c.obj
 *fill*         0x10009112        0x2 
 .rodata.proc_builtin_scsi
                0x10009114       0x98 CMakeFiles/configTest.dir/C_/Users/Daniel/Desktop/pico/pico-sdk/lib/tinyusb/src/class/msc/msc_device.c.obj
 .rodata.proc_write10_cmd.str1.4
                0x100091ac       0x17 CMakeFiles/configTest.dir/C_/Users/Daniel/Desktop/pico/pico-sdk/lib/tinyusb/src/class/msc/msc_device.c.obj
 .rodata.mscd_xfer_cb.str1.4
                0x100091ac       0x38 CMakeFiles/configTest.dir/C_/Users/Daniel/Desktop/pico/pico-sdk/lib/tinyusb/src/class/msc/msc_device.c.obj
 .rodata.__func__.0
                0x100091e4       0x10 CMakeFiles/configTest.dir/C_/Users/Daniel/Desktop/pico/pico-sdk/lib/tinyusb/src/class/msc/msc_device.c.obj
 .rodata.__func__.1
                0x100091f4       0x11 CMakeFiles/configTest.dir/C_/Users/Daniel/Desktop/pico/pico-sdk/lib/tinyusb/src/class/msc/msc_device.c.obj
 *fill*         0x10009205        0x3 
 .rodata.__func__.2
                0x10009208        0xd CMakeFiles/configTest.dir/C_/Users/Daniel/Desktop/pico/pico-sdk/lib/tinyusb/src/class/msc/msc_device.c.obj
 *fill*         0x10009215        0x3 
 .rodata.__func__.3
                0x10009218       0x15 CMakeFiles/configTest.dir/C_/Users/Daniel/Desktop/pico/pico-sdk/lib/tinyusb/src/class/msc/msc_device.c.obj
 *fill*         0x1000922d        0x3 
 .rodata.__func__.4
                0x10009230        0xa CMakeFiles/configTest.dir/C_/Users/Daniel/Desktop/pico/pico-sdk/lib/tinyusb/src/class/msc/msc_device.c.obj
 .rodata.tusb_init.str1.4
                0x1000923a       0x17 CMakeFiles/configTest.dir/C_/Users/Daniel/Desktop/pico/pico-sdk/lib/tinyusb/src/tusb.c.obj
 *fill*         0x1000923a        0x2 
 .rodata.__func__.0
                0x1000923c       0x11 CMakeFiles/configTest.dir/C_/Users/Daniel/Desktop/pico/pico-sdk/lib/tinyusb/src/tusb.c.obj
 *fill*         0x1000924d        0x3 
 .rodata.__func__.1
                0x10009250        0xa CMakeFiles/configTest.dir/C_/Users/Daniel/Desktop/pico/pico-sdk/lib/tinyusb/src/tusb.c.obj
 *fill*         0x1000925a        0x2 
 .rodata.str1.4
                0x1000925c      0x162 CMakeFiles/configTest.dir/C_/Users/Daniel/Desktop/pico/pico-sdk/src/rp2_common/hardware_flash/flash.c.obj
 *fill*         0x100093be        0x2 
 .rodata.__func__.0
                0x100093c0        0xd CMakeFiles/configTest.dir/C_/Users/Daniel/Desktop/pico/pico-sdk/src/rp2_common/hardware_flash/flash.c.obj
 *fill*         0x100093cd        0x3 
 .rodata.str1.4
                0x100093d0        0x4 CMakeFiles/configTest.dir/C_/Users/Daniel/Desktop/pico/pico-sdk/lib/tinyusb/hw/bsp/rp2040/family.c.obj
 .rodata.__bi_121.0
                0x100093d4        0xc CMakeFiles/configTest.dir/C_/Users/Daniel/Desktop/pico/pico-sdk/lib/tinyusb/hw/bsp/rp2040/family.c.obj
 .rodata.__bi_131.1
                0x100093e0        0x8 CMakeFiles/configTest.dir/C_/Users/Daniel/Desktop/pico/pico-sdk/lib/tinyusb/hw/bsp/rp2040/family.c.obj
                0x100093e8                . = ALIGN (0x4)
 *(SORT_BY_ALIGNMENT(SORT_BY_NAME(.flashdata*)))
                0x100093e8                . = ALIGN (0x4)

.rel.dyn        0x100093e8        0x0
 .rel.iplt      0x100093e8        0x0 d:/progra~2/gbuarm~1/bin/../lib/gcc/arm-none-eabi/10.3.1/thumb/v6-m/nofp/crtbegin.o

.ARM.extab
 *(.ARM.extab* .gnu.linkonce.armextab.*)
                0x100093e8                __exidx_start = .

.ARM.exidx
 *(.ARM.exidx* .gnu.linkonce.armexidx.*)
                0x100093e8                __exidx_end = .
                0x100093e8                . = ALIGN (0x4)
                0x100093e8                __binary_info_start = .

.binary_info    0x100093e8       0x30
 *(.binary_info.keep.*)
 .binary_info.keep.__bi_ptr22
                0x100093e8        0x4 CMakeFiles/configTest.dir/C_/Users/Daniel/Desktop/pico/pico-sdk/src/rp2_common/pico_standard_link/binary_info.c.obj
 .binary_info.keep.__bi_ptr30
                0x100093ec        0x4 CMakeFiles/configTest.dir/C_/Users/Daniel/Desktop/pico/pico-sdk/src/rp2_common/pico_standard_link/binary_info.c.obj
 .binary_info.keep.__bi_ptr38
                0x100093f0        0x4 CMakeFiles/configTest.dir/C_/Users/Daniel/Desktop/pico/pico-sdk/src/rp2_common/pico_standard_link/binary_info.c.obj
 .binary_info.keep.__bi_ptr44
                0x100093f4        0x4 CMakeFiles/configTest.dir/C_/Users/Daniel/Desktop/pico/pico-sdk/src/rp2_common/pico_standard_link/binary_info.c.obj
 .binary_info.keep.__bi_ptr50
                0x100093f8        0x4 CMakeFiles/configTest.dir/C_/Users/Daniel/Desktop/pico/pico-sdk/src/rp2_common/pico_standard_link/binary_info.c.obj
 .binary_info.keep.__bi_ptr75
                0x100093fc        0x4 CMakeFiles/configTest.dir/C_/Users/Daniel/Desktop/pico/pico-sdk/src/rp2_common/pico_standard_link/binary_info.c.obj
 .binary_info.keep.__bi_ptr81
                0x10009400        0x4 CMakeFiles/configTest.dir/C_/Users/Daniel/Desktop/pico/pico-sdk/src/rp2_common/pico_standard_link/binary_info.c.obj
 .binary_info.keep.__bi_ptr121
                0x10009404        0x4 CMakeFiles/configTest.dir/C_/Users/Daniel/Desktop/pico/pico-sdk/lib/tinyusb/hw/bsp/rp2040/family.c.obj
 .binary_info.keep.__bi_ptr131
                0x10009408        0x4 CMakeFiles/configTest.dir/C_/Users/Daniel/Desktop/pico/pico-sdk/lib/tinyusb/hw/bsp/rp2040/family.c.obj
 *(.binary_info.*)
 .binary_info.__bi_ptr28
                0x1000940c        0x4 CMakeFiles/configTest.dir/C_/Users/Daniel/Desktop/pico/pico-sdk/src/rp2_common/pico_stdio_uart/stdio_uart.c.obj
 .binary_info.__bi_ptr29
                0x10009410        0x4 CMakeFiles/configTest.dir/C_/Users/Daniel/Desktop/pico/pico-sdk/src/rp2_common/pico_stdio_uart/stdio_uart.c.obj
 .binary_info.__bi_ptr118
                0x10009414        0x4 CMakeFiles/configTest.dir/C_/Users/Daniel/Desktop/pico/pico-sdk/src/rp2_common/pico_stdio_usb/stdio_usb.c.obj
                0x10009418                __binary_info_end = .
                0x10009418                . = ALIGN (0x4)
                0x10009418                __etext = .

.ram_vector_table
                0x20000000       0xc0
 *(.ram_vector_table)
 .ram_vector_table
                0x20000000       0xc0 CMakeFiles/configTest.dir/C_/Users/Daniel/Desktop/pico/pico-sdk/src/rp2_common/pico_runtime/runtime.c.obj
                0x20000000                ram_vector_table

.data           0x200000c0     0x2484 load address 0x10009418
                0x200000c0                __data_start__ = .
 *(vtable)
 *(.time_critical*)
 .time_critical.mutex_enter_blocking
                0x200000c0       0x48 CMakeFiles/configTest.dir/C_/Users/Daniel/Desktop/pico/pico-sdk/src/common/pico_sync/mutex.c.obj
                0x200000c0                mutex_enter_blocking
 .time_critical.mutex_try_enter
                0x20000108       0x46 CMakeFiles/configTest.dir/C_/Users/Daniel/Desktop/pico/pico-sdk/src/common/pico_sync/mutex.c.obj
                0x20000108                mutex_try_enter
 *fill*         0x2000014e        0x2 
 .time_critical.mutex_enter_block_until
                0x20000150       0x8c CMakeFiles/configTest.dir/C_/Users/Daniel/Desktop/pico/pico-sdk/src/common/pico_sync/mutex.c.obj
                0x20000150                mutex_enter_block_until
 .time_critical.mutex_enter_timeout_ms
                0x200001dc       0x74 CMakeFiles/configTest.dir/C_/Users/Daniel/Desktop/pico/pico-sdk/src/common/pico_sync/mutex.c.obj
                0x200001dc                mutex_enter_timeout_ms
 .time_critical.mutex_exit
                0x20000250       0x4c CMakeFiles/configTest.dir/C_/Users/Daniel/Desktop/pico/pico-sdk/src/common/pico_sync/mutex.c.obj
                0x20000250                mutex_exit
 .time_critical.flash_init_boot2_copyout
                0x2000029c       0x30 CMakeFiles/configTest.dir/C_/Users/Daniel/Desktop/pico/pico-sdk/src/rp2_common/hardware_flash/flash.c.obj
 .time_critical.flash_enable_xip_via_boot2
                0x200002cc       0x10 CMakeFiles/configTest.dir/C_/Users/Daniel/Desktop/pico/pico-sdk/src/rp2_common/hardware_flash/flash.c.obj
 .time_critical.flash_cs_force
                0x200002dc       0x28 CMakeFiles/configTest.dir/C_/Users/Daniel/Desktop/pico/pico-sdk/src/rp2_common/hardware_flash/flash.c.obj
 .time_critical.flash_do_cmd
                0x20000304       0xd8 CMakeFiles/configTest.dir/C_/Users/Daniel/Desktop/pico/pico-sdk/src/rp2_common/hardware_flash/flash.c.obj
                0x20000304                flash_do_cmd
 *(.text*)
 .text          0x200003dc        0x4 d:/progra~2/gbuarm~1/bin/../lib/gcc/arm-none-eabi/10.3.1/thumb/v6-m/nofp\libgcc.a(_dvmd_tls.o)
                0x200003dc                __aeabi_idiv0
                0x200003dc                __aeabi_ldiv0
 .text.__stub   0x200003e0       0x40 linker stubs
                0x20000420                . = ALIGN (0x4)
 *(.rodata*)
                0x20000420                . = ALIGN (0x4)
 *(.data*)
 .data.msc_disk
                0x20000420     0x2000 CMakeFiles/configTest.dir/msc_disk.c.obj
                0x20000420                msc_disk
 .data.string_desc_arr
                0x20002420       0x18 CMakeFiles/configTest.dir/usb_descriptors.c.obj
                0x20002420                string_desc_arr
 .data.striped_spin_lock_num
                0x20002438        0x1 CMakeFiles/configTest.dir/C_/Users/Daniel/Desktop/pico/pico-sdk/src/rp2_common/hardware_sync/sync.c.obj
 *fill*         0x20002439        0x3 