Archive member included to satisfy reference by file (symbol)

d:/progra~2/gbuarm~1/bin/../lib/gcc/arm-none-eabi/10.3.1/thumb/v6-m/nofp\libgcc.a(_dvmd_tls.o)
                              CMakeFiles/pico.dir/C_/Users/Daniel/Desktop/pico/pico-sdk/src/rp2_common/pico_divider/divider.S.obj (__aeabi_idiv0)
d:/progra~2/gbuarm~1/bin/../lib/gcc/arm-none-eabi/10.3.1/../../../../arm-none-eabi/lib/thumb/v6-m/nofp\libg.a(lib_a-atoi.o)
                              CMakeFiles/pico.dir/C_/Users/Daniel/Desktop/pico/pico-sdk/lib/lwip/src/core/netif.c.obj (atoi)
d:/progra~2/gbuarm~1/bin/../lib/gcc/arm-none-eabi/10.3.1/../../../../arm-none-eabi/lib/thumb/v6-m/nofp\libg.a(lib_a-calloc.o)
                              CMakeFiles/pico.dir/C_/Users/Daniel/Desktop/pico/pico-sdk/src/rp2_common/pico_malloc/pico_malloc.c.obj (calloc)
d:/progra~2/gbuarm~1/bin/../lib/gcc/arm-none-eabi/10.3.1/../../../../arm-none-eabi/lib/thumb/v6-m/nofp\libg.a(lib_a-callocr.o)
                              d:/progra~2/gbuarm~1/bin/../lib/gcc/arm-none-eabi/10.3.1/../../../../arm-none-eabi/lib/thumb/v6-m/nofp\libg.a(lib_a-calloc.o) (_calloc_r)
d:/progra~2/gbuarm~1/bin/../lib/gcc/arm-none-eabi/10.3.1/../../../../arm-none-eabi/lib/thumb/v6-m/nofp\libg.a(lib_a-ctype_.o)
                              CMakeFiles/pico.dir/C_/Users/Daniel/Desktop/pico/pico-sdk/lib/lwip/src/core/dns.c.obj (_ctype_)
d:/progra~2/gbuarm~1/bin/../lib/gcc/arm-none-eabi/10.3.1/../../../../arm-none-eabi/lib/thumb/v6-m/nofp\libg.a(lib_a-errno.o)
                              d:/progra~2/gbuarm~1/bin/../lib/gcc/arm-none-eabi/10.3.1/../../../../arm-none-eabi/lib/thumb/v6-m/nofp\libg.a(lib_a-callocr.o) (__errno)
d:/progra~2/gbuarm~1/bin/../lib/gcc/arm-none-eabi/10.3.1/../../../../arm-none-eabi/lib/thumb/v6-m/nofp\libg.a(lib_a-impure.o)
                              d:/progra~2/gbuarm~1/bin/../lib/gcc/arm-none-eabi/10.3.1/../../../../arm-none-eabi/lib/thumb/v6-m/nofp\libg.a(lib_a-calloc.o) (_impure_ptr)
d:/progra~2/gbuarm~1/bin/../lib/gcc/arm-none-eabi/10.3.1/../../../../arm-none-eabi/lib/thumb/v6-m/nofp\libg.a(lib_a-init.o)
                              d:/progra~2/gbuarm~1/bin/../lib/gcc/arm-none-eabi/10.3.1/../../../../arm-none-eabi/lib/thumb/v6-m/nofp/crt0.o (__libc_init_array)
d:/progra~2/gbuarm~1/bin/../lib/gcc/arm-none-eabi/10.3.1/../../../../arm-none-eabi/lib/thumb/v6-m/nofp\libg.a(lib_a-malloc.o)
                              CMakeFiles/pico.dir/C_/Users/Daniel/Desktop/pico/pico-sdk/src/rp2_common/pico_malloc/pico_malloc.c.obj (malloc)
d:/progra~2/gbuarm~1/bin/../lib/gcc/arm-none-eabi/10.3.1/../../../../arm-none-eabi/lib/thumb/v6-m/nofp\libg.a(lib_a-mallocr.o)
                              d:/progra~2/gbuarm~1/bin/../lib/gcc/arm-none-eabi/10.3.1/../../../../arm-none-eabi/lib/thumb/v6-m/nofp\libg.a(lib_a-callocr.o) (_malloc_r)
d:/progra~2/gbuarm~1/bin/../lib/gcc/arm-none-eabi/10.3.1/../../../../arm-none-eabi/lib/thumb/v6-m/nofp\libg.a(lib_a-memcmp.o)
                              CMakeFiles/pico.dir/C_/Users/Daniel/Desktop/pico/pico-sdk/lib/cyw43-driver/src/cyw43_ll.c.obj (memcmp)
d:/progra~2/gbuarm~1/bin/../lib/gcc/arm-none-eabi/10.3.1/../../../../arm-none-eabi/lib/thumb/v6-m/nofp\libg.a(lib_a-memmove.o)
                              CMakeFiles/pico.dir/C_/Users/Daniel/Desktop/pico/pico-sdk/lib/cyw43-driver/src/cyw43_ll.c.obj (memmove)
d:/progra~2/gbuarm~1/bin/../lib/gcc/arm-none-eabi/10.3.1/../../../../arm-none-eabi/lib/thumb/v6-m/nofp\libg.a(lib_a-mlock.o)
                              d:/progra~2/gbuarm~1/bin/../lib/gcc/arm-none-eabi/10.3.1/../../../../arm-none-eabi/lib/thumb/v6-m/nofp\libg.a(lib_a-mallocr.o) (__malloc_lock)
d:/progra~2/gbuarm~1/bin/../lib/gcc/arm-none-eabi/10.3.1/../../../../arm-none-eabi/lib/thumb/v6-m/nofp\libg.a(lib_a-realloc.o)
                              CMakeFiles/pico.dir/C_/Users/Daniel/Desktop/pico/pico-sdk/src/rp2_common/pico_malloc/pico_malloc.c.obj (realloc)
d:/progra~2/gbuarm~1/bin/../lib/gcc/arm-none-eabi/10.3.1/../../../../arm-none-eabi/lib/thumb/v6-m/nofp\libg.a(lib_a-reallocr.o)
                              d:/progra~2/gbuarm~1/bin/../lib/gcc/arm-none-eabi/10.3.1/../../../../arm-none-eabi/lib/thumb/v6-m/nofp\libg.a(lib_a-realloc.o) (_realloc_r)
d:/progra~2/gbuarm~1/bin/../lib/gcc/arm-none-eabi/10.3.1/../../../../arm-none-eabi/lib/thumb/v6-m/nofp\libg.a(lib_a-sbrkr.o)
                              d:/progra~2/gbuarm~1/bin/../lib/gcc/arm-none-eabi/10.3.1/../../../../arm-none-eabi/lib/thumb/v6-m/nofp\libg.a(lib_a-mallocr.o) (_sbrk_r)
d:/progra~2/gbuarm~1/bin/../lib/gcc/arm-none-eabi/10.3.1/../../../../arm-none-eabi/lib/thumb/v6-m/nofp\libg.a(lib_a-strlen-stub.o)
                              CMakeFiles/pico.dir/main.c.obj (strlen)
d:/progra~2/gbuarm~1/bin/../lib/gcc/arm-none-eabi/10.3.1/../../../../arm-none-eabi/lib/thumb/v6-m/nofp\libg.a(lib_a-strncmp.o)
                              CMakeFiles/pico.dir/C_/Users/Daniel/Desktop/pico/pico-sdk/lib/cyw43-driver/src/cyw43_ll.c.obj (strncmp)
[...]
Memory Configuration

Name             Origin             Length             Attributes
FLASH            0x10000000         0x00200000         xr
RAM              0x20000000         0x00040000         xrw
SCRATCH_X        0x20040000         0x00001000         xrw
SCRATCH_Y        0x20041000         0x00001000         xrw
*default*        0x00000000         0xffffffff

Linker script and memory map

LOAD d:/progra~2/gbuarm~1/bin/../lib/gcc/arm-none-eabi/10.3.1/thumb/v6-m/nofp/crti.o
LOAD d:/progra~2/gbuarm~1/bin/../lib/gcc/arm-none-eabi/10.3.1/thumb/v6-m/nofp/crtbegin.o
LOAD d:/progra~2/gbuarm~1/bin/../lib/gcc/arm-none-eabi/10.3.1/../../../../arm-none-eabi/lib/thumb/v6-m/nofp/crt0.o

.flash_begin    0x10000000        0x0
                0x10000000                __flash_binary_start = .

.boot2          0x10000000      0x100
                0x10000000                __boot2_start__ = .
 *(.boot2)
 .boot2         0x10000000      0x100 C:\Users\Daniel\AppData\Local\Temp\ccm7ZqmK.o
                0x10000100                __boot2_end__ = .
                0x00000001                ASSERT (((__boot2_end__ - __boot2_start__) == 0x100), ERROR: Pico second stage bootloader must be 256 bytes in size)

.text           0x10000100     0xf210
                0x10000100                __logical_binary_start = .
 *(.vectors)
 .vectors       0x10000100       0xd4 CMakeFiles/pico.dir/C_/Users/Daniel/Desktop/pico/pico-sdk/src/rp2_common/pico_standard_link/crt0.S.obj
                0x10000100                __VECTOR_TABLE
                0x10000100                __vectors
                0x100001c0                isr_invalid
                0x100001c0                __default_isrs_start
                0x100001c2                isr_nmi
                0x100001c4                isr_hardfault
                0x100001c6                isr_svcall
                0x100001c8                isr_pendsv
                0x100001ca                isr_systick
                0x100001cc                isr_irq23
                0x100001cc                isr_irq18
                0x100001cc                isr_irq11
                0x100001cc                isr_irq28
                0x100001cc                isr_irq19
                0x100001cc                isr_irq0
                0x100001cc                isr_irq6
                0x100001cc                isr_irq5
                0x100001cc                isr_irq12
                0x100001cc                isr_irq22
                0x100001cc                isr_irq31
                0x100001cc                isr_irq17
                0x100001cc                isr_irq27
                0x100001cc                isr_irq30
                0x100001cc                isr_irq2
                0x100001cc                isr_irq10
                0x100001cc                isr_irq8
                0x100001cc                isr_irq24
                0x100001cc                isr_irq1
                0x100001cc                isr_irq7
                0x100001cc                isr_irq21
                0x100001cc                isr_irq20
                0x100001cc                isr_irq15
                0x100001cc                isr_irq25
                0x100001cc                isr_irq13
                0x100001cc                __unhandled_user_irq
                0x100001cc                isr_irq4
                0x100001cc                isr_irq16
                0x100001cc                isr_irq29
                0x100001cc                isr_irq26
                0x100001cc                __default_isrs_end
                0x100001cc                isr_irq3
                0x100001cc                isr_irq14
                0x100001cc                isr_irq9
                0x100001d2                unhandled_user_irq_num_in_r0
 *(.binary_info_header)
 .binary_info_header
                0x100001d4       0x14 CMakeFiles/pico.dir/C_/Users/Daniel/Desktop/pico/pico-sdk/src/rp2_common/pico_standard_link/crt0.S.obj
                0x100001e8                __binary_info_header_end = .
 *(.reset)
 .reset         0x100001e8       0xa8 CMakeFiles/pico.dir/C_/Users/Daniel/Desktop/pico/pico-sdk/src/rp2_common/pico_standard_link/crt0.S.obj
                0x100001e8                _entry_point
                0x10000266                __get_current_exception
 .reset         0x10000290       0x30 CMakeFiles/pico.dir/C_/Users/Daniel/Desktop/pico/pico-sdk/src/rp2_common/pico_standard_link/binary_info.c.obj
 *(.init)
 .init          0x100002c0        0x4 d:/progra~2/gbuarm~1/bin/../lib/gcc/arm-none-eabi/10.3.1/thumb/v6-m/nofp/crti.o
                0x100002c0                _init
 *(EXCLUDE_FILE(*libm.a: *libc.a:*lib_a-mem*.o *libgcc.a:) .text*)
 .text          0x100002c4       0x48 d:/progra~2/gbuarm~1/bin/../lib/gcc/arm-none-eabi/10.3.1/thumb/v6-m/nofp/crtbegin.o
 .text.tud_mount_cb
                0x1000030c       0x10 CMakeFiles/pico.dir/main.c.obj
                0x1000030c                tud_mount_cb
 .text.tud_umount_cb
                0x1000031c        0xc CMakeFiles/pico.dir/main.c.obj
                0x1000031c                tud_umount_cb
 .text.tud_suspend_cb
                0x10000328       0x10 CMakeFiles/pico.dir/main.c.obj
                0x10000328                tud_suspend_cb
 .text.tud_resume_cb
                0x10000338       0x10 CMakeFiles/pico.dir/main.c.obj
                0x10000338                tud_resume_cb
 .text.cdc_task
                0x10000348       0x2e CMakeFiles/pico.dir/main.c.obj
                0x10000348                cdc_task
 .text.tud_cdc_line_state_cb
                0x10000376        0x2 CMakeFiles/pico.dir/main.c.obj
                0x10000376                tud_cdc_line_state_cb
 .text.tud_cdc_rx_cb
                0x10000378        0x2 CMakeFiles/pico.dir/main.c.obj
                0x10000378                tud_cdc_rx_cb
 *fill*         0x1000037a        0x2 
 .text.led_blinking_task
                0x1000037c       0x70 CMakeFiles/pico.dir/main.c.obj
                0x1000037c                led_blinking_task
 .text.main     0x100003ec       0x1c CMakeFiles/pico.dir/main.c.obj
                0x100003ec                main
 .text.tud_msc_inquiry_cb
                0x10000408       0x78 CMakeFiles/pico.dir/msc_disk.c.obj
                0x10000408                tud_msc_inquiry_cb
 .text.tud_msc_test_unit_ready_cb
                0x10000480       0x20 CMakeFiles/pico.dir/msc_disk.c.obj
                0x10000480                tud_msc_test_unit_ready_cb
 .text.tud_msc_capacity_cb
                0x100004a0        0xc CMakeFiles/pico.dir/msc_disk.c.obj
                0x100004a0                tud_msc_capacity_cb
 .text.tud_msc_start_stop_cb
                0x100004ac       0x18 CMakeFiles/pico.dir/msc_disk.c.obj
                0x100004ac                tud_msc_start_stop_cb
 .text.tud_msc_read10_cb
                0x100004c4       0x24 CMakeFiles/pico.dir/msc_disk.c.obj
                0x100004c4                tud_msc_read10_cb
 .text.tud_msc_is_writable_cb
                0x100004e8        0x4 CMakeFiles/pico.dir/msc_disk.c.obj
                0x100004e8                tud_msc_is_writable_cb
 .text.tud_msc_write10_cb
                0x100004ec       0x4c CMakeFiles/pico.dir/msc_disk.c.obj
                0x100004ec                tud_msc_write10_cb
 .text.tud_msc_scsi_cb
                0x10000538       0x26 CMakeFiles/pico.dir/msc_disk.c.obj
                0x10000538                tud_msc_scsi_cb
 *fill*         0x1000055e        0x2 
 .text.tud_descriptor_device_cb
                0x10000560        0x8 CMakeFiles/pico.dir/usb_descriptors.c.obj
                0x10000560                tud_descriptor_device_cb
 .text.tud_descriptor_configuration_cb
                0x10000568        0x8 CMakeFiles/pico.dir/usb_descriptors.c.obj
                0x10000568                tud_descriptor_configuration_cb
 .text.tud_descriptor_string_cb
                0x10000570       0x60 CMakeFiles/pico.dir/usb_descriptors.c.obj
                0x10000570                tud_descriptor_string_cb
 .text.gpio_set_function
                0x100005d0       0x30 CMakeFiles/pico.dir/C_/Users/Daniel/Desktop/pico/pico-sdk/src/rp2_common/hardware_gpio/gpio.c.obj
                0x100005d0                gpio_set_function
 .text.gpio_set_pulls
                0x10000600       0x34 CMakeFiles/pico.dir/C_/Users/Daniel/Desktop/pico/pico-sdk/src/rp2_common/hardware_gpio/gpio.c.obj
                0x10000600                gpio_set_pulls
 .text.gpio_set_input_hysteresis_enabled
                0x10000634       0x30 CMakeFiles/pico.dir/C_/Users/Daniel/Desktop/pico/pico-sdk/src/rp2_common/hardware_gpio/gpio.c.obj
                0x10000634                gpio_set_input_hysteresis_enabled
 .text.gpio_add_raw_irq_handler_with_order_priority_masked
                0x10000664       0x40 CMakeFiles/pico.dir/C_/Users/Daniel/Desktop/pico/pico-sdk/src/rp2_common/hardware_gpio/gpio.c.obj
                0x10000664                gpio_add_raw_irq_handler_with_order_priority_masked
 .text.gpio_acknowledge_irq
                0x100006a4       0x18 CMakeFiles/pico.dir/C_/Users/Daniel/Desktop/pico/pico-sdk/src/rp2_common/hardware_gpio/gpio.c.obj
                0x100006a4                gpio_acknowledge_irq
 .text._gpio_set_irq_enabled
                0x100006bc       0x34 CMakeFiles/pico.dir/C_/Users/Daniel/Desktop/pico/pico-sdk/src/rp2_common/hardware_gpio/gpio.c.obj
 .text.gpio_set_irq_enabled
                0x100006f0       0x20 CMakeFiles/pico.dir/C_/Users/Daniel/Desktop/pico/pico-sdk/src/rp2_common/hardware_gpio/gpio.c.obj
                0x100006f0                gpio_set_irq_enabled
 .text.gpio_init
                0x10000710       0x16 CMakeFiles/pico.dir/C_/Users/Daniel/Desktop/pico/pico-sdk/src/rp2_common/hardware_gpio/gpio.c.obj
                0x10000710                gpio_init
 *fill*         0x10000726        0x2 
 .text.hw_claim_lock
                0x10000728       0x18 CMakeFiles/pico.dir/C_/Users/Daniel/Desktop/pico/pico-sdk/src/rp2_common/hardware_claim/claim.c.obj
                0x10000728                hw_claim_lock
 .text.hw_claim_unlock
                0x10000740       0x14 CMakeFiles/pico.dir/C_/Users/Daniel/Desktop/pico/pico-sdk/src/rp2_common/hardware_claim/claim.c.obj
                0x10000740                hw_claim_unlock
 .text.hw_claim_or_assert
                0x10000754       0x32 CMakeFiles/pico.dir/C_/Users/Daniel/Desktop/pico/pico-sdk/src/rp2_common/hardware_claim/claim.c.obj
                0x10000754                hw_claim_or_assert
 .text.hw_claim_unused_from_range
                0x10000786       0x50 CMakeFiles/pico.dir/C_/Users/Daniel/Desktop/pico/pico-sdk/src/rp2_common/hardware_claim/claim.c.obj
                0x10000786                hw_claim_unused_from_range
 *fill*         0x100007d6        0x2 
 .text.hw_claim_clear
                0x100007d8       0x40 CMakeFiles/pico.dir/C_/Users/Daniel/Desktop/pico/pico-sdk/src/rp2_common/hardware_claim/claim.c.obj
                0x100007d8                hw_claim_clear
 .text.running_on_fpga
                0x10000818       0x14 CMakeFiles/pico.dir/C_/Users/Daniel/Desktop/pico/pico-sdk/src/rp2_common/pico_platform/platform.c.obj
                0x10000818                running_on_fpga
 .text.spin_locks_reset
                0x1000082c       0x20 CMakeFiles/pico.dir/C_/Users/Daniel/Desktop/pico/pico-sdk/src/rp2_common/hardware_sync/sync.c.obj
                0x1000082c                spin_locks_reset
 .text.next_striped_spin_lock_num
                0x1000084c       0x1c CMakeFiles/pico.dir/C_/Users/Daniel/Desktop/pico/pico-sdk/src/rp2_common/hardware_sync/sync.c.obj
                0x1000084c                next_striped_spin_lock_num
 .text.spin_lock_claim_unused
                0x10000868       0x20 CMakeFiles/pico.dir/C_/Users/Daniel/Desktop/pico/pico-sdk/src/rp2_common/hardware_sync/sync.c.obj
                0x10000868                spin_lock_claim_unused
 .text.set_raw_irq_handler_and_unlock
                0x10000888       0x28 CMakeFiles/pico.dir/C_/Users/Daniel/Desktop/pico/pico-sdk/src/rp2_common/hardware_irq/irq.c.obj
 .text.make_branch
                0x100008b0       0x48 CMakeFiles/pico.dir/C_/Users/Daniel/Desktop/pico/pico-sdk/src/rp2_common/hardware_irq/irq.c.obj
 .text.insert_branch_and_link
                0x100008f8       0x40 CMakeFiles/pico.dir/C_/Users/Daniel/Desktop/pico/pico-sdk/src/rp2_common/hardware_irq/irq.c.obj
 .text.irq_is_enabled
                0x10000938       0x18 CMakeFiles/pico.dir/C_/Users/Daniel/Desktop/pico/pico-sdk/src/rp2_common/hardware_irq/irq.c.obj
                0x10000938                irq_is_enabled
 .text.irq_set_mask_enabled
                0x10000950       0x20 CMakeFiles/pico.dir/C_/Users/Daniel/Desktop/pico/pico-sdk/src/rp2_common/hardware_irq/irq.c.obj
                0x10000950                irq_set_mask_enabled
 .text.irq_set_enabled
                0x10000970        0xe CMakeFiles/pico.dir/C_/Users/Daniel/Desktop/pico/pico-sdk/src/rp2_common/hardware_irq/irq.c.obj
                0x10000970                irq_set_enabled
 *fill*         0x1000097e        0x2 
 .text.irq_get_vtable_handler
                0x10000980       0x10 CMakeFiles/pico.dir/C_/Users/Daniel/Desktop/pico/pico-sdk/src/rp2_common/hardware_irq/irq.c.obj
                0x10000980                irq_get_vtable_handler
 .text.irq_set_exclusive_handler
                0x10000990       0x54 CMakeFiles/pico.dir/C_/Users/Daniel/Desktop/pico/pico-sdk/src/rp2_common/hardware_irq/irq.c.obj
                0x10000990                irq_set_exclusive_handler
 .text.irq_add_shared_handler
                0x100009e4      0x230 CMakeFiles/pico.dir/C_/Users/Daniel/Desktop/pico/pico-sdk/src/rp2_common/hardware_irq/irq.c.obj
                0x100009e4                irq_add_shared_handler
 .text.irq_remove_handler
                0x10000c14      0x1a8 CMakeFiles/pico.dir/C_/Users/Daniel/Desktop/pico/pico-sdk/src/rp2_common/hardware_irq/irq.c.obj
                0x10000c14                irq_remove_handler
 .text.irq_add_tail_to_free_list
                0x10000dbc       0xf0 CMakeFiles/pico.dir/C_/Users/Daniel/Desktop/pico/pico-sdk/src/rp2_common/hardware_irq/irq.c.obj
                0x10000dbc                irq_add_tail_to_free_list
 .text.irq_init_priorities
                0x10000eac       0x1c CMakeFiles/pico.dir/C_/Users/Daniel/Desktop/pico/pico-sdk/src/rp2_common/hardware_irq/irq.c.obj
                0x10000eac                irq_init_priorities
 .text.lock_init
                0x10000ec8       0x10 CMakeFiles/pico.dir/C_/Users/Daniel/Desktop/pico/pico-sdk/src/common/pico_sync/lock_core.c.obj
                0x10000ec8                lock_init
 .text.alarm_pool_post_alloc_init
                0x10000ed8       0x40 CMakeFiles/pico.dir/C_/Users/Daniel/Desktop/pico/pico-sdk/src/common/pico_time/time.c.obj
 .text.sleep_until_callback
                0x10000f18       0x30 CMakeFiles/pico.dir/C_/Users/Daniel/Desktop/pico/pico-sdk/src/common/pico_time/time.c.obj
 .text.timer_pool_entry_comparator
                0x10000f48       0x7c CMakeFiles/pico.dir/C_/Users/Daniel/Desktop/pico/pico-sdk/src/common/pico_time/time.c.obj
                0x10000f48                timer_pool_entry_comparator
 .text.ph_add_child_node
                0x10000fc4       0xa4 CMakeFiles/pico.dir/C_/Users/Daniel/Desktop/pico/pico-sdk/src/common/pico_time/time.c.obj
 .text.ph_merge_nodes
                0x10001068       0x3e CMakeFiles/pico.dir/C_/Users/Daniel/Desktop/pico/pico-sdk/src/common/pico_time/time.c.obj
 *fill*         0x100010a6        0x2 
 .text.add_alarm_under_lock
                0x100010a8      0x174 CMakeFiles/pico.dir/C_/Users/Daniel/Desktop/pico/pico-sdk/src/common/pico_time/time.c.obj
 .text.alarm_pool_alarm_callback
                0x1000121c      0x328 CMakeFiles/pico.dir/C_/Users/Daniel/Desktop/pico/pico-sdk/src/common/pico_time/time.c.obj
 .text.alarm_pool_init_default
                0x10001544       0x38 CMakeFiles/pico.dir/C_/Users/Daniel/Desktop/pico/pico-sdk/src/common/pico_time/time.c.obj
                0x10001544                alarm_pool_init_default
 .text.alarm_pool_get_default
                0x1000157c       0x2c CMakeFiles/pico.dir/C_/Users/Daniel/Desktop/pico/pico-sdk/src/common/pico_time/time.c.obj
                0x1000157c                alarm_pool_get_default
 .text.alarm_pool_add_alarm_at
                0x100015a8      0x170 CMakeFiles/pico.dir/C_/Users/Daniel/Desktop/pico/pico-sdk/src/common/pico_time/time.c.obj
                0x100015a8                alarm_pool_add_alarm_at
 .text.alarm_pool_cancel_alarm
                0x10001718       0xf0 CMakeFiles/pico.dir/C_/Users/Daniel/Desktop/pico/pico-sdk/src/common/pico_time/time.c.obj
                0x10001718                alarm_pool_cancel_alarm
 .text.sleep_until
                0x10001808       0xfc CMakeFiles/pico.dir/C_/Users/Daniel/Desktop/pico/pico-sdk/src/common/pico_time/time.c.obj
                0x10001808                sleep_until
 .text.sleep_us
                0x10001904       0x58 CMakeFiles/pico.dir/C_/Users/Daniel/Desktop/pico/pico-sdk/src/common/pico_time/time.c.obj
                0x10001904                sleep_us
 .text.sleep_ms
                0x1000195c       0x14 CMakeFiles/pico.dir/C_/Users/Daniel/Desktop/pico/pico-sdk/src/common/pico_time/time.c.obj
                0x1000195c                sleep_ms
 .text.best_effort_wfe_or_timeout
                0x10001970       0x80 CMakeFiles/pico.dir/C_/Users/Daniel/Desktop/pico/pico-sdk/src/common/pico_time/time.c.obj
                0x10001970                best_effort_wfe_or_timeout
 .text.hardware_alarm_irq_handler
                0x100019f0       0x8c CMakeFiles/pico.dir/C_/Users/Daniel/Desktop/pico/pico-sdk/src/rp2_common/hardware_timer/timer.c.obj
 .text.hardware_alarm_claim
                0x10001a7c       0x18 CMakeFiles/pico.dir/C_/Users/Daniel/Desktop/pico/pico-sdk/src/rp2_common/hardware_timer/timer.c.obj
                0x10001a7c                hardware_alarm_claim
 .text.time_us_64
                0x10001a94       0x18 CMakeFiles/pico.dir/C_/Users/Daniel/Desktop/pico/pico-sdk/src/rp2_common/hardware_timer/timer.c.obj
                0x10001a94                time_us_64
 .text.busy_wait_until
                0x10001aac       0x28 CMakeFiles/pico.dir/C_/Users/Daniel/Desktop/pico/pico-sdk/src/rp2_common/hardware_timer/timer.c.obj
                0x10001aac                busy_wait_until
 .text.hardware_alarm_set_callback
                0x10001ad4       0x90 CMakeFiles/pico.dir/C_/Users/Daniel/Desktop/pico/pico-sdk/src/rp2_common/hardware_timer/timer.c.obj
                0x10001ad4                hardware_alarm_set_callback
 .text.hardware_alarm_set_target
                0x10001b64       0xe8 CMakeFiles/pico.dir/C_/Users/Daniel/Desktop/pico/pico-sdk/src/rp2_common/hardware_timer/timer.c.obj
                0x10001b64                hardware_alarm_set_target
 .text.hardware_alarm_cancel
                0x10001c4c       0x40 CMakeFiles/pico.dir/C_/Users/Daniel/Desktop/pico/pico-sdk/src/rp2_common/hardware_timer/timer.c.obj
                0x10001c4c                hardware_alarm_cancel
 .text.ph_add_child_node
                0x10001c8c       0xa4 CMakeFiles/pico.dir/C_/Users/Daniel/Desktop/pico/pico-sdk/src/common/pico_util/pheap.c.obj
 .text.ph_merge_nodes
                0x10001d30       0x3e CMakeFiles/pico.dir/C_/Users/Daniel/Desktop/pico/pico-sdk/src/common/pico_util/pheap.c.obj
 *fill*         0x10001d6e        0x2 
 .text.ph_clear
                0x10001d70       0x70 CMakeFiles/pico.dir/C_/Users/Daniel/Desktop/pico/pico-sdk/src/common/pico_util/pheap.c.obj
                0x10001d70                ph_clear
 .text.ph_post_alloc_init
                0x10001de0        0xe CMakeFiles/pico.dir/C_/Users/Daniel/Desktop/pico/pico-sdk/src/common/pico_util/pheap.c.obj
                0x10001de0                ph_post_alloc_init
 *fill*         0x10001dee        0x2 
 .text.ph_merge_two_pass
                0x10001df0       0xa8 CMakeFiles/pico.dir/C_/Users/Daniel/Desktop/pico/pico-sdk/src/common/pico_util/pheap.c.obj
                0x10001df0                ph_merge_two_pass
 .text.ph_remove_any_head
                0x10001e98      0x108 CMakeFiles/pico.dir/C_/Users/Daniel/Desktop/pico/pico-sdk/src/common/pico_util/pheap.c.obj
 .text.ph_remove_head
                0x10001fa0       0x14 CMakeFiles/pico.dir/C_/Users/Daniel/Desktop/pico/pico-sdk/src/common/pico_util/pheap.c.obj
                0x10001fa0                ph_remove_head
 .text.ph_remove_and_free_node
                0x10001fb4       0xf8 CMakeFiles/pico.dir/C_/Users/Daniel/Desktop/pico/pico-sdk/src/common/pico_util/pheap.c.obj
                0x10001fb4                ph_remove_and_free_node
 .text.mutex_init
                0x100020ac       0x1a CMakeFiles/pico.dir/C_/Users/Daniel/Desktop/pico/pico-sdk/src/common/pico_sync/mutex.c.obj
                0x100020ac                mutex_init
 .text.recursive_mutex_init
                0x100020c6       0x1e CMakeFiles/pico.dir/C_/Users/Daniel/Desktop/pico/pico-sdk/src/common/pico_sync/mutex.c.obj
                0x100020c6                recursive_mutex_init
 .text.critical_section_init_with_lock_num
                0x100020e4       0x14 CMakeFiles/pico.dir/C_/Users/Daniel/Desktop/pico/pico-sdk/src/common/pico_sync/critical_section.c.obj
                0x100020e4                critical_section_init_with_lock_num
 .text.critical_section_init
                0x100020f8       0x14 CMakeFiles/pico.dir/C_/Users/Daniel/Desktop/pico/pico-sdk/src/common/pico_sync/critical_section.c.obj
                0x100020f8                critical_section_init
 .text.uart_set_baudrate
                0x1000210c       0x5c CMakeFiles/pico.dir/C_/Users/Daniel/Desktop/pico/pico-sdk/src/rp2_common/hardware_uart/uart.c.obj
                0x1000210c                uart_set_baudrate
 .text.uart_set_translate_crlf
                0x10002168       0x28 CMakeFiles/pico.dir/C_/Users/Daniel/Desktop/pico/pico-sdk/src/rp2_common/hardware_uart/uart.c.obj
                0x10002168                uart_set_translate_crlf
 .text.uart_init
                0x10002190       0x80 CMakeFiles/pico.dir/C_/Users/Daniel/Desktop/pico/pico-sdk/src/rp2_common/hardware_uart/uart.c.obj
                0x10002190                uart_init
 .text._exit    0x10002210        0x4 CMakeFiles/pico.dir/C_/Users/Daniel/Desktop/pico/pico-sdk/src/rp2_common/pico_runtime/runtime.c.obj
                0x10002210                _exit
 .text._sbrk    0x10002214       0x38 CMakeFiles/pico.dir/C_/Users/Daniel/Desktop/pico/pico-sdk/src/rp2_common/pico_runtime/runtime.c.obj
                0x10002214                _sbrk
 .text.exit     0x1000224c        0x6 CMakeFiles/pico.dir/C_/Users/Daniel/Desktop/pico/pico-sdk/src/rp2_common/pico_runtime/runtime.c.obj
                0x1000224c                exit
 *fill*         0x10002252        0x2 
 .text.__assert_func
                0x10002254       0x3c CMakeFiles/pico.dir/C_/Users/Daniel/Desktop/pico/pico-sdk/src/rp2_common/pico_runtime/runtime.c.obj
                0x10002254                __assert_func
 .text.runtime_init
                0x10002290       0xf8 CMakeFiles/pico.dir/C_/Users/Daniel/Desktop/pico/pico-sdk/src/rp2_common/pico_runtime/runtime.c.obj
                0x10002290                runtime_init
 .text.panic    0x10002388       0x30 CMakeFiles/pico.dir/C_/Users/Daniel/Desktop/pico/pico-sdk/src/rp2_common/pico_runtime/runtime.c.obj
                0x10002388                panic
 .text.panic_unsupported
                0x100023b8        0xc CMakeFiles/pico.dir/C_/Users/Daniel/Desktop/pico/pico-sdk/src/rp2_common/pico_runtime/runtime.c.obj
                0x100023b8                panic_unsupported
 .text.clock_configure
                0x100023c4      0x104 CMakeFiles/pico.dir/C_/Users/Daniel/Desktop/pico/pico-sdk/src/rp2_common/hardware_clocks/clocks.c.obj
                0x100023c4                clock_configure
 .text.clocks_init
                0x100024c8      0x100 CMakeFiles/pico.dir/C_/Users/Daniel/Desktop/pico/pico-sdk/src/rp2_common/hardware_clocks/clocks.c.obj
                0x100024c8                clocks_init
 .text.clock_get_hz
                0x100025c8        0xc CMakeFiles/pico.dir/C_/Users/Daniel/Desktop/pico/pico-sdk/src/rp2_common/hardware_clocks/clocks.c.obj
                0x100025c8                clock_get_hz
 .text.pll_init
                0x100025d4      0x140 CMakeFiles/pico.dir/C_/Users/Daniel/Desktop/pico/pico-sdk/src/rp2_common/hardware_pll/pll.c.obj
                0x100025d4                pll_init
 .text.watchdog_start_tick
                0x10002714       0x10 CMakeFiles/pico.dir/C_/Users/Daniel/Desktop/pico/pico-sdk/src/rp2_common/hardware_watchdog/watchdog.c.obj
                0x10002714                watchdog_start_tick
 .text.xosc_init
                0x10002724       0x28 CMakeFiles/pico.dir/C_/Users/Daniel/Desktop/pico/pico-sdk/src/rp2_common/hardware_xosc/xosc.c.obj
                0x10002724                xosc_init
 .text._out_null
                0x1000274c        0x2 CMakeFiles/pico.dir/C_/Users/Daniel/Desktop/pico/pico-sdk/src/rp2_common/pico_printf/printf.c.obj
 .text._out_fct
                0x1000274e        0xe CMakeFiles/pico.dir/C_/Users/Daniel/Desktop/pico/pico-sdk/src/rp2_common/pico_printf/printf.c.obj
 .text._atoi    0x1000275c       0x24 CMakeFiles/pico.dir/C_/Users/Daniel/Desktop/pico/pico-sdk/src/rp2_common/pico_printf/printf.c.obj
 .text._out_rev
                0x10002780       0xae CMakeFiles/pico.dir/C_/Users/Daniel/Desktop/pico/pico-sdk/src/rp2_common/pico_printf/printf.c.obj
 .text._ntoa_format
                0x1000282e      0x112 CMakeFiles/pico.dir/C_/Users/Daniel/Desktop/pico/pico-sdk/src/rp2_common/pico_printf/printf.c.obj
 .text._ntoa_long
                0x10002940       0xbc CMakeFiles/pico.dir/C_/Users/Daniel/Desktop/pico/pico-sdk/src/rp2_common/pico_printf/printf.c.obj
 .text._ntoa_long_long
                0x100029fc       0xe2 CMakeFiles/pico.dir/C_/Users/Daniel/Desktop/pico/pico-sdk/src/rp2_common/pico_printf/printf.c.obj
 *fill*         0x10002ade        0x2 
 .text._etoa    0x10002ae0      0x414 CMakeFiles/pico.dir/C_/Users/Daniel/Desktop/pico/pico-sdk/src/rp2_common/pico_printf/printf.c.obj
 .text._ftoa    0x10002ef4      0x354 CMakeFiles/pico.dir/C_/Users/Daniel/Desktop/pico/pico-sdk/src/rp2_common/pico_printf/printf.c.obj
 .text._vsnprintf
                0x10003248      0x624 CMakeFiles/pico.dir/C_/Users/Daniel/Desktop/pico/pico-sdk/src/rp2_common/pico_printf/printf.c.obj
 .text.vfctprintf
                0x1000386c       0x20 CMakeFiles/pico.dir/C_/Users/Daniel/Desktop/pico/pico-sdk/src/rp2_common/pico_printf/printf.c.obj
                0x1000386c                vfctprintf
 .text          0x1000388c       0x10 CMakeFiles/pico.dir/C_/Users/Daniel/Desktop/pico/pico-sdk/src/rp2_common/pico_bit_ops/bit_ops_aeabi.S.obj
 .text.ctzsi    0x1000389c        0xc CMakeFiles/pico.dir/C_/Users/Daniel/Desktop/pico/pico-sdk/src/rp2_common/pico_bit_ops/bit_ops_aeabi.S.obj
                0x1000389c                __wrap___ctzsi2
 .text.rom_func_lookup
                0x100038a8       0x10 CMakeFiles/pico.dir/C_/Users/Daniel/Desktop/pico/pico-sdk/src/rp2_common/pico_bootrom/bootrom.c.obj
                0x100038a8                rom_func_lookup
 .text.rom_data_lookup
                0x100038b8       0x10 CMakeFiles/pico.dir/C_/Users/Daniel/Desktop/pico/pico-sdk/src/rp2_common/pico_bootrom/bootrom.c.obj
                0x100038b8                rom_data_lookup
 .text.rom_funcs_lookup
                0x100038c8       0x36 CMakeFiles/pico.dir/C_/Users/Daniel/Desktop/pico/pico-sdk/src/rp2_common/pico_bootrom/bootrom.c.obj
                0x100038c8                rom_funcs_lookup
 *fill*         0x100038fe        0x2 
 .text.__wrap___aeabi_idiv
                0x10003900       0x50 CMakeFiles/pico.dir/C_/Users/Daniel/Desktop/pico/pico-sdk/src/rp2_common/pico_divider/divider.S.obj
                0x10003900                __wrap___aeabi_idivmod
                0x10003900                divmod_s32s32
                0x10003900                div_s32s32
                0x10003900                __wrap___aeabi_idiv
                0x10003908                divmod_s32s32_unsafe
                0x10003934                divmod_s32s32_savestate
 .text.__wrap___aeabi_uidiv
                0x10003950       0x4c CMakeFiles/pico.dir/C_/Users/Daniel/Desktop/pico/pico-sdk/src/rp2_common/pico_divider/divider.S.obj
                0x10003950                __wrap___aeabi_uidiv
                0x10003950                __wrap___aeabi_uidivmod
                0x10003950                div_u32u32
                0x10003950                divmod_u32u32
                0x10003958                divmod_u32u32_unsafe
                0x10003980                divmod_u32u32_savestate
 .text.__wrap___aeabi_ldiv
                0x1000399c      0x434 CMakeFiles/pico.dir/C_/Users/Daniel/Desktop/pico/pico-sdk/src/rp2_common/pico_divider/divider.S.obj
                0x1000399c                div_s64s64
                0x1000399c                divmod_s64s64
                0x1000399c                __wrap___aeabi_ldivmod
                0x100039d4                divmod_u64u64
                0x100039d4                div_u64u64
                0x100039d4                __wrap___aeabi_uldivmod
                0x100039e4                divmod_u64u64_savestate
                0x10003a0c                divmod_s64s64_unsafe
                0x10003a94                divmod_u64u64_unsafe
 .text.__wrap___aeabi_darithmetic
                0x10003dd0       0x60 CMakeFiles/pico.dir/C_/Users/Daniel/Desktop/pico/pico-sdk/src/rp2_common/pico_double/double_aeabi.S.obj
                0x10003dd0                __wrap___aeabi_drsub
                0x10003dd6                __wrap___aeabi_dsub
                0x10003de0                __wrap___aeabi_dadd
                0x10003dea                __wrap___aeabi_ddiv
                0x10003e1e                __wrap___aeabi_dmul
 .text.__wrap___aeabi_cdcmple
                0x10003e30       0x6c CMakeFiles/pico.dir/C_/Users/Daniel/Desktop/pico/pico-sdk/src/rp2_common/pico_double/double_aeabi.S.obj
                0x10003e30                __wrap___aeabi_cdrcmple
                0x10003e40                __wrap___aeabi_cdcmpeq
                0x10003e40                __wrap___aeabi_cdcmple
 .text.__wrap___aeabi_dcmplt
                0x10003e9c        0xc CMakeFiles/pico.dir/C_/Users/Daniel/Desktop/pico/pico-sdk/src/rp2_common/pico_double/double_aeabi.S.obj
                0x10003e9c                __wrap___aeabi_dcmplt
 .text.__wrap___aeabi_dcmple
                0x10003ea8       0x10 CMakeFiles/pico.dir/C_/Users/Daniel/Desktop/pico/pico-sdk/src/rp2_common/pico_double/double_aeabi.S.obj
                0x10003ea8                __wrap___aeabi_dcmple
 .text.__wrap___aeabi_dcmpge
                0x10003eb8       0x10 CMakeFiles/pico.dir/C_/Users/Daniel/Desktop/pico/pico-sdk/src/rp2_common/pico_double/double_aeabi.S.obj
                0x10003eb8                __wrap___aeabi_dcmpge
 .text.__wrap___aeabi_dcmpgt
                0x10003ec8        0xa CMakeFiles/pico.dir/C_/Users/Daniel/Desktop/pico/pico-sdk/src/rp2_common/pico_double/double_aeabi.S.obj
                0x10003ec8                __wrap___aeabi_dcmpgt
 .text.__wrap___aeabi_dcmpun
                0x10003ed2       0x1c CMakeFiles/pico.dir/C_/Users/Daniel/Desktop/pico/pico-sdk/src/rp2_common/pico_double/double_aeabi.S.obj
                0x10003ed2                __wrap___aeabi_dcmpun
 *fill*         0x10003eee        0x2 
 .text.__wrap___aeabi_i2d
                0x10003ef0       0x38 CMakeFiles/pico.dir/C_/Users/Daniel/Desktop/pico/pico-sdk/src/rp2_common/pico_double/double_aeabi.S.obj
                0x10003ef0                __wrap___aeabi_ui2d
                0x10003ef8                __wrap___aeabi_i2d
 .text.__wrap___aeabi_d2iz
                0x10003f28       0x48 CMakeFiles/pico.dir/C_/Users/Daniel/Desktop/pico/pico-sdk/src/rp2_common/pico_double/double_aeabi.S.obj
                0x10003f28                double2int_z
                0x10003f28                __wrap___aeabi_d2iz
 .text.__wrap___aeabi_d2uiz
                0x10003f70       0x10 CMakeFiles/pico.dir/C_/Users/Daniel/Desktop/pico/pico-sdk/src/rp2_common/pico_double/double_aeabi.S.obj
                0x10003f70                __wrap___aeabi_d2uiz
                0x10003f70                double2uint
 .text.missing_double_func_shim
                0x10003f80        0xc CMakeFiles/pico.dir/C_/Users/Daniel/Desktop/pico/pico-sdk/src/rp2_common/pico_double/double_init_rom.c.obj
 .text.__aeabi_double_init
                0x10003f8c       0xcc CMakeFiles/pico.dir/C_/Users/Daniel/Desktop/pico/pico-sdk/src/rp2_common/pico_double/double_init_rom.c.obj
                0x10003f8c                __aeabi_double_init
 .text.double_table_shim_on_use_helper
                0x10004058       0x34 CMakeFiles/pico.dir/C_/Users/Daniel/Desktop/pico/pico-sdk/src/rp2_common/pico_double/double_v1_rom_shim.S.obj
                0x10004058                double_table_shim_on_use_helper
 .text.__aeabi_lmul
                0x1000408c       0x32 CMakeFiles/pico.dir/C_/Users/Daniel/Desktop/pico/pico-sdk/src/rp2_common/pico_int64_ops/pico_int64_ops_aeabi.S.obj
                0x1000408c                __wrap___aeabi_lmul
 *fill*         0x100040be        0x2 
 .text.missing_float_func_shim
                0x100040c0        0xc CMakeFiles/pico.dir/C_/Users/Daniel/Desktop/pico/pico-sdk/src/rp2_common/pico_float/float_init_rom.c.obj
 .text.__aeabi_float_init
                0x100040cc       0x88 CMakeFiles/pico.dir/C_/Users/Daniel/Desktop/pico/pico-sdk/src/rp2_common/pico_float/float_init_rom.c.obj
                0x100040cc                __aeabi_float_init
 .text.__wrap_malloc
                0x10004154       0x24 CMakeFiles/pico.dir/C_/Users/Daniel/Desktop/pico/pico-sdk/src/rp2_common/pico_malloc/pico_malloc.c.obj
                0x10004154                __wrap_malloc
 .text.__wrap_free
                0x10004178        0x8 CMakeFiles/pico.dir/C_/Users/Daniel/Desktop/pico/pico-sdk/src/rp2_common/pico_malloc/pico_malloc.c.obj
                0x10004178                __wrap_free
 .text          0x10004180       0x10 CMakeFiles/pico.dir/C_/Users/Daniel/Desktop/pico/pico-sdk/src/rp2_common/pico_mem_ops/mem_ops_aeabi.S.obj
                0x10004180                __aeabi_mem_init
 .text.memset   0x10004190        0xc CMakeFiles/pico.dir/C_/Users/Daniel/Desktop/pico/pico-sdk/src/rp2_common/pico_mem_ops/mem_ops_aeabi.S.obj
                0x10004190                __wrap_memset
 .text.memcpy   0x1000419c        0xc CMakeFiles/pico.dir/C_/Users/Daniel/Desktop/pico/pico-sdk/src/rp2_common/pico_mem_ops/mem_ops_aeabi.S.obj
                0x1000419c                __wrap_memcpy
                0x1000419c                __wrap___aeabi_memcpy
 .text.stdio_out_chars_no_crlf
                0x100041a8        0xe CMakeFiles/pico.dir/C_/Users/Daniel/Desktop/pico/pico-sdk/src/rp2_common/pico_stdio/stdio.c.obj
 *fill*         0x100041b6        0x2 
 .text.stdio_out_chars_crlf
                0x100041b8       0x80 CMakeFiles/pico.dir/C_/Users/Daniel/Desktop/pico/pico-sdk/src/rp2_common/pico_stdio/stdio.c.obj
 .text.stdio_stack_buffer_flush
                0x10004238       0x44 CMakeFiles/pico.dir/C_/Users/Daniel/Desktop/pico/pico-sdk/src/rp2_common/pico_stdio/stdio.c.obj
 .text.stdio_buffered_printer
                0x1000427c       0x20 CMakeFiles/pico.dir/C_/Users/Daniel/Desktop/pico/pico-sdk/src/rp2_common/pico_stdio/stdio.c.obj
 .text.stdout_serialize_begin
                0x1000429c       0x30 CMakeFiles/pico.dir/C_/Users/Daniel/Desktop/pico/pico-sdk/src/rp2_common/pico_stdio/stdio.c.obj
                0x1000429c                stdout_serialize_begin
 .text.stdout_serialize_end
                0x100042cc       0x10 CMakeFiles/pico.dir/C_/Users/Daniel/Desktop/pico/pico-sdk/src/rp2_common/pico_stdio/stdio.c.obj
                0x100042cc                stdout_serialize_end
 .text.stdio_put_string
                0x100042dc       0x98 CMakeFiles/pico.dir/C_/Users/Daniel/Desktop/pico/pico-sdk/src/rp2_common/pico_stdio/stdio.c.obj
 .text.stdio_set_driver_enabled
                0x10004374       0x2c CMakeFiles/pico.dir/C_/Users/Daniel/Desktop/pico/pico-sdk/src/rp2_common/pico_stdio/stdio.c.obj
                0x10004374                stdio_set_driver_enabled
 .text.stdio_flush
                0x100043a0       0x20 CMakeFiles/pico.dir/C_/Users/Daniel/Desktop/pico/pico-sdk/src/rp2_common/pico_stdio/stdio.c.obj
                0x100043a0                stdio_flush
 .text.__wrap_puts
                0x100043c0       0x1e CMakeFiles/pico.dir/C_/Users/Daniel/Desktop/pico/pico-sdk/src/rp2_common/pico_stdio/stdio.c.obj
                0x100043c0                __wrap_puts
 *fill*         0x100043de        0x2 
 .text.__wrap_vprintf
                0x100043e0       0x44 CMakeFiles/pico.dir/C_/Users/Daniel/Desktop/pico/pico-sdk/src/rp2_common/pico_stdio/stdio.c.obj
                0x100043e0                __wrap_vprintf
 .text.__wrap_printf
                0x10004424       0x18 CMakeFiles/pico.dir/C_/Users/Daniel/Desktop/pico/pico-sdk/src/rp2_common/pico_stdio/stdio.c.obj
                0x10004424                __wrap_printf
 .text.stdio_uart_out_chars
                0x1000443c       0x74 CMakeFiles/pico.dir/C_/Users/Daniel/Desktop/pico/pico-sdk/src/rp2_common/pico_stdio_uart/stdio_uart.c.obj
 .text.stdio_uart_in_chars
                0x100044b0       0x58 CMakeFiles/pico.dir/C_/Users/Daniel/Desktop/pico/pico-sdk/src/rp2_common/pico_stdio_uart/stdio_uart.c.obj
                0x100044b0                stdio_uart_in_chars
 .text.stdio_uart_init_full
                0x10004508       0x3c CMakeFiles/pico.dir/C_/Users/Daniel/Desktop/pico/pico-sdk/src/rp2_common/pico_stdio_uart/stdio_uart.c.obj
                0x10004508                stdio_uart_init_full
 .text.storage_read_blocks
                0x10004544        0x6 CMakeFiles/pico.dir/C_/Users/Daniel/Desktop/pico/pico-sdk/src/rp2_common/pico_cyw43_arch/cyw43_arch.c.obj
                0x10004544                storage_read_blocks
 *fill*         0x1000454a        0x2 
 .text.cyw43_hal_generate_laa_mac
                0x1000454c       0x34 CMakeFiles/pico.dir/C_/Users/Daniel/Desktop/pico/pico-sdk/src/rp2_common/pico_cyw43_arch/cyw43_arch.c.obj
                0x1000454c                cyw43_hal_generate_laa_mac
 .text.cyw43_arch_gpio_put
                0x10004580       0x14 CMakeFiles/pico.dir/C_/Users/Daniel/Desktop/pico/pico-sdk/src/rp2_common/pico_cyw43_arch/cyw43_arch.c.obj
                0x10004580                cyw43_arch_gpio_put
 .text.cyw43_post_poll_hook
                0x10004594        0xe CMakeFiles/pico.dir/C_/Users/Daniel/Desktop/pico/pico-sdk/src/rp2_common/pico_cyw43_arch/cyw43_arch_poll.c.obj
                0x10004594                cyw43_post_poll_hook
 *fill*         0x100045a2        0x2 
 .text.cyw43_arch_init
                0x100045a4       0x58 CMakeFiles/pico.dir/C_/Users/Daniel/Desktop/pico/pico-sdk/src/rp2_common/pico_cyw43_arch/cyw43_arch_poll.c.obj
                0x100045a4                cyw43_arch_init
 .text.cyw43_schedule_internal_poll_dispatch
                0x100045fc        0xc CMakeFiles/pico.dir/C_/Users/Daniel/Desktop/pico/pico-sdk/src/rp2_common/pico_cyw43_arch/cyw43_arch_poll.c.obj
                0x100045fc                cyw43_schedule_internal_poll_dispatch
 .text.gpio_irq_handler
                0x10004608       0x58 CMakeFiles/pico.dir/C_/Users/Daniel/Desktop/pico/pico-sdk/src/rp2_common/pico_cyw43_arch/cyw43_arch_poll.c.obj
 .text.cyw43_thread_check
                0x10004660       0x28 CMakeFiles/pico.dir/C_/Users/Daniel/Desktop/pico/pico-sdk/src/rp2_common/pico_cyw43_arch/cyw43_arch_poll.c.obj
                0x10004660                cyw43_thread_check
 .text._retrieve_unique_id_on_boot
                0x10004688       0x10 CMakeFiles/pico.dir/C_/Users/Daniel/Desktop/pico/pico-sdk/src/rp2_common/pico_unique_id/unique_id.c.obj
 .text.pico_get_unique_board_id
                0x10004698       0x10 CMakeFiles/pico.dir/C_/Users/Daniel/Desktop/pico/pico-sdk/src/rp2_common/pico_unique_id/unique_id.c.obj
                0x10004698                pico_get_unique_board_id
 .text.flash_get_unique_id
                0x100046a8       0x46 CMakeFiles/pico.dir/C_/Users/Daniel/Desktop/pico/pico-sdk/src/rp2_common/hardware_flash/flash.c.obj
                0x100046a8                flash_get_unique_id
 .text.cs_set   0x100046ee       0x1c CMakeFiles/pico.dir/C_/Users/Daniel/Desktop/pico/pico-sdk/src/rp2_common/cyw43_driver/cyw43_bus_pio_spi.c.obj
 .text.start_spi_comms
                0x1000470a       0x18 CMakeFiles/pico.dir/C_/Users/Daniel/Desktop/pico/pico-sdk/src/rp2_common/cyw43_driver/cyw43_bus_pio_spi.c.obj
 *fill*         0x10004722        0x2 
 .text.ns_delay
                0x10004724       0x20 CMakeFiles/pico.dir/C_/Users/Daniel/Desktop/pico/pico-sdk/src/rp2_common/cyw43_driver/cyw43_bus_pio_spi.c.obj
 .text.stop_spi_comms
                0x10004744       0x10 CMakeFiles/pico.dir/C_/Users/Daniel/Desktop/pico/pico-sdk/src/rp2_common/cyw43_driver/cyw43_bus_pio_spi.c.obj
 .text.cyw43_spi_deinit
                0x10004754       0x64 CMakeFiles/pico.dir/C_/Users/Daniel/Desktop/pico/pico-sdk/src/rp2_common/cyw43_driver/cyw43_bus_pio_spi.c.obj
                0x10004754                cyw43_spi_deinit
 .text.cyw43_spi_init
                0x100047b8      0x28c CMakeFiles/pico.dir/C_/Users/Daniel/Desktop/pico/pico-sdk/src/rp2_common/cyw43_driver/cyw43_bus_pio_spi.c.obj
                0x100047b8                cyw43_spi_init
 .text.cyw43_spi_transfer
                0x10004a44      0x660 CMakeFiles/pico.dir/C_/Users/Daniel/Desktop/pico/pico-sdk/src/rp2_common/cyw43_driver/cyw43_bus_pio_spi.c.obj
                0x10004a44                cyw43_spi_transfer
 .text.cyw43_spi_gpio_setup
                0x100050a4       0x3a CMakeFiles/pico.dir/C_/Users/Daniel/Desktop/pico/pico-sdk/src/rp2_common/cyw43_driver/cyw43_bus_pio_spi.c.obj
                0x100050a4                cyw43_spi_gpio_setup
 .text.cyw43_spi_reset
                0x100050de       0x28 CMakeFiles/pico.dir/C_/Users/Daniel/Desktop/pico/pico-sdk/src/rp2_common/cyw43_driver/cyw43_bus_pio_spi.c.obj
                0x100050de                cyw43_spi_reset
 *fill*         0x10005106        0x2 
 .text.read_reg_u32_swap
                0x10005108       0x68 CMakeFiles/pico.dir/C_/Users/Daniel/Desktop/pico/pico-sdk/src/rp2_common/cyw43_driver/cyw43_bus_pio_spi.c.obj
                0x10005108                read_reg_u32_swap
 .text.cyw43_read_reg_u32
                0x10005170       0x50 CMakeFiles/pico.dir/C_/Users/Daniel/Desktop/pico/pico-sdk/src/rp2_common/cyw43_driver/cyw43_bus_pio_spi.c.obj
                0x10005170                cyw43_read_reg_u32
 .text.cyw43_read_reg_u16
                0x100051c0       0x50 CMakeFiles/pico.dir/C_/Users/Daniel/Desktop/pico/pico-sdk/src/rp2_common/cyw43_driver/cyw43_bus_pio_spi.c.obj
                0x100051c0                cyw43_read_reg_u16
 .text.cyw43_read_reg_u8
                0x10005210       0x50 CMakeFiles/pico.dir/C_/Users/Daniel/Desktop/pico/pico-sdk/src/rp2_common/cyw43_driver/cyw43_bus_pio_spi.c.obj
                0x10005210                cyw43_read_reg_u8
 .text.write_reg_u32_swap
                0x10005260       0x34 CMakeFiles/pico.dir/C_/Users/Daniel/Desktop/pico/pico-sdk/src/rp2_common/cyw43_driver/cyw43_bus_pio_spi.c.obj
                0x10005260                write_reg_u32_swap
 .text.cyw43_write_reg_u32
                0x10005294       0x58 CMakeFiles/pico.dir/C_/Users/Daniel/Desktop/pico/pico-sdk/src/rp2_common/cyw43_driver/cyw43_bus_pio_spi.c.obj
                0x10005294                cyw43_write_reg_u32
 .text.cyw43_write_reg_u16
                0x100052ec       0x58 CMakeFiles/pico.dir/C_/Users/Daniel/Desktop/pico/pico-sdk/src/rp2_common/cyw43_driver/cyw43_bus_pio_spi.c.obj
                0x100052ec                cyw43_write_reg_u16
 .text.cyw43_write_reg_u8
                0x10005344       0x58 CMakeFiles/pico.dir/C_/Users/Daniel/Desktop/pico/pico-sdk/src/rp2_common/cyw43_driver/cyw43_bus_pio_spi.c.obj
                0x10005344                cyw43_write_reg_u8
 .text.cyw43_read_bytes
                0x1000539c       0xc4 CMakeFiles/pico.dir/C_/Users/Daniel/Desktop/pico/pico-sdk/src/rp2_common/cyw43_driver/cyw43_bus_pio_spi.c.obj
                0x1000539c                cyw43_read_bytes
 .text.cyw43_write_bytes
                0x10005460      0x134 CMakeFiles/pico.dir/C_/Users/Daniel/Desktop/pico/pico-sdk/src/rp2_common/cyw43_driver/cyw43_bus_pio_spi.c.obj
                0x10005460                cyw43_write_bytes
 .text.get_core_address
                0x10005594       0x1c CMakeFiles/pico.dir/C_/Users/Daniel/Desktop/pico/pico-sdk/lib/cyw43-driver/src/cyw43_ll.c.obj
 .text.sdpcm_process_rx_packet
                0x100055b0      0x180 CMakeFiles/pico.dir/C_/Users/Daniel/Desktop/pico/pico-sdk/lib/cyw43-driver/src/cyw43_ll.c.obj
 .text.cyw43_ll_wifi_parse_scan_result
                0x10005730       0x9c CMakeFiles/pico.dir/C_/Users/Daniel/Desktop/pico/pico-sdk/lib/cyw43-driver/src/cyw43_ll.c.obj
 .text.cyw43_ll_parse_async_event
                0x100057cc       0x8e CMakeFiles/pico.dir/C_/Users/Daniel/Desktop/pico/pico-sdk/lib/cyw43-driver/src/cyw43_ll.c.obj
 *fill*         0x1000585a        0x2 
 .text.cyw43_read_reg
                0x1000585c       0x48 CMakeFiles/pico.dir/C_/Users/Daniel/Desktop/pico/pico-sdk/lib/cyw43-driver/src/cyw43_ll.c.obj
 .text.cyw43_kso_set
                0x100058a4       0x98 CMakeFiles/pico.dir/C_/Users/Daniel/Desktop/pico/pico-sdk/lib/cyw43-driver/src/cyw43_ll.c.obj
 .text.cyw43_ll_bus_sleep_helper
                0x1000593c        0xe CMakeFiles/pico.dir/C_/Users/Daniel/Desktop/pico/pico-sdk/lib/cyw43-driver/src/cyw43_ll.c.obj
 *fill*         0x1000594a        0x2 
 .text.cyw43_write_reg
                0x1000594c       0x4c CMakeFiles/pico.dir/C_/Users/Daniel/Desktop/pico/pico-sdk/lib/cyw43-driver/src/cyw43_ll.c.obj
 .text.cyw43_set_backplane_window
                0x10005998       0x74 CMakeFiles/pico.dir/C_/Users/Daniel/Desktop/pico/pico-sdk/lib/cyw43-driver/src/cyw43_ll.c.obj
 .text.cyw43_read_backplane
                0x10005a0c       0x36 CMakeFiles/pico.dir/C_/Users/Daniel/Desktop/pico/pico-sdk/lib/cyw43-driver/src/cyw43_ll.c.obj
 *fill*         0x10005a42        0x2 
 .text.disable_device_core
                0x10005a44       0x3c CMakeFiles/pico.dir/C_/Users/Daniel/Desktop/pico/pico-sdk/lib/cyw43-driver/src/cyw43_ll.c.obj
 .text.device_core_is_up
                0x10005a80       0x4c CMakeFiles/pico.dir/C_/Users/Daniel/Desktop/pico/pico-sdk/lib/cyw43-driver/src/cyw43_ll.c.obj
 .text.cyw43_write_backplane
                0x10005acc       0x3a CMakeFiles/pico.dir/C_/Users/Daniel/Desktop/pico/pico-sdk/lib/cyw43-driver/src/cyw43_ll.c.obj
 .text.reset_device_core
                0x10005b06       0x74 CMakeFiles/pico.dir/C_/Users/Daniel/Desktop/pico/pico-sdk/lib/cyw43-driver/src/cyw43_ll.c.obj
 *fill*         0x10005b7a        0x2 
 .text.cyw43_download_resource
                0x10005b7c      0x178 CMakeFiles/pico.dir/C_/Users/Daniel/Desktop/pico/pico-sdk/lib/cyw43-driver/src/cyw43_ll.c.obj
 .text.cyw43_ll_init
                0x10005cf4       0x1e CMakeFiles/pico.dir/C_/Users/Daniel/Desktop/pico/pico-sdk/lib/cyw43-driver/src/cyw43_ll.c.obj
                0x10005cf4                cyw43_ll_init
 .text.cyw43_ll_bus_sleep
                0x10005d12       0x34 CMakeFiles/pico.dir/C_/Users/Daniel/Desktop/pico/pico-sdk/lib/cyw43-driver/src/cyw43_ll.c.obj
                0x10005d12                cyw43_ll_bus_sleep
 *fill*         0x10005d46        0x2 
 .text.cyw43_ll_sdpcm_poll_device
                0x10005d48      0x158 CMakeFiles/pico.dir/C_/Users/Daniel/Desktop/pico/pico-sdk/lib/cyw43-driver/src/cyw43_ll.c.obj
 .text.cyw43_ll_process_packets
                0x10005ea0       0x58 CMakeFiles/pico.dir/C_/Users/Daniel/Desktop/pico/pico-sdk/lib/cyw43-driver/src/cyw43_ll.c.obj
                0x10005ea0                cyw43_ll_process_packets
 .text.cyw43_sdpcm_send_common
                0x10005ef8      0x16c CMakeFiles/pico.dir/C_/Users/Daniel/Desktop/pico/pico-sdk/lib/cyw43-driver/src/cyw43_ll.c.obj
 .text.cyw43_send_ioctl
                0x10006064       0x56 CMakeFiles/pico.dir/C_/Users/Daniel/Desktop/pico/pico-sdk/lib/cyw43-driver/src/cyw43_ll.c.obj
 *fill*         0x100060ba        0x2 
 .text.cyw43_do_ioctl
                0x100060bc       0xc0 CMakeFiles/pico.dir/C_/Users/Daniel/Desktop/pico/pico-sdk/lib/cyw43-driver/src/cyw43_ll.c.obj
 .text.cyw43_ll_ioctl
                0x1000617c       0x1e CMakeFiles/pico.dir/C_/Users/Daniel/Desktop/pico/pico-sdk/lib/cyw43-driver/src/cyw43_ll.c.obj
                0x1000617c                cyw43_ll_ioctl
 *fill*         0x1000619a        0x2 
 .text.cyw43_clm_load
                0x1000619c       0xdc CMakeFiles/pico.dir/C_/Users/Daniel/Desktop/pico/pico-sdk/lib/cyw43-driver/src/cyw43_ll.c.obj
 .text.cyw43_write_iovar_u32
                0x10006278       0x60 CMakeFiles/pico.dir/C_/Users/Daniel/Desktop/pico/pico-sdk/lib/cyw43-driver/src/cyw43_ll.c.obj
 .text.cyw43_write_iovar_n
                0x100062d8       0x50 CMakeFiles/pico.dir/C_/Users/Daniel/Desktop/pico/pico-sdk/lib/cyw43-driver/src/cyw43_ll.c.obj
 .text.cyw43_do_ioctl_u32
                0x10006328       0x2e CMakeFiles/pico.dir/C_/Users/Daniel/Desktop/pico/pico-sdk/lib/cyw43-driver/src/cyw43_ll.c.obj
 .text.cyw43_write_iovar_u32_u32
                0x10006356       0x74 CMakeFiles/pico.dir/C_/Users/Daniel/Desktop/pico/pico-sdk/lib/cyw43-driver/src/cyw43_ll.c.obj
 *fill*         0x100063ca        0x2 
 .text.cyw43_ll_wifi_get_mac
                0x100063cc       0x48 CMakeFiles/pico.dir/C_/Users/Daniel/Desktop/pico/pico-sdk/lib/cyw43-driver/src/cyw43_ll.c.obj
                0x100063cc                cyw43_ll_wifi_get_mac
 .text.cyw43_ll_bus_init
                0x10006414      0x360 CMakeFiles/pico.dir/C_/Users/Daniel/Desktop/pico/pico-sdk/lib/cyw43-driver/src/cyw43_ll.c.obj
                0x10006414                cyw43_ll_bus_init
 .text.cyw43_ll_wifi_set_wpa_auth
                0x10006774       0x16 CMakeFiles/pico.dir/C_/Users/Daniel/Desktop/pico/pico-sdk/lib/cyw43-driver/src/cyw43_ll.c.obj
                0x10006774                cyw43_ll_wifi_set_wpa_auth
 *fill*         0x1000678a        0x2 
 .text.cyw43_ll_wifi_rejoin
                0x1000678c       0x20 CMakeFiles/pico.dir/C_/Users/Daniel/Desktop/pico/pico-sdk/lib/cyw43-driver/src/cyw43_ll.c.obj
                0x1000678c                cyw43_ll_wifi_rejoin
 .text.cyw43_ll_gpio_set
                0x100067ac       0x30 CMakeFiles/pico.dir/C_/Users/Daniel/Desktop/pico/pico-sdk/lib/cyw43-driver/src/cyw43_ll.c.obj
                0x100067ac                cyw43_ll_gpio_set
 .text.cyw43_ll_has_work
                0x100067dc       0x12 CMakeFiles/pico.dir/C_/Users/Daniel/Desktop/pico/pico-sdk/lib/cyw43-driver/src/cyw43_ll.c.obj
                0x100067dc                cyw43_ll_has_work
 *fill*         0x100067ee        0x2 
 .text.cyw43_cb_tcpip_deinit
                0x100067f0       0x44 CMakeFiles/pico.dir/C_/Users/Daniel/Desktop/pico/pico-sdk/lib/cyw43-driver/src/cyw43_lwip.c.obj
                0x100067f0                cyw43_cb_tcpip_deinit
 .text.cyw43_cb_process_ethernet
                0x10006834       0x74 CMakeFiles/pico.dir/C_/Users/Daniel/Desktop/pico/pico-sdk/lib/cyw43-driver/src/cyw43_lwip.c.obj
                0x10006834                cyw43_cb_process_ethernet
 .text.cyw43_cb_tcpip_set_link_up
                0x100068a8       0x16 CMakeFiles/pico.dir/C_/Users/Daniel/Desktop/pico/pico-sdk/lib/cyw43-driver/src/cyw43_lwip.c.obj
                0x100068a8                cyw43_cb_tcpip_set_link_up
 .text.cyw43_cb_tcpip_set_link_down
                0x100068be       0x16 CMakeFiles/pico.dir/C_/Users/Daniel/Desktop/pico/pico-sdk/lib/cyw43-driver/src/cyw43_lwip.c.obj
                0x100068be                cyw43_cb_tcpip_set_link_down
 .text.cyw43_poll_func
                0x100068d4       0xac CMakeFiles/pico.dir/C_/Users/Daniel/Desktop/pico/pico-sdk/lib/cyw43-driver/src/cyw43_ctrl.c.obj
 .text.cyw43_dump_async_event
                0x10006980       0x8c CMakeFiles/pico.dir/C_/Users/Daniel/Desktop/pico/pico-sdk/lib/cyw43-driver/src/cyw43_ctrl.c.obj
 .text.cyw43_ensure_up
                0x10006a0c       0xec CMakeFiles/pico.dir/C_/Users/Daniel/Desktop/pico/pico-sdk/lib/cyw43-driver/src/cyw43_ctrl.c.obj
 .text.cyw43_init
                0x10006af8       0x8c CMakeFiles/pico.dir/C_/Users/Daniel/Desktop/pico/pico-sdk/lib/cyw43-driver/src/cyw43_ctrl.c.obj
                0x10006af8                cyw43_init
 .text.cyw43_cb_read_host_interrupt_pin
                0x10006b84        0xe CMakeFiles/pico.dir/C_/Users/Daniel/Desktop/pico/pico-sdk/lib/cyw43-driver/src/cyw43_ctrl.c.obj
                0x10006b84                cyw43_cb_read_host_interrupt_pin
 *fill*         0x10006b92        0x2 
 .text.cyw43_cb_ensure_awake
                0x10006b94        0xc CMakeFiles/pico.dir/C_/Users/Daniel/Desktop/pico/pico-sdk/lib/cyw43-driver/src/cyw43_ctrl.c.obj
                0x10006b94                cyw43_cb_ensure_awake
 .text.cyw43_cb_process_async_event
                0x10006ba0      0x1d0 CMakeFiles/pico.dir/C_/Users/Daniel/Desktop/pico/pico-sdk/lib/cyw43-driver/src/cyw43_ctrl.c.obj
                0x10006ba0                cyw43_cb_process_async_event
 .text.cyw43_gpio_set
                0x10006d70       0x1e CMakeFiles/pico.dir/C_/Users/Daniel/Desktop/pico/pico-sdk/lib/cyw43-driver/src/cyw43_ctrl.c.obj
                0x10006d70                cyw43_gpio_set
 *fill*         0x10006d8e        0x2 
 .text._pio_can_add_program_at_offset
                0x10006d90       0x3c CMakeFiles/pico.dir/C_/Users/Daniel/Desktop/pico/pico-sdk/src/rp2_common/hardware_pio/pio.c.obj
 .text._pio_find_offset_for_program
                0x10006dcc       0x7c CMakeFiles/pico.dir/C_/Users/Daniel/Desktop/pico/pico-sdk/src/rp2_common/hardware_pio/pio.c.obj
 .text._pio_add_program_at_offset
                0x10006e48       0x78 CMakeFiles/pico.dir/C_/Users/Daniel/Desktop/pico/pico-sdk/src/rp2_common/hardware_pio/pio.c.obj
 .text.pio_sm_unclaim
                0x10006ec0       0x20 CMakeFiles/pico.dir/C_/Users/Daniel/Desktop/pico/pico-sdk/src/rp2_common/hardware_pio/pio.c.obj
                0x10006ec0                pio_sm_unclaim
 .text.pio_claim_unused_sm
                0x10006ee0       0x3c CMakeFiles/pico.dir/C_/Users/Daniel/Desktop/pico/pico-sdk/src/rp2_common/hardware_pio/pio.c.obj
                0x10006ee0                pio_claim_unused_sm
 .text.pio_can_add_program
                0x10006f1c       0x26 CMakeFiles/pico.dir/C_/Users/Daniel/Desktop/pico/pico-sdk/src/rp2_common/hardware_pio/pio.c.obj
                0x10006f1c                pio_can_add_program
 *fill*         0x10006f42        0x2 
 .text.pio_add_program
                0x10006f44       0x38 CMakeFiles/pico.dir/C_/Users/Daniel/Desktop/pico/pico-sdk/src/rp2_common/hardware_pio/pio.c.obj
                0x10006f44                pio_add_program
 .text.pio_remove_program
                0x10006f7c       0x58 CMakeFiles/pico.dir/C_/Users/Daniel/Desktop/pico/pico-sdk/src/rp2_common/hardware_pio/pio.c.obj
                0x10006f7c                pio_remove_program
 .text.pio_sm_set_pindirs_with_mask
                0x10006fd4       0x70 CMakeFiles/pico.dir/C_/Users/Daniel/Desktop/pico/pico-sdk/src/rp2_common/hardware_pio/pio.c.obj
                0x10006fd4                pio_sm_set_pindirs_with_mask
 .text.pio_sm_set_consecutive_pindirs
                0x10007044       0x70 CMakeFiles/pico.dir/C_/Users/Daniel/Desktop/pico/pico-sdk/src/rp2_common/hardware_pio/pio.c.obj
                0x10007044                pio_sm_set_consecutive_pindirs
 .text.dma_channel_unclaim
                0x100070b4       0x10 CMakeFiles/pico.dir/C_/Users/Daniel/Desktop/pico/pico-sdk/src/rp2_common/hardware_dma/dma.c.obj
                0x100070b4                dma_channel_unclaim
 .text.dma_claim_unused_channel
                0x100070c4       0x20 CMakeFiles/pico.dir/C_/Users/Daniel/Desktop/pico/pico-sdk/src/rp2_common/hardware_dma/dma.c.obj
                0x100070c4                dma_claim_unused_channel
 .text.lwip_init
                0x100070e4       0x24 CMakeFiles/pico.dir/C_/Users/Daniel/Desktop/pico/pico-sdk/lib/lwip/src/core/init.c.obj
                0x100070e4                lwip_init
 .text.lwip_htons
                0x10007108        0xa CMakeFiles/pico.dir/C_/Users/Daniel/Desktop/pico/pico-sdk/lib/lwip/src/core/def.c.obj
                0x10007108                lwip_htons
 .text.lwip_htonl
                0x10007112       0x1c CMakeFiles/pico.dir/C_/Users/Daniel/Desktop/pico/pico-sdk/lib/lwip/src/core/def.c.obj
                0x10007112                lwip_htonl
 *fill*         0x1000712e        0x2 
 .text.dns_backupserver_available
                0x10007130       0x28 CMakeFiles/pico.dir/C_/Users/Daniel/Desktop/pico/pico-sdk/lib/lwip/src/core/dns.c.obj
 .text.dns_create_txid
                0x10007158       0x3c CMakeFiles/pico.dir/C_/Users/Daniel/Desktop/pico/pico-sdk/lib/lwip/src/core/dns.c.obj
 .text.dns_call_found
                0x10007194       0xf4 CMakeFiles/pico.dir/C_/Users/Daniel/Desktop/pico/pico-sdk/lib/lwip/src/core/dns.c.obj
 .text.dns_send
                0x10007288      0x168 CMakeFiles/pico.dir/C_/Users/Daniel/Desktop/pico/pico-sdk/lib/lwip/src/core/dns.c.obj
 .text.dns_check_entry
                0x100073f0       0xf4 CMakeFiles/pico.dir/C_/Users/Daniel/Desktop/pico/pico-sdk/lib/lwip/src/core/dns.c.obj
 .text.dns_check_entries
                0x100074e4       0x16 CMakeFiles/pico.dir/C_/Users/Daniel/Desktop/pico/pico-sdk/lib/lwip/src/core/dns.c.obj
 .text.dns_init
                0x100074fa        0x2 CMakeFiles/pico.dir/C_/Users/Daniel/Desktop/pico/pico-sdk/lib/lwip/src/core/dns.c.obj
                0x100074fa                dns_init
 .text.dns_setserver
                0x100074fc       0x28 CMakeFiles/pico.dir/C_/Users/Daniel/Desktop/pico/pico-sdk/lib/lwip/src/core/dns.c.obj
                0x100074fc                dns_setserver
 .text.dns_tmr  0x10007524        0x8 CMakeFiles/pico.dir/C_/Users/Daniel/Desktop/pico/pico-sdk/lib/lwip/src/core/dns.c.obj
                0x10007524                dns_tmr
 .text.lwip_standard_chksum
                0x1000752c       0xac CMakeFiles/pico.dir/C_/Users/Daniel/Desktop/pico/pico-sdk/lib/lwip/src/core/inet_chksum.c.obj
                0x1000752c                lwip_standard_chksum
 .text.inet_cksum_pseudo_base
                0x100075d8       0x7c CMakeFiles/pico.dir/C_/Users/Daniel/Desktop/pico/pico-sdk/lib/lwip/src/core/inet_chksum.c.obj
 .text.inet_chksum_pseudo
                0x10007654       0x30 CMakeFiles/pico.dir/C_/Users/Daniel/Desktop/pico/pico-sdk/lib/lwip/src/core/inet_chksum.c.obj
                0x10007654                inet_chksum_pseudo
 .text.ip_chksum_pseudo
                0x10007684       0x10 CMakeFiles/pico.dir/C_/Users/Daniel/Desktop/pico/pico-sdk/lib/lwip/src/core/inet_chksum.c.obj
                0x10007684                ip_chksum_pseudo
 .text.inet_chksum
                0x10007694        0xc CMakeFiles/pico.dir/C_/Users/Daniel/Desktop/pico/pico-sdk/lib/lwip/src/core/inet_chksum.c.obj
                0x10007694                inet_chksum
 .text.mem_init
                0x100076a0        0x2 CMakeFiles/pico.dir/C_/Users/Daniel/Desktop/pico/pico-sdk/lib/lwip/src/core/mem.c.obj
                0x100076a0                mem_init
 .text.mem_trim
                0x100076a2        0x2 CMakeFiles/pico.dir/C_/Users/Daniel/Desktop/pico/pico-sdk/lib/lwip/src/core/mem.c.obj
                0x100076a2                mem_trim
 .text.mem_malloc
                0x100076a4       0x18 CMakeFiles/pico.dir/C_/Users/Daniel/Desktop/pico/pico-sdk/lib/lwip/src/core/mem.c.obj
                0x100076a4                mem_malloc
 .text.mem_free
                0x100076bc        0x8 CMakeFiles/pico.dir/C_/Users/Daniel/Desktop/pico/pico-sdk/lib/lwip/src/core/mem.c.obj
                0x100076bc                mem_free
 .text.do_memp_malloc_pool
                0x100076c4       0x22 CMakeFiles/pico.dir/C_/Users/Daniel/Desktop/pico/pico-sdk/lib/lwip/src/core/memp.c.obj
 .text.do_memp_free_pool
                0x100076e6       0x1a CMakeFiles/pico.dir/C_/Users/Daniel/Desktop/pico/pico-sdk/lib/lwip/src/core/memp.c.obj
 .text.memp_init_pool
                0x10007700       0x2a CMakeFiles/pico.dir/C_/Users/Daniel/Desktop/pico/pico-sdk/lib/lwip/src/core/memp.c.obj
                0x10007700                memp_init_pool
 *fill*         0x1000772a        0x2 
 .text.memp_init
                0x1000772c       0x20 CMakeFiles/pico.dir/C_/Users/Daniel/Desktop/pico/pico-sdk/lib/lwip/src/core/memp.c.obj
                0x1000772c                memp_init
 .text.memp_malloc
                0x1000774c       0x24 CMakeFiles/pico.dir/C_/Users/Daniel/Desktop/pico/pico-sdk/lib/lwip/src/core/memp.c.obj
                0x1000774c                memp_malloc
 .text.memp_free
                0x10007770       0x28 CMakeFiles/pico.dir/C_/Users/Daniel/Desktop/pico/pico-sdk/lib/lwip/src/core/memp.c.obj
                0x10007770                memp_free
 .text.netif_do_set_netmask
                0x10007798       0x1a CMakeFiles/pico.dir/C_/Users/Daniel/Desktop/pico/pico-sdk/lib/lwip/src/core/netif.c.obj
 .text.netif_do_set_gw
                0x100077b2       0x1a CMakeFiles/pico.dir/C_/Users/Daniel/Desktop/pico/pico-sdk/lib/lwip/src/core/netif.c.obj
 .text.netif_do_ip_addr_changed
                0x100077cc       0x1c CMakeFiles/pico.dir/C_/Users/Daniel/Desktop/pico/pico-sdk/lib/lwip/src/core/netif.c.obj
 .text.netif_issue_reports
                0x100077e8       0x26 CMakeFiles/pico.dir/C_/Users/Daniel/Desktop/pico/pico-sdk/lib/lwip/src/core/netif.c.obj
 .text.netif_do_set_ipaddr
                0x1000780e       0x44 CMakeFiles/pico.dir/C_/Users/Daniel/Desktop/pico/pico-sdk/lib/lwip/src/core/netif.c.obj
 .text.netif_init
                0x10007852        0x2 CMakeFiles/pico.dir/C_/Users/Daniel/Desktop/pico/pico-sdk/lib/lwip/src/core/netif.c.obj
                0x10007852                netif_init
 .text.netif_set_addr
                0x10007854       0x78 CMakeFiles/pico.dir/C_/Users/Daniel/Desktop/pico/pico-sdk/lib/lwip/src/core/netif.c.obj
                0x10007854                netif_set_addr
 .text.netif_set_default
                0x100078cc        0xc CMakeFiles/pico.dir/C_/Users/Daniel/Desktop/pico/pico-sdk/lib/lwip/src/core/netif.c.obj
                0x100078cc                netif_set_default
 .text.netif_set_down
                0x100078d8       0x38 CMakeFiles/pico.dir/C_/Users/Daniel/Desktop/pico/pico-sdk/lib/lwip/src/core/netif.c.obj
                0x100078d8                netif_set_down
 .text.netif_remove
                0x10007910       0x64 CMakeFiles/pico.dir/C_/Users/Daniel/Desktop/pico/pico-sdk/lib/lwip/src/core/netif.c.obj
                0x10007910                netif_remove
 .text.netif_set_link_up
                0x10007974       0x3c CMakeFiles/pico.dir/C_/Users/Daniel/Desktop/pico/pico-sdk/lib/lwip/src/core/netif.c.obj
                0x10007974                netif_set_link_up
 .text.netif_set_link_down
                0x100079b0       0x2c CMakeFiles/pico.dir/C_/Users/Daniel/Desktop/pico/pico-sdk/lib/lwip/src/core/netif.c.obj
                0x100079b0                netif_set_link_down
 .text.netif_get_by_index
                0x100079dc       0x24 CMakeFiles/pico.dir/C_/Users/Daniel/Desktop/pico/pico-sdk/lib/lwip/src/core/netif.c.obj
                0x100079dc                netif_get_by_index
 .text.pbuf_init_alloced_pbuf
                0x10007a00       0x20 CMakeFiles/pico.dir/C_/Users/Daniel/Desktop/pico/pico-sdk/lib/lwip/src/core/pbuf.c.obj
 .text.pbuf_add_header_impl
                0x10007a20       0x60 CMakeFiles/pico.dir/C_/Users/Daniel/Desktop/pico/pico-sdk/lib/lwip/src/core/pbuf.c.obj
 .text.pbuf_skip_const
                0x10007a80       0x1a CMakeFiles/pico.dir/C_/Users/Daniel/Desktop/pico/pico-sdk/lib/lwip/src/core/pbuf.c.obj
 *fill*         0x10007a9a        0x2 
 .text.pbuf_pool_is_empty
                0x10007a9c       0x18 CMakeFiles/pico.dir/C_/Users/Daniel/Desktop/pico/pico-sdk/lib/lwip/src/core/pbuf.c.obj
 .text.pbuf_alloc_reference
                0x10007ab4       0x2a CMakeFiles/pico.dir/C_/Users/Daniel/Desktop/pico/pico-sdk/lib/lwip/src/core/pbuf.c.obj
                0x10007ab4                pbuf_alloc_reference
 .text.pbuf_add_header
                0x10007ade        0xa CMakeFiles/pico.dir/C_/Users/Daniel/Desktop/pico/pico-sdk/lib/lwip/src/core/pbuf.c.obj
                0x10007ade                pbuf_add_header
 .text.pbuf_free
                0x10007ae8       0x5c CMakeFiles/pico.dir/C_/Users/Daniel/Desktop/pico/pico-sdk/lib/lwip/src/core/pbuf.c.obj
                0x10007ae8                pbuf_free
 .text.pbuf_alloc
                0x10007b44      0x11c CMakeFiles/pico.dir/C_/Users/Daniel/Desktop/pico/pico-sdk/lib/lwip/src/core/pbuf.c.obj
                0x10007b44                pbuf_alloc
 .text.pbuf_realloc
                0x10007c60       0x4e CMakeFiles/pico.dir/C_/Users/Daniel/Desktop/pico/pico-sdk/lib/lwip/src/core/pbuf.c.obj
                0x10007c60                pbuf_realloc
 .text.pbuf_clen
                0x10007cae       0x12 CMakeFiles/pico.dir/C_/Users/Daniel/Desktop/pico/pico-sdk/lib/lwip/src/core/pbuf.c.obj
                0x10007cae                pbuf_clen
 .text.pbuf_ref
                0x10007cc0       0x16 CMakeFiles/pico.dir/C_/Users/Daniel/Desktop/pico/pico-sdk/lib/lwip/src/core/pbuf.c.obj
                0x10007cc0                pbuf_ref
 *fill*         0x10007cd6        0x2 
 .text.pbuf_cat
                0x10007cd8       0x34 CMakeFiles/pico.dir/C_/Users/Daniel/Desktop/pico/pico-sdk/lib/lwip/src/core/pbuf.c.obj
                0x10007cd8                pbuf_cat
 .text.pbuf_chain
                0x10007d0c       0x10 CMakeFiles/pico.dir/C_/Users/Daniel/Desktop/pico/pico-sdk/lib/lwip/src/core/pbuf.c.obj
                0x10007d0c                pbuf_chain
 .text.pbuf_copy_partial_pbuf
                0x10007d1c      0x120 CMakeFiles/pico.dir/C_/Users/Daniel/Desktop/pico/pico-sdk/lib/lwip/src/core/pbuf.c.obj
                0x10007d1c                pbuf_copy_partial_pbuf
 .text.pbuf_copy_partial
                0x10007e3c       0x90 CMakeFiles/pico.dir/C_/Users/Daniel/Desktop/pico/pico-sdk/lib/lwip/src/core/pbuf.c.obj
                0x10007e3c                pbuf_copy_partial
 .text.pbuf_skip
                0x10007ecc        0x8 CMakeFiles/pico.dir/C_/Users/Daniel/Desktop/pico/pico-sdk/lib/lwip/src/core/pbuf.c.obj
                0x10007ecc                pbuf_skip
 .text.pbuf_take
                0x10007ed4       0x78 CMakeFiles/pico.dir/C_/Users/Daniel/Desktop/pico/pico-sdk/lib/lwip/src/core/pbuf.c.obj
                0x10007ed4                pbuf_take
 .text.pbuf_take_at
                0x10007f4c       0x62 CMakeFiles/pico.dir/C_/Users/Daniel/Desktop/pico/pico-sdk/lib/lwip/src/core/pbuf.c.obj
                0x10007f4c                pbuf_take_at
 .text.pbuf_put_at
                0x10007fae       0x26 CMakeFiles/pico.dir/C_/Users/Daniel/Desktop/pico/pico-sdk/lib/lwip/src/core/pbuf.c.obj
                0x10007fae                pbuf_put_at
 .text.raw_netif_ip_addr_changed
                0x10007fd4       0x38 CMakeFiles/pico.dir/C_/Users/Daniel/Desktop/pico/pico-sdk/lib/lwip/src/core/raw.c.obj
                0x10007fd4                raw_netif_ip_addr_changed
 .text.stats_init
                0x1000800c        0x2 CMakeFiles/pico.dir/C_/Users/Daniel/Desktop/pico/pico-sdk/lib/lwip/src/core/stats.c.obj
                0x1000800c                stats_init
 .text.tcp_remove_listener
                0x1000800e       0x16 CMakeFiles/pico.dir/C_/Users/Daniel/Desktop/pico/pico-sdk/lib/lwip/src/core/tcp.c.obj
 .text.tcp_listen_closed
                0x10008024       0x24 CMakeFiles/pico.dir/C_/Users/Daniel/Desktop/pico/pico-sdk/lib/lwip/src/core/tcp.c.obj
 .text.tcp_free_listen
                0x10008048        0xc CMakeFiles/pico.dir/C_/Users/Daniel/Desktop/pico/pico-sdk/lib/lwip/src/core/tcp.c.obj
 .text.tcp_close_shutdown_fin
                0x10008054       0x5c CMakeFiles/pico.dir/C_/Users/Daniel/Desktop/pico/pico-sdk/lib/lwip/src/core/tcp.c.obj
 .text.tcp_init
                0x100080b0       0x20 CMakeFiles/pico.dir/C_/Users/Daniel/Desktop/pico/pico-sdk/lib/lwip/src/core/tcp.c.obj
                0x100080b0                tcp_init
 .text.tcp_free
                0x100080d0        0xc CMakeFiles/pico.dir/C_/Users/Daniel/Desktop/pico/pico-sdk/lib/lwip/src/core/tcp.c.obj
                0x100080d0                tcp_free
 .text.tcp_update_rcv_ann_wnd
                0x100080dc       0x38 CMakeFiles/pico.dir/C_/Users/Daniel/Desktop/pico/pico-sdk/lib/lwip/src/core/tcp.c.obj
                0x100080dc                tcp_update_rcv_ann_wnd
 .text.tcp_recved
                0x10008114       0x50 CMakeFiles/pico.dir/C_/Users/Daniel/Desktop/pico/pico-sdk/lib/lwip/src/core/tcp.c.obj
                0x10008114                tcp_recved
 .text.tcp_seg_free
                0x10008164       0x1a CMakeFiles/pico.dir/C_/Users/Daniel/Desktop/pico/pico-sdk/lib/lwip/src/core/tcp.c.obj
                0x10008164                tcp_seg_free
 .text.tcp_segs_free
                0x1000817e       0x12 CMakeFiles/pico.dir/C_/Users/Daniel/Desktop/pico/pico-sdk/lib/lwip/src/core/tcp.c.obj
                0x1000817e                tcp_segs_free
 .text.tcp_eff_send_mss_netif
                0x10008190       0x22 CMakeFiles/pico.dir/C_/Users/Daniel/Desktop/pico/pico-sdk/lib/lwip/src/core/tcp.c.obj
                0x10008190                tcp_eff_send_mss_netif
 .text.tcp_free_ooseq
                0x100081b2       0x14 CMakeFiles/pico.dir/C_/Users/Daniel/Desktop/pico/pico-sdk/lib/lwip/src/core/tcp.c.obj
                0x100081b2                tcp_free_ooseq
 *fill*         0x100081c6        0x2 
 .text.tcp_pcb_purge
                0x100081c8       0x58 CMakeFiles/pico.dir/C_/Users/Daniel/Desktop/pico/pico-sdk/lib/lwip/src/core/tcp.c.obj
                0x100081c8                tcp_pcb_purge
 .text.tcp_pcb_remove
                0x10008220       0x52 CMakeFiles/pico.dir/C_/Users/Daniel/Desktop/pico/pico-sdk/lib/lwip/src/core/tcp.c.obj
                0x10008220                tcp_pcb_remove
 *fill*         0x10008272        0x2 
 .text.tcp_abandon
                0x10008274       0xfc CMakeFiles/pico.dir/C_/Users/Daniel/Desktop/pico/pico-sdk/lib/lwip/src/core/tcp.c.obj
                0x10008274                tcp_abandon
 .text.tcp_abort
                0x10008370        0xa CMakeFiles/pico.dir/C_/Users/Daniel/Desktop/pico/pico-sdk/lib/lwip/src/core/tcp.c.obj
                0x10008370                tcp_abort
 .text.tcp_netif_ip_addr_changed_pcblist
                0x1000837a       0x22 CMakeFiles/pico.dir/C_/Users/Daniel/Desktop/pico/pico-sdk/lib/lwip/src/core/tcp.c.obj
 .text.tcp_netif_ip_addr_changed
                0x1000839c       0x54 CMakeFiles/pico.dir/C_/Users/Daniel/Desktop/pico/pico-sdk/lib/lwip/src/core/tcp.c.obj
                0x1000839c                tcp_netif_ip_addr_changed
 .text.tcp_close_shutdown
                0x100083f0      0x11c CMakeFiles/pico.dir/C_/Users/Daniel/Desktop/pico/pico-sdk/lib/lwip/src/core/tcp.c.obj
 .text.tcp_close
                0x1000850c       0x2c CMakeFiles/pico.dir/C_/Users/Daniel/Desktop/pico/pico-sdk/lib/lwip/src/core/tcp.c.obj
                0x1000850c                tcp_close
 .text.tcp_recv_null
                0x10008538       0x3c CMakeFiles/pico.dir/C_/Users/Daniel/Desktop/pico/pico-sdk/lib/lwip/src/core/tcp.c.obj
                0x10008538                tcp_recv_null
 .text.tcp_process_refused_data
                0x10008574       0x88 CMakeFiles/pico.dir/C_/Users/Daniel/Desktop/pico/pico-sdk/lib/lwip/src/core/tcp.c.obj
                0x10008574                tcp_process_refused_data
 .text.tcp_fasttmr
                0x100085fc       0x80 CMakeFiles/pico.dir/C_/Users/Daniel/Desktop/pico/pico-sdk/lib/lwip/src/core/tcp.c.obj
                0x100085fc                tcp_fasttmr
 .text.tcp_slowtmr
                0x1000867c      0x3a0 CMakeFiles/pico.dir/C_/Users/Daniel/Desktop/pico/pico-sdk/lib/lwip/src/core/tcp.c.obj
                0x1000867c                tcp_slowtmr
 .text.tcp_tmr  0x10008a1c       0x20 CMakeFiles/pico.dir/C_/Users/Daniel/Desktop/pico/pico-sdk/lib/lwip/src/core/tcp.c.obj
                0x10008a1c                tcp_tmr
 .text.tcp_trigger_input_pcb_close
                0x10008a3c       0x10 CMakeFiles/pico.dir/C_/Users/Daniel/Desktop/pico/pico-sdk/lib/lwip/src/core/tcp_in.c.obj
                0x10008a3c                tcp_trigger_input_pcb_close
 .text.tcp_output_segment_busy
                0x10008a4c       0x10 CMakeFiles/pico.dir/C_/Users/Daniel/Desktop/pico/pico-sdk/lib/lwip/src/core/tcp_out.c.obj
 .text.tcp_create_segment
                0x10008a5c       0xc4 CMakeFiles/pico.dir/C_/Users/Daniel/Desktop/pico/pico-sdk/lib/lwip/src/core/tcp_out.c.obj
 .text.tcp_output_alloc_header_common
                0x10008b20       0xba CMakeFiles/pico.dir/C_/Users/Daniel/Desktop/pico/pico-sdk/lib/lwip/src/core/tcp_out.c.obj
 .text.tcp_output_alloc_header
                0x10008bda       0x2e CMakeFiles/pico.dir/C_/Users/Daniel/Desktop/pico/pico-sdk/lib/lwip/src/core/tcp_out.c.obj
 .text.tcp_rst_common
                0x10008c08       0x34 CMakeFiles/pico.dir/C_/Users/Daniel/Desktop/pico/pico-sdk/lib/lwip/src/core/tcp_out.c.obj
 .text.tcp_route
                0x10008c3c       0x1a CMakeFiles/pico.dir/C_/Users/Daniel/Desktop/pico/pico-sdk/lib/lwip/src/core/tcp_out.c.obj
 *fill*         0x10008c56        0x2 
 .text.tcp_output_segment
                0x10008c58      0x118 CMakeFiles/pico.dir/C_/Users/Daniel/Desktop/pico/pico-sdk/lib/lwip/src/core/tcp_out.c.obj
 .text.tcp_output_control_segment_netif
                0x10008d70       0x74 CMakeFiles/pico.dir/C_/Users/Daniel/Desktop/pico/pico-sdk/lib/lwip/src/core/tcp_out.c.obj
 .text.tcp_output_control_segment
                0x10008de4       0x36 CMakeFiles/pico.dir/C_/Users/Daniel/Desktop/pico/pico-sdk/lib/lwip/src/core/tcp_out.c.obj
 *fill*         0x10008e1a        0x2 
 .text.tcp_split_unsent_seg
                0x10008e1c      0x1ac CMakeFiles/pico.dir/C_/Users/Daniel/Desktop/pico/pico-sdk/lib/lwip/src/core/tcp_out.c.obj
                0x10008e1c                tcp_split_unsent_seg
 .text.tcp_enqueue_flags
                0x10008fc8       0xb4 CMakeFiles/pico.dir/C_/Users/Daniel/Desktop/pico/pico-sdk/lib/lwip/src/core/tcp_out.c.obj
                0x10008fc8                tcp_enqueue_flags
 .text.tcp_send_fin
                0x1000907c       0x5a CMakeFiles/pico.dir/C_/Users/Daniel/Desktop/pico/pico-sdk/lib/lwip/src/core/tcp_out.c.obj
                0x1000907c                tcp_send_fin
 .text.tcp_rexmit_rto_prepare
                0x100090d6       0x9e CMakeFiles/pico.dir/C_/Users/Daniel/Desktop/pico/pico-sdk/lib/lwip/src/core/tcp_out.c.obj
                0x100090d6                tcp_rexmit_rto_prepare
 .text.tcp_rst  0x10009174       0x32 CMakeFiles/pico.dir/C_/Users/Daniel/Desktop/pico/pico-sdk/lib/lwip/src/core/tcp_out.c.obj
                0x10009174                tcp_rst
 .text.tcp_send_empty_ack
                0x100091a6       0x4a CMakeFiles/pico.dir/C_/Users/Daniel/Desktop/pico/pico-sdk/lib/lwip/src/core/tcp_out.c.obj
                0x100091a6                tcp_send_empty_ack
 .text.tcp_output
                0x100091f0      0x30c CMakeFiles/pico.dir/C_/Users/Daniel/Desktop/pico/pico-sdk/lib/lwip/src/core/tcp_out.c.obj
                0x100091f0                tcp_output
 .text.tcp_rexmit_rto_commit
                0x100094fc       0x16 CMakeFiles/pico.dir/C_/Users/Daniel/Desktop/pico/pico-sdk/lib/lwip/src/core/tcp_out.c.obj
                0x100094fc                tcp_rexmit_rto_commit
 .text.tcp_keepalive
                0x10009512       0x2e CMakeFiles/pico.dir/C_/Users/Daniel/Desktop/pico/pico-sdk/lib/lwip/src/core/tcp_out.c.obj
                0x10009512                tcp_keepalive
 .text.tcp_zero_window_probe
                0x10009540       0xf4 CMakeFiles/pico.dir/C_/Users/Daniel/Desktop/pico/pico-sdk/lib/lwip/src/core/tcp_out.c.obj
                0x10009540                tcp_zero_window_probe
 .text.sys_timeout_abs
                0x10009634       0x54 CMakeFiles/pico.dir/C_/Users/Daniel/Desktop/pico/pico-sdk/lib/lwip/src/core/timeouts.c.obj
 .text.lwip_cyclic_timer
                0x10009688       0x38 CMakeFiles/pico.dir/C_/Users/Daniel/Desktop/pico/pico-sdk/lib/lwip/src/core/timeouts.c.obj
 .text.sys_timeout
                0x100096c0       0x18 CMakeFiles/pico.dir/C_/Users/Daniel/Desktop/pico/pico-sdk/lib/lwip/src/core/timeouts.c.obj
                0x100096c0                sys_timeout
 .text.sys_timeouts_init
                0x100096d8       0x24 CMakeFiles/pico.dir/C_/Users/Daniel/Desktop/pico/pico-sdk/lib/lwip/src/core/timeouts.c.obj
                0x100096d8                sys_timeouts_init
 .text.udp_new_port
                0x100096fc       0x54 CMakeFiles/pico.dir/C_/Users/Daniel/Desktop/pico/pico-sdk/lib/lwip/src/core/udp.c.obj
 .text.udp_init
                0x10009750       0x20 CMakeFiles/pico.dir/C_/Users/Daniel/Desktop/pico/pico-sdk/lib/lwip/src/core/udp.c.obj
                0x10009750                udp_init
 .text.udp_bind
                0x10009770       0xbc CMakeFiles/pico.dir/C_/Users/Daniel/Desktop/pico/pico-sdk/lib/lwip/src/core/udp.c.obj
                0x10009770                udp_bind
 .text.udp_sendto_if_src
                0x1000982c      0x168 CMakeFiles/pico.dir/C_/Users/Daniel/Desktop/pico/pico-sdk/lib/lwip/src/core/udp.c.obj
                0x1000982c                udp_sendto_if_src
 .text.udp_sendto_if
                0x10009994       0x84 CMakeFiles/pico.dir/C_/Users/Daniel/Desktop/pico/pico-sdk/lib/lwip/src/core/udp.c.obj
                0x10009994                udp_sendto_if
 .text.udp_sendto
                0x10009a18       0x84 CMakeFiles/pico.dir/C_/Users/Daniel/Desktop/pico/pico-sdk/lib/lwip/src/core/udp.c.obj
                0x10009a18                udp_sendto
 .text.udp_connect
                0x10009a9c       0x74 CMakeFiles/pico.dir/C_/Users/Daniel/Desktop/pico/pico-sdk/lib/lwip/src/core/udp.c.obj
                0x10009a9c                udp_connect
 .text.udp_recv
                0x10009b10       0x18 CMakeFiles/pico.dir/C_/Users/Daniel/Desktop/pico/pico-sdk/lib/lwip/src/core/udp.c.obj
                0x10009b10                udp_recv
 .text.udp_remove
                0x10009b28       0x44 CMakeFiles/pico.dir/C_/Users/Daniel/Desktop/pico/pico-sdk/lib/lwip/src/core/udp.c.obj
                0x10009b28                udp_remove
 .text.udp_new  0x10009b6c       0x1c CMakeFiles/pico.dir/C_/Users/Daniel/Desktop/pico/pico-sdk/lib/lwip/src/core/udp.c.obj
                0x10009b6c                udp_new
 .text.udp_netif_ip_addr_changed
                0x10009b88       0x38 CMakeFiles/pico.dir/C_/Users/Daniel/Desktop/pico/pico-sdk/lib/lwip/src/core/udp.c.obj
                0x10009b88                udp_netif_ip_addr_changed
 .text.pico_lwip_random_byte
                0x10009bc0       0x78 CMakeFiles/pico.dir/C_/Users/Daniel/Desktop/pico/pico-sdk/src/rp2_common/pico_lwip/random.c.obj
 .text.pico_lwip_rand
                0x10009c38       0x1a CMakeFiles/pico.dir/C_/Users/Daniel/Desktop/pico/pico-sdk/src/rp2_common/pico_lwip/random.c.obj
                0x10009c38                pico_lwip_rand
 .text.dhcp_set_state
                0x10009c52       0x10 CMakeFiles/pico.dir/C_/Users/Daniel/Desktop/pico/pico-sdk/lib/lwip/src/core/ipv4/dhcp.c.obj
 .text.dhcp_option
                0x10009c62       0x10 CMakeFiles/pico.dir/C_/Users/Daniel/Desktop/pico/pico-sdk/lib/lwip/src/core/ipv4/dhcp.c.obj
 .text.dhcp_option_byte
                0x10009c72        0xa CMakeFiles/pico.dir/C_/Users/Daniel/Desktop/pico/pico-sdk/lib/lwip/src/core/ipv4/dhcp.c.obj
 .text.dhcp_option_short
                0x10009c7c       0x12 CMakeFiles/pico.dir/C_/Users/Daniel/Desktop/pico/pico-sdk/lib/lwip/src/core/ipv4/dhcp.c.obj
 .text.dhcp_option_long
                0x10009c8e       0x22 CMakeFiles/pico.dir/C_/Users/Daniel/Desktop/pico/pico-sdk/lib/lwip/src/core/ipv4/dhcp.c.obj
 .text.dhcp_create_msg
                0x10009cb0      0x124 CMakeFiles/pico.dir/C_/Users/Daniel/Desktop/pico/pico-sdk/lib/lwip/src/core/ipv4/dhcp.c.obj
 .text.dhcp_option_hostname
                0x10009dd4       0x58 CMakeFiles/pico.dir/C_/Users/Daniel/Desktop/pico/pico-sdk/lib/lwip/src/core/ipv4/dhcp.c.obj
 .text.dhcp_option_trailer
                0x10009e2c       0x30 CMakeFiles/pico.dir/C_/Users/Daniel/Desktop/pico/pico-sdk/lib/lwip/src/core/ipv4/dhcp.c.obj
 .text.dhcp_rebind
                0x10009e5c       0xfc CMakeFiles/pico.dir/C_/Users/Daniel/Desktop/pico/pico-sdk/lib/lwip/src/core/ipv4/dhcp.c.obj
 .text.dhcp_t2_timeout
                0x10009f58       0x2e CMakeFiles/pico.dir/C_/Users/Daniel/Desktop/pico/pico-sdk/lib/lwip/src/core/ipv4/dhcp.c.obj
 *fill*         0x10009f86        0x2 
 .text.dhcp_reboot
                0x10009f88      0x120 CMakeFiles/pico.dir/C_/Users/Daniel/Desktop/pico/pico-sdk/lib/lwip/src/core/ipv4/dhcp.c.obj
 .text.dhcp_select
                0x1000a0a8      0x16c CMakeFiles/pico.dir/C_/Users/Daniel/Desktop/pico/pico-sdk/lib/lwip/src/core/ipv4/dhcp.c.obj
 .text.dhcp_handle_offer
                0x1000a214       0x48 CMakeFiles/pico.dir/C_/Users/Daniel/Desktop/pico/pico-sdk/lib/lwip/src/core/ipv4/dhcp.c.obj
 .text.dhcp_discover
                0x1000a25c       0xf8 CMakeFiles/pico.dir/C_/Users/Daniel/Desktop/pico/pico-sdk/lib/lwip/src/core/ipv4/dhcp.c.obj
 .text.dhcp_dec_pcb_refcount
                0x1000a354       0x28 CMakeFiles/pico.dir/C_/Users/Daniel/Desktop/pico/pico-sdk/lib/lwip/src/core/ipv4/dhcp.c.obj
 .text.dhcp_inc_pcb_refcount
                0x1000a37c       0x64 CMakeFiles/pico.dir/C_/Users/Daniel/Desktop/pico/pico-sdk/lib/lwip/src/core/ipv4/dhcp.c.obj
 .text.dhcp_parse_reply
                0x1000a3e0      0x2f0 CMakeFiles/pico.dir/C_/Users/Daniel/Desktop/pico/pico-sdk/lib/lwip/src/core/ipv4/dhcp.c.obj
 .text.dhcp_handle_ack
                0x1000a6d0       0xd0 CMakeFiles/pico.dir/C_/Users/Daniel/Desktop/pico/pico-sdk/lib/lwip/src/core/ipv4/dhcp.c.obj
 .text.dhcp_bind
                0x1000a7a0      0x104 CMakeFiles/pico.dir/C_/Users/Daniel/Desktop/pico/pico-sdk/lib/lwip/src/core/ipv4/dhcp.c.obj
 .text.dhcp_handle_nak
                0x1000a8a4       0x24 CMakeFiles/pico.dir/C_/Users/Daniel/Desktop/pico/pico-sdk/lib/lwip/src/core/ipv4/dhcp.c.obj
 .text.dhcp_recv
                0x1000a8c8       0xf4 CMakeFiles/pico.dir/C_/Users/Daniel/Desktop/pico/pico-sdk/lib/lwip/src/core/ipv4/dhcp.c.obj
 .text.dhcp_network_changed_link_up
                0x1000a9bc       0x30 CMakeFiles/pico.dir/C_/Users/Daniel/Desktop/pico/pico-sdk/lib/lwip/src/core/ipv4/dhcp.c.obj
                0x1000a9bc                dhcp_network_changed_link_up
 .text.dhcp_renew
                0x1000a9ec       0xf8 CMakeFiles/pico.dir/C_/Users/Daniel/Desktop/pico/pico-sdk/lib/lwip/src/core/ipv4/dhcp.c.obj
                0x1000a9ec                dhcp_renew
 .text.dhcp_t1_timeout
                0x1000aae4       0x2a CMakeFiles/pico.dir/C_/Users/Daniel/Desktop/pico/pico-sdk/lib/lwip/src/core/ipv4/dhcp.c.obj
 .text.dhcp_supplied_address
                0x1000ab0e       0x32 CMakeFiles/pico.dir/C_/Users/Daniel/Desktop/pico/pico-sdk/lib/lwip/src/core/ipv4/dhcp.c.obj
                0x1000ab0e                dhcp_supplied_address
 .text.dhcp_release_and_stop
                0x1000ab40       0xdc CMakeFiles/pico.dir/C_/Users/Daniel/Desktop/pico/pico-sdk/lib/lwip/src/core/ipv4/dhcp.c.obj
                0x1000ab40                dhcp_release_and_stop
 .text.dhcp_start
                0x1000ac1c       0xac CMakeFiles/pico.dir/C_/Users/Daniel/Desktop/pico/pico-sdk/lib/lwip/src/core/ipv4/dhcp.c.obj
                0x1000ac1c                dhcp_start
 .text.dhcp_coarse_tmr
                0x1000acc8       0x6c CMakeFiles/pico.dir/C_/Users/Daniel/Desktop/pico/pico-sdk/lib/lwip/src/core/ipv4/dhcp.c.obj
                0x1000acc8                dhcp_coarse_tmr
 .text.dhcp_timeout
                0x1000ad34       0x4a CMakeFiles/pico.dir/C_/Users/Daniel/Desktop/pico/pico-sdk/lib/lwip/src/core/ipv4/dhcp.c.obj
 *fill*         0x1000ad7e        0x2 
 .text.dhcp_fine_tmr
                0x1000ad80       0x38 CMakeFiles/pico.dir/C_/Users/Daniel/Desktop/pico/pico-sdk/lib/lwip/src/core/ipv4/dhcp.c.obj
                0x1000ad80                dhcp_fine_tmr
 .text.dhcp_stop
                0x1000adb8        0x8 CMakeFiles/pico.dir/C_/Users/Daniel/Desktop/pico/pico-sdk/lib/lwip/src/core/ipv4/dhcp.c.obj
                0x1000adb8                dhcp_stop
 .text.etharp_free_entry
                0x1000adc0       0x4c CMakeFiles/pico.dir/C_/Users/Daniel/Desktop/pico/pico-sdk/lib/lwip/src/core/ipv4/etharp.c.obj
 .text.etharp_raw
                0x1000ae0c       0xc0 CMakeFiles/pico.dir/C_/Users/Daniel/Desktop/pico/pico-sdk/lib/lwip/src/core/ipv4/etharp.c.obj
 .text.etharp_request_dst
                0x1000aecc       0x24 CMakeFiles/pico.dir/C_/Users/Daniel/Desktop/pico/pico-sdk/lib/lwip/src/core/ipv4/etharp.c.obj
 .text.etharp_cleanup_netif
                0x1000aef0       0x3c CMakeFiles/pico.dir/C_/Users/Daniel/Desktop/pico/pico-sdk/lib/lwip/src/core/ipv4/etharp.c.obj
                0x1000aef0                etharp_cleanup_netif
 .text.etharp_request
                0x1000af2c       0x10 CMakeFiles/pico.dir/C_/Users/Daniel/Desktop/pico/pico-sdk/lib/lwip/src/core/ipv4/etharp.c.obj
                0x1000af2c                etharp_request
 .text.etharp_tmr
                0x1000af3c       0x8c CMakeFiles/pico.dir/C_/Users/Daniel/Desktop/pico/pico-sdk/lib/lwip/src/core/ipv4/etharp.c.obj
                0x1000af3c                etharp_tmr
 .text.icmp_send_response
                0x1000afc8       0xb4 CMakeFiles/pico.dir/C_/Users/Daniel/Desktop/pico/pico-sdk/lib/lwip/src/core/ipv4/icmp.c.obj
 .text.icmp_time_exceeded
                0x1000b07c        0xc CMakeFiles/pico.dir/C_/Users/Daniel/Desktop/pico/pico-sdk/lib/lwip/src/core/ipv4/icmp.c.obj
                0x1000b07c                icmp_time_exceeded
 .text.ip_reass_dequeue_datagram
                0x1000b088       0x24 CMakeFiles/pico.dir/C_/Users/Daniel/Desktop/pico/pico-sdk/lib/lwip/src/core/ipv4/ip4_frag.c.obj
 .text.ip_reass_free_complete_datagram
                0x1000b0ac       0xa0 CMakeFiles/pico.dir/C_/Users/Daniel/Desktop/pico/pico-sdk/lib/lwip/src/core/ipv4/ip4_frag.c.obj
 .text.ip_reass_tmr
                0x1000b14c       0x30 CMakeFiles/pico.dir/C_/Users/Daniel/Desktop/pico/pico-sdk/lib/lwip/src/core/ipv4/ip4_frag.c.obj
                0x1000b14c                ip_reass_tmr
 .text.ip4_frag
                0x1000b17c      0x160 CMakeFiles/pico.dir/C_/Users/Daniel/Desktop/pico/pico-sdk/lib/lwip/src/core/ipv4/ip4_frag.c.obj
                0x1000b17c                ip4_frag
 .text.ip4_route
                0x1000b2dc       0x7c CMakeFiles/pico.dir/C_/Users/Daniel/Desktop/pico/pico-sdk/lib/lwip/src/core/ipv4/ip4.c.obj
                0x1000b2dc                ip4_route
 .text.ip4_output_if_src
                0x1000b358      0x1a0 CMakeFiles/pico.dir/C_/Users/Daniel/Desktop/pico/pico-sdk/lib/lwip/src/core/ipv4/ip4.c.obj
                0x1000b358                ip4_output_if_src
 .text.ip4_output_if
                0x1000b4f8       0x2e CMakeFiles/pico.dir/C_/Users/Daniel/Desktop/pico/pico-sdk/lib/lwip/src/core/ipv4/ip4.c.obj
                0x1000b4f8                ip4_output_if
 .text.ethernet_output
                0x1000b526       0x58 CMakeFiles/pico.dir/C_/Users/Daniel/Desktop/pico/pico-sdk/lib/lwip/src/netif/ethernet.c.obj
                0x1000b526                ethernet_output
 .text.sys_arch_protect
                0x1000b57e        0x4 CMakeFiles/pico.dir/C_/Users/Daniel/Desktop/pico/pico-sdk/src/rp2_common/pico_lwip/nosys.c.obj
                0x1000b57e                sys_arch_protect
 .text.sys_arch_unprotect
                0x1000b582        0x2 CMakeFiles/pico.dir/C_/Users/Daniel/Desktop/pico/pico-sdk/src/rp2_common/pico_lwip/nosys.c.obj
                0x1000b582                sys_arch_unprotect
 .text.sys_now  0x1000b584       0x3c CMakeFiles/pico.dir/C_/Users/Daniel/Desktop/pico/pico-sdk/src/rp2_common/pico_lwip/nosys.c.obj
                0x1000b584                sys_now
 .text.hw_endpoint_get_by_addr
                0x1000b5c0       0x18 CMakeFiles/pico.dir/C_/Users/Daniel/Desktop/pico/pico-sdk/lib/tinyusb/src/portable/raspberrypi/rp2040/dcd_rp2040.c.obj
 .text.reset_ep0_pid
                0x1000b5d8       0x28 CMakeFiles/pico.dir/C_/Users/Daniel/Desktop/pico/pico-sdk/lib/tinyusb/src/portable/raspberrypi/rp2040/dcd_rp2040.c.obj
 .text._hw_endpoint_alloc
                0x1000b600       0x70 CMakeFiles/pico.dir/C_/Users/Daniel/Desktop/pico/pico-sdk/lib/tinyusb/src/portable/raspberrypi/rp2040/dcd_rp2040.c.obj
 .text.hw_endpoint_init
                0x1000b670       0x88 CMakeFiles/pico.dir/C_/Users/Daniel/Desktop/pico/pico-sdk/lib/tinyusb/src/portable/raspberrypi/rp2040/dcd_rp2040.c.obj
 .text.reset_non_control_endpoints
                0x1000b6f8       0x40 CMakeFiles/pico.dir/C_/Users/Daniel/Desktop/pico/pico-sdk/lib/tinyusb/src/portable/raspberrypi/rp2040/dcd_rp2040.c.obj
 .text.hw_handle_buff_status
                0x1000b738       0x8c CMakeFiles/pico.dir/C_/Users/Daniel/Desktop/pico/pico-sdk/lib/tinyusb/src/portable/raspberrypi/rp2040/dcd_rp2040.c.obj
 .text.dcd_rp2040_irq
                0x1000b7c4       0xc0 CMakeFiles/pico.dir/C_/Users/Daniel/Desktop/pico/pico-sdk/lib/tinyusb/src/portable/raspberrypi/rp2040/dcd_rp2040.c.obj
 .text.hw_endpoint_xfer
                0x1000b884       0x14 CMakeFiles/pico.dir/C_/Users/Daniel/Desktop/pico/pico-sdk/lib/tinyusb/src/portable/raspberrypi/rp2040/dcd_rp2040.c.obj
 .text.dcd_int_enable
                0x1000b898       0x2c CMakeFiles/pico.dir/C_/Users/Daniel/Desktop/pico/pico-sdk/lib/tinyusb/src/portable/raspberrypi/rp2040/dcd_rp2040.c.obj
                0x1000b898                dcd_int_enable
 .text.dcd_set_address
                0x1000b8c4       0x2c CMakeFiles/pico.dir/C_/Users/Daniel/Desktop/pico/pico-sdk/lib/tinyusb/src/portable/raspberrypi/rp2040/dcd_rp2040.c.obj
                0x1000b8c4                dcd_set_address
 .text.dcd_connect
                0x1000b8f0       0x10 CMakeFiles/pico.dir/C_/Users/Daniel/Desktop/pico/pico-sdk/lib/tinyusb/src/portable/raspberrypi/rp2040/dcd_rp2040.c.obj
                0x1000b8f0                dcd_connect
 .text.dcd_init
                0x1000b900       0x7c CMakeFiles/pico.dir/C_/Users/Daniel/Desktop/pico/pico-sdk/lib/tinyusb/src/portable/raspberrypi/rp2040/dcd_rp2040.c.obj
                0x1000b900                dcd_init
 .text.dcd_edpt0_status_complete
                0x1000b97c       0x1c CMakeFiles/pico.dir/C_/Users/Daniel/Desktop/pico/pico-sdk/lib/tinyusb/src/portable/raspberrypi/rp2040/dcd_rp2040.c.obj
                0x1000b97c                dcd_edpt0_status_complete
 .text.dcd_edpt_open
                0x1000b998       0x40 CMakeFiles/pico.dir/C_/Users/Daniel/Desktop/pico/pico-sdk/lib/tinyusb/src/portable/raspberrypi/rp2040/dcd_rp2040.c.obj
                0x1000b998                dcd_edpt_open
 .text.dcd_edpt_close_all
                0x1000b9d8        0x8 CMakeFiles/pico.dir/C_/Users/Daniel/Desktop/pico/pico-sdk/lib/tinyusb/src/portable/raspberrypi/rp2040/dcd_rp2040.c.obj
                0x1000b9d8                dcd_edpt_close_all
 .text.dcd_edpt_xfer
                0x1000b9e0       0x30 CMakeFiles/pico.dir/C_/Users/Daniel/Desktop/pico/pico-sdk/lib/tinyusb/src/portable/raspberrypi/rp2040/dcd_rp2040.c.obj
                0x1000b9e0                dcd_edpt_xfer
 .text.dcd_edpt_stall
                0x1000ba10       0x2c CMakeFiles/pico.dir/C_/Users/Daniel/Desktop/pico/pico-sdk/lib/tinyusb/src/portable/raspberrypi/rp2040/dcd_rp2040.c.obj
                0x1000ba10                dcd_edpt_stall
 .text.dcd_edpt_clear_stall
                0x1000ba3c       0x20 CMakeFiles/pico.dir/C_/Users/Daniel/Desktop/pico/pico-sdk/lib/tinyusb/src/portable/raspberrypi/rp2040/dcd_rp2040.c.obj
                0x1000ba3c                dcd_edpt_clear_stall
 .text.prepare_ep_buffer
                0x1000ba5c       0x70 CMakeFiles/pico.dir/C_/Users/Daniel/Desktop/pico/pico-sdk/lib/tinyusb/src/portable/raspberrypi/rp2040/rp2040_usb.c.obj
 .text.sync_ep_buffer
                0x1000bacc       0x7c CMakeFiles/pico.dir/C_/Users/Daniel/Desktop/pico/pico-sdk/lib/tinyusb/src/portable/raspberrypi/rp2040/rp2040_usb.c.obj
 .text._hw_endpoint_xfer_sync
                0x1000bb48       0x28 CMakeFiles/pico.dir/C_/Users/Daniel/Desktop/pico/pico-sdk/lib/tinyusb/src/portable/raspberrypi/rp2040/rp2040_usb.c.obj
 .text.rp2040_usb_init
                0x1000bb70       0x4c CMakeFiles/pico.dir/C_/Users/Daniel/Desktop/pico/pico-sdk/lib/tinyusb/src/portable/raspberrypi/rp2040/rp2040_usb.c.obj
                0x1000bb70                rp2040_usb_init
 .text.hw_endpoint_reset_transfer
                0x1000bbbc        0xc CMakeFiles/pico.dir/C_/Users/Daniel/Desktop/pico/pico-sdk/lib/tinyusb/src/portable/raspberrypi/rp2040/rp2040_usb.c.obj
                0x1000bbbc                hw_endpoint_reset_transfer
 .text._hw_endpoint_buffer_control_update32
                0x1000bbc8       0x58 CMakeFiles/pico.dir/C_/Users/Daniel/Desktop/pico/pico-sdk/lib/tinyusb/src/portable/raspberrypi/rp2040/rp2040_usb.c.obj
                0x1000bbc8                _hw_endpoint_buffer_control_update32
 .text._hw_endpoint_start_next_buffer
                0x1000bc20       0x74 CMakeFiles/pico.dir/C_/Users/Daniel/Desktop/pico/pico-sdk/lib/tinyusb/src/portable/raspberrypi/rp2040/rp2040_usb.c.obj
 .text.hw_endpoint_xfer_start
                0x1000bc94       0x48 CMakeFiles/pico.dir/C_/Users/Daniel/Desktop/pico/pico-sdk/lib/tinyusb/src/portable/raspberrypi/rp2040/rp2040_usb.c.obj
                0x1000bc94                hw_endpoint_xfer_start
 .text.hw_endpoint_xfer_continue
                0x1000bcdc       0x38 CMakeFiles/pico.dir/C_/Users/Daniel/Desktop/pico/pico-sdk/lib/tinyusb/src/portable/raspberrypi/rp2040/rp2040_usb.c.obj
                0x1000bcdc                hw_endpoint_xfer_continue
 .text.configuration_reset
                0x1000bd14       0x88 CMakeFiles/pico.dir/C_/Users/Daniel/Desktop/pico/pico-sdk/lib/tinyusb/src/device/usbd.c.obj
 .text.usbd_reset