Archive member included to satisfy reference by file (symbol)

d:/progra~2/gbuarm~1/bin/../lib/gcc/arm-none-eabi/10.3.1/thumb/v6-m/nofp\libgcc.a(_dvmd_tls.o)
                              CMakeFiles/pico.dir/C_/Users/Daniel/Desktop/pico/pico-sdk/src/rp2_common/pico_divider/divider.S.obj (__aeabi_idiv0)
d:/progra~2/gbuarm~1/bin/../lib/gcc/arm-none-eabi/10.3.1/../../../../arm-none-eabi/lib/thumb/v6-m/nofp\libg.a(lib_a-atoi.o)
                              CMakeFiles/pico.dir/C_/Users/Daniel/Desktop/pico/pico-sdk/lib/lwip/src/core/netif.c.obj (atoi)
d:/progra~2/gbuarm~1/bin/../lib/gcc/arm-none-eabi/10.3.1/../../../../arm-none-eabi/lib/thumb/v6-m/nofp\libg.a(lib_a-calloc.o)
                              CMakeFiles/pico.dir/C_/Users/Daniel/Desktop/pico/pico-sdk/src/rp2_common/pico_malloc/pico_malloc.c.obj (calloc)
d:/progra~2/gbuarm~1/bin/../lib/gcc/arm-none-eabi/10.3.1/../../../../arm-none-eabi/lib/thumb/v6-m/nofp\libg.a(lib_a-callocr.o)
                              d:/progra~2/gbuarm~1/bin/../lib/gcc/arm-none-eabi/10.3.1/../../../../arm-none-eabi/lib/thumb/v6-m/nofp\libg.a(lib_a-calloc.o) (_calloc_r)
d:/progra~2/gbuarm~1/bin/../lib/gcc/arm-none-eabi/10.3.1/../../../../arm-none-eabi/lib/thumb/v6-m/nofp\libg.a(lib_a-ctype_.o)
                              CMakeFiles/pico.dir/C_/Users/Daniel/Desktop/pico/pico-sdk/lib/tinyusb/src/tusb.c.obj (_ctype_)
d:/progra~2/gbuarm~1/bin/../lib/gcc/arm-none-eabi/10.3.1/../../../../arm-none-eabi/lib/thumb/v6-m/nofp\libg.a(lib_a-errno.o)
                              d:/progra~2/gbuarm~1/bin/../lib/gcc/arm-none-eabi/10.3.1/../../../../arm-none-eabi/lib/thumb/v6-m/nofp\libg.a(lib_a-callocr.o) (__errno)
d:/progra~2/gbuarm~1/bin/../lib/gcc/arm-none-eabi/10.3.1/../../../../arm-none-eabi/lib/thumb/v6-m/nofp\libg.a(lib_a-impure.o)
                              d:/progra~2/gbuarm~1/bin/../lib/gcc/arm-none-eabi/10.3.1/../../../../arm-none-eabi/lib/thumb/v6-m/nofp\libg.a(lib_a-calloc.o) (_impure_ptr)
d:/progra~2/gbuarm~1/bin/../lib/gcc/arm-none-eabi/10.3.1/../../../../arm-none-eabi/lib/thumb/v6-m/nofp\libg.a(lib_a-init.o)
                              d:/progra~2/gbuarm~1/bin/../lib/gcc/arm-none-eabi/10.3.1/../../../../arm-none-eabi/lib/thumb/v6-m/nofp/crt0.o (__libc_init_array)
d:/progra~2/gbuarm~1/bin/../lib/gcc/arm-none-eabi/10.3.1/../../../../arm-none-eabi/lib/thumb/v6-m/nofp\libg.a(lib_a-malloc.o)
                              CMakeFiles/pico.dir/C_/Users/Daniel/Desktop/pico/pico-sdk/src/rp2_common/pico_malloc/pico_malloc.c.obj (malloc)
d:/progra~2/gbuarm~1/bin/../lib/gcc/arm-none-eabi/10.3.1/../../../../arm-none-eabi/lib/thumb/v6-m/nofp\libg.a(lib_a-mallocr.o)
                              d:/progra~2/gbuarm~1/bin/../lib/gcc/arm-none-eabi/10.3.1/../../../../arm-none-eabi/lib/thumb/v6-m/nofp\libg.a(lib_a-callocr.o) (_malloc_r)
d:/progra~2/gbuarm~1/bin/../lib/gcc/arm-none-eabi/10.3.1/../../../../arm-none-eabi/lib/thumb/v6-m/nofp\libg.a(lib_a-memcmp.o)
                              CMakeFiles/pico.dir/C_/Users/Daniel/Desktop/pico/pico-sdk/lib/cyw43-driver/src/cyw43_ll.c.obj (memcmp)
d:/progra~2/gbuarm~1/bin/../lib/gcc/arm-none-eabi/10.3.1/../../../../arm-none-eabi/lib/thumb/v6-m/nofp\libg.a(lib_a-memmove.o)
                              CMakeFiles/pico.dir/C_/Users/Daniel/Desktop/pico/pico-sdk/lib/cyw43-driver/src/cyw43_ll.c.obj (memmove)
d:/progra~2/gbuarm~1/bin/../lib/gcc/arm-none-eabi/10.3.1/../../../../arm-none-eabi/lib/thumb/v6-m/nofp\libg.a(lib_a-mlock.o)
                              d:/progra~2/gbuarm~1/bin/../lib/gcc/arm-none-eabi/10.3.1/../../../../arm-none-eabi/lib/thumb/v6-m/nofp\libg.a(lib_a-mallocr.o) (__malloc_lock)
d:/progra~2/gbuarm~1/bin/../lib/gcc/arm-none-eabi/10.3.1/../../../../arm-none-eabi/lib/thumb/v6-m/nofp\libg.a(lib_a-realloc.o)
                              CMakeFiles/pico.dir/C_/Users/Daniel/Desktop/pico/pico-sdk/src/rp2_common/pico_malloc/pico_malloc.c.obj (realloc)
d:/progra~2/gbuarm~1/bin/../lib/gcc/arm-none-eabi/10.3.1/../../../../arm-none-eabi/lib/thumb/v6-m/nofp\libg.a(lib_a-reallocr.o)
                              d:/progra~2/gbuarm~1/bin/../lib/gcc/arm-none-eabi/10.3.1/../../../../arm-none-eabi/lib/thumb/v6-m/nofp\libg.a(lib_a-realloc.o) (_realloc_r)
d:/progra~2/gbuarm~1/bin/../lib/gcc/arm-none-eabi/10.3.1/../../../../arm-none-eabi/lib/thumb/v6-m/nofp\libg.a(lib_a-sbrkr.o)
                              d:/progra~2/gbuarm~1/bin/../lib/gcc/arm-none-eabi/10.3.1/../../../../arm-none-eabi/lib/thumb/v6-m/nofp\libg.a(lib_a-mallocr.o) (_sbrk_r)
d:/progra~2/gbuarm~1/bin/../lib/gcc/arm-none-eabi/10.3.1/../../../../arm-none-eabi/lib/thumb/v6-m/nofp\libg.a(lib_a-strlen-stub.o)
                              CMakeFiles/pico.dir/picow_tcp_client.c.obj (strlen)
d:/progra~2/gbuarm~1/bin/../lib/gcc/arm-none-eabi/10.3.1/../../../../arm-none-eabi/lib/thumb/v6-m/nofp\libg.a(lib_a-strncmp.o)
                              CMakeFiles/pico.dir/C_/Users/Daniel/Desktop/pico/pico-sdk/lib/cyw43-driver/src/cyw43_ll.c.obj (strncmp)
[...]
Memory Configuration

Name             Origin             Length             Attributes
FLASH            0x10000000         0x00200000         xr
RAM              0x20000000         0x00040000         xrw
SCRATCH_X        0x20040000         0x00001000         xrw
SCRATCH_Y        0x20041000         0x00001000         xrw
*default*        0x00000000         0xffffffff

Linker script and memory map

LOAD d:/progra~2/gbuarm~1/bin/../lib/gcc/arm-none-eabi/10.3.1/thumb/v6-m/nofp/crti.o
LOAD d:/progra~2/gbuarm~1/bin/../lib/gcc/arm-none-eabi/10.3.1/thumb/v6-m/nofp/crtbegin.o
LOAD d:/progra~2/gbuarm~1/bin/../lib/gcc/arm-none-eabi/10.3.1/../../../../arm-none-eabi/lib/thumb/v6-m/nofp/crt0.o

.flash_begin    0x10000000        0x0
                0x10000000                __flash_binary_start = .

.boot2          0x10000000      0x100
                0x10000000                __boot2_start__ = .
 *(.boot2)
 .boot2         0x10000000      0x100 C:\Users\Daniel\AppData\Local\Temp\ccSnDP0I.o
                0x10000100                __boot2_end__ = .
                0x00000001                ASSERT (((__boot2_end__ - __boot2_start__) == 0x100), ERROR: Pico second stage bootloader must be 256 bytes in size)

.text           0x10000100    0x136a8
                0x10000100                __logical_binary_start = .
 *(.vectors)
 .vectors       0x10000100       0xd4 CMakeFiles/pico.dir/C_/Users/Daniel/Desktop/pico/pico-sdk/src/rp2_common/pico_standard_link/crt0.S.obj
                0x10000100                __VECTOR_TABLE
                0x10000100                __vectors
                0x100001c0                isr_invalid
                0x100001c0                __default_isrs_start
                0x100001c2                isr_nmi
                0x100001c4                isr_hardfault
                0x100001c6                isr_svcall
                0x100001c8                isr_pendsv
                0x100001ca                isr_systick
                0x100001cc                isr_irq23
                0x100001cc                isr_irq18
                0x100001cc                isr_irq11
                0x100001cc                isr_irq28
                0x100001cc                isr_irq19
                0x100001cc                isr_irq0
                0x100001cc                isr_irq6
                0x100001cc                isr_irq5
                0x100001cc                isr_irq12
                0x100001cc                isr_irq22
                0x100001cc                isr_irq31
                0x100001cc                isr_irq17
                0x100001cc                isr_irq27
                0x100001cc                isr_irq30
                0x100001cc                isr_irq2
                0x100001cc                isr_irq10
                0x100001cc                isr_irq8
                0x100001cc                isr_irq24
                0x100001cc                isr_irq1
                0x100001cc                isr_irq7
                0x100001cc                isr_irq21
                0x100001cc                isr_irq20
                0x100001cc                isr_irq15
                0x100001cc                isr_irq25
                0x100001cc                isr_irq13
                0x100001cc                __unhandled_user_irq
                0x100001cc                isr_irq4
                0x100001cc                isr_irq16
                0x100001cc                isr_irq29
                0x100001cc                isr_irq26
                0x100001cc                __default_isrs_end
                0x100001cc                isr_irq3
                0x100001cc                isr_irq14
                0x100001cc                isr_irq9
                0x100001d2                unhandled_user_irq_num_in_r0
 *(.binary_info_header)
 .binary_info_header
                0x100001d4       0x14 CMakeFiles/pico.dir/C_/Users/Daniel/Desktop/pico/pico-sdk/src/rp2_common/pico_standard_link/crt0.S.obj
                0x100001e8                __binary_info_header_end = .
 *(.reset)
 .reset         0x100001e8       0xa8 CMakeFiles/pico.dir/C_/Users/Daniel/Desktop/pico/pico-sdk/src/rp2_common/pico_standard_link/crt0.S.obj
                0x100001e8                _entry_point
                0x10000266                __get_current_exception
 .reset         0x10000290       0x30 CMakeFiles/pico.dir/C_/Users/Daniel/Desktop/pico/pico-sdk/src/rp2_common/pico_standard_link/binary_info.c.obj
 *(.init)
 .init          0x100002c0        0x4 d:/progra~2/gbuarm~1/bin/../lib/gcc/arm-none-eabi/10.3.1/thumb/v6-m/nofp/crti.o
                0x100002c0                _init
 *(EXCLUDE_FILE(*libm.a: *libc.a:*lib_a-mem*.o *libgcc.a:) .text*)
 .text          0x100002c4       0x48 d:/progra~2/gbuarm~1/bin/../lib/gcc/arm-none-eabi/10.3.1/thumb/v6-m/nofp/crtbegin.o
 .text.tcp_client_poll
                0x1000030c        0x2 CMakeFiles/pico.dir/picow_tcp_client.c.obj
 .text.tcp_client_recv
                0x1000030e        0x4 CMakeFiles/pico.dir/picow_tcp_client.c.obj
                0x1000030e                tcp_client_recv
 *fill*         0x10000312        0x2 
 .text.tcp_client_init
                0x10000314       0x30 CMakeFiles/pico.dir/picow_tcp_client.c.obj
 .text.tcp_client_sent
                0x10000344       0x14 CMakeFiles/pico.dir/picow_tcp_client.c.obj
 .text.tcp_client_open
                0x10000358       0x94 CMakeFiles/pico.dir/picow_tcp_client.c.obj
 .text.tcp_client_close
                0x100003ec       0x5c CMakeFiles/pico.dir/picow_tcp_client.c.obj
 .text.tcp_result
                0x10000448       0x30 CMakeFiles/pico.dir/picow_tcp_client.c.obj
 .text.tcp_client_err
                0x10000478       0x24 CMakeFiles/pico.dir/picow_tcp_client.c.obj
 .text.debugprint
                0x1000049c       0x1c CMakeFiles/pico.dir/picow_tcp_client.c.obj
                0x1000049c                debugprint
 .text.tcp_client_connected
                0x100004b8       0x5c CMakeFiles/pico.dir/picow_tcp_client.c.obj
 .text.run_tcp_client_test
                0x10000514       0x3a CMakeFiles/pico.dir/picow_tcp_client.c.obj
                0x10000514                run_tcp_client_test
 *fill*         0x1000054e        0x2 
 .text.main     0x10000550       0x70 CMakeFiles/pico.dir/picow_tcp_client.c.obj
                0x10000550                main
 .text.gpio_set_function
                0x100005c0       0x30 CMakeFiles/pico.dir/C_/Users/Daniel/Desktop/pico/pico-sdk/src/rp2_common/hardware_gpio/gpio.c.obj
                0x100005c0                gpio_set_function
 .text.gpio_set_pulls
                0x100005f0       0x34 CMakeFiles/pico.dir/C_/Users/Daniel/Desktop/pico/pico-sdk/src/rp2_common/hardware_gpio/gpio.c.obj
                0x100005f0                gpio_set_pulls
 .text.gpio_set_input_hysteresis_enabled
                0x10000624       0x30 CMakeFiles/pico.dir/C_/Users/Daniel/Desktop/pico/pico-sdk/src/rp2_common/hardware_gpio/gpio.c.obj
                0x10000624                gpio_set_input_hysteresis_enabled
 .text.gpio_add_raw_irq_handler_with_order_priority_masked
                0x10000654       0x40 CMakeFiles/pico.dir/C_/Users/Daniel/Desktop/pico/pico-sdk/src/rp2_common/hardware_gpio/gpio.c.obj
                0x10000654                gpio_add_raw_irq_handler_with_order_priority_masked
 .text.gpio_remove_raw_irq_handler_masked
                0x10000694       0x48 CMakeFiles/pico.dir/C_/Users/Daniel/Desktop/pico/pico-sdk/src/rp2_common/hardware_gpio/gpio.c.obj
                0x10000694                gpio_remove_raw_irq_handler_masked
 .text.gpio_acknowledge_irq
                0x100006dc       0x18 CMakeFiles/pico.dir/C_/Users/Daniel/Desktop/pico/pico-sdk/src/rp2_common/hardware_gpio/gpio.c.obj
                0x100006dc                gpio_acknowledge_irq
 .text._gpio_set_irq_enabled
                0x100006f4       0x34 CMakeFiles/pico.dir/C_/Users/Daniel/Desktop/pico/pico-sdk/src/rp2_common/hardware_gpio/gpio.c.obj
 .text.gpio_set_irq_enabled
                0x10000728       0x20 CMakeFiles/pico.dir/C_/Users/Daniel/Desktop/pico/pico-sdk/src/rp2_common/hardware_gpio/gpio.c.obj
                0x10000728                gpio_set_irq_enabled
 .text.gpio_init
                0x10000748       0x16 CMakeFiles/pico.dir/C_/Users/Daniel/Desktop/pico/pico-sdk/src/rp2_common/hardware_gpio/gpio.c.obj
                0x10000748                gpio_init
 *fill*         0x1000075e        0x2 
 .text.hw_claim_lock
                0x10000760       0x18 CMakeFiles/pico.dir/C_/Users/Daniel/Desktop/pico/pico-sdk/src/rp2_common/hardware_claim/claim.c.obj
                0x10000760                hw_claim_lock
 .text.hw_claim_unlock
                0x10000778       0x14 CMakeFiles/pico.dir/C_/Users/Daniel/Desktop/pico/pico-sdk/src/rp2_common/hardware_claim/claim.c.obj
                0x10000778                hw_claim_unlock
 .text.hw_claim_or_assert
                0x1000078c       0x32 CMakeFiles/pico.dir/C_/Users/Daniel/Desktop/pico/pico-sdk/src/rp2_common/hardware_claim/claim.c.obj
                0x1000078c                hw_claim_or_assert
 .text.hw_claim_unused_from_range
                0x100007be       0x50 CMakeFiles/pico.dir/C_/Users/Daniel/Desktop/pico/pico-sdk/src/rp2_common/hardware_claim/claim.c.obj
                0x100007be                hw_claim_unused_from_range
 *fill*         0x1000080e        0x2 
 .text.hw_claim_clear
                0x10000810       0x40 CMakeFiles/pico.dir/C_/Users/Daniel/Desktop/pico/pico-sdk/src/rp2_common/hardware_claim/claim.c.obj
                0x10000810                hw_claim_clear
 .text.running_on_fpga
                0x10000850       0x14 CMakeFiles/pico.dir/C_/Users/Daniel/Desktop/pico/pico-sdk/src/rp2_common/pico_platform/platform.c.obj
                0x10000850                running_on_fpga
 .text.spin_locks_reset
                0x10000864       0x20 CMakeFiles/pico.dir/C_/Users/Daniel/Desktop/pico/pico-sdk/src/rp2_common/hardware_sync/sync.c.obj
                0x10000864                spin_locks_reset
 .text.next_striped_spin_lock_num
                0x10000884       0x1c CMakeFiles/pico.dir/C_/Users/Daniel/Desktop/pico/pico-sdk/src/rp2_common/hardware_sync/sync.c.obj
                0x10000884                next_striped_spin_lock_num
 .text.spin_lock_claim_unused
                0x100008a0       0x20 CMakeFiles/pico.dir/C_/Users/Daniel/Desktop/pico/pico-sdk/src/rp2_common/hardware_sync/sync.c.obj
                0x100008a0                spin_lock_claim_unused
 .text.set_raw_irq_handler_and_unlock
                0x100008c0       0x28 CMakeFiles/pico.dir/C_/Users/Daniel/Desktop/pico/pico-sdk/src/rp2_common/hardware_irq/irq.c.obj
 .text.make_branch
                0x100008e8       0x48 CMakeFiles/pico.dir/C_/Users/Daniel/Desktop/pico/pico-sdk/src/rp2_common/hardware_irq/irq.c.obj
 .text.insert_branch_and_link
                0x10000930       0x40 CMakeFiles/pico.dir/C_/Users/Daniel/Desktop/pico/pico-sdk/src/rp2_common/hardware_irq/irq.c.obj
 .text.irq_is_enabled
                0x10000970       0x18 CMakeFiles/pico.dir/C_/Users/Daniel/Desktop/pico/pico-sdk/src/rp2_common/hardware_irq/irq.c.obj
                0x10000970                irq_is_enabled
 .text.irq_set_mask_enabled
                0x10000988       0x20 CMakeFiles/pico.dir/C_/Users/Daniel/Desktop/pico/pico-sdk/src/rp2_common/hardware_irq/irq.c.obj
                0x10000988                irq_set_mask_enabled
 .text.irq_set_enabled
                0x100009a8        0xe CMakeFiles/pico.dir/C_/Users/Daniel/Desktop/pico/pico-sdk/src/rp2_common/hardware_irq/irq.c.obj
                0x100009a8                irq_set_enabled
 *fill*         0x100009b6        0x2 
 .text.irq_set_pending
                0x100009b8       0x10 CMakeFiles/pico.dir/C_/Users/Daniel/Desktop/pico/pico-sdk/src/rp2_common/hardware_irq/irq.c.obj
                0x100009b8                irq_set_pending
 .text.irq_get_vtable_handler
                0x100009c8       0x10 CMakeFiles/pico.dir/C_/Users/Daniel/Desktop/pico/pico-sdk/src/rp2_common/hardware_irq/irq.c.obj
                0x100009c8                irq_get_vtable_handler
 .text.irq_has_shared_handler
                0x100009d8       0x24 CMakeFiles/pico.dir/C_/Users/Daniel/Desktop/pico/pico-sdk/src/rp2_common/hardware_irq/irq.c.obj
                0x100009d8                irq_has_shared_handler
 .text.irq_set_exclusive_handler
                0x100009fc       0x54 CMakeFiles/pico.dir/C_/Users/Daniel/Desktop/pico/pico-sdk/src/rp2_common/hardware_irq/irq.c.obj
                0x100009fc                irq_set_exclusive_handler
 .text.irq_add_shared_handler
                0x10000a50      0x230 CMakeFiles/pico.dir/C_/Users/Daniel/Desktop/pico/pico-sdk/src/rp2_common/hardware_irq/irq.c.obj
                0x10000a50                irq_add_shared_handler
 .text.irq_remove_handler
                0x10000c80      0x1a8 CMakeFiles/pico.dir/C_/Users/Daniel/Desktop/pico/pico-sdk/src/rp2_common/hardware_irq/irq.c.obj
                0x10000c80                irq_remove_handler
 .text.irq_add_tail_to_free_list
                0x10000e28       0xf0 CMakeFiles/pico.dir/C_/Users/Daniel/Desktop/pico/pico-sdk/src/rp2_common/hardware_irq/irq.c.obj
                0x10000e28                irq_add_tail_to_free_list
 .text.irq_init_priorities
                0x10000f18       0x1c CMakeFiles/pico.dir/C_/Users/Daniel/Desktop/pico/pico-sdk/src/rp2_common/hardware_irq/irq.c.obj
                0x10000f18                irq_init_priorities
 .text.user_irq_claim_unused
                0x10000f34       0x30 CMakeFiles/pico.dir/C_/Users/Daniel/Desktop/pico/pico-sdk/src/rp2_common/hardware_irq/irq.c.obj
                0x10000f34                user_irq_claim_unused
 .text.lock_init
                0x10000f64       0x10 CMakeFiles/pico.dir/C_/Users/Daniel/Desktop/pico/pico-sdk/src/common/pico_sync/lock_core.c.obj
                0x10000f64                lock_init
 .text.alarm_pool_post_alloc_init
                0x10000f74       0x40 CMakeFiles/pico.dir/C_/Users/Daniel/Desktop/pico/pico-sdk/src/common/pico_time/time.c.obj
 .text.sleep_until_callback
                0x10000fb4       0x30 CMakeFiles/pico.dir/C_/Users/Daniel/Desktop/pico/pico-sdk/src/common/pico_time/time.c.obj
 .text.timer_pool_entry_comparator
                0x10000fe4       0x7c CMakeFiles/pico.dir/C_/Users/Daniel/Desktop/pico/pico-sdk/src/common/pico_time/time.c.obj
                0x10000fe4                timer_pool_entry_comparator
 .text.ph_add_child_node
                0x10001060       0xa4 CMakeFiles/pico.dir/C_/Users/Daniel/Desktop/pico/pico-sdk/src/common/pico_time/time.c.obj
 .text.ph_merge_nodes
                0x10001104       0x3e CMakeFiles/pico.dir/C_/Users/Daniel/Desktop/pico/pico-sdk/src/common/pico_time/time.c.obj
 *fill*         0x10001142        0x2 
 .text.add_alarm_under_lock
                0x10001144      0x174 CMakeFiles/pico.dir/C_/Users/Daniel/Desktop/pico/pico-sdk/src/common/pico_time/time.c.obj
 .text.alarm_pool_alarm_callback
                0x100012b8      0x328 CMakeFiles/pico.dir/C_/Users/Daniel/Desktop/pico/pico-sdk/src/common/pico_time/time.c.obj
 .text.alarm_pool_init_default
                0x100015e0       0x38 CMakeFiles/pico.dir/C_/Users/Daniel/Desktop/pico/pico-sdk/src/common/pico_time/time.c.obj
                0x100015e0                alarm_pool_init_default
 .text.alarm_pool_get_default
                0x10001618       0x2c CMakeFiles/pico.dir/C_/Users/Daniel/Desktop/pico/pico-sdk/src/common/pico_time/time.c.obj
                0x10001618                alarm_pool_get_default
 .text.alarm_pool_add_alarm_at
                0x10001644      0x170 CMakeFiles/pico.dir/C_/Users/Daniel/Desktop/pico/pico-sdk/src/common/pico_time/time.c.obj
                0x10001644                alarm_pool_add_alarm_at
 .text.alarm_pool_cancel_alarm
                0x100017b4       0xf0 CMakeFiles/pico.dir/C_/Users/Daniel/Desktop/pico/pico-sdk/src/common/pico_time/time.c.obj
                0x100017b4                alarm_pool_cancel_alarm
 .text.sleep_until
                0x100018a4       0xfc CMakeFiles/pico.dir/C_/Users/Daniel/Desktop/pico/pico-sdk/src/common/pico_time/time.c.obj
                0x100018a4                sleep_until
 .text.sleep_us
                0x100019a0       0x58 CMakeFiles/pico.dir/C_/Users/Daniel/Desktop/pico/pico-sdk/src/common/pico_time/time.c.obj
                0x100019a0                sleep_us
 .text.sleep_ms
                0x100019f8       0x14 CMakeFiles/pico.dir/C_/Users/Daniel/Desktop/pico/pico-sdk/src/common/pico_time/time.c.obj
                0x100019f8                sleep_ms
 .text.best_effort_wfe_or_timeout
                0x10001a0c       0x80 CMakeFiles/pico.dir/C_/Users/Daniel/Desktop/pico/pico-sdk/src/common/pico_time/time.c.obj
                0x10001a0c                best_effort_wfe_or_timeout
 .text.hardware_alarm_irq_handler
                0x10001a8c       0x8c CMakeFiles/pico.dir/C_/Users/Daniel/Desktop/pico/pico-sdk/src/rp2_common/hardware_timer/timer.c.obj
 .text.hardware_alarm_claim
                0x10001b18       0x18 CMakeFiles/pico.dir/C_/Users/Daniel/Desktop/pico/pico-sdk/src/rp2_common/hardware_timer/timer.c.obj
                0x10001b18                hardware_alarm_claim
 .text.time_us_64
                0x10001b30       0x18 CMakeFiles/pico.dir/C_/Users/Daniel/Desktop/pico/pico-sdk/src/rp2_common/hardware_timer/timer.c.obj
                0x10001b30                time_us_64
 .text.busy_wait_until
                0x10001b48       0x28 CMakeFiles/pico.dir/C_/Users/Daniel/Desktop/pico/pico-sdk/src/rp2_common/hardware_timer/timer.c.obj
                0x10001b48                busy_wait_until
 .text.hardware_alarm_set_callback
                0x10001b70       0x90 CMakeFiles/pico.dir/C_/Users/Daniel/Desktop/pico/pico-sdk/src/rp2_common/hardware_timer/timer.c.obj
                0x10001b70                hardware_alarm_set_callback
 .text.hardware_alarm_set_target
                0x10001c00       0xe8 CMakeFiles/pico.dir/C_/Users/Daniel/Desktop/pico/pico-sdk/src/rp2_common/hardware_timer/timer.c.obj
                0x10001c00                hardware_alarm_set_target
 .text.hardware_alarm_cancel
                0x10001ce8       0x40 CMakeFiles/pico.dir/C_/Users/Daniel/Desktop/pico/pico-sdk/src/rp2_common/hardware_timer/timer.c.obj
                0x10001ce8                hardware_alarm_cancel
 .text.ph_add_child_node
                0x10001d28       0xa4 CMakeFiles/pico.dir/C_/Users/Daniel/Desktop/pico/pico-sdk/src/common/pico_util/pheap.c.obj
 .text.ph_merge_nodes
                0x10001dcc       0x3e CMakeFiles/pico.dir/C_/Users/Daniel/Desktop/pico/pico-sdk/src/common/pico_util/pheap.c.obj
 *fill*         0x10001e0a        0x2 
 .text.ph_clear
                0x10001e0c       0x70 CMakeFiles/pico.dir/C_/Users/Daniel/Desktop/pico/pico-sdk/src/common/pico_util/pheap.c.obj
                0x10001e0c                ph_clear
 .text.ph_post_alloc_init
                0x10001e7c        0xe CMakeFiles/pico.dir/C_/Users/Daniel/Desktop/pico/pico-sdk/src/common/pico_util/pheap.c.obj
                0x10001e7c                ph_post_alloc_init
 *fill*         0x10001e8a        0x2 
 .text.ph_merge_two_pass
                0x10001e8c       0xa8 CMakeFiles/pico.dir/C_/Users/Daniel/Desktop/pico/pico-sdk/src/common/pico_util/pheap.c.obj
                0x10001e8c                ph_merge_two_pass
 .text.ph_remove_any_head
                0x10001f34      0x108 CMakeFiles/pico.dir/C_/Users/Daniel/Desktop/pico/pico-sdk/src/common/pico_util/pheap.c.obj
 .text.ph_remove_head
                0x1000203c       0x14 CMakeFiles/pico.dir/C_/Users/Daniel/Desktop/pico/pico-sdk/src/common/pico_util/pheap.c.obj
                0x1000203c                ph_remove_head
 .text.ph_remove_and_free_node
                0x10002050       0xf8 CMakeFiles/pico.dir/C_/Users/Daniel/Desktop/pico/pico-sdk/src/common/pico_util/pheap.c.obj
                0x10002050                ph_remove_and_free_node
 .text.mutex_init
                0x10002148       0x1a CMakeFiles/pico.dir/C_/Users/Daniel/Desktop/pico/pico-sdk/src/common/pico_sync/mutex.c.obj
                0x10002148                mutex_init
 .text.recursive_mutex_init
                0x10002162       0x1e CMakeFiles/pico.dir/C_/Users/Daniel/Desktop/pico/pico-sdk/src/common/pico_sync/mutex.c.obj
                0x10002162                recursive_mutex_init
 .text.critical_section_init_with_lock_num
                0x10002180       0x14 CMakeFiles/pico.dir/C_/Users/Daniel/Desktop/pico/pico-sdk/src/common/pico_sync/critical_section.c.obj
                0x10002180                critical_section_init_with_lock_num
 .text.critical_section_init
                0x10002194       0x14 CMakeFiles/pico.dir/C_/Users/Daniel/Desktop/pico/pico-sdk/src/common/pico_sync/critical_section.c.obj
                0x10002194                critical_section_init
 .text.uart_set_baudrate
                0x100021a8       0x5c CMakeFiles/pico.dir/C_/Users/Daniel/Desktop/pico/pico-sdk/src/rp2_common/hardware_uart/uart.c.obj
                0x100021a8                uart_set_baudrate
 .text.uart_set_translate_crlf
                0x10002204       0x28 CMakeFiles/pico.dir/C_/Users/Daniel/Desktop/pico/pico-sdk/src/rp2_common/hardware_uart/uart.c.obj
                0x10002204                uart_set_translate_crlf
 .text.uart_init
                0x1000222c       0x80 CMakeFiles/pico.dir/C_/Users/Daniel/Desktop/pico/pico-sdk/src/rp2_common/hardware_uart/uart.c.obj
                0x1000222c                uart_init
 .text._exit    0x100022ac        0x4 CMakeFiles/pico.dir/C_/Users/Daniel/Desktop/pico/pico-sdk/src/rp2_common/pico_runtime/runtime.c.obj
                0x100022ac                _exit
 .text._sbrk    0x100022b0       0x38 CMakeFiles/pico.dir/C_/Users/Daniel/Desktop/pico/pico-sdk/src/rp2_common/pico_runtime/runtime.c.obj
                0x100022b0                _sbrk
 .text.exit     0x100022e8        0x6 CMakeFiles/pico.dir/C_/Users/Daniel/Desktop/pico/pico-sdk/src/rp2_common/pico_runtime/runtime.c.obj
                0x100022e8                exit
 *fill*         0x100022ee        0x2 
 .text.__assert_func
                0x100022f0       0x3c CMakeFiles/pico.dir/C_/Users/Daniel/Desktop/pico/pico-sdk/src/rp2_common/pico_runtime/runtime.c.obj
                0x100022f0                __assert_func
 .text.runtime_init
                0x1000232c       0xf8 CMakeFiles/pico.dir/C_/Users/Daniel/Desktop/pico/pico-sdk/src/rp2_common/pico_runtime/runtime.c.obj
                0x1000232c                runtime_init
 .text.panic    0x10002424       0x30 CMakeFiles/pico.dir/C_/Users/Daniel/Desktop/pico/pico-sdk/src/rp2_common/pico_runtime/runtime.c.obj
                0x10002424                panic
 .text.panic_unsupported
                0x10002454        0xc CMakeFiles/pico.dir/C_/Users/Daniel/Desktop/pico/pico-sdk/src/rp2_common/pico_runtime/runtime.c.obj
                0x10002454                panic_unsupported
 .text.clock_configure
                0x10002460      0x104 CMakeFiles/pico.dir/C_/Users/Daniel/Desktop/pico/pico-sdk/src/rp2_common/hardware_clocks/clocks.c.obj
                0x10002460                clock_configure
 .text.clocks_init
                0x10002564      0x100 CMakeFiles/pico.dir/C_/Users/Daniel/Desktop/pico/pico-sdk/src/rp2_common/hardware_clocks/clocks.c.obj
                0x10002564                clocks_init
 .text.clock_get_hz
                0x10002664        0xc CMakeFiles/pico.dir/C_/Users/Daniel/Desktop/pico/pico-sdk/src/rp2_common/hardware_clocks/clocks.c.obj
                0x10002664                clock_get_hz
 .text.pll_init
                0x10002670      0x140 CMakeFiles/pico.dir/C_/Users/Daniel/Desktop/pico/pico-sdk/src/rp2_common/hardware_pll/pll.c.obj
                0x10002670                pll_init
 .text.watchdog_start_tick
                0x100027b0       0x10 CMakeFiles/pico.dir/C_/Users/Daniel/Desktop/pico/pico-sdk/src/rp2_common/hardware_watchdog/watchdog.c.obj
                0x100027b0                watchdog_start_tick
 .text.watchdog_update
                0x100027c0       0x14 CMakeFiles/pico.dir/C_/Users/Daniel/Desktop/pico/pico-sdk/src/rp2_common/hardware_watchdog/watchdog.c.obj
                0x100027c0                watchdog_update
 .text._watchdog_enable
                0x100027d4       0x78 CMakeFiles/pico.dir/C_/Users/Daniel/Desktop/pico/pico-sdk/src/rp2_common/hardware_watchdog/watchdog.c.obj
                0x100027d4                _watchdog_enable
 .text.watchdog_reboot
                0x1000284c       0x48 CMakeFiles/pico.dir/C_/Users/Daniel/Desktop/pico/pico-sdk/src/rp2_common/hardware_watchdog/watchdog.c.obj
                0x1000284c                watchdog_reboot
 .text.xosc_init
                0x10002894       0x28 CMakeFiles/pico.dir/C_/Users/Daniel/Desktop/pico/pico-sdk/src/rp2_common/hardware_xosc/xosc.c.obj
                0x10002894                xosc_init
 .text._out_null
                0x100028bc        0x2 CMakeFiles/pico.dir/C_/Users/Daniel/Desktop/pico/pico-sdk/src/rp2_common/pico_printf/printf.c.obj
 .text._out_fct
                0x100028be        0xe CMakeFiles/pico.dir/C_/Users/Daniel/Desktop/pico/pico-sdk/src/rp2_common/pico_printf/printf.c.obj
 .text._atoi    0x100028cc       0x24 CMakeFiles/pico.dir/C_/Users/Daniel/Desktop/pico/pico-sdk/src/rp2_common/pico_printf/printf.c.obj
 .text._out_rev
                0x100028f0       0xae CMakeFiles/pico.dir/C_/Users/Daniel/Desktop/pico/pico-sdk/src/rp2_common/pico_printf/printf.c.obj
 .text._ntoa_format
                0x1000299e      0x112 CMakeFiles/pico.dir/C_/Users/Daniel/Desktop/pico/pico-sdk/src/rp2_common/pico_printf/printf.c.obj
 .text._ntoa_long
                0x10002ab0       0xbc CMakeFiles/pico.dir/C_/Users/Daniel/Desktop/pico/pico-sdk/src/rp2_common/pico_printf/printf.c.obj
 .text._ntoa_long_long
                0x10002b6c       0xe2 CMakeFiles/pico.dir/C_/Users/Daniel/Desktop/pico/pico-sdk/src/rp2_common/pico_printf/printf.c.obj
 *fill*         0x10002c4e        0x2 
 .text._etoa    0x10002c50      0x414 CMakeFiles/pico.dir/C_/Users/Daniel/Desktop/pico/pico-sdk/src/rp2_common/pico_printf/printf.c.obj
 .text._ftoa    0x10003064      0x354 CMakeFiles/pico.dir/C_/Users/Daniel/Desktop/pico/pico-sdk/src/rp2_common/pico_printf/printf.c.obj
 .text._vsnprintf
                0x100033b8      0x624 CMakeFiles/pico.dir/C_/Users/Daniel/Desktop/pico/pico-sdk/src/rp2_common/pico_printf/printf.c.obj
 .text.vfctprintf
                0x100039dc       0x20 CMakeFiles/pico.dir/C_/Users/Daniel/Desktop/pico/pico-sdk/src/rp2_common/pico_printf/printf.c.obj
                0x100039dc                vfctprintf
 .text          0x100039fc       0x10 CMakeFiles/pico.dir/C_/Users/Daniel/Desktop/pico/pico-sdk/src/rp2_common/pico_bit_ops/bit_ops_aeabi.S.obj
 .text.ctzsi    0x10003a0c        0xc CMakeFiles/pico.dir/C_/Users/Daniel/Desktop/pico/pico-sdk/src/rp2_common/pico_bit_ops/bit_ops_aeabi.S.obj
                0x10003a0c                __wrap___ctzsi2
 .text.rom_func_lookup
                0x10003a18       0x10 CMakeFiles/pico.dir/C_/Users/Daniel/Desktop/pico/pico-sdk/src/rp2_common/pico_bootrom/bootrom.c.obj
                0x10003a18                rom_func_lookup
 .text.rom_data_lookup
                0x10003a28       0x10 CMakeFiles/pico.dir/C_/Users/Daniel/Desktop/pico/pico-sdk/src/rp2_common/pico_bootrom/bootrom.c.obj
                0x10003a28                rom_data_lookup
 .text.rom_funcs_lookup
                0x10003a38       0x36 CMakeFiles/pico.dir/C_/Users/Daniel/Desktop/pico/pico-sdk/src/rp2_common/pico_bootrom/bootrom.c.obj
                0x10003a38                rom_funcs_lookup
 *fill*         0x10003a6e        0x2 
 .text.__wrap___aeabi_idiv
                0x10003a70       0x50 CMakeFiles/pico.dir/C_/Users/Daniel/Desktop/pico/pico-sdk/src/rp2_common/pico_divider/divider.S.obj
                0x10003a70                __wrap___aeabi_idivmod
                0x10003a70                divmod_s32s32
                0x10003a70                div_s32s32
                0x10003a70                __wrap___aeabi_idiv
                0x10003a78                divmod_s32s32_unsafe
                0x10003aa4                divmod_s32s32_savestate
 .text.__wrap___aeabi_uidiv
                0x10003ac0       0x4c CMakeFiles/pico.dir/C_/Users/Daniel/Desktop/pico/pico-sdk/src/rp2_common/pico_divider/divider.S.obj
                0x10003ac0                __wrap___aeabi_uidiv
                0x10003ac0                __wrap___aeabi_uidivmod
                0x10003ac0                div_u32u32
                0x10003ac0                divmod_u32u32
                0x10003ac8                divmod_u32u32_unsafe
                0x10003af0                divmod_u32u32_savestate
 .text.__wrap___aeabi_ldiv
                0x10003b0c      0x434 CMakeFiles/pico.dir/C_/Users/Daniel/Desktop/pico/pico-sdk/src/rp2_common/pico_divider/divider.S.obj
                0x10003b0c                div_s64s64
                0x10003b0c                divmod_s64s64
                0x10003b0c                __wrap___aeabi_ldivmod
                0x10003b44                divmod_u64u64
                0x10003b44                div_u64u64
                0x10003b44                __wrap___aeabi_uldivmod
                0x10003b54                divmod_u64u64_savestate
                0x10003b7c                divmod_s64s64_unsafe
                0x10003c04                divmod_u64u64_unsafe
 .text.__wrap___aeabi_darithmetic
                0x10003f40       0x60 CMakeFiles/pico.dir/C_/Users/Daniel/Desktop/pico/pico-sdk/src/rp2_common/pico_double/double_aeabi.S.obj
                0x10003f40                __wrap___aeabi_drsub
                0x10003f46                __wrap___aeabi_dsub
                0x10003f50                __wrap___aeabi_dadd
                0x10003f5a                __wrap___aeabi_ddiv
                0x10003f8e                __wrap___aeabi_dmul
 .text.__wrap___aeabi_cdcmple
                0x10003fa0       0x6c CMakeFiles/pico.dir/C_/Users/Daniel/Desktop/pico/pico-sdk/src/rp2_common/pico_double/double_aeabi.S.obj
                0x10003fa0                __wrap___aeabi_cdrcmple
                0x10003fb0                __wrap___aeabi_cdcmpeq
                0x10003fb0                __wrap___aeabi_cdcmple
 .text.__wrap___aeabi_dcmplt
                0x1000400c        0xc CMakeFiles/pico.dir/C_/Users/Daniel/Desktop/pico/pico-sdk/src/rp2_common/pico_double/double_aeabi.S.obj
                0x1000400c                __wrap___aeabi_dcmplt
 .text.__wrap___aeabi_dcmple
                0x10004018       0x10 CMakeFiles/pico.dir/C_/Users/Daniel/Desktop/pico/pico-sdk/src/rp2_common/pico_double/double_aeabi.S.obj
                0x10004018                __wrap___aeabi_dcmple
 .text.__wrap___aeabi_dcmpge
                0x10004028       0x10 CMakeFiles/pico.dir/C_/Users/Daniel/Desktop/pico/pico-sdk/src/rp2_common/pico_double/double_aeabi.S.obj
                0x10004028                __wrap___aeabi_dcmpge
 .text.__wrap___aeabi_dcmpgt
                0x10004038        0xa CMakeFiles/pico.dir/C_/Users/Daniel/Desktop/pico/pico-sdk/src/rp2_common/pico_double/double_aeabi.S.obj
                0x10004038                __wrap___aeabi_dcmpgt
 .text.__wrap___aeabi_dcmpun
                0x10004042       0x1c CMakeFiles/pico.dir/C_/Users/Daniel/Desktop/pico/pico-sdk/src/rp2_common/pico_double/double_aeabi.S.obj
                0x10004042                __wrap___aeabi_dcmpun
 *fill*         0x1000405e        0x2 
 .text.__wrap___aeabi_i2d
                0x10004060       0x38 CMakeFiles/pico.dir/C_/Users/Daniel/Desktop/pico/pico-sdk/src/rp2_common/pico_double/double_aeabi.S.obj
                0x10004060                __wrap___aeabi_ui2d
                0x10004068                __wrap___aeabi_i2d
 .text.__wrap___aeabi_d2iz
                0x10004098       0x48 CMakeFiles/pico.dir/C_/Users/Daniel/Desktop/pico/pico-sdk/src/rp2_common/pico_double/double_aeabi.S.obj
                0x10004098                double2int_z
                0x10004098                __wrap___aeabi_d2iz
 .text.__wrap___aeabi_d2uiz
                0x100040e0       0x10 CMakeFiles/pico.dir/C_/Users/Daniel/Desktop/pico/pico-sdk/src/rp2_common/pico_double/double_aeabi.S.obj
                0x100040e0                __wrap___aeabi_d2uiz
                0x100040e0                double2uint
 .text.missing_double_func_shim
                0x100040f0        0xc CMakeFiles/pico.dir/C_/Users/Daniel/Desktop/pico/pico-sdk/src/rp2_common/pico_double/double_init_rom.c.obj
 .text.__aeabi_double_init
                0x100040fc       0xcc CMakeFiles/pico.dir/C_/Users/Daniel/Desktop/pico/pico-sdk/src/rp2_common/pico_double/double_init_rom.c.obj
                0x100040fc                __aeabi_double_init
 .text.double_table_shim_on_use_helper
                0x100041c8       0x34 CMakeFiles/pico.dir/C_/Users/Daniel/Desktop/pico/pico-sdk/src/rp2_common/pico_double/double_v1_rom_shim.S.obj
                0x100041c8                double_table_shim_on_use_helper
 .text.__aeabi_lmul
                0x100041fc       0x32 CMakeFiles/pico.dir/C_/Users/Daniel/Desktop/pico/pico-sdk/src/rp2_common/pico_int64_ops/pico_int64_ops_aeabi.S.obj
                0x100041fc                __wrap___aeabi_lmul
 *fill*         0x1000422e        0x2 
 .text.missing_float_func_shim
                0x10004230        0xc CMakeFiles/pico.dir/C_/Users/Daniel/Desktop/pico/pico-sdk/src/rp2_common/pico_float/float_init_rom.c.obj
 .text.__aeabi_float_init
                0x1000423c       0x88 CMakeFiles/pico.dir/C_/Users/Daniel/Desktop/pico/pico-sdk/src/rp2_common/pico_float/float_init_rom.c.obj
                0x1000423c                __aeabi_float_init
 .text.__wrap_malloc
                0x100042c4       0x24 CMakeFiles/pico.dir/C_/Users/Daniel/Desktop/pico/pico-sdk/src/rp2_common/pico_malloc/pico_malloc.c.obj
                0x100042c4                __wrap_malloc
 .text.__wrap_calloc
                0x100042e8       0x24 CMakeFiles/pico.dir/C_/Users/Daniel/Desktop/pico/pico-sdk/src/rp2_common/pico_malloc/pico_malloc.c.obj
                0x100042e8                __wrap_calloc
 .text.__wrap_free
                0x1000430c        0x8 CMakeFiles/pico.dir/C_/Users/Daniel/Desktop/pico/pico-sdk/src/rp2_common/pico_malloc/pico_malloc.c.obj
                0x1000430c                __wrap_free
 .text          0x10004314       0x10 CMakeFiles/pico.dir/C_/Users/Daniel/Desktop/pico/pico-sdk/src/rp2_common/pico_mem_ops/mem_ops_aeabi.S.obj
                0x10004314                __aeabi_mem_init
 .text.memset   0x10004324        0xc CMakeFiles/pico.dir/C_/Users/Daniel/Desktop/pico/pico-sdk/src/rp2_common/pico_mem_ops/mem_ops_aeabi.S.obj
                0x10004324                __wrap_memset
 .text.memcpy   0x10004330        0xc CMakeFiles/pico.dir/C_/Users/Daniel/Desktop/pico/pico-sdk/src/rp2_common/pico_mem_ops/mem_ops_aeabi.S.obj
                0x10004330                __wrap_memcpy
                0x10004330                __wrap___aeabi_memcpy
 .text.stdio_out_chars_no_crlf
                0x1000433c        0xe CMakeFiles/pico.dir/C_/Users/Daniel/Desktop/pico/pico-sdk/src/rp2_common/pico_stdio/stdio.c.obj
 *fill*         0x1000434a        0x2 
 .text.stdio_out_chars_crlf
                0x1000434c       0x80 CMakeFiles/pico.dir/C_/Users/Daniel/Desktop/pico/pico-sdk/src/rp2_common/pico_stdio/stdio.c.obj
 .text.stdio_stack_buffer_flush
                0x100043cc       0x44 CMakeFiles/pico.dir/C_/Users/Daniel/Desktop/pico/pico-sdk/src/rp2_common/pico_stdio/stdio.c.obj
 .text.stdio_buffered_printer
                0x10004410       0x20 CMakeFiles/pico.dir/C_/Users/Daniel/Desktop/pico/pico-sdk/src/rp2_common/pico_stdio/stdio.c.obj
 .text.stdout_serialize_begin
                0x10004430       0x30 CMakeFiles/pico.dir/C_/Users/Daniel/Desktop/pico/pico-sdk/src/rp2_common/pico_stdio/stdio.c.obj
                0x10004430                stdout_serialize_begin
 .text.stdout_serialize_end
                0x10004460       0x10 CMakeFiles/pico.dir/C_/Users/Daniel/Desktop/pico/pico-sdk/src/rp2_common/pico_stdio/stdio.c.obj
                0x10004460                stdout_serialize_end
 .text.stdio_put_string
                0x10004470       0x98 CMakeFiles/pico.dir/C_/Users/Daniel/Desktop/pico/pico-sdk/src/rp2_common/pico_stdio/stdio.c.obj
 .text.stdio_set_driver_enabled
                0x10004508       0x2c CMakeFiles/pico.dir/C_/Users/Daniel/Desktop/pico/pico-sdk/src/rp2_common/pico_stdio/stdio.c.obj
                0x10004508                stdio_set_driver_enabled
 .text.stdio_flush
                0x10004534       0x20 CMakeFiles/pico.dir/C_/Users/Daniel/Desktop/pico/pico-sdk/src/rp2_common/pico_stdio/stdio.c.obj
                0x10004534                stdio_flush
 .text.__wrap_puts
                0x10004554       0x1e CMakeFiles/pico.dir/C_/Users/Daniel/Desktop/pico/pico-sdk/src/rp2_common/pico_stdio/stdio.c.obj
                0x10004554                __wrap_puts
 *fill*         0x10004572        0x2 
 .text.__wrap_vprintf
                0x10004574       0x44 CMakeFiles/pico.dir/C_/Users/Daniel/Desktop/pico/pico-sdk/src/rp2_common/pico_stdio/stdio.c.obj
                0x10004574                __wrap_vprintf
 .text.__wrap_printf
                0x100045b8       0x18 CMakeFiles/pico.dir/C_/Users/Daniel/Desktop/pico/pico-sdk/src/rp2_common/pico_stdio/stdio.c.obj
                0x100045b8                __wrap_printf
 .text.stdio_init_all
                0x100045d0        0xc CMakeFiles/pico.dir/C_/Users/Daniel/Desktop/pico/pico-sdk/src/rp2_common/pico_stdio/stdio.c.obj
                0x100045d0                stdio_init_all
 .text.stdio_uart_out_chars
                0x100045dc       0x74 CMakeFiles/pico.dir/C_/Users/Daniel/Desktop/pico/pico-sdk/src/rp2_common/pico_stdio_uart/stdio_uart.c.obj
 .text.stdio_uart_in_chars
                0x10004650       0x58 CMakeFiles/pico.dir/C_/Users/Daniel/Desktop/pico/pico-sdk/src/rp2_common/pico_stdio_uart/stdio_uart.c.obj
                0x10004650                stdio_uart_in_chars
 .text.stdio_uart_init_full
                0x100046a8       0x3c CMakeFiles/pico.dir/C_/Users/Daniel/Desktop/pico/pico-sdk/src/rp2_common/pico_stdio_uart/stdio_uart.c.obj
                0x100046a8                stdio_uart_init_full
 .text.stdio_uart_init
                0x100046e4       0x28 CMakeFiles/pico.dir/C_/Users/Daniel/Desktop/pico/pico-sdk/src/rp2_common/pico_stdio_uart/stdio_uart.c.obj
                0x100046e4                stdio_uart_init
 .text.resetd_init
                0x1000470c        0x2 CMakeFiles/pico.dir/C_/Users/Daniel/Desktop/pico/pico-sdk/src/rp2_common/pico_stdio_usb/reset_interface.c.obj
 *fill*         0x1000470e        0x2 
 .text.resetd_reset
                0x10004710        0xc CMakeFiles/pico.dir/C_/Users/Daniel/Desktop/pico/pico-sdk/src/rp2_common/pico_stdio_usb/reset_interface.c.obj
 .text.resetd_open
                0x1000471c       0x34 CMakeFiles/pico.dir/C_/Users/Daniel/Desktop/pico/pico-sdk/src/rp2_common/pico_stdio_usb/reset_interface.c.obj
 .text.resetd_xfer_cb
                0x10004750        0x4 CMakeFiles/pico.dir/C_/Users/Daniel/Desktop/pico/pico-sdk/src/rp2_common/pico_stdio_usb/reset_interface.c.obj
 .text.reset_usb_boot
                0x10004754       0x18 CMakeFiles/pico.dir/C_/Users/Daniel/Desktop/pico/pico-sdk/src/rp2_common/pico_stdio_usb/reset_interface.c.obj
 .text.resetd_control_xfer_cb
                0x1000476c       0x5c CMakeFiles/pico.dir/C_/Users/Daniel/Desktop/pico/pico-sdk/src/rp2_common/pico_stdio_usb/reset_interface.c.obj
 .text.usbd_app_driver_get_cb
                0x100047c8        0xc CMakeFiles/pico.dir/C_/Users/Daniel/Desktop/pico/pico-sdk/src/rp2_common/pico_stdio_usb/reset_interface.c.obj
                0x100047c8                usbd_app_driver_get_cb
 .text.tud_cdc_line_coding_cb
                0x100047d4       0x28 CMakeFiles/pico.dir/C_/Users/Daniel/Desktop/pico/pico-sdk/src/rp2_common/pico_stdio_usb/reset_interface.c.obj
                0x100047d4                tud_cdc_line_coding_cb
 .text.stdio_usb_in_chars
                0x100047fc       0x70 CMakeFiles/pico.dir/C_/Users/Daniel/Desktop/pico/pico-sdk/src/rp2_common/pico_stdio_usb/stdio_usb.c.obj
                0x100047fc                stdio_usb_in_chars
 .text.low_priority_worker_irq
                0x1000486c       0x20 CMakeFiles/pico.dir/C_/Users/Daniel/Desktop/pico/pico-sdk/src/rp2_common/pico_stdio_usb/stdio_usb.c.obj
 .text.stdio_usb_out_chars
                0x1000488c       0xd4 CMakeFiles/pico.dir/C_/Users/Daniel/Desktop/pico/pico-sdk/src/rp2_common/pico_stdio_usb/stdio_usb.c.obj
 .text.timer_task
                0x10004960       0x40 CMakeFiles/pico.dir/C_/Users/Daniel/Desktop/pico/pico-sdk/src/rp2_common/pico_stdio_usb/stdio_usb.c.obj
 .text.usb_irq  0x100049a0       0x10 CMakeFiles/pico.dir/C_/Users/Daniel/Desktop/pico/pico-sdk/src/rp2_common/pico_stdio_usb/stdio_usb.c.obj
 .text.stdio_usb_init
                0x100049b0       0xec CMakeFiles/pico.dir/C_/Users/Daniel/Desktop/pico/pico-sdk/src/rp2_common/pico_stdio_usb/stdio_usb.c.obj
                0x100049b0                stdio_usb_init
 .text.tud_descriptor_device_cb
                0x10004a9c        0x8 CMakeFiles/pico.dir/C_/Users/Daniel/Desktop/pico/pico-sdk/src/rp2_common/pico_stdio_usb/stdio_usb_descriptors.c.obj
                0x10004a9c                tud_descriptor_device_cb
 .text.tud_descriptor_configuration_cb
                0x10004aa4        0x8 CMakeFiles/pico.dir/C_/Users/Daniel/Desktop/pico/pico-sdk/src/rp2_common/pico_stdio_usb/stdio_usb_descriptors.c.obj
                0x10004aa4                tud_descriptor_configuration_cb
 .text.tud_descriptor_string_cb
                0x10004aac       0x6c CMakeFiles/pico.dir/C_/Users/Daniel/Desktop/pico/pico-sdk/src/rp2_common/pico_stdio_usb/stdio_usb_descriptors.c.obj
                0x10004aac                tud_descriptor_string_cb
 .text.hw_endpoint_get_by_addr
                0x10004b18       0x18 CMakeFiles/pico.dir/C_/Users/Daniel/Desktop/pico/pico-sdk/lib/tinyusb/src/portable/raspberrypi/rp2040/dcd_rp2040.c.obj
 .text.reset_ep0_pid
                0x10004b30       0x28 CMakeFiles/pico.dir/C_/Users/Daniel/Desktop/pico/pico-sdk/lib/tinyusb/src/portable/raspberrypi/rp2040/dcd_rp2040.c.obj
 .text._hw_endpoint_alloc
                0x10004b58       0x70 CMakeFiles/pico.dir/C_/Users/Daniel/Desktop/pico/pico-sdk/lib/tinyusb/src/portable/raspberrypi/rp2040/dcd_rp2040.c.obj
 .text.hw_endpoint_init
                0x10004bc8       0x88 CMakeFiles/pico.dir/C_/Users/Daniel/Desktop/pico/pico-sdk/lib/tinyusb/src/portable/raspberrypi/rp2040/dcd_rp2040.c.obj
 .text.reset_non_control_endpoints
                0x10004c50       0x40 CMakeFiles/pico.dir/C_/Users/Daniel/Desktop/pico/pico-sdk/lib/tinyusb/src/portable/raspberrypi/rp2040/dcd_rp2040.c.obj
 .text.hw_handle_buff_status
                0x10004c90       0x8c CMakeFiles/pico.dir/C_/Users/Daniel/Desktop/pico/pico-sdk/lib/tinyusb/src/portable/raspberrypi/rp2040/dcd_rp2040.c.obj
 .text.dcd_rp2040_irq
                0x10004d1c       0xc0 CMakeFiles/pico.dir/C_/Users/Daniel/Desktop/pico/pico-sdk/lib/tinyusb/src/portable/raspberrypi/rp2040/dcd_rp2040.c.obj
 .text.hw_endpoint_xfer
                0x10004ddc       0x14 CMakeFiles/pico.dir/C_/Users/Daniel/Desktop/pico/pico-sdk/lib/tinyusb/src/portable/raspberrypi/rp2040/dcd_rp2040.c.obj
 .text.dcd_int_enable
                0x10004df0       0x2c CMakeFiles/pico.dir/C_/Users/Daniel/Desktop/pico/pico-sdk/lib/tinyusb/src/portable/raspberrypi/rp2040/dcd_rp2040.c.obj
                0x10004df0                dcd_int_enable
 .text.dcd_set_address
                0x10004e1c       0x2c CMakeFiles/pico.dir/C_/Users/Daniel/Desktop/pico/pico-sdk/lib/tinyusb/src/portable/raspberrypi/rp2040/dcd_rp2040.c.obj
                0x10004e1c                dcd_set_address
 .text.dcd_connect
                0x10004e48       0x10 CMakeFiles/pico.dir/C_/Users/Daniel/Desktop/pico/pico-sdk/lib/tinyusb/src/portable/raspberrypi/rp2040/dcd_rp2040.c.obj
                0x10004e48                dcd_connect
 .text.dcd_init
                0x10004e58       0x7c CMakeFiles/pico.dir/C_/Users/Daniel/Desktop/pico/pico-sdk/lib/tinyusb/src/portable/raspberrypi/rp2040/dcd_rp2040.c.obj
                0x10004e58                dcd_init
 .text.dcd_edpt0_status_complete
                0x10004ed4       0x1c CMakeFiles/pico.dir/C_/Users/Daniel/Desktop/pico/pico-sdk/lib/tinyusb/src/portable/raspberrypi/rp2040/dcd_rp2040.c.obj
                0x10004ed4                dcd_edpt0_status_complete
 .text.dcd_edpt_open
                0x10004ef0       0x40 CMakeFiles/pico.dir/C_/Users/Daniel/Desktop/pico/pico-sdk/lib/tinyusb/src/portable/raspberrypi/rp2040/dcd_rp2040.c.obj
                0x10004ef0                dcd_edpt_open
 .text.dcd_edpt_close_all
                0x10004f30        0x8 CMakeFiles/pico.dir/C_/Users/Daniel/Desktop/pico/pico-sdk/lib/tinyusb/src/portable/raspberrypi/rp2040/dcd_rp2040.c.obj
                0x10004f30                dcd_edpt_close_all
 .text.dcd_edpt_xfer
                0x10004f38       0x30 CMakeFiles/pico.dir/C_/Users/Daniel/Desktop/pico/pico-sdk/lib/tinyusb/src/portable/raspberrypi/rp2040/dcd_rp2040.c.obj
                0x10004f38                dcd_edpt_xfer
 .text.dcd_edpt_stall
                0x10004f68       0x2c CMakeFiles/pico.dir/C_/Users/Daniel/Desktop/pico/pico-sdk/lib/tinyusb/src/portable/raspberrypi/rp2040/dcd_rp2040.c.obj
                0x10004f68                dcd_edpt_stall
 .text.dcd_edpt_clear_stall
                0x10004f94       0x20 CMakeFiles/pico.dir/C_/Users/Daniel/Desktop/pico/pico-sdk/lib/tinyusb/src/portable/raspberrypi/rp2040/dcd_rp2040.c.obj
                0x10004f94                dcd_edpt_clear_stall
 .text.prepare_ep_buffer
                0x10004fb4       0x70 CMakeFiles/pico.dir/C_/Users/Daniel/Desktop/pico/pico-sdk/lib/tinyusb/src/portable/raspberrypi/rp2040/rp2040_usb.c.obj
 .text.sync_ep_buffer
                0x10005024       0x7c CMakeFiles/pico.dir/C_/Users/Daniel/Desktop/pico/pico-sdk/lib/tinyusb/src/portable/raspberrypi/rp2040/rp2040_usb.c.obj
 .text._hw_endpoint_xfer_sync
                0x100050a0       0x28 CMakeFiles/pico.dir/C_/Users/Daniel/Desktop/pico/pico-sdk/lib/tinyusb/src/portable/raspberrypi/rp2040/rp2040_usb.c.obj
 .text.rp2040_usb_init
                0x100050c8       0x4c CMakeFiles/pico.dir/C_/Users/Daniel/Desktop/pico/pico-sdk/lib/tinyusb/src/portable/raspberrypi/rp2040/rp2040_usb.c.obj
                0x100050c8                rp2040_usb_init
 .text.hw_endpoint_reset_transfer
                0x10005114        0xc CMakeFiles/pico.dir/C_/Users/Daniel/Desktop/pico/pico-sdk/lib/tinyusb/src/portable/raspberrypi/rp2040/rp2040_usb.c.obj
                0x10005114                hw_endpoint_reset_transfer
 .text._hw_endpoint_buffer_control_update32
                0x10005120       0x58 CMakeFiles/pico.dir/C_/Users/Daniel/Desktop/pico/pico-sdk/lib/tinyusb/src/portable/raspberrypi/rp2040/rp2040_usb.c.obj
                0x10005120                _hw_endpoint_buffer_control_update32
 .text._hw_endpoint_start_next_buffer
                0x10005178       0x74 CMakeFiles/pico.dir/C_/Users/Daniel/Desktop/pico/pico-sdk/lib/tinyusb/src/portable/raspberrypi/rp2040/rp2040_usb.c.obj
 .text.hw_endpoint_xfer_start
                0x100051ec       0x48 CMakeFiles/pico.dir/C_/Users/Daniel/Desktop/pico/pico-sdk/lib/tinyusb/src/portable/raspberrypi/rp2040/rp2040_usb.c.obj
                0x100051ec                hw_endpoint_xfer_start
 .text.hw_endpoint_xfer_continue
                0x10005234       0x38 CMakeFiles/pico.dir/C_/Users/Daniel/Desktop/pico/pico-sdk/lib/tinyusb/src/portable/raspberrypi/rp2040/rp2040_usb.c.obj
                0x10005234                hw_endpoint_xfer_continue
 .text.configuration_reset
                0x1000526c       0x84 CMakeFiles/pico.dir/C_/Users/Daniel/Desktop/pico/pico-sdk/lib/tinyusb/src/device/usbd.c.obj
 .text.usbd_reset
                0x100052f0        0xc CMakeFiles/pico.dir/C_/Users/Daniel/Desktop/pico/pico-sdk/lib/tinyusb/src/device/usbd.c.obj
 .text.invoke_class_control
                0x100052fc       0x1a CMakeFiles/pico.dir/C_/Users/Daniel/Desktop/pico/pico-sdk/lib/tinyusb/src/device/usbd.c.obj
 *fill*         0x10005316        0x2 
 .text.process_set_config
                0x10005318      0x1b0 CMakeFiles/pico.dir/C_/Users/Daniel/Desktop/pico/pico-sdk/lib/tinyusb/src/device/usbd.c.obj
 .text.process_get_descriptor
                0x100054c8       0xec CMakeFiles/pico.dir/C_/Users/Daniel/Desktop/pico/pico-sdk/lib/tinyusb/src/device/usbd.c.obj
 .text.tud_mounted
                0x100055b4       0x10 CMakeFiles/pico.dir/C_/Users/Daniel/Desktop/pico/pico-sdk/lib/tinyusb/src/device/usbd.c.obj
                0x100055b4                tud_mounted
 .text.tud_suspended
                0x100055c4       0x10 CMakeFiles/pico.dir/C_/Users/Daniel/Desktop/pico/pico-sdk/lib/tinyusb/src/device/usbd.c.obj
                0x100055c4                tud_suspended
 .text.tud_inited
                0x100055d4        0xc CMakeFiles/pico.dir/C_/Users/Daniel/Desktop/pico/pico-sdk/lib/tinyusb/src/device/usbd.c.obj
                0x100055d4                tud_inited
 .text.tud_init
                0x100055e0       0xcc CMakeFiles/pico.dir/C_/Users/Daniel/Desktop/pico/pico-sdk/lib/tinyusb/src/device/usbd.c.obj
                0x100055e0                tud_init
 .text.dcd_event_handler
                0x100056ac      0x1e0 CMakeFiles/pico.dir/C_/Users/Daniel/Desktop/pico/pico-sdk/lib/tinyusb/src/device/usbd.c.obj
                0x100056ac                dcd_event_handler
 .text.dcd_event_bus_signal
                0x1000588c       0x26 CMakeFiles/pico.dir/C_/Users/Daniel/Desktop/pico/pico-sdk/lib/tinyusb/src/device/usbd.c.obj
                0x1000588c                dcd_event_bus_signal
 .text.dcd_event_bus_reset
                0x100058b2       0x2a CMakeFiles/pico.dir/C_/Users/Daniel/Desktop/pico/pico-sdk/lib/tinyusb/src/device/usbd.c.obj
                0x100058b2                dcd_event_bus_reset
 .text.dcd_event_setup_received
                0x100058dc       0x34 CMakeFiles/pico.dir/C_/Users/Daniel/Desktop/pico/pico-sdk/lib/tinyusb/src/device/usbd.c.obj
                0x100058dc                dcd_event_setup_received
 .text.dcd_event_xfer_complete
                0x10005910       0x44 CMakeFiles/pico.dir/C_/Users/Daniel/Desktop/pico/pico-sdk/lib/tinyusb/src/device/usbd.c.obj
                0x10005910                dcd_event_xfer_complete
 .text.usbd_edpt_open
                0x10005954       0x58 CMakeFiles/pico.dir/C_/Users/Daniel/Desktop/pico/pico-sdk/lib/tinyusb/src/device/usbd.c.obj
                0x10005954                usbd_edpt_open
 .text.usbd_open_edpt_pair
                0x100059ac       0x8c CMakeFiles/pico.dir/C_/Users/Daniel/Desktop/pico/pico-sdk/lib/tinyusb/src/device/usbd.c.obj
                0x100059ac                usbd_open_edpt_pair
 .text.usbd_edpt_claim
                0x10005a38       0x8c CMakeFiles/pico.dir/C_/Users/Daniel/Desktop/pico/pico-sdk/lib/tinyusb/src/device/usbd.c.obj
                0x10005a38                usbd_edpt_claim
 .text.usbd_edpt_release
                0x10005ac4       0x68 CMakeFiles/pico.dir/C_/Users/Daniel/Desktop/pico/pico-sdk/lib/tinyusb/src/device/usbd.c.obj
                0x10005ac4                usbd_edpt_release
 .text.usbd_edpt_xfer
                0x10005b2c       0x80 CMakeFiles/pico.dir/C_/Users/Daniel/Desktop/pico/pico-sdk/lib/tinyusb/src/device/usbd.c.obj
                0x10005b2c                usbd_edpt_xfer
 .text.usbd_edpt_stall
                0x10005bac       0x40 CMakeFiles/pico.dir/C_/Users/Daniel/Desktop/pico/pico-sdk/lib/tinyusb/src/device/usbd.c.obj
                0x10005bac                usbd_edpt_stall
 .text.usbd_edpt_clear_stall
                0x10005bec       0x40 CMakeFiles/pico.dir/C_/Users/Daniel/Desktop/pico/pico-sdk/lib/tinyusb/src/device/usbd.c.obj
                0x10005bec                usbd_edpt_clear_stall
 .text.usbd_edpt_stalled
                0x10005c2c       0x1c CMakeFiles/pico.dir/C_/Users/Daniel/Desktop/pico/pico-sdk/lib/tinyusb/src/device/usbd.c.obj
                0x10005c2c                usbd_edpt_stalled
 .text.process_control_request
                0x10005c48      0x3b8 CMakeFiles/pico.dir/C_/Users/Daniel/Desktop/pico/pico-sdk/lib/tinyusb/src/device/usbd.c.obj
 .text.tud_task
                0x10006000      0x218 CMakeFiles/pico.dir/C_/Users/Daniel/Desktop/pico/pico-sdk/lib/tinyusb/src/device/usbd.c.obj
                0x10006000                tud_task
 .text._data_stage_xact
                0x10006218       0x58 CMakeFiles/pico.dir/C_/Users/Daniel/Desktop/pico/pico-sdk/lib/tinyusb/src/device/usbd_control.c.obj
 .text.tud_control_status
                0x10006270       0x38 CMakeFiles/pico.dir/C_/Users/Daniel/Desktop/pico/pico-sdk/lib/tinyusb/src/device/usbd_control.c.obj
                0x10006270                tud_control_status
 .text.tud_control_xfer
                0x100062a8       0xa8 CMakeFiles/pico.dir/C_/Users/Daniel/Desktop/pico/pico-sdk/lib/tinyusb/src/device/usbd_control.c.obj
                0x100062a8                tud_control_xfer
 .text.usbd_control_reset
                0x10006350       0x14 CMakeFiles/pico.dir/C_/Users/Daniel/Desktop/pico/pico-sdk/lib/tinyusb/src/device/usbd_control.c.obj
                0x10006350                usbd_control_reset
 .text.usbd_control_set_complete_callback
                0x10006364        0xc CMakeFiles/pico.dir/C_/Users/Daniel/Desktop/pico/pico-sdk/lib/tinyusb/src/device/usbd_control.c.obj
                0x10006364                usbd_control_set_complete_callback
 .text.usbd_control_set_request
                0x10006370       0x1c CMakeFiles/pico.dir/C_/Users/Daniel/Desktop/pico/pico-sdk/lib/tinyusb/src/device/usbd_control.c.obj
                0x10006370                usbd_control_set_request
 .text.usbd_control_xfer_cb
                0x1000638c       0xfc CMakeFiles/pico.dir/C_/Users/Daniel/Desktop/pico/pico-sdk/lib/tinyusb/src/device/usbd_control.c.obj
                0x1000638c                usbd_control_xfer_cb
 .text._prep_out_transaction
                0x10006488       0x46 CMakeFiles/pico.dir/C_/Users/Daniel/Desktop/pico/pico-sdk/lib/tinyusb/src/class/cdc/cdc_device.c.obj
 *fill*         0x100064ce        0x2 
 .text.tud_cdc_n_connected
                0x100064d0       0x44 CMakeFiles/pico.dir/C_/Users/Daniel/Desktop/pico/pico-sdk/lib/tinyusb/src/class/cdc/cdc_device.c.obj
                0x100064d0                tud_cdc_n_connected
 .text.tud_cdc_n_available
                0x10006514       0x18 CMakeFiles/pico.dir/C_/Users/Daniel/Desktop/pico/pico-sdk/lib/tinyusb/src/class/cdc/cdc_device.c.obj
                0x10006514                tud_cdc_n_available
 .text.tud_cdc_n_read
                0x1000652c       0x28 CMakeFiles/pico.dir/C_/Users/Daniel/Desktop/pico/pico-sdk/lib/tinyusb/src/class/cdc/cdc_device.c.obj
                0x1000652c                tud_cdc_n_read
 .text.tud_cdc_n_write_flush
                0x10006554       0xcc CMakeFiles/pico.dir/C_/Users/Daniel/Desktop/pico/pico-sdk/lib/tinyusb/src/class/cdc/cdc_device.c.obj
                0x10006554                tud_cdc_n_write_flush
 .text.tud_cdc_n_write
                0x10006620       0x38 CMakeFiles/pico.dir/C_/Users/Daniel/Desktop/pico/pico-sdk/lib/tinyusb/src/class/cdc/cdc_device.c.obj
                0x10006620                tud_cdc_n_write
 .text.tud_cdc_n_write_available
                0x10006658       0x1c CMakeFiles/pico.dir/C_/Users/Daniel/Desktop/pico/pico-sdk/lib/tinyusb/src/class/cdc/cdc_device.c.obj
                0x10006658                tud_cdc_n_write_available
 .text.cdcd_init
                0x10006674       0xbc CMakeFiles/pico.dir/C_/Users/Daniel/Desktop/pico/pico-sdk/lib/tinyusb/src/class/cdc/cdc_device.c.obj
                0x10006674                cdcd_init
 .text.cdcd_reset
                0x10006730       0x44 CMakeFiles/pico.dir/C_/Users/Daniel/Desktop/pico/pico-sdk/lib/tinyusb/src/class/cdc/cdc_device.c.obj
                0x10006730                cdcd_reset
 .text.cdcd_open
                0x10006774       0xf8 CMakeFiles/pico.dir/C_/Users/Daniel/Desktop/pico/pico-sdk/lib/tinyusb/src/class/cdc/cdc_device.c.obj
                0x10006774                cdcd_open
 .text.cdcd_control_xfer_cb
                0x1000686c      0x134 CMakeFiles/pico.dir/C_/Users/Daniel/Desktop/pico/pico-sdk/lib/tinyusb/src/class/cdc/cdc_device.c.obj
                0x1000686c                cdcd_control_xfer_cb
 .text.cdcd_xfer_cb
                0x100069a0      0x144 CMakeFiles/pico.dir/C_/Users/Daniel/Desktop/pico/pico-sdk/lib/tinyusb/src/class/cdc/cdc_device.c.obj
                0x100069a0                cdcd_xfer_cb
 .text.tusb_init
                0x10006ae4       0x24 CMakeFiles/pico.dir/C_/Users/Daniel/Desktop/pico/pico-sdk/lib/tinyusb/src/tusb.c.obj
                0x10006ae4                tusb_init
 .text.tusb_inited
                0x10006b08        0xe CMakeFiles/pico.dir/C_/Users/Daniel/Desktop/pico/pico-sdk/lib/tinyusb/src/tusb.c.obj
                0x10006b08                tusb_inited
 *fill*         0x10006b16        0x2 
 .text.tu_edpt_validate
                0x10006b18       0xa8 CMakeFiles/pico.dir/C_/Users/Daniel/Desktop/pico/pico-sdk/lib/tinyusb/src/tusb.c.obj
                0x10006b18                tu_edpt_validate
 .text.tu_edpt_bind_driver
                0x10006bc0       0x2a CMakeFiles/pico.dir/C_/Users/Daniel/Desktop/pico/pico-sdk/lib/tinyusb/src/tusb.c.obj
                0x10006bc0                tu_edpt_bind_driver
 .text.advance_pointer
                0x10006bea       0x18 CMakeFiles/pico.dir/C_/Users/Daniel/Desktop/pico/pico-sdk/lib/tinyusb/src/common/tusb_fifo.c.obj
 .text.backward_pointer
                0x10006c02       0x1e CMakeFiles/pico.dir/C_/Users/Daniel/Desktop/pico/pico-sdk/lib/tinyusb/src/common/tusb_fifo.c.obj
 .text.get_relative_pointer
                0x10006c20       0x10 CMakeFiles/pico.dir/C_/Users/Daniel/Desktop/pico/pico-sdk/lib/tinyusb/src/common/tusb_fifo.c.obj
 .text._tu_fifo_peek
                0x10006c30       0x50 CMakeFiles/pico.dir/C_/Users/Daniel/Desktop/pico/pico-sdk/lib/tinyusb/src/common/tusb_fifo.c.obj
 .text._ff_pull_const_addr
                0x10006c80       0x4c CMakeFiles/pico.dir/C_/Users/Daniel/Desktop/pico/pico-sdk/lib/tinyusb/src/common/tusb_fifo.c.obj
 .text._ff_pull_n
                0x10006ccc      0x10c CMakeFiles/pico.dir/C_/Users/Daniel/Desktop/pico/pico-sdk/lib/tinyusb/src/common/tusb_fifo.c.obj
 .text._tu_fifo_peek_n
                0x10006dd8       0x5e CMakeFiles/pico.dir/C_/Users/Daniel/Desktop/pico/pico-sdk/lib/tinyusb/src/common/tusb_fifo.c.obj
 .text._tu_fifo_read_n
                0x10006e36       0x4e CMakeFiles/pico.dir/C_/Users/Daniel/Desktop/pico/pico-sdk/lib/tinyusb/src/common/tusb_fifo.c.obj
 .text._ff_push_const_addr
                0x10006e84       0x40 CMakeFiles/pico.dir/C_/Users/Daniel/Desktop/pico/pico-sdk/lib/tinyusb/src/common/tusb_fifo.c.obj
 .text._ff_push_n
                0x10006ec4      0x108 CMakeFiles/pico.dir/C_/Users/Daniel/Desktop/pico/pico-sdk/lib/tinyusb/src/common/tusb_fifo.c.obj
 .text._tu_fifo_write_n
                0x10006fcc       0x9e CMakeFiles/pico.dir/C_/Users/Daniel/Desktop/pico/pico-sdk/lib/tinyusb/src/common/tusb_fifo.c.obj
 .text.tu_fifo_config
                0x1000706a       0x72 CMakeFiles/pico.dir/C_/Users/Daniel/Desktop/pico/pico-sdk/lib/tinyusb/src/common/tusb_fifo.c.obj
                0x1000706a                tu_fifo_config
 .text.tu_fifo_count
                0x100070dc       0x26 CMakeFiles/pico.dir/C_/Users/Daniel/Desktop/pico/pico-sdk/lib/tinyusb/src/common/tusb_fifo.c.obj
                0x100070dc                tu_fifo_count
 .text.tu_fifo_empty
                0x10007102       0x10 CMakeFiles/pico.dir/C_/Users/Daniel/Desktop/pico/pico-sdk/lib/tinyusb/src/common/tusb_fifo.c.obj
                0x10007102                tu_fifo_empty
 .text.tu_fifo_remaining
                0x10007112       0x20 CMakeFiles/pico.dir/C_/Users/Daniel/Desktop/pico/pico-sdk/lib/tinyusb/src/common/tusb_fifo.c.obj
                0x10007112                tu_fifo_remaining
 .text.tu_fifo_read
                0x10007132       0x42 CMakeFiles/pico.dir/C_/Users/Daniel/Desktop/pico/pico-sdk/lib/tinyusb/src/common/tusb_fifo.c.obj
                0x10007132                tu_fifo_read
 .text.tu_fifo_read_n
                0x10007174        0xa CMakeFiles/pico.dir/C_/Users/Daniel/Desktop/pico/pico-sdk/lib/tinyusb/src/common/tusb_fifo.c.obj
                0x10007174                tu_fifo_read_n
 .text.tu_fifo_write
                0x1000717e       0x6c CMakeFiles/pico.dir/C_/Users/Daniel/Desktop/pico/pico-sdk/lib/tinyusb/src/common/tusb_fifo.c.obj
                0x1000717e                tu_fifo_write
 .text.tu_fifo_write_n
                0x100071ea        0xa CMakeFiles/pico.dir/C_/Users/Daniel/Desktop/pico/pico-sdk/lib/tinyusb/src/common/tusb_fifo.c.obj
                0x100071ea                tu_fifo_write_n
 .text.tu_fifo_clear
                0x100071f4       0x4c CMakeFiles/pico.dir/C_/Users/Daniel/Desktop/pico/pico-sdk/lib/tinyusb/src/common/tusb_fifo.c.obj
                0x100071f4                tu_fifo_clear
 .text.tu_fifo_set_overwritable
                0x10007240       0x3c CMakeFiles/pico.dir/C_/Users/Daniel/Desktop/pico/pico-sdk/lib/tinyusb/src/common/tusb_fifo.c.obj
                0x10007240                tu_fifo_set_overwritable
 .text._retrieve_unique_id_on_boot
                0x1000727c       0x10 CMakeFiles/pico.dir/C_/Users/Daniel/Desktop/pico/pico-sdk/src/rp2_common/pico_unique_id/unique_id.c.obj
 .text.pico_get_unique_board_id
                0x1000728c       0x10 CMakeFiles/pico.dir/C_/Users/Daniel/Desktop/pico/pico-sdk/src/rp2_common/pico_unique_id/unique_id.c.obj
                0x1000728c                pico_get_unique_board_id
 .text.pico_get_unique_board_id_string
                0x1000729c       0x60 CMakeFiles/pico.dir/C_/Users/Daniel/Desktop/pico/pico-sdk/src/rp2_common/pico_unique_id/unique_id.c.obj
                0x1000729c                pico_get_unique_board_id_string
 .text.flash_get_unique_id
                0x100072fc       0x46 CMakeFiles/pico.dir/C_/Users/Daniel/Desktop/pico/pico-sdk/src/rp2_common/hardware_flash/flash.c.obj
                0x100072fc                flash_get_unique_id
 *fill*         0x10007342        0x2 
 .text.status_name
                0x10007344       0x54 CMakeFiles/pico.dir/C_/Users/Daniel/Desktop/pico/pico-sdk/src/rp2_common/pico_cyw43_arch/cyw43_arch.c.obj
 .text.cyw43_arch_wifi_connect_async
                0x10007398       0x48 CMakeFiles/pico.dir/C_/Users/Daniel/Desktop/pico/pico-sdk/src/rp2_common/pico_cyw43_arch/cyw43_arch.c.obj
                0x10007398                cyw43_arch_wifi_connect_async
 .text.cyw43_arch_wifi_connect_until
                0x100073e0       0x90 CMakeFiles/pico.dir/C_/Users/Daniel/Desktop/pico/pico-sdk/src/rp2_common/pico_cyw43_arch/cyw43_arch.c.obj
                0x100073e0                cyw43_arch_wifi_connect_until
 .text.cyw43_arch_wifi_connect_timeout_ms
                0x10007470       0x88 CMakeFiles/pico.dir/C_/Users/Daniel/Desktop/pico/pico-sdk/src/rp2_common/pico_cyw43_arch/cyw43_arch.c.obj
                0x10007470                cyw43_arch_wifi_connect_timeout_ms
 .text.storage_read_blocks
                0x100074f8        0x6 CMakeFiles/pico.dir/C_/Users/Daniel/Desktop/pico/pico-sdk/src/rp2_common/pico_cyw43_arch/cyw43_arch.c.obj
                0x100074f8                storage_read_blocks
 *fill*         0x100074fe        0x2 
 .text.cyw43_hal_generate_laa_mac
                0x10007500       0x34 CMakeFiles/pico.dir/C_/Users/Daniel/Desktop/pico/pico-sdk/src/rp2_common/pico_cyw43_arch/cyw43_arch.c.obj
                0x10007500                cyw43_hal_generate_laa_mac
 .text.cyw43_hal_get_mac
                0x10007534       0x1c CMakeFiles/pico.dir/C_/Users/Daniel/Desktop/pico/pico-sdk/src/rp2_common/pico_cyw43_arch/cyw43_arch.c.obj
                0x10007534                cyw43_hal_get_mac
 .text.cyw43_arch_get_country_code
                0x10007550        0xc CMakeFiles/pico.dir/C_/Users/Daniel/Desktop/pico/pico-sdk/src/rp2_common/pico_cyw43_arch/cyw43_arch.c.obj
                0x10007550                cyw43_arch_get_country_code
 .text.cyw43_arch_enable_sta_mode
                0x1000755c       0x40 CMakeFiles/pico.dir/C_/Users/Daniel/Desktop/pico/pico-sdk/src/rp2_common/pico_cyw43_arch/cyw43_arch.c.obj
                0x1000755c                cyw43_arch_enable_sta_mode
 .text.cyw43_post_poll_hook
                0x1000759c        0xe CMakeFiles/pico.dir/C_/Users/Daniel/Desktop/pico/pico-sdk/src/rp2_common/pico_cyw43_arch/cyw43_arch_poll.c.obj
                0x1000759c                cyw43_post_poll_hook
 *fill*         0x100075aa        0x2 
 .text.cyw43_arch_init
                0x100075ac       0x58 CMakeFiles/pico.dir/C_/Users/Daniel/Desktop/pico/pico-sdk/src/rp2_common/pico_cyw43_arch/cyw43_arch_poll.c.obj
                0x100075ac                cyw43_arch_init
 .text.cyw43_arch_deinit
                0x10007604       0x28 CMakeFiles/pico.dir/C_/Users/Daniel/Desktop/pico/pico-sdk/src/rp2_common/pico_cyw43_arch/cyw43_arch_poll.c.obj
                0x10007604                cyw43_arch_deinit
 .text.cyw43_schedule_internal_poll_dispatch
                0x1000762c        0xc CMakeFiles/pico.dir/C_/Users/Daniel/Desktop/pico/pico-sdk/src/rp2_common/pico_cyw43_arch/cyw43_arch_poll.c.obj
                0x1000762c                cyw43_schedule_internal_poll_dispatch
 .text.gpio_irq_handler
                0x10007638       0x58 CMakeFiles/pico.dir/C_/Users/Daniel/Desktop/pico/pico-sdk/src/rp2_common/pico_cyw43_arch/cyw43_arch_poll.c.obj
 .text.cyw43_arch_poll
                0x10007690       0x88 CMakeFiles/pico.dir/C_/Users/Daniel/Desktop/pico/pico-sdk/src/rp2_common/pico_cyw43_arch/cyw43_arch_poll.c.obj
                0x10007690                cyw43_arch_poll
 .text.cyw43_thread_check
                0x10007718       0x28 CMakeFiles/pico.dir/C_/Users/Daniel/Desktop/pico/pico-sdk/src/rp2_common/pico_cyw43_arch/cyw43_arch_poll.c.obj
                0x10007718                cyw43_thread_check
 .text.cs_set   0x10007740       0x1c CMakeFiles/pico.dir/C_/Users/Daniel/Desktop/pico/pico-sdk/src/rp2_common/cyw43_driver/cyw43_bus_pio_spi.c.obj
 .text.start_spi_comms
                0x1000775c       0x18 CMakeFiles/pico.dir/C_/Users/Daniel/Desktop/pico/pico-sdk/src/rp2_common/cyw43_driver/cyw43_bus_pio_spi.c.obj
 .text.ns_delay
                0x10007774       0x20 CMakeFiles/pico.dir/C_/Users/Daniel/Desktop/pico/pico-sdk/src/rp2_common/cyw43_driver/cyw43_bus_pio_spi.c.obj
 .text.stop_spi_comms
                0x10007794       0x10 CMakeFiles/pico.dir/C_/Users/Daniel/Desktop/pico/pico-sdk/src/rp2_common/cyw43_driver/cyw43_bus_pio_spi.c.obj
 .text.cyw43_spi_deinit
                0x100077a4       0x64 CMakeFiles/pico.dir/C_/Users/Daniel/Desktop/pico/pico-sdk/src/rp2_common/cyw43_driver/cyw43_bus_pio_spi.c.obj
                0x100077a4                cyw43_spi_deinit
 .text.cyw43_spi_init
                0x10007808      0x28c CMakeFiles/pico.dir/C_/Users/Daniel/Desktop/pico/pico-sdk/src/rp2_common/cyw43_driver/cyw43_bus_pio_spi.c.obj
                0x10007808                cyw43_spi_init
 .text.cyw43_spi_transfer
                0x10007a94      0x660 CMakeFiles/pico.dir/C_/Users/Daniel/Desktop/pico/pico-sdk/src/rp2_common/cyw43_driver/cyw43_bus_pio_spi.c.obj
                0x10007a94                cyw43_spi_transfer
 .text.cyw43_spi_gpio_setup
                0x100080f4       0x3a CMakeFiles/pico.dir/C_/Users/Daniel/Desktop/pico/pico-sdk/src/rp2_common/cyw43_driver/cyw43_bus_pio_spi.c.obj
                0x100080f4                cyw43_spi_gpio_setup
 .text.cyw43_spi_reset
                0x1000812e       0x28 CMakeFiles/pico.dir/C_/Users/Daniel/Desktop/pico/pico-sdk/src/rp2_common/cyw43_driver/cyw43_bus_pio_spi.c.obj
                0x1000812e                cyw43_spi_reset
 *fill*         0x10008156        0x2 
 .text.read_reg_u32_swap
                0x10008158       0x68 CMakeFiles/pico.dir/C_/Users/Daniel/Desktop/pico/pico-sdk/src/rp2_common/cyw43_driver/cyw43_bus_pio_spi.c.obj
                0x10008158                read_reg_u32_swap
 .text.cyw43_read_reg_u32
                0x100081c0       0x50 CMakeFiles/pico.dir/C_/Users/Daniel/Desktop/pico/pico-sdk/src/rp2_common/cyw43_driver/cyw43_bus_pio_spi.c.obj
                0x100081c0                cyw43_read_reg_u32
 .text.cyw43_read_reg_u16
                0x10008210       0x50 CMakeFiles/pico.dir/C_/Users/Daniel/Desktop/pico/pico-sdk/src/rp2_common/cyw43_driver/cyw43_bus_pio_spi.c.obj
                0x10008210                cyw43_read_reg_u16
 .text.cyw43_read_reg_u8
                0x10008260       0x50 CMakeFiles/pico.dir/C_/Users/Daniel/Desktop/pico/pico-sdk/src/rp2_common/cyw43_driver/cyw43_bus_pio_spi.c.obj
                0x10008260                cyw43_read_reg_u8
 .text.write_reg_u32_swap
                0x100082b0       0x34 CMakeFiles/pico.dir/C_/Users/Daniel/Desktop/pico/pico-sdk/src/rp2_common/cyw43_driver/cyw43_bus_pio_spi.c.obj
                0x100082b0                write_reg_u32_swap
 .text.cyw43_write_reg_u32
                0x100082e4       0x58 CMakeFiles/pico.dir/C_/Users/Daniel/Desktop/pico/pico-sdk/src/rp2_common/cyw43_driver/cyw43_bus_pio_spi.c.obj
                0x100082e4                cyw43_write_reg_u32
 .text.cyw43_write_reg_u16
                0x1000833c       0x58 CMakeFiles/pico.dir/C_/Users/Daniel/Desktop/pico/pico-sdk/src/rp2_common/cyw43_driver/cyw43_bus_pio_spi.c.obj
                0x1000833c                cyw43_write_reg_u16
 .text.cyw43_write_reg_u8
                0x10008394       0x58 CMakeFiles/pico.dir/C_/Users/Daniel/Desktop/pico/pico-sdk/src/rp2_common/cyw43_driver/cyw43_bus_pio_spi.c.obj
                0x10008394                cyw43_write_reg_u8
 .text.cyw43_read_bytes
                0x100083ec       0xc4 CMakeFiles/pico.dir/C_/Users/Daniel/Desktop/pico/pico-sdk/src/rp2_common/cyw43_driver/cyw43_bus_pio_spi.c.obj
                0x100083ec                cyw43_read_bytes
 .text.cyw43_write_bytes
                0x100084b0      0x134 CMakeFiles/pico.dir/C_/Users/Daniel/Desktop/pico/pico-sdk/src/rp2_common/cyw43_driver/cyw43_bus_pio_spi.c.obj
                0x100084b0                cyw43_write_bytes
 .text.get_core_address
                0x100085e4       0x1c CMakeFiles/pico.dir/C_/Users/Daniel/Desktop/pico/pico-sdk/lib/cyw43-driver/src/cyw43_ll.c.obj
 .text.sdpcm_process_rx_packet
                0x10008600      0x180 CMakeFiles/pico.dir/C_/Users/Daniel/Desktop/pico/pico-sdk/lib/cyw43-driver/src/cyw43_ll.c.obj
 .text.cyw43_ll_wifi_parse_scan_result
                0x10008780       0x9c CMakeFiles/pico.dir/C_/Users/Daniel/Desktop/pico/pico-sdk/lib/cyw43-driver/src/cyw43_ll.c.obj
 .text.cyw43_ll_parse_async_event
                0x1000881c       0x8e CMakeFiles/pico.dir/C_/Users/Daniel/Desktop/pico/pico-sdk/lib/cyw43-driver/src/cyw43_ll.c.obj
 *fill*         0x100088aa        0x2 
 .text.cyw43_read_reg
                0x100088ac       0x48 CMakeFiles/pico.dir/C_/Users/Daniel/Desktop/pico/pico-sdk/lib/cyw43-driver/src/cyw43_ll.c.obj
 .text.cyw43_kso_set
                0x100088f4       0x98 CMakeFiles/pico.dir/C_/Users/Daniel/Desktop/pico/pico-sdk/lib/cyw43-driver/src/cyw43_ll.c.obj
 .text.cyw43_ll_bus_sleep_helper
                0x1000898c        0xe CMakeFiles/pico.dir/C_/Users/Daniel/Desktop/pico/pico-sdk/lib/cyw43-driver/src/cyw43_ll.c.obj
 *fill*         0x1000899a        0x2 
 .text.cyw43_write_reg
                0x1000899c       0x4c CMakeFiles/pico.dir/C_/Users/Daniel/Desktop/pico/pico-sdk/lib/cyw43-driver/src/cyw43_ll.c.obj
 .text.cyw43_set_backplane_window
                0x100089e8       0x74 CMakeFiles/pico.dir/C_/Users/Daniel/Desktop/pico/pico-sdk/lib/cyw43-driver/src/cyw43_ll.c.obj
 .text.cyw43_read_backplane
                0x10008a5c       0x36 CMakeFiles/pico.dir/C_/Users/Daniel/Desktop/pico/pico-sdk/lib/cyw43-driver/src/cyw43_ll.c.obj
 *fill*         0x10008a92        0x2 
 .text.disable_device_core
                0x10008a94       0x3c CMakeFiles/pico.dir/C_/Users/Daniel/Desktop/pico/pico-sdk/lib/cyw43-driver/src/cyw43_ll.c.obj
 .text.device_core_is_up
                0x10008ad0       0x4c CMakeFiles/pico.dir/C_/Users/Daniel/Desktop/pico/pico-sdk/lib/cyw43-driver/src/cyw43_ll.c.obj
 .text.cyw43_write_backplane
                0x10008b1c       0x3a CMakeFiles/pico.dir/C_/Users/Daniel/Desktop/pico/pico-sdk/lib/cyw43-driver/src/cyw43_ll.c.obj
 .text.reset_device_core
                0x10008b56       0x74 CMakeFiles/pico.dir/C_/Users/Daniel/Desktop/pico/pico-sdk/lib/cyw43-driver/src/cyw43_ll.c.obj
 *fill*         0x10008bca        0x2 
 .text.cyw43_download_resource
                0x10008bcc      0x178 CMakeFiles/pico.dir/C_/Users/Daniel/Desktop/pico/pico-sdk/lib/cyw43-driver/src/cyw43_ll.c.obj
 .text.cyw43_ll_init
                0x10008d44       0x1e CMakeFiles/pico.dir/C_/Users/Daniel/Desktop/pico/pico-sdk/lib/cyw43-driver/src/cyw43_ll.c.obj
                0x10008d44                cyw43_ll_init
 .text.cyw43_ll_deinit
                0x10008d62        0x8 CMakeFiles/pico.dir/C_/Users/Daniel/Desktop/pico/pico-sdk/lib/cyw43-driver/src/cyw43_ll.c.obj
                0x10008d62                cyw43_ll_deinit
 .text.cyw43_ll_bus_sleep
                0x10008d6a       0x34 CMakeFiles/pico.dir/C_/Users/Daniel/Desktop/pico/pico-sdk/lib/cyw43-driver/src/cyw43_ll.c.obj
                0x10008d6a                cyw43_ll_bus_sleep
 *fill*         0x10008d9e        0x2 
 .text.cyw43_ll_sdpcm_poll_device
                0x10008da0      0x158 CMakeFiles/pico.dir/C_/Users/Daniel/Desktop/pico/pico-sdk/lib/cyw43-driver/src/cyw43_ll.c.obj
 .text.cyw43_ll_process_packets
                0x10008ef8       0x58 CMakeFiles/pico.dir/C_/Users/Daniel/Desktop/pico/pico-sdk/lib/cyw43-driver/src/cyw43_ll.c.obj
                0x10008ef8                cyw43_ll_process_packets
 .text.cyw43_sdpcm_send_common
                0x10008f50      0x16c CMakeFiles/pico.dir/C_/Users/Daniel/Desktop/pico/pico-sdk/lib/cyw43-driver/src/cyw43_ll.c.obj
 .text.cyw43_ll_send_ethernet
                0x100090bc       0x5e CMakeFiles/pico.dir/C_/Users/Daniel/Desktop/pico/pico-sdk/lib/cyw43-driver/src/cyw43_ll.c.obj
                0x100090bc                cyw43_ll_send_ethernet
 .text.cyw43_send_ioctl
                0x1000911a       0x56 CMakeFiles/pico.dir/C_/Users/Daniel/Desktop/pico/pico-sdk/lib/cyw43-driver/src/cyw43_ll.c.obj
 .text.cyw43_do_ioctl
                0x10009170       0xc0 CMakeFiles/pico.dir/C_/Users/Daniel/Desktop/pico/pico-sdk/lib/cyw43-driver/src/cyw43_ll.c.obj
 .text.cyw43_ll_ioctl
                0x10009230       0x1e CMakeFiles/pico.dir/C_/Users/Daniel/Desktop/pico/pico-sdk/lib/cyw43-driver/src/cyw43_ll.c.obj
                0x10009230                cyw43_ll_ioctl
 *fill*         0x1000924e        0x2 
 .text.cyw43_clm_load
                0x10009250       0xdc CMakeFiles/pico.dir/C_/Users/Daniel/Desktop/pico/pico-sdk/lib/cyw43-driver/src/cyw43_ll.c.obj
 .text.cyw43_write_iovar_u32
                0x1000932c       0x60 CMakeFiles/pico.dir/C_/Users/Daniel/Desktop/pico/pico-sdk/lib/cyw43-driver/src/cyw43_ll.c.obj
 .text.cyw43_write_iovar_n
                0x1000938c       0x50 CMakeFiles/pico.dir/C_/Users/Daniel/Desktop/pico/pico-sdk/lib/cyw43-driver/src/cyw43_ll.c.obj
 .text.cyw43_do_ioctl_u32
                0x100093dc       0x2e CMakeFiles/pico.dir/C_/Users/Daniel/Desktop/pico/pico-sdk/lib/cyw43-driver/src/cyw43_ll.c.obj
 .text.cyw43_write_iovar_u32_u32
                0x1000940a       0x74 CMakeFiles/pico.dir/C_/Users/Daniel/Desktop/pico/pico-sdk/lib/cyw43-driver/src/cyw43_ll.c.obj
 *fill*         0x1000947e        0x2 
 .text.cyw43_ll_wifi_on
                0x10009480      0x220 CMakeFiles/pico.dir/C_/Users/Daniel/Desktop/pico/pico-sdk/lib/cyw43-driver/src/cyw43_ll.c.obj
                0x10009480                cyw43_ll_wifi_on
 .text.cyw43_ll_wifi_get_mac
                0x100096a0       0x48 CMakeFiles/pico.dir/C_/Users/Daniel/Desktop/pico/pico-sdk/lib/cyw43-driver/src/cyw43_ll.c.obj
                0x100096a0                cyw43_ll_wifi_get_mac
 .text.cyw43_ll_bus_init
                0x100096e8      0x360 CMakeFiles/pico.dir/C_/Users/Daniel/Desktop/pico/pico-sdk/lib/cyw43-driver/src/cyw43_ll.c.obj
                0x100096e8                cyw43_ll_bus_init
 .text.cyw43_ll_wifi_pm
                0x10009a48       0xd0 CMakeFiles/pico.dir/C_/Users/Daniel/Desktop/pico/pico-sdk/lib/cyw43-driver/src/cyw43_ll.c.obj
                0x10009a48                cyw43_ll_wifi_pm
 .text.cyw43_ll_wifi_join
                0x10009b18      0x25c CMakeFiles/pico.dir/C_/Users/Daniel/Desktop/pico/pico-sdk/lib/cyw43-driver/src/cyw43_ll.c.obj
                0x10009b18                cyw43_ll_wifi_join
 .text.cyw43_ll_wifi_set_wpa_auth
                0x10009d74       0x16 CMakeFiles/pico.dir/C_/Users/Daniel/Desktop/pico/pico-sdk/lib/cyw43-driver/src/cyw43_ll.c.obj
                0x10009d74                cyw43_ll_wifi_set_wpa_auth
 *fill*         0x10009d8a        0x2 
 .text.cyw43_ll_wifi_rejoin
                0x10009d8c       0x20 CMakeFiles/pico.dir/C_/Users/Daniel/Desktop/pico/pico-sdk/lib/cyw43-driver/src/cyw43_ll.c.obj
                0x10009d8c                cyw43_ll_wifi_rejoin
 .text.cyw43_ll_wifi_ap_init
                0x10009dac      0x1a0 CMakeFiles/pico.dir/C_/Users/Daniel/Desktop/pico/pico-sdk/lib/cyw43-driver/src/cyw43_ll.c.obj
                0x10009dac                cyw43_ll_wifi_ap_init
 .text.cyw43_ll_wifi_ap_set_up
                0x10009f4c       0x1c CMakeFiles/pico.dir/C_/Users/Daniel/Desktop/pico/pico-sdk/lib/cyw43-driver/src/cyw43_ll.c.obj
                0x10009f4c                cyw43_ll_wifi_ap_set_up
 .text.cyw43_ll_has_work
                0x10009f68       0x12 CMakeFiles/pico.dir/C_/Users/Daniel/Desktop/pico/pico-sdk/lib/cyw43-driver/src/cyw43_ll.c.obj
                0x10009f68                cyw43_ll_has_work
 *fill*         0x10009f7a        0x2 
 .text.cyw43_netif_init
                0x10009f7c       0x3c CMakeFiles/pico.dir/C_/Users/Daniel/Desktop/pico/pico-sdk/lib/cyw43-driver/src/cyw43_lwip.c.obj
 .text.cyw43_netif_output
                0x10009fb8       0x38 CMakeFiles/pico.dir/C_/Users/Daniel/Desktop/pico/pico-sdk/lib/cyw43-driver/src/cyw43_lwip.c.obj
 .text.cyw43_cb_tcpip_init
                0x10009ff0       0xc4 CMakeFiles/pico.dir/C_/Users/Daniel/Desktop/pico/pico-sdk/lib/cyw43-driver/src/cyw43_lwip.c.obj
                0x10009ff0                cyw43_cb_tcpip_init
 .text.cyw43_cb_tcpip_deinit
                0x1000a0b4       0x44 CMakeFiles/pico.dir/C_/Users/Daniel/Desktop/pico/pico-sdk/lib/cyw43-driver/src/cyw43_lwip.c.obj
                0x1000a0b4                cyw43_cb_tcpip_deinit
 .text.cyw43_cb_process_ethernet
                0x1000a0f8       0x74 CMakeFiles/pico.dir/C_/Users/Daniel/Desktop/pico/pico-sdk/lib/cyw43-driver/src/cyw43_lwip.c.obj
                0x1000a0f8                cyw43_cb_process_ethernet
 .text.cyw43_cb_tcpip_set_link_up
                0x1000a16c       0x16 CMakeFiles/pico.dir/C_/Users/Daniel/Desktop/pico/pico-sdk/lib/cyw43-driver/src/cyw43_lwip.c.obj
                0x1000a16c                cyw43_cb_tcpip_set_link_up
 .text.cyw43_cb_tcpip_set_link_down
                0x1000a182       0x16 CMakeFiles/pico.dir/C_/Users/Daniel/Desktop/pico/pico-sdk/lib/cyw43-driver/src/cyw43_lwip.c.obj
                0x1000a182                cyw43_cb_tcpip_set_link_down
 .text.cyw43_tcpip_link_status
                0x1000a198       0x3c CMakeFiles/pico.dir/C_/Users/Daniel/Desktop/pico/pico-sdk/lib/cyw43-driver/src/cyw43_lwip.c.obj
                0x1000a198                cyw43_tcpip_link_status
 .text.cyw43_poll_func
                0x1000a1d4       0xac CMakeFiles/pico.dir/C_/Users/Daniel/Desktop/pico/pico-sdk/lib/cyw43-driver/src/cyw43_ctrl.c.obj
 .text.cyw43_dump_async_event
                0x1000a280       0x8c CMakeFiles/pico.dir/C_/Users/Daniel/Desktop/pico/pico-sdk/lib/cyw43-driver/src/cyw43_ctrl.c.obj
 .text.cyw43_ensure_up
                0x1000a30c       0xec CMakeFiles/pico.dir/C_/Users/Daniel/Desktop/pico/pico-sdk/lib/cyw43-driver/src/cyw43_ctrl.c.obj
 .text.cyw43_wifi_on
                0x1000a3f8       0x1a CMakeFiles/pico.dir/C_/Users/Daniel/Desktop/pico/pico-sdk/lib/cyw43-driver/src/cyw43_ctrl.c.obj
 *fill*         0x1000a412        0x2 
 .text.cyw43_wifi_ap_init
                0x1000a414       0x50 CMakeFiles/pico.dir/C_/Users/Daniel/Desktop/pico/pico-sdk/lib/cyw43-driver/src/cyw43_ctrl.c.obj
 .text.cyw43_wifi_ap_set_up
                0x1000a464       0x1a CMakeFiles/pico.dir/C_/Users/Daniel/Desktop/pico/pico-sdk/lib/cyw43-driver/src/cyw43_ctrl.c.obj
 *fill*         0x1000a47e        0x2 
 .text.cyw43_init
                0x1000a480       0x8c CMakeFiles/pico.dir/C_/Users/Daniel/Desktop/pico/pico-sdk/lib/cyw43-driver/src/cyw43_ctrl.c.obj
                0x1000a480                cyw43_init
 .text.cyw43_deinit
                0x1000a50c       0x2c CMakeFiles/pico.dir/C_/Users/Daniel/Desktop/pico/pico-sdk/lib/cyw43-driver/src/cyw43_ctrl.c.obj
                0x1000a50c                cyw43_deinit
 .text.cyw43_cb_read_host_interrupt_pin
                0x1000a538        0xe CMakeFiles/pico.dir/C_/Users/Daniel/Desktop/pico/pico-sdk/lib/cyw43-driver/src/cyw43_ctrl.c.obj
                0x1000a538                cyw43_cb_read_host_interrupt_pin
 *fill*         0x1000a546        0x2 
 .text.cyw43_cb_ensure_awake
                0x1000a548        0xc CMakeFiles/pico.dir/C_/Users/Daniel/Desktop/pico/pico-sdk/lib/cyw43-driver/src/cyw43_ctrl.c.obj
                0x1000a548                cyw43_cb_ensure_awake
 .text.cyw43_cb_process_async_event
                0x1000a554      0x1d0 CMakeFiles/pico.dir/C_/Users/Daniel/Desktop/pico/pico-sdk/lib/cyw43-driver/src/cyw43_ctrl.c.obj
                0x1000a554                cyw43_cb_process_async_event
 .text.cyw43_send_ethernet
                0x1000a724       0x2c CMakeFiles/pico.dir/C_/Users/Daniel/Desktop/pico/pico-sdk/lib/cyw43-driver/src/cyw43_ctrl.c.obj
                0x1000a724                cyw43_send_ethernet
 .text.cyw43_wifi_pm
                0x1000a750       0x38 CMakeFiles/pico.dir/C_/Users/Daniel/Desktop/pico/pico-sdk/lib/cyw43-driver/src/cyw43_ctrl.c.obj
                0x1000a750                cyw43_wifi_pm
 .text.cyw43_wifi_get_mac
                0x1000a788        0xe CMakeFiles/pico.dir/C_/Users/Daniel/Desktop/pico/pico-sdk/lib/cyw43-driver/src/cyw43_ctrl.c.obj
                0x1000a788                cyw43_wifi_get_mac
 *fill*         0x1000a796        0x2 
 .text.cyw43_wifi_set_up
                0x1000a798       0x78 CMakeFiles/pico.dir/C_/Users/Daniel/Desktop/pico/pico-sdk/lib/cyw43-driver/src/cyw43_ctrl.c.obj
                0x1000a798                cyw43_wifi_set_up
 .text.cyw43_wifi_link_status
                0x1000a810       0x3a CMakeFiles/pico.dir/C_/Users/Daniel/Desktop/pico/pico-sdk/lib/cyw43-driver/src/cyw43_ctrl.c.obj
                0x1000a810                cyw43_wifi_link_status
 *fill*         0x1000a84a        0x2 
 .text.cyw43_wifi_join
                0x1000a84c       0x68 CMakeFiles/pico.dir/C_/Users/Daniel/Desktop/pico/pico-sdk/lib/cyw43-driver/src/cyw43_ctrl.c.obj
                0x1000a84c                cyw43_wifi_join
 .text._pio_can_add_program_at_offset
                0x1000a8b4       0x3c CMakeFiles/pico.dir/C_/Users/Daniel/Desktop/pico/pico-sdk/src/rp2_common/hardware_pio/pio.c.obj
 .text._pio_find_offset_for_program
                0x1000a8f0       0x7c CMakeFiles/pico.dir/C_/Users/Daniel/Desktop/pico/pico-sdk/src/rp2_common/hardware_pio/pio.c.obj
 .text._pio_add_program_at_offset
                0x1000a96c       0x78 CMakeFiles/pico.dir/C_/Users/Daniel/Desktop/pico/pico-sdk/src/rp2_common/hardware_pio/pio.c.obj
 .text.pio_sm_unclaim
                0x1000a9e4       0x20 CMakeFiles/pico.dir/C_/Users/Daniel/Desktop/pico/pico-sdk/src/rp2_common/hardware_pio/pio.c.obj
                0x1000a9e4                pio_sm_unclaim
 .text.pio_claim_unused_sm
                0x1000aa04       0x3c CMakeFiles/pico.dir/C_/Users/Daniel/Desktop/pico/pico-sdk/src/rp2_common/hardware_pio/pio.c.obj
                0x1000aa04                pio_claim_unused_sm
 .text.pio_can_add_program
                0x1000aa40       0x26 CMakeFiles/pico.dir/C_/Users/Daniel/Desktop/pico/pico-sdk/src/rp2_common/hardware_pio/pio.c.obj
                0x1000aa40                pio_can_add_program
 *fill*         0x1000aa66        0x2 
 .text.pio_add_program
                0x1000aa68       0x38 CMakeFiles/pico.dir/C_/Users/Daniel/Desktop/pico/pico-sdk/src/rp2_common/hardware_pio/pio.c.obj
                0x1000aa68                pio_add_program
 .text.pio_remove_program
                0x1000aaa0       0x58 CMakeFiles/pico.dir/C_/Users/Daniel/Desktop/pico/pico-sdk/src/rp2_common/hardware_pio/pio.c.obj
                0x1000aaa0                pio_remove_program
 .text.pio_sm_set_pindirs_with_mask
                0x1000aaf8       0x70 CMakeFiles/pico.dir/C_/Users/Daniel/Desktop/pico/pico-sdk/src/rp2_common/hardware_pio/pio.c.obj
                0x1000aaf8                pio_sm_set_pindirs_with_mask
 .text.pio_sm_set_consecutive_pindirs
                0x1000ab68       0x70 CMakeFiles/pico.dir/C_/Users/Daniel/Desktop/pico/pico-sdk/src/rp2_common/hardware_pio/pio.c.obj
                0x1000ab68                pio_sm_set_consecutive_pindirs
 .text.dma_channel_unclaim
                0x1000abd8       0x10 CMakeFiles/pico.dir/C_/Users/Daniel/Desktop/pico/pico-sdk/src/rp2_common/hardware_dma/dma.c.obj
                0x1000abd8                dma_channel_unclaim
 .text.dma_claim_unused_channel
                0x1000abe8       0x20 CMakeFiles/pico.dir/C_/Users/Daniel/Desktop/pico/pico-sdk/src/rp2_common/hardware_dma/dma.c.obj
                0x1000abe8                dma_claim_unused_channel
 .text.lwip_init
                0x1000ac08       0x24 CMakeFiles/pico.dir/C_/Users/Daniel/Desktop/pico/pico-sdk/lib/lwip/src/core/init.c.obj
                0x1000ac08                lwip_init
 .text.lwip_htons
                0x1000ac2c        0xa CMakeFiles/pico.dir/C_/Users/Daniel/Desktop/pico/pico-sdk/lib/lwip/src/core/def.c.obj
                0x1000ac2c                lwip_htons
 .text.lwip_htonl
                0x1000ac36       0x1c CMakeFiles/pico.dir/C_/Users/Daniel/Desktop/pico/pico-sdk/lib/lwip/src/core/def.c.obj
                0x1000ac36                lwip_htonl
 *fill*         0x1000ac52        0x2 
 .text.dns_backupserver_available
                0x1000ac54       0x28 CMakeFiles/pico.dir/C_/Users/Daniel/Desktop/pico/pico-sdk/lib/lwip/src/core/dns.c.obj
 .text.dns_create_txid
                0x1000ac7c       0x3c CMakeFiles/pico.dir/C_/Users/Daniel/Desktop/pico/pico-sdk/lib/lwip/src/core/dns.c.obj
 .text.dns_call_found
                0x1000acb8       0xf4 CMakeFiles/pico.dir/C_/Users/Daniel/Desktop/pico/pico-sdk/lib/lwip/src/core/dns.c.obj
 .text.dns_send
                0x1000adac      0x168 CMakeFiles/pico.dir/C_/Users/Daniel/Desktop/pico/pico-sdk/lib/lwip/src/core/dns.c.obj
 .text.dns_check_entry
                0x1000af14       0xf4 CMakeFiles/pico.dir/C_/Users/Daniel/Desktop/pico/pico-sdk/lib/lwip/src/core/dns.c.obj
 .text.dns_check_entries
                0x1000b008       0x16 CMakeFiles/pico.dir/C_/Users/Daniel/Desktop/pico/pico-sdk/lib/lwip/src/core/dns.c.obj
 .text.dns_init
                0x1000b01e        0x2 CMakeFiles/pico.dir/C_/Users/Daniel/Desktop/pico/pico-sdk/lib/lwip/src/core/dns.c.obj
                0x1000b01e                dns_init
 .text.dns_setserver
                0x1000b020       0x28 CMakeFiles/pico.dir/C_/Users/Daniel/Desktop/pico/pico-sdk/lib/lwip/src/core/dns.c.obj
                0x1000b020                dns_setserver
 .text.dns_tmr  0x1000b048        0x8 CMakeFiles/pico.dir/C_/Users/Daniel/Desktop/pico/pico-sdk/lib/lwip/src/core/dns.c.obj
                0x1000b048                dns_tmr
 .text.lwip_standard_chksum
                0x1000b050       0xac CMakeFiles/pico.dir/C_/Users/Daniel/Desktop/pico/pico-sdk/lib/lwip/src/core/inet_chksum.c.obj
                0x1000b050                lwip_standard_chksum
 .text.inet_cksum_pseudo_base
                0x1000b0fc       0x7c CMakeFiles/pico.dir/C_/Users/Daniel/Desktop/pico/pico-sdk/lib/lwip/src/core/inet_chksum.c.obj
 .text.inet_chksum_pseudo
                0x1000b178       0x30 CMakeFiles/pico.dir/C_/Users/Daniel/Desktop/pico/pico-sdk/lib/lwip/src/core/inet_chksum.c.obj
                0x1000b178                inet_chksum_pseudo
 .text.ip_chksum_pseudo
                0x1000b1a8       0x10 CMakeFiles/pico.dir/C_/Users/Daniel/Desktop/pico/pico-sdk/lib/lwip/src/core/inet_chksum.c.obj
                0x1000b1a8                ip_chksum_pseudo
 .text.inet_chksum
                0x1000b1b8        0xc CMakeFiles/pico.dir/C_/Users/Daniel/Desktop/pico/pico-sdk/lib/lwip/src/core/inet_chksum.c.obj
                0x1000b1b8                inet_chksum
 .text.inet_chksum_pbuf
                0x1000b1c4       0x52 CMakeFiles/pico.dir/C_/Users/Daniel/Desktop/pico/pico-sdk/lib/lwip/src/core/inet_chksum.c.obj
                0x1000b1c4                inet_chksum_pbuf
 .text.mem_init
                0x1000b216        0x2 CMakeFiles/pico.dir/C_/Users/Daniel/Desktop/pico/pico-sdk/lib/lwip/src/core/mem.c.obj
                0x1000b216                mem_init
 .text.mem_trim
                0x1000b218        0x2 CMakeFiles/pico.dir/C_/Users/Daniel/Desktop/pico/pico-sdk/lib/lwip/src/core/mem.c.obj
                0x1000b218                mem_trim
 .text.mem_malloc
                0x1000b21a       0x18 CMakeFiles/pico.dir/C_/Users/Daniel/Desktop/pico/pico-sdk/lib/lwip/src/core/mem.c.obj
                0x1000b21a                mem_malloc
 .text.mem_free
                0x1000b232        0x8 CMakeFiles/pico.dir/C_/Users/Daniel/Desktop/pico/pico-sdk/lib/lwip/src/core/mem.c.obj
                0x1000b232                mem_free
 .text.do_memp_malloc_pool
                0x1000b23a       0x22 CMakeFiles/pico.dir/C_/Users/Daniel/Desktop/pico/pico-sdk/lib/lwip/src/core/memp.c.obj
 .text.do_memp_free_pool
                0x1000b25c       0x1a CMakeFiles/pico.dir/C_/Users/Daniel/Desktop/pico/pico-sdk/lib/lwip/src/core/memp.c.obj
 .text.memp_init_pool
                0x1000b276       0x2a CMakeFiles/pico.dir/C_/Users/Daniel/Desktop/pico/pico-sdk/lib/lwip/src/core/memp.c.obj
                0x1000b276                memp_init_pool
 .text.memp_init
                0x1000b2a0       0x20 CMakeFiles/pico.dir/C_/Users/Daniel/Desktop/pico/pico-sdk/lib/lwip/src/core/memp.c.obj
                0x1000b2a0                memp_init
 .text.memp_malloc
                0x1000b2c0       0x24 CMakeFiles/pico.dir/C_/Users/Daniel/Desktop/pico/pico-sdk/lib/lwip/src/core/memp.c.obj
                0x1000b2c0                memp_malloc
 .text.memp_free
                0x1000b2e4       0x28 CMakeFiles/pico.dir/C_/Users/Daniel/Desktop/pico/pico-sdk/lib/lwip/src/core/memp.c.obj
                0x1000b2e4                memp_free
 .text.netif_do_set_netmask
                0x1000b30c       0x1a CMakeFiles/pico.dir/C_/Users/Daniel/Desktop/pico/pico-sdk/lib/lwip/src/core/netif.c.obj
 .text.netif_do_set_gw
                0x1000b326       0x1a CMakeFiles/pico.dir/C_/Users/Daniel/Desktop/pico/pico-sdk/lib/lwip/src/core/netif.c.obj
 .text.netif_null_output_ip4
                0x1000b340        0x6 CMakeFiles/pico.dir/C_/Users/Daniel/Desktop/pico/pico-sdk/lib/lwip/src/core/netif.c.obj
 .text.netif_do_ip_addr_changed
                0x1000b346       0x1c CMakeFiles/pico.dir/C_/Users/Daniel/Desktop/pico/pico-sdk/lib/lwip/src/core/netif.c.obj
 .text.netif_issue_reports
                0x1000b362       0x26 CMakeFiles/pico.dir/C_/Users/Daniel/Desktop/pico/pico-sdk/lib/lwip/src/core/netif.c.obj
 .text.netif_do_set_ipaddr
                0x1000b388       0x44 CMakeFiles/pico.dir/C_/Users/Daniel/Desktop/pico/pico-sdk/lib/lwip/src/core/netif.c.obj
 .text.netif_init
                0x1000b3cc        0x2 CMakeFiles/pico.dir/C_/Users/Daniel/Desktop/pico/pico-sdk/lib/lwip/src/core/netif.c.obj
                0x1000b3cc                netif_init
 *fill*         0x1000b3ce        0x2 
 .text.netif_set_addr
                0x1000b3d0       0x78 CMakeFiles/pico.dir/C_/Users/Daniel/Desktop/pico/pico-sdk/lib/lwip/src/core/netif.c.obj
                0x1000b3d0                netif_set_addr
 .text.netif_add
                0x1000b448      0x104 CMakeFiles/pico.dir/C_/Users/Daniel/Desktop/pico/pico-sdk/lib/lwip/src/core/netif.c.obj
                0x1000b448                netif_add
 .text.netif_set_default
                0x1000b54c        0xc CMakeFiles/pico.dir/C_/Users/Daniel/Desktop/pico/pico-sdk/lib/lwip/src/core/netif.c.obj
                0x1000b54c                netif_set_default
 .text.netif_set_up
                0x1000b558       0x34 CMakeFiles/pico.dir/C_/Users/Daniel/Desktop/pico/pico-sdk/lib/lwip/src/core/netif.c.obj
                0x1000b558                netif_set_up
 .text.netif_set_down
                0x1000b58c       0x38 CMakeFiles/pico.dir/C_/Users/Daniel/Desktop/pico/pico-sdk/lib/lwip/src/core/netif.c.obj
                0x1000b58c                netif_set_down
 .text.netif_remove
                0x1000b5c4       0x64 CMakeFiles/pico.dir/C_/Users/Daniel/Desktop/pico/pico-sdk/lib/lwip/src/core/netif.c.obj
                0x1000b5c4                netif_remove
 .text.netif_set_link_up
                0x1000b628       0x3c CMakeFiles/pico.dir/C_/Users/Daniel/Desktop/pico/pico-sdk/lib/lwip/src/core/netif.c.obj
                0x1000b628                netif_set_link_up
 .text.netif_set_link_down
                0x1000b664       0x2c CMakeFiles/pico.dir/C_/Users/Daniel/Desktop/pico/pico-sdk/lib/lwip/src/core/netif.c.obj
                0x1000b664                netif_set_link_down
 .text.netif_get_by_index
                0x1000b690       0x24 CMakeFiles/pico.dir/C_/Users/Daniel/Desktop/pico/pico-sdk/lib/lwip/src/core/netif.c.obj
                0x1000b690                netif_get_by_index
 .text.pbuf_init_alloced_pbuf
                0x1000b6b4       0x20 CMakeFiles/pico.dir/C_/Users/Daniel/Desktop/pico/pico-sdk/lib/lwip/src/core/pbuf.c.obj
 .text.pbuf_add_header_impl
                0x1000b6d4       0x60 CMakeFiles/pico.dir/C_/Users/Daniel/Desktop/pico/pico-sdk/lib/lwip/src/core/pbuf.c.obj
 .text.pbuf_skip_const
                0x1000b734       0x1a CMakeFiles/pico.dir/C_/Users/Daniel/Desktop/pico/pico-sdk/lib/lwip/src/core/pbuf.c.obj
 *fill*         0x1000b74e        0x2 
 .text.pbuf_pool_is_empty