Archive member included to satisfy reference by file (symbol)

C:/devkitPro/libtonc/lib\libtonc.a(tonc_irq.o)
                              main.o (irq_init)
C:/devkitPro/libtonc/lib\libtonc.a(tonc_oam.o)
                              main.o (oam_init)
C:/devkitPro/libtonc/lib\libtonc.a(tonc_input.o)
                              main.o (key_poll)
C:/devkitPro/libtonc/lib\libtonc.a(tonc_bios.o)
                              C:/devkitPro/libtonc/lib\libtonc.a(tonc_input.o) (VBlankIntrWait)
C:/devkitPro/libtonc/lib\libtonc.a(tonc_memcpy.o)
                              main.o (memcpy32)
C:/devkitPro/libtonc/lib\libtonc.a(tonc_isr_master.o)
                              C:/devkitPro/libtonc/lib\libtonc.a(tonc_irq.o) (isr_master)
C:/devkitPro/libtonc/lib\libtonc.a(tonc_memset.o)
                              C:/devkitPro/libtonc/lib\libtonc.a(tonc_irq.o) (memset32)
c:/devkitpro/devkitarm/bin/../lib/gcc/arm-none-eabi/10.2.0/thumb\libgcc.a(_arm_mulsf3.o)
                              players.o (__aeabi_fmul)
c:/devkitpro/devkitarm/bin/../lib/gcc/arm-none-eabi/10.2.0/thumb\libgcc.a(_udivsi3.o)
                              map.o (__aeabi_uidiv)
c:/devkitpro/devkitarm/bin/../lib/gcc/arm-none-eabi/10.2.0/thumb\libgcc.a(_divsi3.o)
                              map.o (__aeabi_idiv)
c:/devkitpro/devkitarm/bin/../lib/gcc/arm-none-eabi/10.2.0/thumb\libgcc.a(_dvmd_tls.o)
                              c:/devkitpro/devkitarm/bin/../lib/gcc/arm-none-eabi/10.2.0/thumb\libgcc.a(_udivsi3.o) (__aeabi_idiv0)
c:/devkitpro/devkitarm/bin/../lib/gcc/arm-none-eabi/10.2.0/thumb\libgcc.a(_arm_addsubsf3.o)
                              Colly.o (__aeabi_fsub)
c:/devkitpro/devkitarm/bin/../lib/gcc/arm-none-eabi/10.2.0/thumb\libgcc.a(_arm_cmpsf2.o)
                              Colly.o (__aeabi_fcmplt)
c:/devkitpro/devkitarm/bin/../lib/gcc/arm-none-eabi/10.2.0/thumb\libgcc.a(_arm_fixsfsi.o)
                              Colly.o (__aeabi_f2iz)
c:/devkitpro/devkitarm/bin/../lib/gcc/arm-none-eabi/10.2.0/../../../../arm-none-eabi/lib/thumb\libg.a(lib_a-init.o)
                              c:/devkitpro/devkitarm/bin/../lib/gcc/arm-none-eabi/10.2.0/../../../../arm-none-eabi/lib/thumb/gba_crt0.o (__libc_init_array)
c:/devkitpro/devkitarm/bin/../lib/gcc/arm-none-eabi/10.2.0/../../../../arm-none-eabi/lib/thumb\libg.a(lib_a-memcpy-stub.o)
                              main.o (memcpy)
c:/devkitpro/devkitarm/bin/../lib/gcc/arm-none-eabi/10.2.0/../../../../arm-none-eabi/lib/thumb\libg.a(lib_a-memmove.o)
                              sio.o (memmove)
c:/devkitpro/devkitarm/bin/../lib/gcc/arm-none-eabi/10.2.0/../../../../arm-none-eabi/lib/thumb\libg.a(lib_a-strlen-stub.o)
                              sio.o (strlen)
c:/devkitpro/devkitarm/bin/../lib/gcc/arm-none-eabi/10.2.0/../../../../arm-none-eabi/lib/thumb\libsysbase.a(malloc_vars.o)
                              c:/devkitpro/devkitarm/bin/../lib/gcc/arm-none-eabi/10.2.0/../../../../arm-none-eabi/lib/thumb/gba_crt0.o (fake_heap_end)

Allocating common symbols
Common symbol       size              file

__isr_table         0x78              C:/devkitPro/libtonc/lib\libtonc.a(tonc_irq.o)

Discarded input sections

 .text          0x0000000000000000        0x0 c:/devkitpro/devkitarm/bin/../lib/gcc/arm-none-eabi/10.2.0/../../../../arm-none-eabi/lib/thumb/gba_crt0.o
 .data          0x0000000000000000        0x0 c:/devkitpro/devkitarm/bin/../lib/gcc/arm-none-eabi/10.2.0/../../../../arm-none-eabi/lib/thumb/gba_crt0.o
 .bss           0x0000000000000000        0x0 c:/devkitpro/devkitarm/bin/../lib/gcc/arm-none-eabi/10.2.0/../../../../arm-none-eabi/lib/thumb/gba_crt0.o
 .text          0x0000000000000000        0x0 c:/devkitpro/devkitarm/bin/../lib/gcc/arm-none-eabi/10.2.0/thumb/crti.o
 .data          0x0000000000000000        0x0 c:/devkitpro/devkitarm/bin/../lib/gcc/arm-none-eabi/10.2.0/thumb/crti.o
 .bss           0x0000000000000000        0x0 c:/devkitpro/devkitarm/bin/../lib/gcc/arm-none-eabi/10.2.0/thumb/crti.o
 .text          0x0000000000000000        0x0 c:/devkitpro/devkitarm/bin/../lib/gcc/arm-none-eabi/10.2.0/thumb/crtbegin.o
 .data          0x0000000000000000        0x0 c:/devkitpro/devkitarm/bin/../lib/gcc/arm-none-eabi/10.2.0/thumb/crtbegin.o
 .bss           0x0000000000000000        0x0 c:/devkitpro/devkitarm/bin/../lib/gcc/arm-none-eabi/10.2.0/thumb/crtbegin.o
 .data.__dso_handle
                0x0000000000000000        0x4 c:/devkitpro/devkitarm/bin/../lib/gcc/arm-none-eabi/10.2.0/thumb/crtbegin.o
 .data          0x0000000000000000        0x0 Colly.o
 .bss           0x0000000000000000        0x0 Colly.o
 .text          0x0000000000000000        0x0 TileMap.o
 .data          0x0000000000000000        0x0 TileMap.o
 .bss           0x0000000000000000        0x0 TileMap.o
 .data          0x0000000000000000        0x0 players.o
 .data          0x0000000000000000        0x0 util.o
 .bss           0x0000000000000000        0x0 util.o
 .data          0x0000000000000000        0x0 C:/devkitPro/libtonc/lib\libtonc.a(tonc_irq.o)
 .bss           0x0000000000000000        0x0 C:/devkitPro/libtonc/lib\libtonc.a(tonc_irq.o)
 .data          0x0000000000000000        0x0 C:/devkitPro/libtonc/lib\libtonc.a(tonc_oam.o)
 .bss           0x0000000000000000        0x0 C:/devkitPro/libtonc/lib\libtonc.a(tonc_oam.o)
 .data          0x0000000000000000        0x0 C:/devkitPro/libtonc/lib\libtonc.a(tonc_bios.o)
 .bss           0x0000000000000000        0x0 C:/devkitPro/libtonc/lib\libtonc.a(tonc_bios.o)
 .text          0x0000000000000000       0x44 C:/devkitPro/libtonc/lib\libtonc.a(tonc_memcpy.o)
 .data          0x0000000000000000        0x0 C:/devkitPro/libtonc/lib\libtonc.a(tonc_memcpy.o)
 .bss           0x0000000000000000        0x0 C:/devkitPro/libtonc/lib\libtonc.a(tonc_memcpy.o)
 .text          0x0000000000000000        0x0 C:/devkitPro/libtonc/lib\libtonc.a(tonc_isr_master.o)
 .data          0x0000000000000000        0x0 C:/devkitPro/libtonc/lib\libtonc.a(tonc_isr_master.o)
 .bss           0x0000000000000000        0x0 C:/devkitPro/libtonc/lib\libtonc.a(tonc_isr_master.o)
 .text          0x0000000000000000       0x3c C:/devkitPro/libtonc/lib\libtonc.a(tonc_memset.o)
 .data          0x0000000000000000        0x0 C:/devkitPro/libtonc/lib\libtonc.a(tonc_memset.o)
 .bss           0x0000000000000000        0x0 C:/devkitPro/libtonc/lib\libtonc.a(tonc_memset.o)
 .data          0x0000000000000000        0x0 c:/devkitpro/devkitarm/bin/../lib/gcc/arm-none-eabi/10.2.0/thumb\libgcc.a(_arm_mulsf3.o)
 .bss           0x0000000000000000        0x0 c:/devkitpro/devkitarm/bin/../lib/gcc/arm-none-eabi/10.2.0/thumb\libgcc.a(_arm_mulsf3.o)
 .data          0x0000000000000000        0x0 c:/devkitpro/devkitarm/bin/../lib/gcc/arm-none-eabi/10.2.0/thumb\libgcc.a(_udivsi3.o)
 .bss           0x0000000000000000        0x0 c:/devkitpro/devkitarm/bin/../lib/gcc/arm-none-eabi/10.2.0/thumb\libgcc.a(_udivsi3.o)
 .data          0x0000000000000000        0x0 c:/devkitpro/devkitarm/bin/../lib/gcc/arm-none-eabi/10.2.0/thumb\libgcc.a(_divsi3.o)
 .bss           0x0000000000000000        0x0 c:/devkitpro/devkitarm/bin/../lib/gcc/arm-none-eabi/10.2.0/thumb\libgcc.a(_divsi3.o)
 .data          0x0000000000000000        0x0 c:/devkitpro/devkitarm/bin/../lib/gcc/arm-none-eabi/10.2.0/thumb\libgcc.a(_dvmd_tls.o)
 .bss           0x0000000000000000        0x0 c:/devkitpro/devkitarm/bin/../lib/gcc/arm-none-eabi/10.2.0/thumb\libgcc.a(_dvmd_tls.o)
 .data          0x0000000000000000        0x0 c:/devkitpro/devkitarm/bin/../lib/gcc/arm-none-eabi/10.2.0/thumb\libgcc.a(_arm_addsubsf3.o)
 .bss           0x0000000000000000        0x0 c:/devkitpro/devkitarm/bin/../lib/gcc/arm-none-eabi/10.2.0/thumb\libgcc.a(_arm_addsubsf3.o)
 .data          0x0000000000000000        0x0 c:/devkitpro/devkitarm/bin/../lib/gcc/arm-none-eabi/10.2.0/thumb\libgcc.a(_arm_cmpsf2.o)
 .bss           0x0000000000000000        0x0 c:/devkitpro/devkitarm/bin/../lib/gcc/arm-none-eabi/10.2.0/thumb\libgcc.a(_arm_cmpsf2.o)
 .data          0x0000000000000000        0x0 c:/devkitpro/devkitarm/bin/../lib/gcc/arm-none-eabi/10.2.0/thumb\libgcc.a(_arm_fixsfsi.o)
 .bss           0x0000000000000000        0x0 c:/devkitpro/devkitarm/bin/../lib/gcc/arm-none-eabi/10.2.0/thumb\libgcc.a(_arm_fixsfsi.o)
 .text          0x0000000000000000        0x0 c:/devkitpro/devkitarm/bin/../lib/gcc/arm-none-eabi/10.2.0/../../../../arm-none-eabi/lib/thumb\libg.a(lib_a-init.o)
 .data          0x0000000000000000        0x0 c:/devkitpro/devkitarm/bin/../lib/gcc/arm-none-eabi/10.2.0/../../../../arm-none-eabi/lib/thumb\libg.a(lib_a-init.o)
 .bss           0x0000000000000000        0x0 c:/devkitpro/devkitarm/bin/../lib/gcc/arm-none-eabi/10.2.0/../../../../arm-none-eabi/lib/thumb\libg.a(lib_a-init.o)
 .text          0x0000000000000000        0x0 c:/devkitpro/devkitarm/bin/../lib/gcc/arm-none-eabi/10.2.0/../../../../arm-none-eabi/lib/thumb\libg.a(lib_a-memcpy-stub.o)
 .data          0x0000000000000000        0x0 c:/devkitpro/devkitarm/bin/../lib/gcc/arm-none-eabi/10.2.0/../../../../arm-none-eabi/lib/thumb\libg.a(lib_a-memcpy-stub.o)
 .bss           0x0000000000000000        0x0 c:/devkitpro/devkitarm/bin/../lib/gcc/arm-none-eabi/10.2.0/../../../../arm-none-eabi/lib/thumb\libg.a(lib_a-memcpy-stub.o)
 .text          0x0000000000000000        0x0 c:/devkitpro/devkitarm/bin/../lib/gcc/arm-none-eabi/10.2.0/../../../../arm-none-eabi/lib/thumb\libg.a(lib_a-memmove.o)
 .data          0x0000000000000000        0x0 c:/devkitpro/devkitarm/bin/../lib/gcc/arm-none-eabi/10.2.0/../../../../arm-none-eabi/lib/thumb\libg.a(lib_a-memmove.o)
 .bss           0x0000000000000000        0x0 c:/devkitpro/devkitarm/bin/../lib/gcc/arm-none-eabi/10.2.0/../../../../arm-none-eabi/lib/thumb\libg.a(lib_a-memmove.o)
 .text          0x0000000000000000        0x0 c:/devkitpro/devkitarm/bin/../lib/gcc/arm-none-eabi/10.2.0/../../../../arm-none-eabi/lib/thumb\libg.a(lib_a-strlen-stub.o)
 .data          0x0000000000000000        0x0 c:/devkitpro/devkitarm/bin/../lib/gcc/arm-none-eabi/10.2.0/../../../../arm-none-eabi/lib/thumb\libg.a(lib_a-strlen-stub.o)
 .bss           0x0000000000000000        0x0 c:/devkitpro/devkitarm/bin/../lib/gcc/arm-none-eabi/10.2.0/../../../../arm-none-eabi/lib/thumb\libg.a(lib_a-strlen-stub.o)
 .text          0x0000000000000000        0x0 c:/devkitpro/devkitarm/bin/../lib/gcc/arm-none-eabi/10.2.0/../../../../arm-none-eabi/lib/thumb\libsysbase.a(malloc_vars.o)
 .data          0x0000000000000000        0x0 c:/devkitpro/devkitarm/bin/../lib/gcc/arm-none-eabi/10.2.0/../../../../arm-none-eabi/lib/thumb\libsysbase.a(malloc_vars.o)
 .bss           0x0000000000000000        0x0 c:/devkitpro/devkitarm/bin/../lib/gcc/arm-none-eabi/10.2.0/../../../../arm-none-eabi/lib/thumb\libsysbase.a(malloc_vars.o)
 .bss.fake_heap_start
                0x0000000000000000        0x4 c:/devkitpro/devkitarm/bin/../lib/gcc/arm-none-eabi/10.2.0/../../../../arm-none-eabi/lib/thumb\libsysbase.a(malloc_vars.o)
 .text          0x0000000000000000        0x0 c:/devkitpro/devkitarm/bin/../lib/gcc/arm-none-eabi/10.2.0/thumb/crtend.o
 .data          0x0000000000000000        0x0 c:/devkitpro/devkitarm/bin/../lib/gcc/arm-none-eabi/10.2.0/thumb/crtend.o
 .bss           0x0000000000000000        0x0 c:/devkitpro/devkitarm/bin/../lib/gcc/arm-none-eabi/10.2.0/thumb/crtend.o
 .text          0x0000000000000000        0x0 c:/devkitpro/devkitarm/bin/../lib/gcc/arm-none-eabi/10.2.0/thumb/crtn.o
 .data          0x0000000000000000        0x0 c:/devkitpro/devkitarm/bin/../lib/gcc/arm-none-eabi/10.2.0/thumb/crtn.o
 .bss           0x0000000000000000        0x0 c:/devkitpro/devkitarm/bin/../lib/gcc/arm-none-eabi/10.2.0/thumb/crtn.o

Memory Configuration

Name             Origin             Length             Attributes
rom              0x0000000008000000 0x0000000002000000
iwram            0x0000000003000000 0x0000000000008000
ewram            0x0000000002000000 0x0000000000040000
*default*        0x0000000000000000 0xffffffffffffffff

Linker script and memory map

                0x0000000002000000                __text_start = ORIGIN (ewram)
                0x0000000002040000                __eheap_end = (ORIGIN (ewram) + LENGTH (ewram))
                0x0000000003000000                __iwram_start = ORIGIN (iwram)
                0x0000000003008000                __iwram_top = (ORIGIN (iwram) + LENGTH (iwram))
                0x0000000003007fa0                __sp_irq = (__iwram_top - 0x60)
                0x0000000003007f00                __sp_usr = (__sp_irq - 0xa0)
                0x0000000003007ff8                __irq_flags = 0x3007ff8
                0x0000000002000000                . = __text_start
                0x0000000002000000                . = __text_start

.crt0           0x0000000002000000      0x210
 *(.crt0)
 .crt0          0x0000000002000000      0x210 c:/devkitpro/devkitarm/bin/../lib/gcc/arm-none-eabi/10.2.0/../../../../arm-none-eabi/lib/thumb/gba_crt0.o
                0x0000000002000000                _start
                0x00000000020000c4                __boot_method
                0x00000000020000c5                __slave_number
                0x00000000020000e0                start_vector
                0x0000000002000210                . = ALIGN (0x4)

.init           0x0000000002000210        0xc
 *(SORT_NONE(.init))
 .init          0x0000000002000210        0x4 c:/devkitpro/devkitarm/bin/../lib/gcc/arm-none-eabi/10.2.0/thumb/crti.o
                0x0000000002000210                _init
 .init          0x0000000002000214        0x8 c:/devkitpro/devkitarm/bin/../lib/gcc/arm-none-eabi/10.2.0/thumb/crtn.o

.plt            0x000000000200021c        0x0
 *(.plt)
                0x000000000200021c                . = ALIGN (0x4)

.text           0x000000000200021c     0x3104
 *(EXCLUDE_FILE(*.iwram*) .text*)
 .text.__do_global_dtors_aux
                0x000000000200021c       0x2c c:/devkitpro/devkitarm/bin/../lib/gcc/arm-none-eabi/10.2.0/thumb/crtbegin.o
 .text.frame_dummy
                0x0000000002000248       0x24 c:/devkitpro/devkitarm/bin/../lib/gcc/arm-none-eabi/10.2.0/thumb/crtbegin.o
 .text          0x000000000200026c      0x570 Colly.o
                0x000000000200026c                mod
                0x0000000002000284                Intersects
                0x0000000002000348                increment
                0x00000000020004f8                Check
 .text          0x00000000020007dc      0x7bc main.o
                0x00000000020007dc                init_map
                0x0000000002000aa4                movement
                0x0000000002000cac                render
                0x0000000002000e88                placeTiles
 .text.startup  0x0000000002000f98       0xd0 main.o
                0x0000000002000f98                main
 .text          0x0000000002001068      0x5fc map.o
                0x0000000002001068                setChunk
                0x000000000200112c                setTile
                0x00000000020011ac                setupMap
                0x00000000020011ec                loadChunksLR
                0x000000000200122c                loadChunksUD
                0x000000000200126c                loadChunks
                0x00000000020013f4                processNewChunkData
                0x0000000002001590                miniMapMode
 .text          0x0000000002001664      0x51c players.o
                0x0000000002001664                UpdatePlayer
                0x00000000020019a0                PlayerLeave
                0x0000000002001a60                InitAllPlayers
                0x0000000002001acc                RenderAllPlayers
 .text          0x0000000002001b80      0x784 sio.o
                0x0000000002001b80                sio_interrupt
                0x0000000002001cdc                connect
                0x0000000002001d24                ping
                0x0000000002001d4c                place
                0x0000000002001db8                sioMove
                0x0000000002001e84                requestChunks
                0x0000000002001f0c                sioPrint
                0x0000000002001f50                handle_serial
                0x000000000200220c                processData
                0x0000000002002290                sioInit
 .text          0x0000000002002304       0x50 util.o
                0x0000000002002304                se_index
                0x0000000002002320                map_index
                0x000000000200233c                Reverse32
 .text          0x0000000002002354      0x354 C:/devkitPro/libtonc/lib\libtonc.a(tonc_irq.o)
                0x0000000002002354                irq_init
                0x0000000002002398                irq_set_master
                0x00000000020023c4                irq_set
                0x00000000020024ec                irq_add
                0x0000000002002564                irq_delete
                0x0000000002002618                irq_enable
                0x0000000002002660                irq_disable
 .text          0x00000000020026a8       0xbc C:/devkitPro/libtonc/lib\libtonc.a(tonc_oam.o)
                0x00000000020026a8                oam_init
                0x00000000020026f0                obj_copy
                0x0000000002002710                obj_hide_multi
                0x0000000002002738                obj_unhide_multi
 .text          0x0000000002002764       0xa8 C:/devkitPro/libtonc/lib\libtonc.a(tonc_input.o)
                0x0000000002002764                key_poll
                0x00000000020027b8                key_wait_till_hit
                0x00000000020027dc                key_repeat
                0x00000000020027e8                key_repeat_mask
                0x00000000020027f8                key_repeat_limits
 .text          0x000000000200280c       0x8c C:/devkitPro/libtonc/lib\libtonc.a(tonc_bios.o)
                0x000000000200280c                SoftReset
                0x0000000002002810                RegisterRamReset
                0x0000000002002814                Halt
                0x0000000002002818                Stop
                0x000000000200281c                IntrWait
                0x0000000002002820                VBlankIntrWait
                0x0000000002002824                Div
                0x0000000002002828                DivArm
                0x000000000200282c                Sqrt
                0x0000000002002830                ArcTan
                0x0000000002002834                ArcTan2
                0x0000000002002838                CpuSet
                0x000000000200283c                CpuFastSet
                0x0000000002002840                BiosCheckSum
                0x0000000002002844                BgAffineSet
                0x0000000002002848                ObjAffineSet
                0x000000000200284c                BitUnPack
                0x0000000002002850                LZ77UnCompWram
                0x0000000002002854                LZ77UnCompVram
                0x0000000002002858                HuffUnComp
                0x000000000200285c                RLUnCompWram
                0x0000000002002860                RLUnCompVram
                0x0000000002002864                Diff8bitUnFilterWram
                0x0000000002002868                Diff8bitUnFilterVram
                0x000000000200286c                Diff16bitUnFilter
                0x0000000002002870                SoundBias
                0x0000000002002874                SoundDriverInit
                0x0000000002002878                SoundDriverMode
                0x000000000200287c                SoundDriverMain
                0x0000000002002880                SoundDriverVSync
                0x0000000002002884                SoundChannelClear
                0x0000000002002888                MidiKey2Freq
                0x000000000200288c                MultiBoot
                0x0000000002002890                SoundDriverVSyncOff
                0x0000000002002894                SoundDriverVSyncOn
 .text          0x0000000002002898      0x198 c:/devkitpro/devkitarm/bin/../lib/gcc/arm-none-eabi/10.2.0/thumb\libgcc.a(_arm_mulsf3.o)
                0x0000000002002898                __aeabi_fmul
                0x0000000002002898                __mulsf3
 .text          0x0000000002002a30      0x11c c:/devkitpro/devkitarm/bin/../lib/gcc/arm-none-eabi/10.2.0/thumb\libgcc.a(_udivsi3.o)
                0x0000000002002a30                __aeabi_uidiv
                0x0000000002002a30                __udivsi3
                0x0000000002002b2c                __aeabi_uidivmod
 .text          0x0000000002002b4c      0x150 c:/devkitpro/devkitarm/bin/../lib/gcc/arm-none-eabi/10.2.0/thumb\libgcc.a(_divsi3.o)
                0x0000000002002b4c                __divsi3
                0x0000000002002b4c                __aeabi_idiv
                0x0000000002002c7c                __aeabi_idivmod
 .text          0x0000000002002c9c        0x4 c:/devkitpro/devkitarm/bin/../lib/gcc/arm-none-eabi/10.2.0/thumb\libgcc.a(_dvmd_tls.o)
                0x0000000002002c9c                __aeabi_idiv0
                0x0000000002002c9c                __aeabi_ldiv0
 .text          0x0000000002002ca0      0x2ac c:/devkitpro/devkitarm/bin/../lib/gcc/arm-none-eabi/10.2.0/thumb\libgcc.a(_arm_addsubsf3.o)
                0x0000000002002ca0                __aeabi_frsub
                0x0000000002002ca8                __subsf3
                0x0000000002002ca8                __aeabi_fsub
                0x0000000002002cac                __aeabi_fadd
                0x0000000002002cac                __addsf3
                0x0000000002002e68                __aeabi_ui2f
                0x0000000002002e68                __floatunsisf
                0x0000000002002e70                __aeabi_i2f
                0x0000000002002e70                __floatsisf
                0x0000000002002e90                __aeabi_ul2f
                0x0000000002002e90                __floatundisf
                0x0000000002002ea0                __aeabi_l2f
                0x0000000002002ea0                __floatdisf
 .text          0x0000000002002f4c      0x114 c:/devkitpro/devkitarm/bin/../lib/gcc/arm-none-eabi/10.2.0/thumb\libgcc.a(_arm_cmpsf2.o)
                0x0000000002002f4c                __gesf2
                0x0000000002002f4c                __gtsf2
                0x0000000002002f54                __lesf2
                0x0000000002002f54                __ltsf2
                0x0000000002002f5c                __nesf2
                0x0000000002002f5c                __eqsf2
                0x0000000002002f5c                __cmpsf2
                0x0000000002002fc0                __aeabi_cfrcmple
                0x0000000002002fd0                __aeabi_cfcmpeq
                0x0000000002002fd0                __aeabi_cfcmple
                0x0000000002002fe8                __aeabi_fcmpeq
                0x0000000002003000                __aeabi_fcmplt
                0x0000000002003018                __aeabi_fcmple
                0x0000000002003030                __aeabi_fcmpge
                0x0000000002003048                __aeabi_fcmpgt
 .text          0x0000000002003060       0x5c c:/devkitpro/devkitarm/bin/../lib/gcc/arm-none-eabi/10.2.0/thumb\libgcc.a(_arm_fixsfsi.o)
                0x0000000002003060                __aeabi_f2iz
                0x0000000002003060                __fixsfsi
 .text.__libc_init_array
                0x00000000020030bc       0x50 c:/devkitpro/devkitarm/bin/../lib/gcc/arm-none-eabi/10.2.0/../../../../arm-none-eabi/lib/thumb\libg.a(lib_a-init.o)
                0x00000000020030bc                __libc_init_array
 .text.memcpy   0x000000000200310c       0xa8 c:/devkitpro/devkitarm/bin/../lib/gcc/arm-none-eabi/10.2.0/../../../../arm-none-eabi/lib/thumb\libg.a(lib_a-memcpy-stub.o)
                0x000000000200310c                memcpy
 .text.memmove  0x00000000020031b4       0xbc c:/devkitpro/devkitarm/bin/../lib/gcc/arm-none-eabi/10.2.0/../../../../arm-none-eabi/lib/thumb\libg.a(lib_a-memmove.o)
                0x00000000020031b4                memmove
 .text.strlen   0x0000000002003270       0x60 c:/devkitpro/devkitarm/bin/../lib/gcc/arm-none-eabi/10.2.0/../../../../arm-none-eabi/lib/thumb\libg.a(lib_a-strlen-stub.o)
                0x0000000002003270                strlen
 .text.strlen.__stub
                0x00000000020032d0       0x4c linker stubs
 *(.gnu.linkonce.t.*)
 *(.text.*personality*)
 *(.gnu.warning)
 *(.glue_7t)
 .glue_7t       0x0000000002003320        0x0 linker stubs
 *(.glue_7)
 .glue_7        0x0000000002003320        0x0 linker stubs
 *(.vfp11_veneer)
 .vfp11_veneer  0x0000000002003320        0x0 linker stubs
                0x0000000002003320                . = ALIGN (0x4)
                0x0000000002003320                __text_end = .

.v4_bx          0x0000000002003320        0x0
 .v4_bx         0x0000000002003320        0x0 linker stubs

.iplt           0x0000000002003320        0x0
 .iplt          0x0000000002003320        0x0 c:/devkitpro/devkitarm/bin/../lib/gcc/arm-none-eabi/10.2.0/../../../../arm-none-eabi/lib/thumb/gba_crt0.o

.fini           0x0000000002003320        0xc
 *(.fini)
 .fini          0x0000000002003320        0x4 c:/devkitpro/devkitarm/bin/../lib/gcc/arm-none-eabi/10.2.0/thumb/crti.o
                0x0000000002003320                _fini
 .fini          0x0000000002003324        0x8 c:/devkitpro/devkitarm/bin/../lib/gcc/arm-none-eabi/10.2.0/thumb/crtn.o
                0x000000000200332c                . = ALIGN (0x4)

.rodata         0x000000000200332c      0x558
 *(.rodata)
 .rodata        0x000000000200332c      0x4ec TileMap.o
                0x000000000200332c                DING
                0x0000000002003364                LOAD
                0x0000000002003398                spritesPal
                0x00000000020033b8                spritesTiles
                0x00000000020035f8                TileMapPal
                0x0000000002003618                TileMapTiles
 .rodata        0x0000000002003818       0x38 C:/devkitPro/libtonc/lib\libtonc.a(tonc_irq.o)
 *all.rodata*(*)
 *(.roda)
 *(.rodata.*)
 .rodata.str1.4
                0x0000000002003850       0x11 map.o
 *fill*         0x0000000002003861        0x3 ff
 .rodata.str1.4
                0x0000000002003864       0x1d sio.o
 *(.gnu.linkonce.r*)
                0x0000000002003884                . = ALIGN (0x4)
 *fill*         0x0000000002003881        0x3 ff

.ARM.extab
 *(.ARM.extab* .gnu.linkonce.armextab.*)
                0x0000000002003884                __exidx_start = .

.ARM.exidx
 *(.ARM.exidx* .gnu.linkonce.armexidx.*)
                0x0000000002003884                __exidx_end = .
                0x0000000002003884                . = ALIGN (0x4)
                0x0000000002003884                PROVIDE (__preinit_array_start = .)

.preinit_array
 *(.preinit_array)
                0x0000000002003884                PROVIDE (__preinit_array_end = .)
                0x0000000002003884                PROVIDE (__init_array_start = .)

.init_array     0x0000000002003884        0x4
 *(.init_array)
 .init_array    0x0000000002003884        0x4 c:/devkitpro/devkitarm/bin/../lib/gcc/arm-none-eabi/10.2.0/thumb/crtbegin.o
                0x0000000002003888                PROVIDE (__init_array_end = .)
                [!provide]                        PROVIDE (__fini_array_start = .)

.fini_array     0x0000000002003888        0x4
 *(.fini_array)
 .fini_array    0x0000000002003888        0x4 c:/devkitpro/devkitarm/bin/../lib/gcc/arm-none-eabi/10.2.0/thumb/crtbegin.o
                [!provide]                        PROVIDE (__fini_array_end = .)

.ctors          0x000000000200388c        0x0
 *crtbegin.o(.ctors)
 *(EXCLUDE_FILE(*crtend.o) .ctors)
 *(SORT_BY_NAME(.ctors.*))
 *(.ctors)
                0x000000000200388c                . = ALIGN (0x4)

.dtors          0x000000000200388c        0x0
 *crtbegin.o(.dtors)
 *(EXCLUDE_FILE(*crtend.o) .dtors)
 *(SORT_BY_NAME(.dtors.*))
 *(.dtors)
                0x000000000200388c                . = ALIGN (0x4)

.jcr
 *(.jcr)

.eh_frame       0x000000000200388c        0x4
 *(.eh_frame)
 .eh_frame      0x000000000200388c        0x0 c:/devkitpro/devkitarm/bin/../lib/gcc/arm-none-eabi/10.2.0/thumb/crtbegin.o
 .eh_frame      0x000000000200388c        0x4 c:/devkitpro/devkitarm/bin/../lib/gcc/arm-none-eabi/10.2.0/thumb/crtend.o
                0x0000000002003890                . = ALIGN (0x4)

.gcc_except_table
                0x0000000002003890        0x0
 *(.gcc_except_table)
                0x0000000002003890                . = ALIGN (0x4)
                0x0000000002003890                __iwram_lma = .

.iwram          0x0000000003000000      0x128 load address 0x0000000002003890
                0x0000000003000000                __iwram_start__ = ABSOLUTE (.)
 *(.iwram)
 .iwram         0x0000000003000000       0x38 C:/devkitPro/libtonc/lib\libtonc.a(tonc_memcpy.o)
                0x0000000003000000                memcpy32
 .iwram         0x0000000003000038       0xa4 C:/devkitPro/libtonc/lib\libtonc.a(tonc_isr_master.o)
                0x0000000003000038                isr_master
 .iwram         0x00000000030000dc       0x4c C:/devkitPro/libtonc/lib\libtonc.a(tonc_memset.o)
                0x00000000030000dc                memset32
 *iwram.*(.text*)
                0x0000000003000128                . = ALIGN (0x4)
                0x0000000003000128                __iwram_end__ = ABSOLUTE (.)
                0x00000000020039b8                __data_lma = (__iwram_lma + SIZEOF (.iwram))

.rel.dyn        0x0000000003000128        0x0 load address 0x00000000020039b8
 .rel.iplt      0x0000000003000128        0x0 c:/devkitpro/devkitarm/bin/../lib/gcc/arm-none-eabi/10.2.0/../../../../arm-none-eabi/lib/thumb/gba_crt0.o

.bss            0x0000000003000128     0x7ad8
                0x0000000003000128                __bss_start__ = ABSOLUTE (.)
 *(.dynbss)
 *(.gnu.linkonce.b*)
 *(.bss*)
 .bss.completed.1
                0x0000000003000128        0x1 c:/devkitpro/devkitarm/bin/../lib/gcc/arm-none-eabi/10.2.0/thumb/crtbegin.o
 *fill*         0x0000000003000129        0x3 
 .bss.object.0  0x000000000300012c       0x18 c:/devkitpro/devkitarm/bin/../lib/gcc/arm-none-eabi/10.2.0/thumb/crtbegin.o
 .bss           0x0000000003000144      0x41c main.o
                0x0000000003000144                bg0_pt
                0x0000000003000148                placeMode
                0x000000000300014c                xv
                0x0000000003000150                yv
                0x0000000003000154                tilex
                0x0000000003000158                tiley
                0x000000000300015c                startMovement
                0x000000000300015d                currentTileID
                0x000000000300015e                pingtimer
                0x0000000003000160                obj_buffer
 .bss           0x0000000003000560     0x70a4 map.o
                0x0000000003000560                cx
                0x0000000003000564                ChunkX
                0x0000000003000568                cy
                0x000000000300056c                ChunkY
                0x0000000003000570                mapOffsetX
                0x0000000003000574                mapOffsetY
                0x0000000003000578                o
                0x000000000300057c                c
                0x0000000003000580                d
                0x0000000003000584                map
 .bss           0x0000000003007604      0x100 players.o
                0x0000000003007604                players
 .bss           0x0000000003007704      0x47c sio.o
                0x0000000003007704                startsending
                0x0000000003007705                numinOutBuf
                0x0000000003007708                outbuf
                0x0000000003007758                datalen
                0x0000000003007759                dataoffset
                0x000000000300775a                currentBuffer
                0x000000000300775b                numinInBuf
                0x000000000300775c                numinsecondInBuf
                0x0000000003007760                expectedlen
                0x0000000003007764                incomingoffset
                0x0000000003007768                incomingpacket
                0x0000000003007780                secondaryincomingdata
                0x0000000003007980                incomingdata
 .bss           0x0000000003007b80        0x4 C:/devkitPro/libtonc/lib\libtonc.a(tonc_input.o)
                0x0000000003007b80                __key_curr
                0x0000000003007b82                __key_prev
 .bss.fake_heap_end
                0x0000000003007b84        0x4 c:/devkitpro/devkitarm/bin/../lib/gcc/arm-none-eabi/10.2.0/../../../../arm-none-eabi/lib/thumb\libsysbase.a(malloc_vars.o)
                0x0000000003007b84                fake_heap_end
 *(COMMON)
 COMMON         0x0000000003007b88       0x78 C:/devkitPro/libtonc/lib\libtonc.a(tonc_irq.o)
                0x0000000003007b88                __isr_table
                0x0000000003007c00                . = ALIGN (0x4)
                0x0000000003007c00                __bss_end__ = ABSOLUTE (.)

.data           0x0000000003007c00       0x60 load address 0x00000000020039b8
                0x0000000003007c00                __data_start__ = ABSOLUTE (.)
 *(.data)
 .data          0x0000000003007c00       0x20 main.o
                0x0000000003007c00                bg0_map
                0x0000000003007c04                playerx
                0x0000000003007c08                playery
                0x0000000003007c0c                cameray
                0x0000000003007c10                camerax
                0x0000000003007c14                player
                0x0000000003007c18                indicator
                0x0000000003007c1c                hammer
 .data          0x0000000003007c20       0x2c map.o
                0x0000000003007c20                bg_map
                0x0000000003007c24                mapIDconversiontable
                0x0000000003007c44                mapX
                0x0000000003007c48                mapY
 .data          0x0000000003007c4c        0xb sio.o
                0x0000000003007c4c                datalengthtable
 *fill*         0x0000000003007c57        0x1 ff
 .data          0x0000000003007c58        0x8 C:/devkitPro/libtonc/lib\libtonc.a(tonc_input.o)
                0x0000000003007c58                __key_rpt
 *(.data.*)
 *(.gnu.linkonce.d*)
                0x0000000003007c60                . = ALIGN (0x4)
                0x0000000003007c60                __data_end__ = ABSOLUTE (.)
                0x0000000002003a18                __iwram_overlay_lma = (__data_lma + SIZEOF (.data))
                [!provide]                        PROVIDE (edata = .)
                0x0000000003007c60                __iwram_overlay_start = .

.igot.plt       0x0000000003007c60        0x0 load address 0x0000000002003a18
 .igot.plt      0x0000000003007c60        0x0 c:/devkitpro/devkitarm/bin/../lib/gcc/arm-none-eabi/10.2.0/../../../../arm-none-eabi/lib/thumb/gba_crt0.o

.iwram0         0x0000000003007c60        0x0 load address 0x0000000002003a18
 *(.iwram0)
                0x0000000003007c60                . = ALIGN (0x4)
                0x0000000002003a18                PROVIDE (__load_start_iwram0 = LOADADDR (.iwram0))
                0x0000000002003a18                PROVIDE (__load_stop_iwram0 = (LOADADDR (.iwram0) + SIZEOF (.iwram0)))

.iwram1         0x0000000003007c60        0x0
 *(.iwram1)
                0x0000000003007c60                . = ALIGN (0x4)
                [!provide]                        PROVIDE (__load_start_iwram1 = LOADADDR (.iwram1))
                [!provide]                        PROVIDE (__load_stop_iwram1 = (LOADADDR (.iwram1) + SIZEOF (.iwram1)))

.iwram2         0x0000000003007c60        0x0
 *(.iwram2)
                0x0000000003007c60                . = ALIGN (0x4)
                [!provide]                        PROVIDE (__load_start_iwram2 = LOADADDR (.iwram2))
                [!provide]                        PROVIDE (__load_stop_iwram2 = (LOADADDR (.iwram2) + SIZEOF (.iwram2)))

.iwram3         0x0000000003007c60        0x0
 *(.iwram3)
                0x0000000003007c60                . = ALIGN (0x4)
                [!provide]                        PROVIDE (__load_start_iwram3 = LOADADDR (.iwram3))
                [!provide]                        PROVIDE (__load_stop_iwram3 = (LOADADDR (.iwram3) + SIZEOF (.iwram3)))

.iwram4         0x0000000003007c60        0x0
 *(.iwram4)
                0x0000000003007c60                . = ALIGN (0x4)
                [!provide]                        PROVIDE (__load_start_iwram4 = LOADADDR (.iwram4))
                [!provide]                        PROVIDE (__load_stop_iwram4 = (LOADADDR (.iwram4) + SIZEOF (.iwram4)))

.iwram5         0x0000000003007c60        0x0
 *(.iwram5)
                0x0000000003007c60                . = ALIGN (0x4)
                [!provide]                        PROVIDE (__load_start_iwram5 = LOADADDR (.iwram5))
                [!provide]                        PROVIDE (__load_stop_iwram5 = (LOADADDR (.iwram5) + SIZEOF (.iwram5)))

.iwram6         0x0000000003007c60        0x0
 *(.iwram6)
                0x0000000003007c60                . = ALIGN (0x4)
                [!provide]                        PROVIDE (__load_start_iwram6 = LOADADDR (.iwram6))
                [!provide]                        PROVIDE (__load_stop_iwram6 = (LOADADDR (.iwram6) + SIZEOF (.iwram6)))

.iwram7         0x0000000003007c60        0x0
 *(.iwram7)
                0x0000000003007c60                . = ALIGN (0x4)
                [!provide]                        PROVIDE (__load_start_iwram7 = LOADADDR (.iwram7))
                [!provide]                        PROVIDE (__load_stop_iwram7 = (LOADADDR (.iwram7) + SIZEOF (.iwram7)))

.iwram8         0x0000000003007c60        0x0
 *(.iwram8)
                0x0000000003007c60                . = ALIGN (0x4)
                [!provide]                        PROVIDE (__load_start_iwram8 = LOADADDR (.iwram8))
                [!provide]                        PROVIDE (__load_stop_iwram8 = (LOADADDR (.iwram8) + SIZEOF (.iwram8)))

.iwram9         0x0000000003007c60        0x0
 *(.iwram9)
                0x0000000003007c60                . = ALIGN (0x4)
                [!provide]                        PROVIDE (__load_start_iwram9 = LOADADDR (.iwram9))
                [!provide]                        PROVIDE (__load_stop_iwram9 = (LOADADDR (.iwram9) + SIZEOF (.iwram9)))
                0x0000000002003a18                __ewram_lma = ((((((((((LOADADDR (.iwram0) + SIZEOF (.iwram0)) + SIZEOF (.iwram1)) + SIZEOF (.iwram2)) + SIZEOF (.iwram3)) + SIZEOF (.iwram4)) + SIZEOF (.iwram5)) + SIZEOF (.iwram6)) + SIZEOF (.iwram7)) + SIZEOF (.iwram8)) + SIZEOF (.iwram9))
                0x0000000002003a18                __iwram_overlay_end = __ewram_lma
                0x0000000002003a18                __ewram_start = __ewram_lma

.ewram          0x0000000002003a18        0x0
 *(.ewram)
                0x0000000002003a18                . = ALIGN (0x4)
                0x0000000002003a18                __ewram_end = ABSOLUTE (.)
                0x0000000002003a18                __ewram_overlay_lma = (__ewram_lma + SIZEOF (.ewram))

.sbss           0x0000000002003a18        0x0
                0x0000000002003a18                __sbss_start__ = ABSOLUTE (.)
 *(.sbss)
                0x0000000002003a18                . = ALIGN (0x4)
                0x0000000002003a18                __sbss_end__ = ABSOLUTE (.)
                0x0000000002003a18                __end__ = ABSOLUTE (.)
                0x0000000002003a18                __eheap_start = ABSOLUTE (.)

.ewram0         0x0000000002003a18        0x0
 *(.ewram0)
                0x0000000002003a18                . = ALIGN (0x4)
                [!provide]                        PROVIDE (__load_start_ewram0 = LOADADDR (.ewram0))
                [!provide]                        PROVIDE (__load_stop_ewram0 = (LOADADDR (.ewram0) + SIZEOF (.ewram0)))

.ewram1         0x0000000002003a18        0x0
 *(.ewram1)
                0x0000000002003a18                . = ALIGN (0x4)
                [!provide]                        PROVIDE (__load_start_ewram1 = LOADADDR (.ewram1))
                [!provide]                        PROVIDE (__load_stop_ewram1 = (LOADADDR (.ewram1) + SIZEOF (.ewram1)))

.ewram2         0x0000000002003a18        0x0
 *(.ewram2)
                0x0000000002003a18                . = ALIGN (0x4)
                [!provide]                        PROVIDE (__load_start_ewram2 = LOADADDR (.ewram2))
                [!provide]                        PROVIDE (__load_stop_ewram2 = (LOADADDR (.ewram2) + SIZEOF (.ewram2)))

.ewram3         0x0000000002003a18        0x0
 *(.ewram3)
                0x0000000002003a18                . = ALIGN (0x4)
                [!provide]                        PROVIDE (__load_start_ewram3 = LOADADDR (.ewram3))
                [!provide]                        PROVIDE (__load_stop_ewram3 = (LOADADDR (.ewram3) + SIZEOF (.ewram3)))

.ewram4         0x0000000002003a18        0x0
 *(.ewram4)
                0x0000000002003a18                . = ALIGN (0x4)
                [!provide]                        PROVIDE (__load_start_ewram4 = LOADADDR (.ewram4))
                [!provide]                        PROVIDE (__load_stop_ewram4 = (LOADADDR (.ewram4) + SIZEOF (.ewram4)))

.ewram5         0x0000000002003a18        0x0
 *(.ewram5)
                0x0000000002003a18                . = ALIGN (0x4)
                [!provide]                        PROVIDE (__load_start_ewram5 = LOADADDR (.ewram5))
                [!provide]                        PROVIDE (__load_stop_ewram5 = (LOADADDR (.ewram5) + SIZEOF (.ewram5)))

.ewram6         0x0000000002003a18        0x0
 *(.ewram6)
                0x0000000002003a18                . = ALIGN (0x4)
                [!provide]                        PROVIDE (__load_start_ewram6 = LOADADDR (.ewram6))
                [!provide]                        PROVIDE (__load_stop_ewram6 = (LOADADDR (.ewram6) + SIZEOF (.ewram6)))

.ewram7         0x0000000002003a18        0x0
 *(.ewram7)
                0x0000000002003a18                . = ALIGN (0x4)
                [!provide]                        PROVIDE (__load_start_ewram7 = LOADADDR (.ewram7))
                [!provide]                        PROVIDE (__load_stop_ewram7 = (LOADADDR (.ewram7) + SIZEOF (.ewram7)))

.ewram8         0x0000000002003a18        0x0
 *(.ewram8)
                0x0000000002003a18                . = ALIGN (0x4)
                [!provide]                        PROVIDE (__load_start_ewram8 = LOADADDR (.ewram8))
                [!provide]                        PROVIDE (__load_stop_ewram8 = (LOADADDR (.ewram8) + SIZEOF (.ewram8)))

.ewram9         0x0000000002003a18        0x0
 *(.ewram9)
                0x0000000002003a18                . = ALIGN (0x4)
                [!provide]                        PROVIDE (__load_start_ewram9 = LOADADDR (.ewram9))
                [!provide]                        PROVIDE (__load_stop_ewram9 = (LOADADDR (.ewram9) + SIZEOF (.ewram9)))
                0x0000000002003a18                __ewram_overlay_end = ABSOLUTE (.)
                0x0000000002003a18                __eheap_start = __ewram_overlay_end
                0x0000000002003a18                _end = __ewram_overlay_end
                0x0000000002003a18                __end__ = __ewram_overlay_end
                0x0000000002003a18                __rom_end__ = __ewram_overlay_end

.stab
 *(.stab)

.stabstr
 *(.stabstr)

.stab.excl
 *(.stab.excl)

.stab.exclstr
 *(.stab.exclstr)

.stab.index
 *(.stab.index)

.stab.indexstr
 *(.stab.indexstr)

.comment        0x0000000000000000       0x45
 *(.comment)
 .comment       0x0000000000000000       0x23 c:/devkitpro/devkitarm/bin/../lib/gcc/arm-none-eabi/10.2.0/thumb/crtbegin.o
                                         0x24 (size before relaxing)
 .comment       0x0000000000000023       0x24 Colly.o
 .comment       0x0000000000000023       0x24 TileMap.o
 .comment       0x0000000000000023       0x24 main.o
 .comment       0x0000000000000023       0x24 map.o
 .comment       0x0000000000000023       0x24 players.o
 .comment       0x0000000000000023       0x24 sio.o
 .comment       0x0000000000000023       0x24 util.o
 .comment       0x0000000000000023       0x22 C:/devkitPro/libtonc/lib\libtonc.a(tonc_irq.o)
                                         0x23 (size before relaxing)
 .comment       0x0000000000000045       0x23 C:/devkitPro/libtonc/lib\libtonc.a(tonc_oam.o)
 .comment       0x0000000000000045       0x23 C:/devkitPro/libtonc/lib\libtonc.a(tonc_input.o)
 .comment       0x0000000000000045       0x24 c:/devkitpro/devkitarm/bin/../lib/gcc/arm-none-eabi/10.2.0/../../../../arm-none-eabi/lib/thumb\libg.a(lib_a-init.o)
 .comment       0x0000000000000045       0x24 c:/devkitpro/devkitarm/bin/../lib/gcc/arm-none-eabi/10.2.0/../../../../arm-none-eabi/lib/thumb\libg.a(lib_a-memcpy-stub.o)
 .comment       0x0000000000000045       0x24 c:/devkitpro/devkitarm/bin/../lib/gcc/arm-none-eabi/10.2.0/../../../../arm-none-eabi/lib/thumb\libg.a(lib_a-memmove.o)
 .comment       0x0000000000000045       0x24 c:/devkitpro/devkitarm/bin/../lib/gcc/arm-none-eabi/10.2.0/../../../../arm-none-eabi/lib/thumb\libg.a(lib_a-strlen-stub.o)
 .comment       0x0000000000000045       0x24 c:/devkitpro/devkitarm/bin/../lib/gcc/arm-none-eabi/10.2.0/../../../../arm-none-eabi/lib/thumb\libsysbase.a(malloc_vars.o)
 .comment       0x0000000000000045       0x24 c:/devkitpro/devkitarm/bin/../lib/gcc/arm-none-eabi/10.2.0/thumb/crtend.o

.ARM.attributes
                0x0000000000000000       0x2c
 .ARM.attributes
                0x0000000000000000       0x20 c:/devkitpro/devkitarm/bin/../lib/gcc/arm-none-eabi/10.2.0/../../../../arm-none-eabi/lib/thumb/gba_crt0.o
 .ARM.attributes
                0x0000000000000020       0x1c c:/devkitpro/devkitarm/bin/../lib/gcc/arm-none-eabi/10.2.0/thumb/crti.o
 .ARM.attributes
                0x000000000000003c       0x2a c:/devkitpro/devkitarm/bin/../lib/gcc/arm-none-eabi/10.2.0/thumb/crtbegin.o
 .ARM.attributes
                0x0000000000000066       0x26 Colly.o
 .ARM.attributes
                0x000000000000008c       0x2c TileMap.o
 .ARM.attributes
                0x00000000000000b8       0x26 main.o
 .ARM.attributes
                0x00000000000000de       0x26 map.o
 .ARM.attributes
                0x0000000000000104       0x26 players.o
 .ARM.attributes
                0x000000000000012a       0x26 sio.o
 .ARM.attributes
                0x0000000000000150       0x26 util.o
 .ARM.attributes
                0x0000000000000176       0x2a C:/devkitPro/libtonc/lib\libtonc.a(tonc_irq.o)
 .ARM.attributes
                0x00000000000001a0       0x2a C:/devkitPro/libtonc/lib\libtonc.a(tonc_oam.o)
 .ARM.attributes
                0x00000000000001ca       0x2a C:/devkitPro/libtonc/lib\libtonc.a(tonc_input.o)
 .ARM.attributes
                0x00000000000001f4       0x1a C:/devkitPro/libtonc/lib\libtonc.a(tonc_bios.o)
 .ARM.attributes
                0x000000000000020e       0x1a C:/devkitPro/libtonc/lib\libtonc.a(tonc_memcpy.o)
 .ARM.attributes
                0x0000000000000228       0x1a C:/devkitPro/libtonc/lib\libtonc.a(tonc_isr_master.o)
 .ARM.attributes
                0x0000000000000242       0x1a C:/devkitPro/libtonc/lib\libtonc.a(tonc_memset.o)
 .ARM.attributes
                0x000000000000025c       0x1c c:/devkitpro/devkitarm/bin/../lib/gcc/arm-none-eabi/10.2.0/thumb\libgcc.a(_arm_mulsf3.o)
 .ARM.attributes
                0x0000000000000278       0x1c c:/devkitpro/devkitarm/bin/../lib/gcc/arm-none-eabi/10.2.0/thumb\libgcc.a(_udivsi3.o)
 .ARM.attributes
                0x0000000000000294       0x1c c:/devkitpro/devkitarm/bin/../lib/gcc/arm-none-eabi/10.2.0/thumb\libgcc.a(_divsi3.o)
 .ARM.attributes
                0x00000000000002b0       0x1c c:/devkitpro/devkitarm/bin/../lib/gcc/arm-none-eabi/10.2.0/thumb\libgcc.a(_dvmd_tls.o)
 .ARM.attributes
                0x00000000000002cc       0x1c c:/devkitpro/devkitarm/bin/../lib/gcc/arm-none-eabi/10.2.0/thumb\libgcc.a(_arm_addsubsf3.o)
 .ARM.attributes
                0x00000000000002e8       0x1c c:/devkitpro/devkitarm/bin/../lib/gcc/arm-none-eabi/10.2.0/thumb\libgcc.a(_arm_cmpsf2.o)
 .ARM.attributes
                0x0000000000000304       0x1c c:/devkitpro/devkitarm/bin/../lib/gcc/arm-none-eabi/10.2.0/thumb\libgcc.a(_arm_fixsfsi.o)
 .ARM.attributes
                0x0000000000000320       0x2a c:/devkitpro/devkitarm/bin/../lib/gcc/arm-none-eabi/10.2.0/../../../../arm-none-eabi/lib/thumb\libg.a(lib_a-init.o)
 .ARM.attributes
                0x000000000000034a       0x2a c:/devkitpro/devkitarm/bin/../lib/gcc/arm-none-eabi/10.2.0/../../../../arm-none-eabi/lib/thumb\libg.a(lib_a-memcpy-stub.o)
 .ARM.attributes
                0x0000000000000374       0x2a c:/devkitpro/devkitarm/bin/../lib/gcc/arm-none-eabi/10.2.0/../../../../arm-none-eabi/lib/thumb\libg.a(lib_a-memmove.o)
 .ARM.attributes
                0x000000000000039e       0x2a c:/devkitpro/devkitarm/bin/../lib/gcc/arm-none-eabi/10.2.0/../../../../arm-none-eabi/lib/thumb\libg.a(lib_a-strlen-stub.o)
 .ARM.attributes
                0x00000000000003c8       0x30 c:/devkitpro/devkitarm/bin/../lib/gcc/arm-none-eabi/10.2.0/../../../../arm-none-eabi/lib/thumb\libsysbase.a(malloc_vars.o)
 .ARM.attributes
                0x00000000000003f8       0x30 c:/devkitpro/devkitarm/bin/../lib/gcc/arm-none-eabi/10.2.0/thumb/crtend.o
 .ARM.attributes
                0x0000000000000428       0x1c c:/devkitpro/devkitarm/bin/../lib/gcc/arm-none-eabi/10.2.0/thumb/crtn.o

.debug
 *(.debug)

.line
 *(.line)

.debug_srcinfo
 *(.debug_srcinfo)

.debug_sfnames
 *(.debug_sfnames)

.debug_aranges  0x0000000000000000       0xe0
 *(.debug_aranges)
 .debug_aranges
                0x0000000000000000       0x20 Colly.o
 .debug_aranges
                0x0000000000000020       0x18 TileMap.o
 .debug_aranges
                0x0000000000000038       0x28 main.o
 .debug_aranges
                0x0000000000000060       0x20 map.o
 .debug_aranges
                0x0000000000000080       0x20 players.o
 .debug_aranges
                0x00000000000000a0       0x20 sio.o
 .debug_aranges
                0x00000000000000c0       0x20 util.o

.debug_pubnames
 *(.debug_pubnames)

.debug_info     0x0000000000000000     0x3b83
 *(.debug_info)
 .debug_info    0x0000000000000000      0xcc0 Colly.o
 .debug_info    0x0000000000000cc0      0x1d9 TileMap.o
 .debug_info    0x0000000000000e99     0x1055 main.o
 .debug_info    0x0000000000001eee      0xa84 map.o
 .debug_info    0x0000000000002972      0x687 players.o
 .debug_info    0x0000000000002ff9      0xa1b sio.o
 .debug_info    0x0000000000003a14      0x16f util.o

.debug_abbrev   0x0000000000000000     0x10b8
 *(.debug_abbrev)
 .debug_abbrev  0x0000000000000000      0x2be Colly.o
 .debug_abbrev  0x00000000000002be       0x95 TileMap.o
 .debug_abbrev  0x0000000000000353      0x3be main.o
 .debug_abbrev  0x0000000000000711      0x2cf map.o
 .debug_abbrev  0x00000000000009e0      0x33b players.o
 .debug_abbrev  0x0000000000000d1b      0x2ee sio.o
 .debug_abbrev  0x0000000000001009       0xaf util.o

.debug_line     0x0000000000000000     0x35e4
 *(.debug_line)
 .debug_line    0x0000000000000000      0x735 Colly.o
 .debug_line    0x0000000000000735       0x99 TileMap.o
 .debug_line    0x00000000000007ce      0xd8a main.o
 .debug_line    0x0000000000001558      0xa44 map.o
 .debug_line    0x0000000000001f9c      0xb78 players.o
 .debug_line    0x0000000000002b14      0x9ca sio.o
 .debug_line    0x00000000000034de      0x106 util.o

.debug_frame    0x0000000000000000      0x4a4
 *(.debug_frame)
 .debug_frame   0x0000000000000000       0xac Colly.o
 .debug_frame   0x00000000000000ac       0xe4 main.o
 .debug_frame   0x0000000000000190      0x114 map.o
 .debug_frame   0x00000000000002a4       0x7c players.o
 .debug_frame   0x0000000000000320      0x144 sio.o
 .debug_frame   0x0000000000000464       0x40 util.o

.debug_str      0x0000000000000000      0x9cd
 *(.debug_str)
 .debug_str     0x0000000000000000      0x27e Colly.o
                                        0x2bc (size before relaxing)
 .debug_str     0x000000000000027e      0x10e TileMap.o
                                        0x254 (size before relaxing)
 .debug_str     0x000000000000038c      0x2f7 main.o
                                        0x575 (size before relaxing)
 .debug_str     0x0000000000000683      0x11a map.o
                                        0x3a4 (size before relaxing)
 .debug_str     0x000000000000079d       0x99 players.o
                                        0x356 (size before relaxing)
 .debug_str     0x0000000000000836      0x150 sio.o
                                        0x44c (size before relaxing)
 .debug_str     0x0000000000000986       0x47 util.o
                                        0x1aa (size before relaxing)

.debug_loc      0x0000000000000000     0x3dbc
 *(.debug_loc)
 .debug_loc     0x0000000000000000     0x1697 Colly.o
 .debug_loc     0x0000000000001697      0xa36 main.o
 .debug_loc     0x00000000000020cd      0x923 map.o
 .debug_loc     0x00000000000029f0      0xd21 players.o
 .debug_loc     0x0000000000003711      0x4b4 sio.o
 .debug_loc     0x0000000000003bc5      0x1f7 util.o

.debug_macinfo
 *(.debug_macinfo)

.debug_weaknames
 *(.debug_weaknames)

.debug_funcnames
 *(.debug_funcnames)

.debug_typenames
 *(.debug_typenames)

.debug_varnames
 *(.debug_varnames)

.stack          0x0000000000080000        0x0
                0x0000000000080000                _stack = .
 *(.stack)
LOAD c:/devkitpro/devkitarm/bin/../lib/gcc/arm-none-eabi/10.2.0/../../../../arm-none-eabi/lib/thumb/gba_crt0.o
LOAD c:/devkitpro/devkitarm/bin/../lib/gcc/arm-none-eabi/10.2.0/thumb/crti.o
LOAD c:/devkitpro/devkitarm/bin/../lib/gcc/arm-none-eabi/10.2.0/thumb/crtbegin.o
LOAD Colly.o
LOAD TileMap.o
LOAD main.o
LOAD map.o
LOAD players.o
LOAD sio.o
LOAD util.o
LOAD C:/devkitPro/libgba/lib\libgba.a
LOAD C:/devkitPro/libtonc/lib\libtonc.a
START GROUP
LOAD c:/devkitpro/devkitarm/bin/../lib/gcc/arm-none-eabi/10.2.0/thumb\libgcc.a
LOAD c:/devkitpro/devkitarm/bin/../lib/gcc/arm-none-eabi/10.2.0/../../../../arm-none-eabi/lib/thumb\libg.a
LOAD c:/devkitpro/devkitarm/bin/../lib/gcc/arm-none-eabi/10.2.0/../../../../arm-none-eabi/lib/thumb\libc.a
LOAD c:/devkitpro/devkitarm/bin/../lib/gcc/arm-none-eabi/10.2.0/../../../../arm-none-eabi/lib/thumb\libsysbase.a
END GROUP
LOAD c:/devkitpro/devkitarm/bin/../lib/gcc/arm-none-eabi/10.2.0/thumb/crtend.o
LOAD c:/devkitpro/devkitarm/bin/../lib/gcc/arm-none-eabi/10.2.0/thumb/crtn.o
OUTPUT(C:/Users/Daniel/Desktop/GBAWork/TileWorldGBA/TileWorldGBA_mb.elf elf32-littlearm)
LOAD linker stubs

.debug_ranges   0x0000000000000000      0xaa0
 .debug_ranges  0x0000000000000000      0x3c0 Colly.o
 .debug_ranges  0x00000000000003c0      0x308 main.o
 .debug_ranges  0x00000000000006c8       0xc8 map.o
 .debug_ranges  0x0000000000000790      0x268 players.o
 .debug_ranges  0x00000000000009f8       0xa8 sio.o
