Archive member included to satisfy reference by file (symbol)

C:/devkitPro/libtonc/lib\libtonc.a(tonc_irq.o)
                              main.o (irq_init)
C:/devkitPro/libtonc/lib\libtonc.a(tonc_oam.o)
                              main.o (oam_init)
C:/devkitPro/libtonc/lib\libtonc.a(tonc_input.o)
                              main.o (key_poll)
C:/devkitPro/libtonc/lib\libtonc.a(tonc_text.o)
                              main.o (txt_init_std)
C:/devkitPro/libtonc/lib\libtonc.a(tonc_bios.o)
                              C:/devkitPro/libtonc/lib\libtonc.a(tonc_input.o) (VBlankIntrWait)
C:/devkitPro/libtonc/lib\libtonc.a(tonc_memcpy.o)
                              main.o (memcpy32)
C:/devkitPro/libtonc/lib\libtonc.a(tonc_isr_master.o)
                              C:/devkitPro/libtonc/lib\libtonc.a(tonc_irq.o) (isr_master)
C:/devkitPro/libtonc/lib\libtonc.a(tonc_memset.o)
                              C:/devkitPro/libtonc/lib\libtonc.a(tonc_irq.o) (memset32)
C:/devkitPro/libtonc/lib\libtonc.a(toncfont.o)
                              C:/devkitPro/libtonc/lib\libtonc.a(tonc_text.o) (toncfontTiles)
c:/devkitpro/devkitarm/bin/../lib/gcc/arm-none-eabi/10.2.0/thumb\libgcc.a(_arm_mulsf3.o)
                              players.o (__aeabi_fmul)
c:/devkitpro/devkitarm/bin/../lib/gcc/arm-none-eabi/10.2.0/thumb\libgcc.a(_divsi3.o)
                              Colly.o (__aeabi_idivmod)
c:/devkitpro/devkitarm/bin/../lib/gcc/arm-none-eabi/10.2.0/thumb\libgcc.a(_dvmd_tls.o)
                              c:/devkitpro/devkitarm/bin/../lib/gcc/arm-none-eabi/10.2.0/thumb\libgcc.a(_divsi3.o) (__aeabi_idiv0)
c:/devkitpro/devkitarm/bin/../lib/gcc/arm-none-eabi/10.2.0/thumb\libgcc.a(_arm_addsubsf3.o)
                              Colly.o (__aeabi_fsub)
c:/devkitpro/devkitarm/bin/../lib/gcc/arm-none-eabi/10.2.0/thumb\libgcc.a(_arm_cmpsf2.o)
                              Colly.o (__aeabi_fcmplt)
c:/devkitpro/devkitarm/bin/../lib/gcc/arm-none-eabi/10.2.0/thumb\libgcc.a(_arm_fixsfsi.o)
                              Colly.o (__aeabi_f2iz)
c:/devkitpro/devkitarm/bin/../lib/gcc/arm-none-eabi/10.2.0/../../../../arm-none-eabi/lib/thumb\libg.a(lib_a-init.o)
                              c:/devkitpro/devkitarm/bin/../lib/gcc/arm-none-eabi/10.2.0/../../../../arm-none-eabi/lib/thumb/gba_crt0.o (__libc_init_array)
c:/devkitpro/devkitarm/bin/../lib/gcc/arm-none-eabi/10.2.0/../../../../arm-none-eabi/lib/thumb\libg.a(lib_a-itoa.o)
                              sio.o (itoa)
c:/devkitpro/devkitarm/bin/../lib/gcc/arm-none-eabi/10.2.0/../../../../arm-none-eabi/lib/thumb\libg.a(lib_a-memcpy-stub.o)
                              main.o (memcpy)
c:/devkitpro/devkitarm/bin/../lib/gcc/arm-none-eabi/10.2.0/../../../../arm-none-eabi/lib/thumb\libg.a(lib_a-memmove.o)
                              sio.o (memmove)
c:/devkitpro/devkitarm/bin/../lib/gcc/arm-none-eabi/10.2.0/../../../../arm-none-eabi/lib/thumb\libg.a(lib_a-strlen-stub.o)
                              sio.o (strlen)
c:/devkitpro/devkitarm/bin/../lib/gcc/arm-none-eabi/10.2.0/../../../../arm-none-eabi/lib/thumb\libg.a(lib_a-utoa.o)
                              c:/devkitpro/devkitarm/bin/../lib/gcc/arm-none-eabi/10.2.0/../../../../arm-none-eabi/lib/thumb\libg.a(lib_a-itoa.o) (__utoa)
c:/devkitpro/devkitarm/bin/../lib/gcc/arm-none-eabi/10.2.0/../../../../arm-none-eabi/lib/thumb\libsysbase.a(malloc_vars.o)
                              c:/devkitpro/devkitarm/bin/../lib/gcc/arm-none-eabi/10.2.0/../../../../arm-none-eabi/lib/thumb/gba_crt0.o (fake_heap_end)
c:/devkitpro/devkitarm/bin/../lib/gcc/arm-none-eabi/10.2.0/thumb\libgcc.a(_udivsi3.o)
                              c:/devkitpro/devkitarm/bin/../lib/gcc/arm-none-eabi/10.2.0/../../../../arm-none-eabi/lib/thumb\libg.a(lib_a-utoa.o) (__aeabi_uidivmod)

Allocating common symbols
Common symbol       size              file

__isr_table         0x78              C:/devkitPro/libtonc/lib\libtonc.a(tonc_irq.o)
__txt_base          0x20              C:/devkitPro/libtonc/lib\libtonc.a(tonc_text.o)
txt_lut             0x100             C:/devkitPro/libtonc/lib\libtonc.a(tonc_text.o)

Discarded input sections

 .text          0x0000000000000000        0x0 c:/devkitpro/devkitarm/bin/../lib/gcc/arm-none-eabi/10.2.0/../../../../arm-none-eabi/lib/thumb/gba_crt0.o
 .data          0x0000000000000000        0x0 c:/devkitpro/devkitarm/bin/../lib/gcc/arm-none-eabi/10.2.0/../../../../arm-none-eabi/lib/thumb/gba_crt0.o
 .bss           0x0000000000000000        0x0 c:/devkitpro/devkitarm/bin/../lib/gcc/arm-none-eabi/10.2.0/../../../../arm-none-eabi/lib/thumb/gba_crt0.o
 .text          0x0000000000000000        0x0 c:/devkitpro/devkitarm/bin/../lib/gcc/arm-none-eabi/10.2.0/thumb/crti.o
 .data          0x0000000000000000        0x0 c:/devkitpro/devkitarm/bin/../lib/gcc/arm-none-eabi/10.2.0/thumb/crti.o
 .bss           0x0000000000000000        0x0 c:/devkitpro/devkitarm/bin/../lib/gcc/arm-none-eabi/10.2.0/thumb/crti.o
 .text          0x0000000000000000        0x0 c:/devkitpro/devkitarm/bin/../lib/gcc/arm-none-eabi/10.2.0/thumb/crtbegin.o
 .data          0x0000000000000000        0x0 c:/devkitpro/devkitarm/bin/../lib/gcc/arm-none-eabi/10.2.0/thumb/crtbegin.o
 .bss           0x0000000000000000        0x0 c:/devkitpro/devkitarm/bin/../lib/gcc/arm-none-eabi/10.2.0/thumb/crtbegin.o
 .data.__dso_handle
                0x0000000000000000        0x4 c:/devkitpro/devkitarm/bin/../lib/gcc/arm-none-eabi/10.2.0/thumb/crtbegin.o
 .data          0x0000000000000000        0x0 Colly.o
 .bss           0x0000000000000000        0x0 Colly.o
 .text          0x0000000000000000        0x0 TileMap.o
 .data          0x0000000000000000        0x0 TileMap.o
 .bss           0x0000000000000000        0x0 TileMap.o
 .data          0x0000000000000000        0x0 players.o
 .data          0x0000000000000000        0x0 util.o
 .bss           0x0000000000000000        0x0 util.o
 .data          0x0000000000000000        0x0 C:/devkitPro/libtonc/lib\libtonc.a(tonc_irq.o)
 .bss           0x0000000000000000        0x0 C:/devkitPro/libtonc/lib\libtonc.a(tonc_irq.o)
 .data          0x0000000000000000        0x0 C:/devkitPro/libtonc/lib\libtonc.a(tonc_oam.o)
 .bss           0x0000000000000000        0x0 C:/devkitPro/libtonc/lib\libtonc.a(tonc_oam.o)
 .bss           0x0000000000000000        0x0 C:/devkitPro/libtonc/lib\libtonc.a(tonc_text.o)
 .data          0x0000000000000000        0x0 C:/devkitPro/libtonc/lib\libtonc.a(tonc_bios.o)
 .bss           0x0000000000000000        0x0 C:/devkitPro/libtonc/lib\libtonc.a(tonc_bios.o)
 .text          0x0000000000000000       0x44 C:/devkitPro/libtonc/lib\libtonc.a(tonc_memcpy.o)
 .data          0x0000000000000000        0x0 C:/devkitPro/libtonc/lib\libtonc.a(tonc_memcpy.o)
 .bss           0x0000000000000000        0x0 C:/devkitPro/libtonc/lib\libtonc.a(tonc_memcpy.o)
 .text          0x0000000000000000        0x0 C:/devkitPro/libtonc/lib\libtonc.a(tonc_isr_master.o)
 .data          0x0000000000000000        0x0 C:/devkitPro/libtonc/lib\libtonc.a(tonc_isr_master.o)
 .bss           0x0000000000000000        0x0 C:/devkitPro/libtonc/lib\libtonc.a(tonc_isr_master.o)
 .text          0x0000000000000000       0x3c C:/devkitPro/libtonc/lib\libtonc.a(tonc_memset.o)
 .data          0x0000000000000000        0x0 C:/devkitPro/libtonc/lib\libtonc.a(tonc_memset.o)
 .bss           0x0000000000000000        0x0 C:/devkitPro/libtonc/lib\libtonc.a(tonc_memset.o)
 .text          0x0000000000000000        0x0 C:/devkitPro/libtonc/lib\libtonc.a(toncfont.o)
 .data          0x0000000000000000        0x0 C:/devkitPro/libtonc/lib\libtonc.a(toncfont.o)
 .bss           0x0000000000000000        0x0 C:/devkitPro/libtonc/lib\libtonc.a(toncfont.o)
 .data          0x0000000000000000        0x0 c:/devkitpro/devkitarm/bin/../lib/gcc/arm-none-eabi/10.2.0/thumb\libgcc.a(_arm_mulsf3.o)
 .bss           0x0000000000000000        0x0 c:/devkitpro/devkitarm/bin/../lib/gcc/arm-none-eabi/10.2.0/thumb\libgcc.a(_arm_mulsf3.o)
 .data          0x0000000000000000        0x0 c:/devkitpro/devkitarm/bin/../lib/gcc/arm-none-eabi/10.2.0/thumb\libgcc.a(_divsi3.o)
 .bss           0x0000000000000000        0x0 c:/devkitpro/devkitarm/bin/../lib/gcc/arm-none-eabi/10.2.0/thumb\libgcc.a(_divsi3.o)
 .data          0x0000000000000000        0x0 c:/devkitpro/devkitarm/bin/../lib/gcc/arm-none-eabi/10.2.0/thumb\libgcc.a(_dvmd_tls.o)
 .bss           0x0000000000000000        0x0 c:/devkitpro/devkitarm/bin/../lib/gcc/arm-none-eabi/10.2.0/thumb\libgcc.a(_dvmd_tls.o)
 .data          0x0000000000000000        0x0 c:/devkitpro/devkitarm/bin/../lib/gcc/arm-none-eabi/10.2.0/thumb\libgcc.a(_arm_addsubsf3.o)
 .bss           0x0000000000000000        0x0 c:/devkitpro/devkitarm/bin/../lib/gcc/arm-none-eabi/10.2.0/thumb\libgcc.a(_arm_addsubsf3.o)
 .data          0x0000000000000000        0x0 c:/devkitpro/devkitarm/bin/../lib/gcc/arm-none-eabi/10.2.0/thumb\libgcc.a(_arm_cmpsf2.o)
 .bss           0x0000000000000000        0x0 c:/devkitpro/devkitarm/bin/../lib/gcc/arm-none-eabi/10.2.0/thumb\libgcc.a(_arm_cmpsf2.o)
 .data          0x0000000000000000        0x0 c:/devkitpro/devkitarm/bin/../lib/gcc/arm-none-eabi/10.2.0/thumb\libgcc.a(_arm_fixsfsi.o)
 .bss           0x0000000000000000        0x0 c:/devkitpro/devkitarm/bin/../lib/gcc/arm-none-eabi/10.2.0/thumb\libgcc.a(_arm_fixsfsi.o)
 .text          0x0000000000000000        0x0 c:/devkitpro/devkitarm/bin/../lib/gcc/arm-none-eabi/10.2.0/../../../../arm-none-eabi/lib/thumb\libg.a(lib_a-init.o)
 .data          0x0000000000000000        0x0 c:/devkitpro/devkitarm/bin/../lib/gcc/arm-none-eabi/10.2.0/../../../../arm-none-eabi/lib/thumb\libg.a(lib_a-init.o)
 .bss           0x0000000000000000        0x0 c:/devkitpro/devkitarm/bin/../lib/gcc/arm-none-eabi/10.2.0/../../../../arm-none-eabi/lib/thumb\libg.a(lib_a-init.o)
 .text          0x0000000000000000        0x0 c:/devkitpro/devkitarm/bin/../lib/gcc/arm-none-eabi/10.2.0/../../../../arm-none-eabi/lib/thumb\libg.a(lib_a-itoa.o)
 .data          0x0000000000000000        0x0 c:/devkitpro/devkitarm/bin/../lib/gcc/arm-none-eabi/10.2.0/../../../../arm-none-eabi/lib/thumb\libg.a(lib_a-itoa.o)
 .bss           0x0000000000000000        0x0 c:/devkitpro/devkitarm/bin/../lib/gcc/arm-none-eabi/10.2.0/../../../../arm-none-eabi/lib/thumb\libg.a(lib_a-itoa.o)
 .text.__itoa   0x0000000000000000       0x34 c:/devkitpro/devkitarm/bin/../lib/gcc/arm-none-eabi/10.2.0/../../../../arm-none-eabi/lib/thumb\libg.a(lib_a-itoa.o)
 .text          0x0000000000000000        0x0 c:/devkitpro/devkitarm/bin/../lib/gcc/arm-none-eabi/10.2.0/../../../../arm-none-eabi/lib/thumb\libg.a(lib_a-memcpy-stub.o)
 .data          0x0000000000000000        0x0 c:/devkitpro/devkitarm/bin/../lib/gcc/arm-none-eabi/10.2.0/../../../../arm-none-eabi/lib/thumb\libg.a(lib_a-memcpy-stub.o)
 .bss           0x0000000000000000        0x0 c:/devkitpro/devkitarm/bin/../lib/gcc/arm-none-eabi/10.2.0/../../../../arm-none-eabi/lib/thumb\libg.a(lib_a-memcpy-stub.o)
 .text          0x0000000000000000        0x0 c:/devkitpro/devkitarm/bin/../lib/gcc/arm-none-eabi/10.2.0/../../../../arm-none-eabi/lib/thumb\libg.a(lib_a-memmove.o)
 .data          0x0000000000000000        0x0 c:/devkitpro/devkitarm/bin/../lib/gcc/arm-none-eabi/10.2.0/../../../../arm-none-eabi/lib/thumb\libg.a(lib_a-memmove.o)
 .bss           0x0000000000000000        0x0 c:/devkitpro/devkitarm/bin/../lib/gcc/arm-none-eabi/10.2.0/../../../../arm-none-eabi/lib/thumb\libg.a(lib_a-memmove.o)
 .text          0x0000000000000000        0x0 c:/devkitpro/devkitarm/bin/../lib/gcc/arm-none-eabi/10.2.0/../../../../arm-none-eabi/lib/thumb\libg.a(lib_a-strlen-stub.o)
 .data          0x0000000000000000        0x0 c:/devkitpro/devkitarm/bin/../lib/gcc/arm-none-eabi/10.2.0/../../../../arm-none-eabi/lib/thumb\libg.a(lib_a-strlen-stub.o)
 .bss           0x0000000000000000        0x0 c:/devkitpro/devkitarm/bin/../lib/gcc/arm-none-eabi/10.2.0/../../../../arm-none-eabi/lib/thumb\libg.a(lib_a-strlen-stub.o)
 .text          0x0000000000000000        0x0 c:/devkitpro/devkitarm/bin/../lib/gcc/arm-none-eabi/10.2.0/../../../../arm-none-eabi/lib/thumb\libg.a(lib_a-utoa.o)
 .data          0x0000000000000000        0x0 c:/devkitpro/devkitarm/bin/../lib/gcc/arm-none-eabi/10.2.0/../../../../arm-none-eabi/lib/thumb\libg.a(lib_a-utoa.o)
 .bss           0x0000000000000000        0x0 c:/devkitpro/devkitarm/bin/../lib/gcc/arm-none-eabi/10.2.0/../../../../arm-none-eabi/lib/thumb\libg.a(lib_a-utoa.o)
 .text.utoa     0x0000000000000000        0xc c:/devkitpro/devkitarm/bin/../lib/gcc/arm-none-eabi/10.2.0/../../../../arm-none-eabi/lib/thumb\libg.a(lib_a-utoa.o)
 .text          0x0000000000000000        0x0 c:/devkitpro/devkitarm/bin/../lib/gcc/arm-none-eabi/10.2.0/../../../../arm-none-eabi/lib/thumb\libsysbase.a(malloc_vars.o)
 .data          0x0000000000000000        0x0 c:/devkitpro/devkitarm/bin/../lib/gcc/arm-none-eabi/10.2.0/../../../../arm-none-eabi/lib/thumb\libsysbase.a(malloc_vars.o)
 .bss           0x0000000000000000        0x0 c:/devkitpro/devkitarm/bin/../lib/gcc/arm-none-eabi/10.2.0/../../../../arm-none-eabi/lib/thumb\libsysbase.a(malloc_vars.o)
 .bss.fake_heap_start
                0x0000000000000000        0x4 c:/devkitpro/devkitarm/bin/../lib/gcc/arm-none-eabi/10.2.0/../../../../arm-none-eabi/lib/thumb\libsysbase.a(malloc_vars.o)
 .data          0x0000000000000000        0x0 c:/devkitpro/devkitarm/bin/../lib/gcc/arm-none-eabi/10.2.0/thumb\libgcc.a(_udivsi3.o)
 .bss           0x0000000000000000        0x0 c:/devkitpro/devkitarm/bin/../lib/gcc/arm-none-eabi/10.2.0/thumb\libgcc.a(_udivsi3.o)
 .text          0x0000000000000000        0x0 c:/devkitpro/devkitarm/bin/../lib/gcc/arm-none-eabi/10.2.0/thumb/crtend.o
 .data          0x0000000000000000        0x0 c:/devkitpro/devkitarm/bin/../lib/gcc/arm-none-eabi/10.2.0/thumb/crtend.o
 .bss           0x0000000000000000        0x0 c:/devkitpro/devkitarm/bin/../lib/gcc/arm-none-eabi/10.2.0/thumb/crtend.o
 .text          0x0000000000000000        0x0 c:/devkitpro/devkitarm/bin/../lib/gcc/arm-none-eabi/10.2.0/thumb/crtn.o
 .data          0x0000000000000000        0x0 c:/devkitpro/devkitarm/bin/../lib/gcc/arm-none-eabi/10.2.0/thumb/crtn.o
 .bss           0x0000000000000000        0x0 c:/devkitpro/devkitarm/bin/../lib/gcc/arm-none-eabi/10.2.0/thumb/crtn.o

Memory Configuration

Name             Origin             Length             Attributes
rom              0x0000000008000000 0x0000000002000000
iwram            0x0000000003000000 0x0000000000008000
ewram            0x0000000002000000 0x0000000000040000
*default*        0x0000000000000000 0xffffffffffffffff

Linker script and memory map

                0x0000000002000000                __text_start = ORIGIN (ewram)
                0x0000000002040000                __eheap_end = (ORIGIN (ewram) + LENGTH (ewram))
                0x0000000003000000                __iwram_start = ORIGIN (iwram)
                0x0000000003008000                __iwram_top = (ORIGIN (iwram) + LENGTH (iwram))
                0x0000000003007fa0                __sp_irq = (__iwram_top - 0x60)
                0x0000000003007f00                __sp_usr = (__sp_irq - 0xa0)
                0x0000000003007ff8                __irq_flags = 0x3007ff8
                0x0000000002000000                . = __text_start
                0x0000000002000000                . = __text_start

.crt0           0x0000000002000000      0x210
 *(.crt0)
 .crt0          0x0000000002000000      0x210 c:/devkitpro/devkitarm/bin/../lib/gcc/arm-none-eabi/10.2.0/../../../../arm-none-eabi/lib/thumb/gba_crt0.o
                0x0000000002000000                _start
                0x00000000020000c4                __boot_method
                0x00000000020000c5                __slave_number
                0x00000000020000e0                start_vector
                0x0000000002000210                . = ALIGN (0x4)

.init           0x0000000002000210        0xc
 *(SORT_NONE(.init))
 .init          0x0000000002000210        0x4 c:/devkitpro/devkitarm/bin/../lib/gcc/arm-none-eabi/10.2.0/thumb/crti.o
                0x0000000002000210                _init
 .init          0x0000000002000214        0x8 c:/devkitpro/devkitarm/bin/../lib/gcc/arm-none-eabi/10.2.0/thumb/crtn.o

.plt            0x000000000200021c        0x0
 *(.plt)
                0x000000000200021c                . = ALIGN (0x4)

.text           0x000000000200021c     0x3394
 *(EXCLUDE_FILE(*.iwram*) .text*)
 .text.__do_global_dtors_aux
                0x000000000200021c       0x2c c:/devkitpro/devkitarm/bin/../lib/gcc/arm-none-eabi/10.2.0/thumb/crtbegin.o
 .text.frame_dummy
                0x0000000002000248       0x24 c:/devkitpro/devkitarm/bin/../lib/gcc/arm-none-eabi/10.2.0/thumb/crtbegin.o
 .text          0x000000000200026c      0x570 Colly.o
                0x000000000200026c                mod
                0x0000000002000284                Intersects
                0x0000000002000348                increment
                0x00000000020004f8                Check
 .text          0x00000000020007dc      0x8cc main.o
                0x00000000020007dc                init_map
                0x0000000002000aa4                movement
                0x0000000002000cdc                render
                0x0000000002000ed8                placeTiles
                0x0000000002000fe4                handleMiniMap
 .text.startup  0x00000000020010a8       0xac main.o
                0x00000000020010a8                main
 .text          0x0000000002001154      0x57c map.o
                0x0000000002001154                setChunk
                0x000000000200120c                setTile
                0x0000000002001294                setupMap
                0x00000000020012d4                loadChunksLR
                0x0000000002001314                loadChunksUD
                0x0000000002001354                loadChunks
                0x00000000020014dc                processNewChunkData
                0x00000000020015f4                EnableMiniMapMode
 .text          0x00000000020016d0      0x51c players.o
                0x00000000020016d0                UpdatePlayer
                0x0000000002001a0c                PlayerLeave
                0x0000000002001acc                InitAllPlayers
                0x0000000002001b38                RenderAllPlayers
 .text          0x0000000002001bec      0x7c8 sio.o
                0x0000000002001bec                sio_interrupt
                0x0000000002001d48                connect
                0x0000000002001d90                ping
                0x0000000002001db8                place
                0x0000000002001e24                sioMove
                0x0000000002001ef0                requestChunks
                0x0000000002001f78                sioPrint
                0x0000000002001fbc                sioPrintInt
                0x0000000002002000                handle_serial
                0x00000000020022bc                processData
                0x0000000002002340                sioInit
 .text          0x00000000020023b4       0xac util.o
                0x00000000020023b4                se_index
                0x00000000020023d0                map_index
                0x00000000020023f0                Reverse32
                0x0000000002002408                swapNibbles
                0x0000000002002418                ReverseNibbles32
 .text          0x0000000002002460      0x354 C:/devkitPro/libtonc/lib\libtonc.a(tonc_irq.o)
                0x0000000002002460                irq_init
                0x00000000020024a4                irq_set_master
                0x00000000020024d0                irq_set
                0x00000000020025f8                irq_add
                0x0000000002002670                irq_delete
                0x0000000002002724                irq_enable
                0x000000000200276c                irq_disable
 .text          0x00000000020027b4       0xbc C:/devkitPro/libtonc/lib\libtonc.a(tonc_oam.o)
                0x00000000020027b4                oam_init
                0x00000000020027fc                obj_copy
                0x000000000200281c                obj_hide_multi
                0x0000000002002844                obj_unhide_multi
 .text          0x0000000002002870       0xa8 C:/devkitPro/libtonc/lib\libtonc.a(tonc_input.o)
                0x0000000002002870                key_poll
                0x00000000020028c4                key_wait_till_hit
                0x00000000020028e8                key_repeat
                0x00000000020028f4                key_repeat_mask
                0x0000000002002904                key_repeat_limits
 .text          0x0000000002002918       0xd0 C:/devkitPro/libtonc/lib\libtonc.a(tonc_text.o)
                0x0000000002002918                txt_init_std
                0x000000000200295c                txt_bup_1toX
 .text          0x00000000020029e8       0x8c C:/devkitPro/libtonc/lib\libtonc.a(tonc_bios.o)
                0x00000000020029e8                SoftReset
                0x00000000020029ec                RegisterRamReset
                0x00000000020029f0                Halt
                0x00000000020029f4                Stop
                0x00000000020029f8                IntrWait
                0x00000000020029fc                VBlankIntrWait
                0x0000000002002a00                Div
                0x0000000002002a04                DivArm
                0x0000000002002a08                Sqrt
                0x0000000002002a0c                ArcTan
                0x0000000002002a10                ArcTan2
                0x0000000002002a14                CpuSet
                0x0000000002002a18                CpuFastSet
                0x0000000002002a1c                BiosCheckSum
                0x0000000002002a20                BgAffineSet
                0x0000000002002a24                ObjAffineSet
                0x0000000002002a28                BitUnPack
                0x0000000002002a2c                LZ77UnCompWram
                0x0000000002002a30                LZ77UnCompVram
                0x0000000002002a34                HuffUnComp
                0x0000000002002a38                RLUnCompWram
                0x0000000002002a3c                RLUnCompVram
                0x0000000002002a40                Diff8bitUnFilterWram
                0x0000000002002a44                Diff8bitUnFilterVram
                0x0000000002002a48                Diff16bitUnFilter
                0x0000000002002a4c                SoundBias
                0x0000000002002a50                SoundDriverInit
                0x0000000002002a54                SoundDriverMode
                0x0000000002002a58                SoundDriverMain
                0x0000000002002a5c                SoundDriverVSync
                0x0000000002002a60                SoundChannelClear
                0x0000000002002a64                MidiKey2Freq
                0x0000000002002a68                MultiBoot
                0x0000000002002a6c                SoundDriverVSyncOff
                0x0000000002002a70                SoundDriverVSyncOn
 .text          0x0000000002002a74      0x198 c:/devkitpro/devkitarm/bin/../lib/gcc/arm-none-eabi/10.2.0/thumb\libgcc.a(_arm_mulsf3.o)
                0x0000000002002a74                __aeabi_fmul
                0x0000000002002a74                __mulsf3
 .text          0x0000000002002c0c      0x150 c:/devkitpro/devkitarm/bin/../lib/gcc/arm-none-eabi/10.2.0/thumb\libgcc.a(_divsi3.o)
                0x0000000002002c0c                __divsi3
                0x0000000002002c0c                __aeabi_idiv
                0x0000000002002d3c                __aeabi_idivmod
 .text          0x0000000002002d5c        0x4 c:/devkitpro/devkitarm/bin/../lib/gcc/arm-none-eabi/10.2.0/thumb\libgcc.a(_dvmd_tls.o)
                0x0000000002002d5c                __aeabi_idiv0
                0x0000000002002d5c                __aeabi_ldiv0
 .text          0x0000000002002d60      0x2ac c:/devkitpro/devkitarm/bin/../lib/gcc/arm-none-eabi/10.2.0/thumb\libgcc.a(_arm_addsubsf3.o)
                0x0000000002002d60                __aeabi_frsub
                0x0000000002002d68                __subsf3
                0x0000000002002d68                __aeabi_fsub
                0x0000000002002d6c                __aeabi_fadd
                0x0000000002002d6c                __addsf3
                0x0000000002002f28                __aeabi_ui2f
                0x0000000002002f28                __floatunsisf
                0x0000000002002f30                __aeabi_i2f
                0x0000000002002f30                __floatsisf
                0x0000000002002f50                __aeabi_ul2f
                0x0000000002002f50                __floatundisf
                0x0000000002002f60                __aeabi_l2f
                0x0000000002002f60                __floatdisf
 .text          0x000000000200300c      0x114 c:/devkitpro/devkitarm/bin/../lib/gcc/arm-none-eabi/10.2.0/thumb\libgcc.a(_arm_cmpsf2.o)
                0x000000000200300c                __gesf2
                0x000000000200300c                __gtsf2
                0x0000000002003014                __lesf2
                0x0000000002003014                __ltsf2
                0x000000000200301c                __nesf2
                0x000000000200301c                __eqsf2
                0x000000000200301c                __cmpsf2
                0x0000000002003080                __aeabi_cfrcmple
                0x0000000002003090                __aeabi_cfcmpeq
                0x0000000002003090                __aeabi_cfcmple
                0x00000000020030a8                __aeabi_fcmpeq
                0x00000000020030c0                __aeabi_fcmplt
                0x00000000020030d8                __aeabi_fcmple
                0x00000000020030f0                __aeabi_fcmpge
                0x0000000002003108                __aeabi_fcmpgt
 .text          0x0000000002003120       0x5c c:/devkitpro/devkitarm/bin/../lib/gcc/arm-none-eabi/10.2.0/thumb\libgcc.a(_arm_fixsfsi.o)
                0x0000000002003120                __aeabi_f2iz
                0x0000000002003120                __fixsfsi
 .text.__libc_init_array
                0x000000000200317c       0x50 c:/devkitpro/devkitarm/bin/../lib/gcc/arm-none-eabi/10.2.0/../../../../arm-none-eabi/lib/thumb\libg.a(lib_a-init.o)
                0x000000000200317c                __libc_init_array
 .text.itoa     0x00000000020031cc       0x34 c:/devkitpro/devkitarm/bin/../lib/gcc/arm-none-eabi/10.2.0/../../../../arm-none-eabi/lib/thumb\libg.a(lib_a-itoa.o)
                0x00000000020031cc                itoa
 .text.memcpy   0x0000000002003200       0xa8 c:/devkitpro/devkitarm/bin/../lib/gcc/arm-none-eabi/10.2.0/../../../../arm-none-eabi/lib/thumb\libg.a(lib_a-memcpy-stub.o)
                0x0000000002003200                memcpy
 .text.memmove  0x00000000020032a8       0xbc c:/devkitpro/devkitarm/bin/../lib/gcc/arm-none-eabi/10.2.0/../../../../arm-none-eabi/lib/thumb\libg.a(lib_a-memmove.o)
                0x00000000020032a8                memmove
 .text.strlen   0x0000000002003364       0x60 c:/devkitpro/devkitarm/bin/../lib/gcc/arm-none-eabi/10.2.0/../../../../arm-none-eabi/lib/thumb\libg.a(lib_a-strlen-stub.o)
                0x0000000002003364                strlen
 .text.__utoa   0x00000000020033c4       0x84 c:/devkitpro/devkitarm/bin/../lib/gcc/arm-none-eabi/10.2.0/../../../../arm-none-eabi/lib/thumb\libg.a(lib_a-utoa.o)
                0x00000000020033c4                __utoa
 .text          0x0000000002003448      0x11c c:/devkitpro/devkitarm/bin/../lib/gcc/arm-none-eabi/10.2.0/thumb\libgcc.a(_udivsi3.o)
                0x0000000002003448                __aeabi_uidiv
                0x0000000002003448                __udivsi3
                0x0000000002003544                __aeabi_uidivmod
 *fill*         0x0000000002003564        0x4 ff
 .text.__stub   0x0000000002003568       0x44 linker stubs
 *(.gnu.linkonce.t.*)
 *(.text.*personality*)
 *(.gnu.warning)
 *(.glue_7t)
 .glue_7t       0x00000000020035b0        0x0 linker stubs
 *(.glue_7)
 .glue_7        0x00000000020035b0        0x0 linker stubs
 *(.vfp11_veneer)
 .vfp11_veneer  0x00000000020035b0        0x0 linker stubs
                0x00000000020035b0                . = ALIGN (0x4)
                0x00000000020035b0                __text_end = .

.v4_bx          0x00000000020035b0        0x0
 .v4_bx         0x00000000020035b0        0x0 linker stubs

.iplt           0x00000000020035b0        0x0
 .iplt          0x00000000020035b0        0x0 c:/devkitpro/devkitarm/bin/../lib/gcc/arm-none-eabi/10.2.0/../../../../arm-none-eabi/lib/thumb/gba_crt0.o

.fini           0x00000000020035b0        0xc
 *(.fini)
 .fini          0x00000000020035b0        0x4 c:/devkitpro/devkitarm/bin/../lib/gcc/arm-none-eabi/10.2.0/thumb/crti.o
                0x00000000020035b0                _fini
 .fini          0x00000000020035b4        0x8 c:/devkitpro/devkitarm/bin/../lib/gcc/arm-none-eabi/10.2.0/thumb/crtn.o
                0x00000000020035bc                . = ALIGN (0x4)

.rodata         0x00000000020035bc      0x86c
 *(.rodata)
 .rodata        0x00000000020035bc      0x4ec TileMap.o
                0x00000000020035bc                DING
                0x00000000020035f4                LOAD
                0x0000000002003628                spritesPal
                0x0000000002003648                spritesTiles
                0x0000000002003888                TileMapPal
                0x00000000020038a8                TileMapTiles
 .rodata        0x0000000002003aa8       0x38 C:/devkitPro/libtonc/lib\libtonc.a(tonc_irq.o)
 .rodata        0x0000000002003ae0      0x300 C:/devkitPro/libtonc/lib\libtonc.a(toncfont.o)
                0x0000000002003ae0                toncfontTiles
 *all.rodata*(*)
 *(.roda)
 *(.rodata.*)
 .rodata.str1.4
                0x0000000002003de0       0x1d sio.o
 *fill*         0x0000000002003dfd        0x3 ff
 .rodata.__utoa.str1.4
                0x0000000002003e00       0x25 c:/devkitpro/devkitarm/bin/../lib/gcc/arm-none-eabi/10.2.0/../../../../arm-none-eabi/lib/thumb\libg.a(lib_a-utoa.o)
 *(.gnu.linkonce.r*)
                0x0000000002003e28                . = ALIGN (0x4)
 *fill*         0x0000000002003e25        0x3 ff

.ARM.extab
 *(.ARM.extab* .gnu.linkonce.armextab.*)
                0x0000000002003e28                __exidx_start = .

.ARM.exidx
 *(.ARM.exidx* .gnu.linkonce.armexidx.*)
                0x0000000002003e28                __exidx_end = .
                0x0000000002003e28                . = ALIGN (0x4)
                0x0000000002003e28                PROVIDE (__preinit_array_start = .)

.preinit_array
 *(.preinit_array)
                0x0000000002003e28                PROVIDE (__preinit_array_end = .)
                0x0000000002003e28                PROVIDE (__init_array_start = .)

.init_array     0x0000000002003e28        0x4
 *(.init_array)
 .init_array    0x0000000002003e28        0x4 c:/devkitpro/devkitarm/bin/../lib/gcc/arm-none-eabi/10.2.0/thumb/crtbegin.o
                0x0000000002003e2c                PROVIDE (__init_array_end = .)
                [!provide]                        PROVIDE (__fini_array_start = .)

.fini_array     0x0000000002003e2c        0x4
 *(.fini_array)
 .fini_array    0x0000000002003e2c        0x4 c:/devkitpro/devkitarm/bin/../lib/gcc/arm-none-eabi/10.2.0/thumb/crtbegin.o
                [!provide]                        PROVIDE (__fini_array_end = .)

.ctors          0x0000000002003e30        0x0
 *crtbegin.o(.ctors)
 *(EXCLUDE_FILE(*crtend.o) .ctors)
 *(SORT_BY_NAME(.ctors.*))
 *(.ctors)
                0x0000000002003e30                . = ALIGN (0x4)

.dtors          0x0000000002003e30        0x0
 *crtbegin.o(.dtors)
 *(EXCLUDE_FILE(*crtend.o) .dtors)
 *(SORT_BY_NAME(.dtors.*))
 *(.dtors)
                0x0000000002003e30                . = ALIGN (0x4)

.jcr
 *(.jcr)

.eh_frame       0x0000000002003e30        0x4
 *(.eh_frame)
 .eh_frame      0x0000000002003e30        0x0 c:/devkitpro/devkitarm/bin/../lib/gcc/arm-none-eabi/10.2.0/thumb/crtbegin.o
 .eh_frame      0x0000000002003e30        0x4 c:/devkitpro/devkitarm/bin/../lib/gcc/arm-none-eabi/10.2.0/thumb/crtend.o
                0x0000000002003e34                . = ALIGN (0x4)

.gcc_except_table
                0x0000000002003e34        0x0
 *(.gcc_except_table)
                0x0000000002003e34                . = ALIGN (0x4)
                0x0000000002003e34                __iwram_lma = .

.iwram          0x0000000003000000      0x128 load address 0x0000000002003e34
                0x0000000003000000                __iwram_start__ = ABSOLUTE (.)
 *(.iwram)
 .iwram         0x0000000003000000       0x38 C:/devkitPro/libtonc/lib\libtonc.a(tonc_memcpy.o)
                0x0000000003000000                memcpy32
 .iwram         0x0000000003000038       0xa4 C:/devkitPro/libtonc/lib\libtonc.a(tonc_isr_master.o)
                0x0000000003000038                isr_master
 .iwram         0x00000000030000dc       0x4c C:/devkitPro/libtonc/lib\libtonc.a(tonc_memset.o)
                0x00000000030000dc                memset32
 *iwram.*(.text*)
                0x0000000003000128                . = ALIGN (0x4)
                0x0000000003000128                __iwram_end__ = ABSOLUTE (.)
                0x0000000002003f5c                __data_lma = (__iwram_lma + SIZEOF (.iwram))

.rel.dyn        0x0000000003000128        0x0 load address 0x0000000002003f5c
 .rel.iplt      0x0000000003000128        0x0 c:/devkitpro/devkitarm/bin/../lib/gcc/arm-none-eabi/10.2.0/../../../../arm-none-eabi/lib/thumb/gba_crt0.o

.bss            0x0000000003000128     0x7c04
                0x0000000003000128                __bss_start__ = ABSOLUTE (.)
 *(.dynbss)
 *(.gnu.linkonce.b*)
 *(.bss*)
 .bss.completed.1
                0x0000000003000128        0x1 c:/devkitpro/devkitarm/bin/../lib/gcc/arm-none-eabi/10.2.0/thumb/crtbegin.o
 *fill*         0x0000000003000129        0x3 
 .bss.object.0  0x000000000300012c       0x18 c:/devkitpro/devkitarm/bin/../lib/gcc/arm-none-eabi/10.2.0/thumb/crtbegin.o
 .bss           0x0000000003000144      0x428 main.o
                0x0000000003000144                bg0_pt
                0x0000000003000148                placeMode
                0x0000000003000149                miniMapMode
                0x000000000300014c                xv
                0x0000000003000150                yv
                0x0000000003000154                tiley
                0x0000000003000158                tilex
                0x000000000300015c                startMovement
                0x000000000300015d                currentTileID
                0x0000000003000160                bg1_pt
                0x0000000003000164                mmcameray
                0x0000000003000168                pingtimer
                0x000000000300016c                obj_buffer
 .bss           0x000000000300056c     0x70a4 map.o
                0x000000000300056c                cx
                0x0000000003000570                ChunkX
                0x0000000003000574                cy
                0x0000000003000578                ChunkY
                0x000000000300057c                mapOffsetX
                0x0000000003000580                mapOffsetY
                0x0000000003000584                o
                0x0000000003000588                c
                0x000000000300058c                d
                0x0000000003000590                map
 .bss           0x0000000003007610      0x100 players.o
                0x0000000003007610                players
 .bss           0x0000000003007710      0x47c sio.o
                0x0000000003007710                startsending
                0x0000000003007711                numinOutBuf
                0x0000000003007714                outbuf
                0x0000000003007764                datalen
                0x0000000003007765                dataoffset
                0x0000000003007766                currentBuffer
                0x0000000003007767                numinInBuf
                0x0000000003007768                numinsecondInBuf
                0x000000000300776c                expectedlen
                0x0000000003007770                incomingoffset
                0x0000000003007774                incomingpacket
                0x000000000300778c                secondaryincomingdata
                0x000000000300798c                incomingdata
 .bss           0x0000000003007b8c        0x4 C:/devkitPro/libtonc/lib\libtonc.a(tonc_input.o)
                0x0000000003007b8c                __key_curr
                0x0000000003007b8e                __key_prev
 .bss.fake_heap_end
                0x0000000003007b90        0x4 c:/devkitpro/devkitarm/bin/../lib/gcc/arm-none-eabi/10.2.0/../../../../arm-none-eabi/lib/thumb\libsysbase.a(malloc_vars.o)
                0x0000000003007b90                fake_heap_end
 *(COMMON)
 COMMON         0x0000000003007b94       0x78 C:/devkitPro/libtonc/lib\libtonc.a(tonc_irq.o)
                0x0000000003007b94                __isr_table
 COMMON         0x0000000003007c0c      0x120 C:/devkitPro/libtonc/lib\libtonc.a(tonc_text.o)
                0x0000000003007c0c                __txt_base
                0x0000000003007c2c                txt_lut
                0x0000000003007d2c                . = ALIGN (0x4)
                0x0000000003007d2c                __bss_end__ = ABSOLUTE (.)

.data           0x0000000003007d2c       0x64 load address 0x0000000002003f5c
                0x0000000003007d2c                __data_start__ = ABSOLUTE (.)
 *(.data)
 .data          0x0000000003007d2c       0x20 main.o
                0x0000000003007d2c                bg0_map
                0x0000000003007d30                playerx
                0x0000000003007d34                playery
                0x0000000003007d38                cameray
                0x0000000003007d3c                camerax
                0x0000000003007d40                player
                0x0000000003007d44                indicator
                0x0000000003007d48                hammer
 .data          0x0000000003007d4c       0x2c map.o
                0x0000000003007d4c                bg_map
                0x0000000003007d50                mapIDconversiontable
                0x0000000003007d70                mapX
                0x0000000003007d74                mapY
 .data          0x0000000003007d78        0xb sio.o
                0x0000000003007d78                datalengthtable
 *fill*         0x0000000003007d83        0x1 ff
 .data          0x0000000003007d84        0x8 C:/devkitPro/libtonc/lib\libtonc.a(tonc_input.o)
                0x0000000003007d84                __key_rpt
 .data          0x0000000003007d8c        0x4 C:/devkitPro/libtonc/lib\libtonc.a(tonc_text.o)
                0x0000000003007d8c                gptxt
 *(.data.*)
 *(.gnu.linkonce.d*)
                0x0000000003007d90                . = ALIGN (0x4)
                0x0000000003007d90                __data_end__ = ABSOLUTE (.)
                0x0000000002003fc0                __iwram_overlay_lma = (__data_lma + SIZEOF (.data))
                [!provide]                        PROVIDE (edata = .)
                0x0000000003007d90                __iwram_overlay_start = .

.igot.plt       0x0000000003007d90        0x0 load address 0x0000000002003fc0
 .igot.plt      0x0000000003007d90        0x0 c:/devkitpro/devkitarm/bin/../lib/gcc/arm-none-eabi/10.2.0/../../../../arm-none-eabi/lib/thumb/gba_crt0.o

.iwram0         0x0000000003007d90        0x0 load address 0x0000000002003fc0
 *(.iwram0)
                0x0000000003007d90                . = ALIGN (0x4)
                0x0000000002003fc0                PROVIDE (__load_start_iwram0 = LOADADDR (.iwram0))
                0x0000000002003fc0                PROVIDE (__load_stop_iwram0 = (LOADADDR (.iwram0) + SIZEOF (.iwram0)))

.iwram1         0x0000000003007d90        0x0
 *(.iwram1)
                0x0000000003007d90                . = ALIGN (0x4)
                [!provide]                        PROVIDE (__load_start_iwram1 = LOADADDR (.iwram1))
                [!provide]                        PROVIDE (__load_stop_iwram1 = (LOADADDR (.iwram1) + SIZEOF (.iwram1)))

.iwram2         0x0000000003007d90        0x0
 *(.iwram2)
                0x0000000003007d90                . = ALIGN (0x4)
                [!provide]                        PROVIDE (__load_start_iwram2 = LOADADDR (.iwram2))
                [!provide]                        PROVIDE (__load_stop_iwram2 = (LOADADDR (.iwram2) + SIZEOF (.iwram2)))

.iwram3         0x0000000003007d90        0x0
 *(.iwram3)
                0x0000000003007d90                . = ALIGN (0x4)
                [!provide]                        PROVIDE (__load_start_iwram3 = LOADADDR (.iwram3))
                [!provide]                        PROVIDE (__load_stop_iwram3 = (LOADADDR (.iwram3) + SIZEOF (.iwram3)))

.iwram4         0x0000000003007d90        0x0
 *(.iwram4)
                0x0000000003007d90                . = ALIGN (0x4)
                [!provide]                        PROVIDE (__load_start_iwram4 = LOADADDR (.iwram4))
                [!provide]                        PROVIDE (__load_stop_iwram4 = (LOADADDR (.iwram4) + SIZEOF (.iwram4)))

.iwram5         0x0000000003007d90        0x0
 *(.iwram5)
                0x0000000003007d90                . = ALIGN (0x4)
                [!provide]                        PROVIDE (__load_start_iwram5 = LOADADDR (.iwram5))
                [!provide]                        PROVIDE (__load_stop_iwram5 = (LOADADDR (.iwram5) + SIZEOF (.iwram5)))

.iwram6         0x0000000003007d90        0x0
 *(.iwram6)
                0x0000000003007d90                . = ALIGN (0x4)
                [!provide]                        PROVIDE (__load_start_iwram6 = LOADADDR (.iwram6))
                [!provide]                        PROVIDE (__load_stop_iwram6 = (LOADADDR (.iwram6) + SIZEOF (.iwram6)))

.iwram7         0x0000000003007d90        0x0
 *(.iwram7)
                0x0000000003007d90                . = ALIGN (0x4)
                [!provide]                        PROVIDE (__load_start_iwram7 = LOADADDR (.iwram7))
                [!provide]                        PROVIDE (__load_stop_iwram7 = (LOADADDR (.iwram7) + SIZEOF (.iwram7)))

.iwram8         0x0000000003007d90        0x0
 *(.iwram8)
                0x0000000003007d90                . = ALIGN (0x4)
                [!provide]                        PROVIDE (__load_start_iwram8 = LOADADDR (.iwram8))
                [!provide]                        PROVIDE (__load_stop_iwram8 = (LOADADDR (.iwram8) + SIZEOF (.iwram8)))

.iwram9         0x0000000003007d90        0x0
 *(.iwram9)
                0x0000000003007d90                . = ALIGN (0x4)
                [!provide]                        PROVIDE (__load_start_iwram9 = LOADADDR (.iwram9))
                [!provide]                        PROVIDE (__load_stop_iwram9 = (LOADADDR (.iwram9) + SIZEOF (.iwram9)))
                0x0000000002003fc0                __ewram_lma = ((((((((((LOADADDR (.iwram0) + SIZEOF (.iwram0)) + SIZEOF (.iwram1)) + SIZEOF (.iwram2)) + SIZEOF (.iwram3)) + SIZEOF (.iwram4)) + SIZEOF (.iwram5)) + SIZEOF (.iwram6)) + SIZEOF (.iwram7)) + SIZEOF (.iwram8)) + SIZEOF (.iwram9))
                0x0000000002003fc0                __iwram_overlay_end = __ewram_lma
                0x0000000002003fc0                __ewram_start = __ewram_lma

.ewram          0x0000000002003fc0        0x0
 *(.ewram)
                0x0000000002003fc0                . = ALIGN (0x4)
                0x0000000002003fc0                __ewram_end = ABSOLUTE (.)
                0x0000000002003fc0                __ewram_overlay_lma = (__ewram_lma + SIZEOF (.ewram))

.sbss           0x0000000002003fc0        0x0
                0x0000000002003fc0                __sbss_start__ = ABSOLUTE (.)
 *(.sbss)
                0x0000000002003fc0                . = ALIGN (0x4)
                0x0000000002003fc0                __sbss_end__ = ABSOLUTE (.)
                0x0000000002003fc0                __end__ = ABSOLUTE (.)
                0x0000000002003fc0                __eheap_start = ABSOLUTE (.)

.ewram0         0x0000000002003fc0        0x0
 *(.ewram0)
                0x0000000002003fc0                . = ALIGN (0x4)
                [!provide]                        PROVIDE (__load_start_ewram0 = LOADADDR (.ewram0))
                [!provide]                        PROVIDE (__load_stop_ewram0 = (LOADADDR (.ewram0) + SIZEOF (.ewram0)))

.ewram1         0x0000000002003fc0        0x0
 *(.ewram1)
                0x0000000002003fc0                . = ALIGN (0x4)
                [!provide]                        PROVIDE (__load_start_ewram1 = LOADADDR (.ewram1))
                [!provide]                        PROVIDE (__load_stop_ewram1 = (LOADADDR (.ewram1) + SIZEOF (.ewram1)))

.ewram2         0x0000000002003fc0        0x0
 *(.ewram2)
                0x0000000002003fc0                . = ALIGN (0x4)
                [!provide]                        PROVIDE (__load_start_ewram2 = LOADADDR (.ewram2))
                [!provide]                        PROVIDE (__load_stop_ewram2 = (LOADADDR (.ewram2) + SIZEOF (.ewram2)))

.ewram3         0x0000000002003fc0        0x0
 *(.ewram3)
                0x0000000002003fc0                . = ALIGN (0x4)
                [!provide]                        PROVIDE (__load_start_ewram3 = LOADADDR (.ewram3))
                [!provide]                        PROVIDE (__load_stop_ewram3 = (LOADADDR (.ewram3) + SIZEOF (.ewram3)))

.ewram4         0x0000000002003fc0        0x0
 *(.ewram4)
                0x0000000002003fc0                . = ALIGN (0x4)
                [!provide]                        PROVIDE (__load_start_ewram4 = LOADADDR (.ewram4))
                [!provide]                        PROVIDE (__load_stop_ewram4 = (LOADADDR (.ewram4) + SIZEOF (.ewram4)))

.ewram5         0x0000000002003fc0        0x0
 *(.ewram5)
                0x0000000002003fc0                . = ALIGN (0x4)
                [!provide]                        PROVIDE (__load_start_ewram5 = LOADADDR (.ewram5))
                [!provide]                        PROVIDE (__load_stop_ewram5 = (LOADADDR (.ewram5) + SIZEOF (.ewram5)))

.ewram6         0x0000000002003fc0        0x0
 *(.ewram6)
                0x0000000002003fc0                . = ALIGN (0x4)
                [!provide]                        PROVIDE (__load_start_ewram6 = LOADADDR (.ewram6))
                [!provide]                        PROVIDE (__load_stop_ewram6 = (LOADADDR (.ewram6) + SIZEOF (.ewram6)))

.ewram7         0x0000000002003fc0        0x0
 *(.ewram7)
                0x0000000002003fc0                . = ALIGN (0x4)
                [!provide]                        PROVIDE (__load_start_ewram7 = LOADADDR (.ewram7))
                [!provide]                        PROVIDE (__load_stop_ewram7 = (LOADADDR (.ewram7) + SIZEOF (.ewram7)))

.ewram8         0x0000000002003fc0        0x0
 *(.ewram8)
                0x0000000002003fc0                . = ALIGN (0x4)
                [!provide]                        PROVIDE (__load_start_ewram8 = LOADADDR (.ewram8))
                [!provide]                        PROVIDE (__load_stop_ewram8 = (LOADADDR (.ewram8) + SIZEOF (.ewram8)))

.ewram9         0x0000000002003fc0        0x0
 *(.ewram9)
                0x0000000002003fc0                . = ALIGN (0x4)
                [!provide]                        PROVIDE (__load_start_ewram9 = LOADADDR (.ewram9))
                [!provide]                        PROVIDE (__load_stop_ewram9 = (LOADADDR (.ewram9) + SIZEOF (.ewram9)))
                0x0000000002003fc0                __ewram_overlay_end = ABSOLUTE (.)
                0x0000000002003fc0                __eheap_start = __ewram_overlay_end
                0x0000000002003fc0                _end = __ewram_overlay_end
                0x0000000002003fc0                __end__ = __ewram_overlay_end
                0x0000000002003fc0                __rom_end__ = __ewram_overlay_end

.stab
 *(.stab)

.stabstr
 *(.stabstr)

.stab.excl
 *(.stab.excl)

.stab.exclstr
 *(.stab.exclstr)

.stab.index
 *(.stab.index)

.stab.indexstr
 *(.stab.indexstr)

.comment        0x0000000000000000       0x45
 *(.comment)
 .comment       0x0000000000000000       0x23 c:/devkitpro/devkitarm/bin/../lib/gcc/arm-none-eabi/10.2.0/thumb/crtbegin.o
                                         0x24 (size before relaxing)
 .comment       0x0000000000000023       0x24 Colly.o
 .comment       0x0000000000000023       0x24 TileMap.o
 .comment       0x0000000000000023       0x24 main.o
 .comment       0x0000000000000023       0x24 map.o
 .comment       0x0000000000000023       0x24 players.o
 .comment       0x0000000000000023       0x24 sio.o
 .comment       0x0000000000000023       0x24 util.o
 .comment       0x0000000000000023       0x22 C:/devkitPro/libtonc/lib\libtonc.a(tonc_irq.o)
                                         0x23 (size before relaxing)
 .comment       0x0000000000000045       0x23 C:/devkitPro/libtonc/lib\libtonc.a(tonc_oam.o)
 .comment       0x0000000000000045       0x23 C:/devkitPro/libtonc/lib\libtonc.a(tonc_input.o)
 .comment       0x0000000000000045       0x23 C:/devkitPro/libtonc/lib\libtonc.a(tonc_text.o)
 .comment       0x0000000000000045       0x24 c:/devkitpro/devkitarm/bin/../lib/gcc/arm-none-eabi/10.2.0/../../../../arm-none-eabi/lib/thumb\libg.a(lib_a-init.o)
 .comment       0x0000000000000045       0x24 c:/devkitpro/devkitarm/bin/../lib/gcc/arm-none-eabi/10.2.0/../../../../arm-none-eabi/lib/thumb\libg.a(lib_a-itoa.o)
 .comment       0x0000000000000045       0x24 c:/devkitpro/devkitarm/bin/../lib/gcc/arm-none-eabi/10.2.0/../../../../arm-none-eabi/lib/thumb\libg.a(lib_a-memcpy-stub.o)
 .comment       0x0000000000000045       0x24 c:/devkitpro/devkitarm/bin/../lib/gcc/arm-none-eabi/10.2.0/../../../../arm-none-eabi/lib/thumb\libg.a(lib_a-memmove.o)
 .comment       0x0000000000000045       0x24 c:/devkitpro/devkitarm/bin/../lib/gcc/arm-none-eabi/10.2.0/../../../../arm-none-eabi/lib/thumb\libg.a(lib_a-strlen-stub.o)
 .comment       0x0000000000000045       0x24 c:/devkitpro/devkitarm/bin/../lib/gcc/arm-none-eabi/10.2.0/../../../../arm-none-eabi/lib/thumb\libg.a(lib_a-utoa.o)
 .comment       0x0000000000000045       0x24 c:/devkitpro/devkitarm/bin/../lib/gcc/arm-none-eabi/10.2.0/../../../../arm-none-eabi/lib/thumb\libsysbase.a(malloc_vars.o)
 .comment       0x0000000000000045       0x24 c:/devkitpro/devkitarm/bin/../lib/gcc/arm-none-eabi/10.2.0/thumb/crtend.o

.ARM.attributes
                0x0000000000000000       0x2c
 .ARM.attributes
                0x0000000000000000       0x20 c:/devkitpro/devkitarm/bin/../lib/gcc/arm-none-eabi/10.2.0/../../../../arm-none-eabi/lib/thumb/gba_crt0.o
 .ARM.attributes
                0x0000000000000020       0x1c c:/devkitpro/devkitarm/bin/../lib/gcc/arm-none-eabi/10.2.0/thumb/crti.o
 .ARM.attributes
                0x000000000000003c       0x2a c:/devkitpro/devkitarm/bin/../lib/gcc/arm-none-eabi/10.2.0/thumb/crtbegin.o
 .ARM.attributes
                0x0000000000000066       0x26 Colly.o
 .ARM.attributes
                0x000000000000008c       0x2c TileMap.o
 .ARM.attributes
                0x00000000000000b8       0x26 main.o
 .ARM.attributes
                0x00000000000000de       0x26 map.o
 .ARM.attributes
                0x0000000000000104       0x26 players.o
 .ARM.attributes
                0x000000000000012a       0x26 sio.o
 .ARM.attributes
                0x0000000000000150       0x26 util.o
 .ARM.attributes
                0x0000000000000176       0x2a C:/devkitPro/libtonc/lib\libtonc.a(tonc_irq.o)
 .ARM.attributes
                0x00000000000001a0       0x2a C:/devkitPro/libtonc/lib\libtonc.a(tonc_oam.o)
 .ARM.attributes
                0x00000000000001ca       0x2a C:/devkitPro/libtonc/lib\libtonc.a(tonc_input.o)
 .ARM.attributes
                0x00000000000001f4       0x2a C:/devkitPro/libtonc/lib\libtonc.a(tonc_text.o)
 .ARM.attributes
                0x000000000000021e       0x1a C:/devkitPro/libtonc/lib\libtonc.a(tonc_bios.o)
 .ARM.attributes
                0x0000000000000238       0x1a C:/devkitPro/libtonc/lib\libtonc.a(tonc_memcpy.o)
 .ARM.attributes
                0x0000000000000252       0x1a C:/devkitPro/libtonc/lib\libtonc.a(tonc_isr_master.o)
 .ARM.attributes
                0x000000000000026c       0x1a C:/devkitPro/libtonc/lib\libtonc.a(tonc_memset.o)
 .ARM.attributes
                0x0000000000000286       0x1a C:/devkitPro/libtonc/lib\libtonc.a(toncfont.o)
 .ARM.attributes
                0x00000000000002a0       0x1c c:/devkitpro/devkitarm/bin/../lib/gcc/arm-none-eabi/10.2.0/thumb\libgcc.a(_arm_mulsf3.o)
 .ARM.attributes
                0x00000000000002bc       0x1c c:/devkitpro/devkitarm/bin/../lib/gcc/arm-none-eabi/10.2.0/thumb\libgcc.a(_divsi3.o)
 .ARM.attributes
                0x00000000000002d8       0x1c c:/devkitpro/devkitarm/bin/../lib/gcc/arm-none-eabi/10.2.0/thumb\libgcc.a(_dvmd_tls.o)
 .ARM.attributes
                0x00000000000002f4       0x1c c:/devkitpro/devkitarm/bin/../lib/gcc/arm-none-eabi/10.2.0/thumb\libgcc.a(_arm_addsubsf3.o)
 .ARM.attributes
                0x0000000000000310       0x1c c:/devkitpro/devkitarm/bin/../lib/gcc/arm-none-eabi/10.2.0/thumb\libgcc.a(_arm_cmpsf2.o)
 .ARM.attributes
                0x000000000000032c       0x1c c:/devkitpro/devkitarm/bin/../lib/gcc/arm-none-eabi/10.2.0/thumb\libgcc.a(_arm_fixsfsi.o)
 .ARM.attributes
                0x0000000000000348       0x2a c:/devkitpro/devkitarm/bin/../lib/gcc/arm-none-eabi/10.2.0/../../../../arm-none-eabi/lib/thumb\libg.a(lib_a-init.o)
 .ARM.attributes
                0x0000000000000372       0x2a c:/devkitpro/devkitarm/bin/../lib/gcc/arm-none-eabi/10.2.0/../../../../arm-none-eabi/lib/thumb\libg.a(lib_a-itoa.o)
 .ARM.attributes
                0x000000000000039c       0x2a c:/devkitpro/devkitarm/bin/../lib/gcc/arm-none-eabi/10.2.0/../../../../arm-none-eabi/lib/thumb\libg.a(lib_a-memcpy-stub.o)
 .ARM.attributes
                0x00000000000003c6       0x2a c:/devkitpro/devkitarm/bin/../lib/gcc/arm-none-eabi/10.2.0/../../../../arm-none-eabi/lib/thumb\libg.a(lib_a-memmove.o)
 .ARM.attributes
                0x00000000000003f0       0x2a c:/devkitpro/devkitarm/bin/../lib/gcc/arm-none-eabi/10.2.0/../../../../arm-none-eabi/lib/thumb\libg.a(lib_a-strlen-stub.o)
 .ARM.attributes
                0x000000000000041a       0x2a c:/devkitpro/devkitarm/bin/../lib/gcc/arm-none-eabi/10.2.0/../../../../arm-none-eabi/lib/thumb\libg.a(lib_a-utoa.o)
 .ARM.attributes
                0x0000000000000444       0x30 c:/devkitpro/devkitarm/bin/../lib/gcc/arm-none-eabi/10.2.0/../../../../arm-none-eabi/lib/thumb\libsysbase.a(malloc_vars.o)
 .ARM.attributes
                0x0000000000000474       0x1c c:/devkitpro/devkitarm/bin/../lib/gcc/arm-none-eabi/10.2.0/thumb\libgcc.a(_udivsi3.o)
 .ARM.attributes
                0x0000000000000490       0x30 c:/devkitpro/devkitarm/bin/../lib/gcc/arm-none-eabi/10.2.0/thumb/crtend.o
 .ARM.attributes
                0x00000000000004c0       0x1c c:/devkitpro/devkitarm/bin/../lib/gcc/arm-none-eabi/10.2.0/thumb/crtn.o

.debug
 *(.debug)

.line
 *(.line)

.debug_srcinfo
 *(.debug_srcinfo)

.debug_sfnames
 *(.debug_sfnames)

.debug_aranges  0x0000000000000000       0xe0
 *(.debug_aranges)
 .debug_aranges
                0x0000000000000000       0x20 Colly.o
 .debug_aranges
                0x0000000000000020       0x18 TileMap.o
 .debug_aranges
                0x0000000000000038       0x28 main.o
 .debug_aranges
                0x0000000000000060       0x20 map.o
 .debug_aranges
                0x0000000000000080       0x20 players.o
 .debug_aranges
                0x00000000000000a0       0x20 sio.o
 .debug_aranges
                0x00000000000000c0       0x20 util.o

.debug_pubnames
 *(.debug_pubnames)

.debug_info     0x0000000000000000     0x3f15
 *(.debug_info)
 .debug_info    0x0000000000000000      0xcc0 Colly.o
 .debug_info    0x0000000000000cc0      0x1d9 TileMap.o
 .debug_info    0x0000000000000e99     0x1261 main.o
 .debug_info    0x00000000000020fa      0xa4f map.o
 .debug_info    0x0000000000002b49      0x687 players.o
 .debug_info    0x00000000000031d0      0xade sio.o
 .debug_info    0x0000000000003cae      0x267 util.o

.debug_abbrev   0x0000000000000000     0x11c7
 *(.debug_abbrev)
 .debug_abbrev  0x0000000000000000      0x2be Colly.o
 .debug_abbrev  0x00000000000002be       0x95 TileMap.o
 .debug_abbrev  0x0000000000000353      0x432 main.o
 .debug_abbrev  0x0000000000000785      0x2d2 map.o
 .debug_abbrev  0x0000000000000a57      0x33b players.o
 .debug_abbrev  0x0000000000000d92      0x32f sio.o
 .debug_abbrev  0x00000000000010c1      0x106 util.o

.debug_line     0x0000000000000000     0x387f
 *(.debug_line)
 .debug_line    0x0000000000000000      0x735 Colly.o
 .debug_line    0x0000000000000735       0x99 TileMap.o
 .debug_line    0x00000000000007ce      0xf4c main.o
 .debug_line    0x000000000000171a      0xa1e map.o
 .debug_line    0x0000000000002138      0xb85 players.o
 .debug_line    0x0000000000002cbd      0xa1b sio.o
 .debug_line    0x00000000000036d8      0x1a7 util.o

.debug_frame    0x0000000000000000      0x4f8
 *(.debug_frame)
 .debug_frame   0x0000000000000000       0xac Colly.o
 .debug_frame   0x00000000000000ac       0xf0 main.o
 .debug_frame   0x000000000000019c      0x114 map.o
 .debug_frame   0x00000000000002b0       0x78 players.o
 .debug_frame   0x0000000000000328      0x164 sio.o
 .debug_frame   0x000000000000048c       0x6c util.o

.debug_str      0x0000000000000000      0xa18
 *(.debug_str)
 .debug_str     0x0000000000000000      0x27e Colly.o
                                        0x2bc (size before relaxing)
 .debug_str     0x000000000000027e      0x10e TileMap.o
                                        0x254 (size before relaxing)
 .debug_str     0x000000000000038c      0x33c main.o
                                        0x5c2 (size before relaxing)
 .debug_str     0x00000000000006c8       0xf5 map.o
                                        0x38e (size before relaxing)
 .debug_str     0x00000000000007bd       0x99 players.o
                                        0x356 (size before relaxing)
 .debug_str     0x0000000000000856      0x16f sio.o
                                        0x462 (size before relaxing)
 .debug_str     0x00000000000009c5       0x53 util.o
                                        0x1c7 (size before relaxing)

.debug_loc      0x0000000000000000     0x44b5
 *(.debug_loc)
 .debug_loc     0x0000000000000000     0x1697 Colly.o
 .debug_loc     0x0000000000001697      0xf2b main.o
 .debug_loc     0x00000000000025c2      0x9c3 map.o
 .debug_loc     0x0000000000002f85      0xd51 players.o
 .debug_loc     0x0000000000003cd6      0x528 sio.o
 .debug_loc     0x00000000000041fe      0x2b7 util.o

.debug_macinfo
 *(.debug_macinfo)

.debug_weaknames
 *(.debug_weaknames)

.debug_funcnames
 *(.debug_funcnames)

.debug_typenames
 *(.debug_typenames)

.debug_varnames
 *(.debug_varnames)

.stack          0x0000000000080000        0x0
                0x0000000000080000                _stack = .
 *(.stack)
LOAD c:/devkitpro/devkitarm/bin/../lib/gcc/arm-none-eabi/10.2.0/../../../../arm-none-eabi/lib/thumb/gba_crt0.o
LOAD c:/devkitpro/devkitarm/bin/../lib/gcc/arm-none-eabi/10.2.0/thumb/crti.o
LOAD c:/devkitpro/devkitarm/bin/../lib/gcc/arm-none-eabi/10.2.0/thumb/crtbegin.o
LOAD Colly.o
LOAD TileMap.o
LOAD main.o
LOAD map.o
LOAD players.o
LOAD sio.o
LOAD util.o
LOAD C:/devkitPro/libgba/lib\libgba.a
LOAD C:/devkitPro/libtonc/lib\libtonc.a
START GROUP
LOAD c:/devkitpro/devkitarm/bin/../lib/gcc/arm-none-eabi/10.2.0/thumb\libgcc.a
LOAD c:/devkitpro/devkitarm/bin/../lib/gcc/arm-none-eabi/10.2.0/../../../../arm-none-eabi/lib/thumb\libg.a
LOAD c:/devkitpro/devkitarm/bin/../lib/gcc/arm-none-eabi/10.2.0/../../../../arm-none-eabi/lib/thumb\libc.a
LOAD c:/devkitpro/devkitarm/bin/../lib/gcc/arm-none-eabi/10.2.0/../../../../arm-none-eabi/lib/thumb\libsysbase.a
END GROUP
LOAD c:/devkitpro/devkitarm/bin/../lib/gcc/arm-none-eabi/10.2.0/thumb/crtend.o
LOAD c:/devkitpro/devkitarm/bin/../lib/gcc/arm-none-eabi/10.2.0/thumb/crtn.o
OUTPUT(C:/Users/Daniel/Desktop/GBAWork/TileWorldGBA/TileWorldGBA_mb.elf elf32-littlearm)
LOAD linker stubs

.debug_ranges   0x0000000000000000      0xbc0
 .debug_ranges  0x0000000000000000      0x3c0 Colly.o
 .debug_ranges  0x00000000000003c0      0x3d8 main.o
 .debug_ranges  0x0000000000000798       0xa8 map.o
 .debug_ranges  0x0000000000000840      0x268 players.o
 .debug_ranges  0x0000000000000aa8       0xa8 sio.o
 .debug_ranges  0x0000000000000b50       0x70 util.o
