Archive member included to satisfy reference by file (symbol)

C:/devkitPro/libtonc/lib\libtonc.a(tonc_irq.o)
                              main.o (irq_init)
C:/devkitPro/libtonc/lib\libtonc.a(tonc_oam.o)
                              main.o (oam_init)
C:/devkitPro/libtonc/lib\libtonc.a(tonc_input.o)
                              main.o (key_poll)
C:/devkitPro/libtonc/lib\libtonc.a(tonc_bios.o)
                              C:/devkitPro/libtonc/lib\libtonc.a(tonc_input.o) (VBlankIntrWait)
C:/devkitPro/libtonc/lib\libtonc.a(tonc_memcpy.o)
                              main.o (memcpy32)
C:/devkitPro/libtonc/lib\libtonc.a(tonc_isr_master.o)
                              C:/devkitPro/libtonc/lib\libtonc.a(tonc_irq.o) (isr_master)
C:/devkitPro/libtonc/lib\libtonc.a(tonc_memset.o)
                              C:/devkitPro/libtonc/lib\libtonc.a(tonc_irq.o) (memset32)
c:/devkitpro/devkitarm/bin/../lib/gcc/arm-none-eabi/10.2.0/thumb\libgcc.a(_arm_mulsf3.o)
                              sio.o (__aeabi_fmul)
c:/devkitpro/devkitarm/bin/../lib/gcc/arm-none-eabi/10.2.0/thumb\libgcc.a(_divsi3.o)
                              main.o (__aeabi_idiv)
c:/devkitpro/devkitarm/bin/../lib/gcc/arm-none-eabi/10.2.0/thumb\libgcc.a(_dvmd_tls.o)
                              c:/devkitpro/devkitarm/bin/../lib/gcc/arm-none-eabi/10.2.0/thumb\libgcc.a(_divsi3.o) (__aeabi_idiv0)
c:/devkitpro/devkitarm/bin/../lib/gcc/arm-none-eabi/10.2.0/thumb\libgcc.a(_arm_addsubsf3.o)
                              Colly.o (__aeabi_fsub)
c:/devkitpro/devkitarm/bin/../lib/gcc/arm-none-eabi/10.2.0/thumb\libgcc.a(_arm_cmpsf2.o)
                              Colly.o (__aeabi_fcmplt)
c:/devkitpro/devkitarm/bin/../lib/gcc/arm-none-eabi/10.2.0/thumb\libgcc.a(_arm_fixsfsi.o)
                              Colly.o (__aeabi_f2iz)
c:/devkitpro/devkitarm/bin/../lib/gcc/arm-none-eabi/10.2.0/../../../../arm-none-eabi/lib/thumb\libg.a(lib_a-init.o)
                              c:/devkitpro/devkitarm/bin/../lib/gcc/arm-none-eabi/10.2.0/../../../../arm-none-eabi/lib/thumb/gba_crt0.o (__libc_init_array)
c:/devkitpro/devkitarm/bin/../lib/gcc/arm-none-eabi/10.2.0/../../../../arm-none-eabi/lib/thumb\libg.a(lib_a-memcpy-stub.o)
                              main.o (memcpy)
c:/devkitpro/devkitarm/bin/../lib/gcc/arm-none-eabi/10.2.0/../../../../arm-none-eabi/lib/thumb\libg.a(lib_a-memmove.o)
                              sio.o (memmove)
c:/devkitpro/devkitarm/bin/../lib/gcc/arm-none-eabi/10.2.0/../../../../arm-none-eabi/lib/thumb\libsysbase.a(malloc_vars.o)
                              c:/devkitpro/devkitarm/bin/../lib/gcc/arm-none-eabi/10.2.0/../../../../arm-none-eabi/lib/thumb/gba_crt0.o (fake_heap_end)

Allocating common symbols
Common symbol       size              file

__isr_table         0x78              C:/devkitPro/libtonc/lib\libtonc.a(tonc_irq.o)

Discarded input sections

 .text          0x0000000000000000        0x0 c:/devkitpro/devkitarm/bin/../lib/gcc/arm-none-eabi/10.2.0/../../../../arm-none-eabi/lib/thumb/gba_crt0.o
 .data          0x0000000000000000        0x0 c:/devkitpro/devkitarm/bin/../lib/gcc/arm-none-eabi/10.2.0/../../../../arm-none-eabi/lib/thumb/gba_crt0.o
 .bss           0x0000000000000000        0x0 c:/devkitpro/devkitarm/bin/../lib/gcc/arm-none-eabi/10.2.0/../../../../arm-none-eabi/lib/thumb/gba_crt0.o
 .text          0x0000000000000000        0x0 c:/devkitpro/devkitarm/bin/../lib/gcc/arm-none-eabi/10.2.0/thumb/crti.o
 .data          0x0000000000000000        0x0 c:/devkitpro/devkitarm/bin/../lib/gcc/arm-none-eabi/10.2.0/thumb/crti.o
 .bss           0x0000000000000000        0x0 c:/devkitpro/devkitarm/bin/../lib/gcc/arm-none-eabi/10.2.0/thumb/crti.o
 .text          0x0000000000000000        0x0 c:/devkitpro/devkitarm/bin/../lib/gcc/arm-none-eabi/10.2.0/thumb/crtbegin.o
 .data          0x0000000000000000        0x0 c:/devkitpro/devkitarm/bin/../lib/gcc/arm-none-eabi/10.2.0/thumb/crtbegin.o
 .bss           0x0000000000000000        0x0 c:/devkitpro/devkitarm/bin/../lib/gcc/arm-none-eabi/10.2.0/thumb/crtbegin.o
 .data.__dso_handle
                0x0000000000000000        0x4 c:/devkitpro/devkitarm/bin/../lib/gcc/arm-none-eabi/10.2.0/thumb/crtbegin.o
 .data          0x0000000000000000        0x0 Colly.o
 .bss           0x0000000000000000        0x0 Colly.o
 .text          0x0000000000000000        0x0 TileMap.o
 .data          0x0000000000000000        0x0 TileMap.o
 .bss           0x0000000000000000        0x0 TileMap.o
 .data          0x0000000000000000        0x0 util.o
 .bss           0x0000000000000000        0x0 util.o
 .data          0x0000000000000000        0x0 C:/devkitPro/libtonc/lib\libtonc.a(tonc_irq.o)
 .bss           0x0000000000000000        0x0 C:/devkitPro/libtonc/lib\libtonc.a(tonc_irq.o)
 .data          0x0000000000000000        0x0 C:/devkitPro/libtonc/lib\libtonc.a(tonc_oam.o)
 .bss           0x0000000000000000        0x0 C:/devkitPro/libtonc/lib\libtonc.a(tonc_oam.o)
 .data          0x0000000000000000        0x0 C:/devkitPro/libtonc/lib\libtonc.a(tonc_bios.o)
 .bss           0x0000000000000000        0x0 C:/devkitPro/libtonc/lib\libtonc.a(tonc_bios.o)
 .text          0x0000000000000000       0x44 C:/devkitPro/libtonc/lib\libtonc.a(tonc_memcpy.o)
 .data          0x0000000000000000        0x0 C:/devkitPro/libtonc/lib\libtonc.a(tonc_memcpy.o)
 .bss           0x0000000000000000        0x0 C:/devkitPro/libtonc/lib\libtonc.a(tonc_memcpy.o)
 .text          0x0000000000000000        0x0 C:/devkitPro/libtonc/lib\libtonc.a(tonc_isr_master.o)
 .data          0x0000000000000000        0x0 C:/devkitPro/libtonc/lib\libtonc.a(tonc_isr_master.o)
 .bss           0x0000000000000000        0x0 C:/devkitPro/libtonc/lib\libtonc.a(tonc_isr_master.o)
 .text          0x0000000000000000       0x3c C:/devkitPro/libtonc/lib\libtonc.a(tonc_memset.o)
 .data          0x0000000000000000        0x0 C:/devkitPro/libtonc/lib\libtonc.a(tonc_memset.o)
 .bss           0x0000000000000000        0x0 C:/devkitPro/libtonc/lib\libtonc.a(tonc_memset.o)
 .data          0x0000000000000000        0x0 c:/devkitpro/devkitarm/bin/../lib/gcc/arm-none-eabi/10.2.0/thumb\libgcc.a(_arm_mulsf3.o)
 .bss           0x0000000000000000        0x0 c:/devkitpro/devkitarm/bin/../lib/gcc/arm-none-eabi/10.2.0/thumb\libgcc.a(_arm_mulsf3.o)
 .data          0x0000000000000000        0x0 c:/devkitpro/devkitarm/bin/../lib/gcc/arm-none-eabi/10.2.0/thumb\libgcc.a(_divsi3.o)
 .bss           0x0000000000000000        0x0 c:/devkitpro/devkitarm/bin/../lib/gcc/arm-none-eabi/10.2.0/thumb\libgcc.a(_divsi3.o)
 .data          0x0000000000000000        0x0 c:/devkitpro/devkitarm/bin/../lib/gcc/arm-none-eabi/10.2.0/thumb\libgcc.a(_dvmd_tls.o)
 .bss           0x0000000000000000        0x0 c:/devkitpro/devkitarm/bin/../lib/gcc/arm-none-eabi/10.2.0/thumb\libgcc.a(_dvmd_tls.o)
 .data          0x0000000000000000        0x0 c:/devkitpro/devkitarm/bin/../lib/gcc/arm-none-eabi/10.2.0/thumb\libgcc.a(_arm_addsubsf3.o)
 .bss           0x0000000000000000        0x0 c:/devkitpro/devkitarm/bin/../lib/gcc/arm-none-eabi/10.2.0/thumb\libgcc.a(_arm_addsubsf3.o)
 .data          0x0000000000000000        0x0 c:/devkitpro/devkitarm/bin/../lib/gcc/arm-none-eabi/10.2.0/thumb\libgcc.a(_arm_cmpsf2.o)
 .bss           0x0000000000000000        0x0 c:/devkitpro/devkitarm/bin/../lib/gcc/arm-none-eabi/10.2.0/thumb\libgcc.a(_arm_cmpsf2.o)
 .data          0x0000000000000000        0x0 c:/devkitpro/devkitarm/bin/../lib/gcc/arm-none-eabi/10.2.0/thumb\libgcc.a(_arm_fixsfsi.o)
 .bss           0x0000000000000000        0x0 c:/devkitpro/devkitarm/bin/../lib/gcc/arm-none-eabi/10.2.0/thumb\libgcc.a(_arm_fixsfsi.o)
 .text          0x0000000000000000        0x0 c:/devkitpro/devkitarm/bin/../lib/gcc/arm-none-eabi/10.2.0/../../../../arm-none-eabi/lib/thumb\libg.a(lib_a-init.o)
 .data          0x0000000000000000        0x0 c:/devkitpro/devkitarm/bin/../lib/gcc/arm-none-eabi/10.2.0/../../../../arm-none-eabi/lib/thumb\libg.a(lib_a-init.o)
 .bss           0x0000000000000000        0x0 c:/devkitpro/devkitarm/bin/../lib/gcc/arm-none-eabi/10.2.0/../../../../arm-none-eabi/lib/thumb\libg.a(lib_a-init.o)
 .text          0x0000000000000000        0x0 c:/devkitpro/devkitarm/bin/../lib/gcc/arm-none-eabi/10.2.0/../../../../arm-none-eabi/lib/thumb\libg.a(lib_a-memcpy-stub.o)
 .data          0x0000000000000000        0x0 c:/devkitpro/devkitarm/bin/../lib/gcc/arm-none-eabi/10.2.0/../../../../arm-none-eabi/lib/thumb\libg.a(lib_a-memcpy-stub.o)
 .bss           0x0000000000000000        0x0 c:/devkitpro/devkitarm/bin/../lib/gcc/arm-none-eabi/10.2.0/../../../../arm-none-eabi/lib/thumb\libg.a(lib_a-memcpy-stub.o)
 .text          0x0000000000000000        0x0 c:/devkitpro/devkitarm/bin/../lib/gcc/arm-none-eabi/10.2.0/../../../../arm-none-eabi/lib/thumb\libg.a(lib_a-memmove.o)
 .data          0x0000000000000000        0x0 c:/devkitpro/devkitarm/bin/../lib/gcc/arm-none-eabi/10.2.0/../../../../arm-none-eabi/lib/thumb\libg.a(lib_a-memmove.o)
 .bss           0x0000000000000000        0x0 c:/devkitpro/devkitarm/bin/../lib/gcc/arm-none-eabi/10.2.0/../../../../arm-none-eabi/lib/thumb\libg.a(lib_a-memmove.o)
 .text          0x0000000000000000        0x0 c:/devkitpro/devkitarm/bin/../lib/gcc/arm-none-eabi/10.2.0/../../../../arm-none-eabi/lib/thumb\libsysbase.a(malloc_vars.o)
 .data          0x0000000000000000        0x0 c:/devkitpro/devkitarm/bin/../lib/gcc/arm-none-eabi/10.2.0/../../../../arm-none-eabi/lib/thumb\libsysbase.a(malloc_vars.o)
 .bss           0x0000000000000000        0x0 c:/devkitpro/devkitarm/bin/../lib/gcc/arm-none-eabi/10.2.0/../../../../arm-none-eabi/lib/thumb\libsysbase.a(malloc_vars.o)
 .bss.fake_heap_start
                0x0000000000000000        0x4 c:/devkitpro/devkitarm/bin/../lib/gcc/arm-none-eabi/10.2.0/../../../../arm-none-eabi/lib/thumb\libsysbase.a(malloc_vars.o)
 .text          0x0000000000000000        0x0 c:/devkitpro/devkitarm/bin/../lib/gcc/arm-none-eabi/10.2.0/thumb/crtend.o
 .data          0x0000000000000000        0x0 c:/devkitpro/devkitarm/bin/../lib/gcc/arm-none-eabi/10.2.0/thumb/crtend.o
 .bss           0x0000000000000000        0x0 c:/devkitpro/devkitarm/bin/../lib/gcc/arm-none-eabi/10.2.0/thumb/crtend.o
 .text          0x0000000000000000        0x0 c:/devkitpro/devkitarm/bin/../lib/gcc/arm-none-eabi/10.2.0/thumb/crtn.o
 .data          0x0000000000000000        0x0 c:/devkitpro/devkitarm/bin/../lib/gcc/arm-none-eabi/10.2.0/thumb/crtn.o
 .bss           0x0000000000000000        0x0 c:/devkitpro/devkitarm/bin/../lib/gcc/arm-none-eabi/10.2.0/thumb/crtn.o

Memory Configuration

Name             Origin             Length             Attributes
rom              0x0000000008000000 0x0000000002000000
iwram            0x0000000003000000 0x0000000000008000
ewram            0x0000000002000000 0x0000000000040000
*default*        0x0000000000000000 0xffffffffffffffff

Linker script and memory map

                0x0000000002000000                __text_start = ORIGIN (ewram)
                0x0000000002040000                __eheap_end = (ORIGIN (ewram) + LENGTH (ewram))
                0x0000000003000000                __iwram_start = ORIGIN (iwram)
                0x0000000003008000                __iwram_top = (ORIGIN (iwram) + LENGTH (iwram))
                0x0000000003007fa0                __sp_irq = (__iwram_top - 0x60)
                0x0000000003007f00                __sp_usr = (__sp_irq - 0xa0)
                0x0000000003007ff8                __irq_flags = 0x3007ff8
                0x0000000002000000                . = __text_start
                0x0000000002000000                . = __text_start

.crt0           0x0000000002000000      0x210
 *(.crt0)
 .crt0          0x0000000002000000      0x210 c:/devkitpro/devkitarm/bin/../lib/gcc/arm-none-eabi/10.2.0/../../../../arm-none-eabi/lib/thumb/gba_crt0.o
                0x0000000002000000                _start
                0x00000000020000c4                __boot_method
                0x00000000020000c5                __slave_number
                0x00000000020000e0                start_vector
                0x0000000002000210                . = ALIGN (0x4)

.init           0x0000000002000210        0xc
 *(SORT_NONE(.init))
 .init          0x0000000002000210        0x4 c:/devkitpro/devkitarm/bin/../lib/gcc/arm-none-eabi/10.2.0/thumb/crti.o
                0x0000000002000210                _init
 .init          0x0000000002000214        0x8 c:/devkitpro/devkitarm/bin/../lib/gcc/arm-none-eabi/10.2.0/thumb/crtn.o

.plt            0x000000000200021c        0x0
 *(.plt)
                0x000000000200021c                . = ALIGN (0x4)

.text           0x000000000200021c     0x2174
 *(EXCLUDE_FILE(*.iwram*) .text*)
 .text.__do_global_dtors_aux
                0x000000000200021c       0x2c c:/devkitpro/devkitarm/bin/../lib/gcc/arm-none-eabi/10.2.0/thumb/crtbegin.o
 .text.frame_dummy
                0x0000000002000248       0x24 c:/devkitpro/devkitarm/bin/../lib/gcc/arm-none-eabi/10.2.0/thumb/crtbegin.o
 .text          0x000000000200026c      0x5b0 Colly.o
                0x000000000200026c                mod
                0x0000000002000284                Intersects
                0x0000000002000348                increment
                0x0000000002000510                Check
 .text          0x000000000200081c      0x564 main.o
                0x000000000200081c                init_map
                0x0000000002000adc                movement
                0x0000000002000cd8                renderPlayer
                0x0000000002000d6c                resetPlayerPos
 .text.startup  0x0000000002000d80       0x74 main.o
                0x0000000002000d80                main
 .text          0x0000000002000df4      0x280 map.o
                0x0000000002000df4                setChunk
                0x0000000002000eb8                setupMap
                0x0000000002000ee8                loadChunksLR
                0x0000000002000f28                loadChunksUD
                0x0000000002000f68                loadChunks
 .text          0x0000000002001074      0x484 sio.o
                0x000000000200114c                handle_serial
                0x00000000020012fc                connect
                0x0000000002001338                place
                0x0000000002001374                sioMove
                0x0000000002001430                requestChunks
                0x0000000002001474                processData
                0x0000000002001490                sioInit
 .text          0x00000000020014f8       0x50 util.o
                0x00000000020014f8                se_index
                0x0000000002001514                map_index
                0x0000000002001530                Reverse32
 .text          0x0000000002001548      0x354 C:/devkitPro/libtonc/lib\libtonc.a(tonc_irq.o)
                0x0000000002001548                irq_init
                0x000000000200158c                irq_set_master
                0x00000000020015b8                irq_set
                0x00000000020016e0                irq_add
                0x0000000002001758                irq_delete
                0x000000000200180c                irq_enable
                0x0000000002001854                irq_disable
 .text          0x000000000200189c       0xbc C:/devkitPro/libtonc/lib\libtonc.a(tonc_oam.o)
                0x000000000200189c                oam_init
                0x00000000020018e4                obj_copy
                0x0000000002001904                obj_hide_multi
                0x000000000200192c                obj_unhide_multi
 .text          0x0000000002001958       0xa8 C:/devkitPro/libtonc/lib\libtonc.a(tonc_input.o)
                0x0000000002001958                key_poll
                0x00000000020019ac                key_wait_till_hit
                0x00000000020019d0                key_repeat
                0x00000000020019dc                key_repeat_mask
                0x00000000020019ec                key_repeat_limits
 .text          0x0000000002001a00       0x8c C:/devkitPro/libtonc/lib\libtonc.a(tonc_bios.o)
                0x0000000002001a00                SoftReset
                0x0000000002001a04                RegisterRamReset
                0x0000000002001a08                Halt
                0x0000000002001a0c                Stop
                0x0000000002001a10                IntrWait
                0x0000000002001a14                VBlankIntrWait
                0x0000000002001a18                Div
                0x0000000002001a1c                DivArm
                0x0000000002001a20                Sqrt
                0x0000000002001a24                ArcTan
                0x0000000002001a28                ArcTan2
                0x0000000002001a2c                CpuSet
                0x0000000002001a30                CpuFastSet
                0x0000000002001a34                BiosCheckSum
                0x0000000002001a38                BgAffineSet
                0x0000000002001a3c                ObjAffineSet
                0x0000000002001a40                BitUnPack
                0x0000000002001a44                LZ77UnCompWram
                0x0000000002001a48                LZ77UnCompVram
                0x0000000002001a4c                HuffUnComp
                0x0000000002001a50                RLUnCompWram
                0x0000000002001a54                RLUnCompVram
                0x0000000002001a58                Diff8bitUnFilterWram
                0x0000000002001a5c                Diff8bitUnFilterVram
                0x0000000002001a60                Diff16bitUnFilter
                0x0000000002001a64                SoundBias
                0x0000000002001a68                SoundDriverInit
                0x0000000002001a6c                SoundDriverMode
                0x0000000002001a70                SoundDriverMain
                0x0000000002001a74                SoundDriverVSync
                0x0000000002001a78                SoundChannelClear
                0x0000000002001a7c                MidiKey2Freq
                0x0000000002001a80                MultiBoot
                0x0000000002001a84                SoundDriverVSyncOff
                0x0000000002001a88                SoundDriverVSyncOn
 .text          0x0000000002001a8c      0x198 c:/devkitpro/devkitarm/bin/../lib/gcc/arm-none-eabi/10.2.0/thumb\libgcc.a(_arm_mulsf3.o)
                0x0000000002001a8c                __aeabi_fmul
                0x0000000002001a8c                __mulsf3
 .text          0x0000000002001c24      0x150 c:/devkitpro/devkitarm/bin/../lib/gcc/arm-none-eabi/10.2.0/thumb\libgcc.a(_divsi3.o)
                0x0000000002001c24                __divsi3
                0x0000000002001c24                __aeabi_idiv
                0x0000000002001d54                __aeabi_idivmod
 .text          0x0000000002001d74        0x4 c:/devkitpro/devkitarm/bin/../lib/gcc/arm-none-eabi/10.2.0/thumb\libgcc.a(_dvmd_tls.o)
                0x0000000002001d74                __aeabi_idiv0
                0x0000000002001d74                __aeabi_ldiv0
 .text          0x0000000002001d78      0x2ac c:/devkitpro/devkitarm/bin/../lib/gcc/arm-none-eabi/10.2.0/thumb\libgcc.a(_arm_addsubsf3.o)
                0x0000000002001d78                __aeabi_frsub
                0x0000000002001d80                __subsf3
                0x0000000002001d80                __aeabi_fsub
                0x0000000002001d84                __aeabi_fadd
                0x0000000002001d84                __addsf3
                0x0000000002001f40                __aeabi_ui2f
                0x0000000002001f40                __floatunsisf
                0x0000000002001f48                __aeabi_i2f
                0x0000000002001f48                __floatsisf
                0x0000000002001f68                __aeabi_ul2f
                0x0000000002001f68                __floatundisf
                0x0000000002001f78                __aeabi_l2f
                0x0000000002001f78                __floatdisf
 .text          0x0000000002002024      0x114 c:/devkitpro/devkitarm/bin/../lib/gcc/arm-none-eabi/10.2.0/thumb\libgcc.a(_arm_cmpsf2.o)
                0x0000000002002024                __gesf2
                0x0000000002002024                __gtsf2
                0x000000000200202c                __lesf2
                0x000000000200202c                __ltsf2
                0x0000000002002034                __nesf2
                0x0000000002002034                __eqsf2
                0x0000000002002034                __cmpsf2
                0x0000000002002098                __aeabi_cfrcmple
                0x00000000020020a8                __aeabi_cfcmpeq
                0x00000000020020a8                __aeabi_cfcmple
                0x00000000020020c0                __aeabi_fcmpeq
                0x00000000020020d8                __aeabi_fcmplt
                0x00000000020020f0                __aeabi_fcmple
                0x0000000002002108                __aeabi_fcmpge
                0x0000000002002120                __aeabi_fcmpgt
 .text          0x0000000002002138       0x5c c:/devkitpro/devkitarm/bin/../lib/gcc/arm-none-eabi/10.2.0/thumb\libgcc.a(_arm_fixsfsi.o)
                0x0000000002002138                __aeabi_f2iz
                0x0000000002002138                __fixsfsi
 .text.__libc_init_array
                0x0000000002002194       0x50 c:/devkitpro/devkitarm/bin/../lib/gcc/arm-none-eabi/10.2.0/../../../../arm-none-eabi/lib/thumb\libg.a(lib_a-init.o)
                0x0000000002002194                __libc_init_array
 .text.memcpy   0x00000000020021e4       0xa8 c:/devkitpro/devkitarm/bin/../lib/gcc/arm-none-eabi/10.2.0/../../../../arm-none-eabi/lib/thumb\libg.a(lib_a-memcpy-stub.o)
                0x00000000020021e4                memcpy
 .text.memmove  0x000000000200228c       0xbc c:/devkitpro/devkitarm/bin/../lib/gcc/arm-none-eabi/10.2.0/../../../../arm-none-eabi/lib/thumb\libg.a(lib_a-memmove.o)
                0x000000000200228c                memmove
 .text.memmove.__stub
                0x0000000002002348       0x44 linker stubs
 *(.gnu.linkonce.t.*)
 *(.text.*personality*)
 *(.gnu.warning)
 *(.glue_7t)
 .glue_7t       0x0000000002002390        0x0 linker stubs
 *(.glue_7)
 .glue_7        0x0000000002002390        0x0 linker stubs
 *(.vfp11_veneer)
 .vfp11_veneer  0x0000000002002390        0x0 linker stubs
                0x0000000002002390                . = ALIGN (0x4)
                0x0000000002002390                __text_end = .

.v4_bx          0x0000000002002390        0x0
 .v4_bx         0x0000000002002390        0x0 linker stubs

.iplt           0x0000000002002390        0x0
 .iplt          0x0000000002002390        0x0 c:/devkitpro/devkitarm/bin/../lib/gcc/arm-none-eabi/10.2.0/../../../../arm-none-eabi/lib/thumb/gba_crt0.o

.fini           0x0000000002002390        0xc
 *(.fini)
 .fini          0x0000000002002390        0x4 c:/devkitpro/devkitarm/bin/../lib/gcc/arm-none-eabi/10.2.0/thumb/crti.o
                0x0000000002002390                _fini
 .fini          0x0000000002002394        0x8 c:/devkitpro/devkitarm/bin/../lib/gcc/arm-none-eabi/10.2.0/thumb/crtn.o
                0x000000000200239c                . = ALIGN (0x4)

.rodata         0x000000000200239c      0x2c8
 *(.rodata)
 .rodata        0x000000000200239c      0x290 TileMap.o
                0x000000000200239c                DING
                0x00000000020023d4                LOAD
                0x0000000002002408                playerspritePal
                0x000000000200240c                TileMapPal
                0x000000000200242c                TileMapTiles
 .rodata        0x000000000200262c       0x38 C:/devkitPro/libtonc/lib\libtonc.a(tonc_irq.o)
 *all.rodata*(*)
 *(.roda)
 *(.rodata.*)
 *(.gnu.linkonce.r*)
                0x0000000002002664                . = ALIGN (0x4)

.ARM.extab
 *(.ARM.extab* .gnu.linkonce.armextab.*)
                0x0000000002002664                __exidx_start = .

.ARM.exidx
 *(.ARM.exidx* .gnu.linkonce.armexidx.*)
                0x0000000002002664                __exidx_end = .
                0x0000000002002664                . = ALIGN (0x4)
                0x0000000002002664                PROVIDE (__preinit_array_start = .)

.preinit_array
 *(.preinit_array)
                0x0000000002002664                PROVIDE (__preinit_array_end = .)
                0x0000000002002664                PROVIDE (__init_array_start = .)

.init_array     0x0000000002002664        0x4
 *(.init_array)
 .init_array    0x0000000002002664        0x4 c:/devkitpro/devkitarm/bin/../lib/gcc/arm-none-eabi/10.2.0/thumb/crtbegin.o
                0x0000000002002668                PROVIDE (__init_array_end = .)
                [!provide]                        PROVIDE (__fini_array_start = .)

.fini_array     0x0000000002002668        0x4
 *(.fini_array)
 .fini_array    0x0000000002002668        0x4 c:/devkitpro/devkitarm/bin/../lib/gcc/arm-none-eabi/10.2.0/thumb/crtbegin.o
                [!provide]                        PROVIDE (__fini_array_end = .)

.ctors          0x000000000200266c        0x0
 *crtbegin.o(.ctors)
 *(EXCLUDE_FILE(*crtend.o) .ctors)
 *(SORT_BY_NAME(.ctors.*))
 *(.ctors)
                0x000000000200266c                . = ALIGN (0x4)

.dtors          0x000000000200266c        0x0
 *crtbegin.o(.dtors)
 *(EXCLUDE_FILE(*crtend.o) .dtors)
 *(SORT_BY_NAME(.dtors.*))
 *(.dtors)
                0x000000000200266c                . = ALIGN (0x4)

.jcr
 *(.jcr)

.eh_frame       0x000000000200266c        0x4
 *(.eh_frame)
 .eh_frame      0x000000000200266c        0x0 c:/devkitpro/devkitarm/bin/../lib/gcc/arm-none-eabi/10.2.0/thumb/crtbegin.o
 .eh_frame      0x000000000200266c        0x4 c:/devkitpro/devkitarm/bin/../lib/gcc/arm-none-eabi/10.2.0/thumb/crtend.o
                0x0000000002002670                . = ALIGN (0x4)

.gcc_except_table
                0x0000000002002670        0x0
 *(.gcc_except_table)
                0x0000000002002670                . = ALIGN (0x4)
                0x0000000002002670                __iwram_lma = .

.iwram          0x0000000003000000      0x128 load address 0x0000000002002670
                0x0000000003000000                __iwram_start__ = ABSOLUTE (.)
 *(.iwram)
 .iwram         0x0000000003000000       0x38 C:/devkitPro/libtonc/lib\libtonc.a(tonc_memcpy.o)
                0x0000000003000000                memcpy32
 .iwram         0x0000000003000038       0xa4 C:/devkitPro/libtonc/lib\libtonc.a(tonc_isr_master.o)
                0x0000000003000038                isr_master
 .iwram         0x00000000030000dc       0x4c C:/devkitPro/libtonc/lib\libtonc.a(tonc_memset.o)
                0x00000000030000dc                memset32
 *iwram.*(.text*)
                0x0000000003000128                . = ALIGN (0x4)
                0x0000000003000128                __iwram_end__ = ABSOLUTE (.)
                0x0000000002002798                __data_lma = (__iwram_lma + SIZEOF (.iwram))

.rel.dyn        0x0000000003000128        0x0 load address 0x0000000002002798
 .rel.iplt      0x0000000003000128        0x0 c:/devkitpro/devkitarm/bin/../lib/gcc/arm-none-eabi/10.2.0/../../../../arm-none-eabi/lib/thumb/gba_crt0.o

.bss            0x0000000003000128     0x75b8
                0x0000000003000128                __bss_start__ = ABSOLUTE (.)
 *(.dynbss)
 *(.gnu.linkonce.b*)
 *(.bss*)
 .bss.completed.1
                0x0000000003000128        0x1 c:/devkitpro/devkitarm/bin/../lib/gcc/arm-none-eabi/10.2.0/thumb/crtbegin.o
 *fill*         0x0000000003000129        0x3 
 .bss.object.0  0x000000000300012c       0x18 c:/devkitpro/devkitarm/bin/../lib/gcc/arm-none-eabi/10.2.0/thumb/crtbegin.o
 .bss           0x0000000003000144      0x410 main.o
                0x0000000003000144                bg0_pt
                0x0000000003000148                xv
                0x000000000300014c                yv
                0x0000000003000150                startMovement
                0x0000000003000154                obj_buffer
 .bss           0x0000000003000554     0x708c map.o
                0x0000000003000554                setupmapTrigger
                0x0000000003000558                mapOffsetY
                0x000000000300055c                MapOffsetX
                0x0000000003000560                map
 .bss           0x00000000030075e0       0x7d sio.o
                0x00000000030075e0                incomingdata
                0x00000000030075f8                startsending
                0x00000000030075f9                numinOutBuf
                0x00000000030075fc                outbuf
                0x000000000300764c                datalen
                0x000000000300764d                dataoffset
                0x0000000003007650                expectedlen
                0x0000000003007654                mapdatamode
                0x0000000003007658                incomingoffset
                0x000000000300765c                previousnibble
 *fill*         0x000000000300765d        0x1 
 .bss           0x000000000300765e        0x4 C:/devkitPro/libtonc/lib\libtonc.a(tonc_input.o)
                0x000000000300765e                __key_curr
                0x0000000003007660                __key_prev
 *fill*         0x0000000003007662        0x2 
 .bss.fake_heap_end
                0x0000000003007664        0x4 c:/devkitpro/devkitarm/bin/../lib/gcc/arm-none-eabi/10.2.0/../../../../arm-none-eabi/lib/thumb\libsysbase.a(malloc_vars.o)
                0x0000000003007664                fake_heap_end
 *(COMMON)
 COMMON         0x0000000003007668       0x78 C:/devkitPro/libtonc/lib\libtonc.a(tonc_irq.o)
                0x0000000003007668                __isr_table
                0x00000000030076e0                . = ALIGN (0x4)
                0x00000000030076e0                __bss_end__ = ABSOLUTE (.)

.data           0x00000000030076e0       0x64 load address 0x0000000002002798
                0x00000000030076e0                __data_start__ = ABSOLUTE (.)
 *(.data)
 .data          0x00000000030076e0       0x1c main.o
                0x00000000030076e0                bg0_map
                0x00000000030076e4                playerx
                0x00000000030076e8                playery
                0x00000000030076ec                camerax
                0x00000000030076f0                cameray
                0x00000000030076f4                player
                0x00000000030076f8                obj_aff_buffer
 .data          0x00000000030076fc       0x2c map.o
                0x00000000030076fc                bg_map
                0x0000000003007700                mapIDconversiontable
                0x0000000003007720                mapX
                0x0000000003007724                mapY
 .data          0x0000000003007728       0x14 sio.o
                0x0000000003007728                datalengthtable
 .data          0x000000000300773c        0x8 C:/devkitPro/libtonc/lib\libtonc.a(tonc_input.o)
                0x000000000300773c                __key_rpt
 *(.data.*)
 *(.gnu.linkonce.d*)
                0x0000000003007744                . = ALIGN (0x4)
                0x0000000003007744                __data_end__ = ABSOLUTE (.)
                0x00000000020027fc                __iwram_overlay_lma = (__data_lma + SIZEOF (.data))
                [!provide]                        PROVIDE (edata = .)
                0x0000000003007744                __iwram_overlay_start = .

.igot.plt       0x0000000003007744        0x0 load address 0x00000000020027fc
 .igot.plt      0x0000000003007744        0x0 c:/devkitpro/devkitarm/bin/../lib/gcc/arm-none-eabi/10.2.0/../../../../arm-none-eabi/lib/thumb/gba_crt0.o

.iwram0         0x0000000003007744        0x0 load address 0x00000000020027fc
 *(.iwram0)
                0x0000000003007744                . = ALIGN (0x4)
                0x00000000020027fc                PROVIDE (__load_start_iwram0 = LOADADDR (.iwram0))
                0x00000000020027fc                PROVIDE (__load_stop_iwram0 = (LOADADDR (.iwram0) + SIZEOF (.iwram0)))

.iwram1         0x0000000003007744        0x0
 *(.iwram1)
                0x0000000003007744                . = ALIGN (0x4)
                [!provide]                        PROVIDE (__load_start_iwram1 = LOADADDR (.iwram1))
                [!provide]                        PROVIDE (__load_stop_iwram1 = (LOADADDR (.iwram1) + SIZEOF (.iwram1)))

.iwram2         0x0000000003007744        0x0
 *(.iwram2)
                0x0000000003007744                . = ALIGN (0x4)
                [!provide]                        PROVIDE (__load_start_iwram2 = LOADADDR (.iwram2))
                [!provide]                        PROVIDE (__load_stop_iwram2 = (LOADADDR (.iwram2) + SIZEOF (.iwram2)))

.iwram3         0x0000000003007744        0x0
 *(.iwram3)
                0x0000000003007744                . = ALIGN (0x4)
                [!provide]                        PROVIDE (__load_start_iwram3 = LOADADDR (.iwram3))
                [!provide]                        PROVIDE (__load_stop_iwram3 = (LOADADDR (.iwram3) + SIZEOF (.iwram3)))

.iwram4         0x0000000003007744        0x0
 *(.iwram4)
                0x0000000003007744                . = ALIGN (0x4)
                [!provide]                        PROVIDE (__load_start_iwram4 = LOADADDR (.iwram4))
                [!provide]                        PROVIDE (__load_stop_iwram4 = (LOADADDR (.iwram4) + SIZEOF (.iwram4)))

.iwram5         0x0000000003007744        0x0
 *(.iwram5)
                0x0000000003007744                . = ALIGN (0x4)
                [!provide]                        PROVIDE (__load_start_iwram5 = LOADADDR (.iwram5))
                [!provide]                        PROVIDE (__load_stop_iwram5 = (LOADADDR (.iwram5) + SIZEOF (.iwram5)))

.iwram6         0x0000000003007744        0x0
 *(.iwram6)
                0x0000000003007744                . = ALIGN (0x4)
                [!provide]                        PROVIDE (__load_start_iwram6 = LOADADDR (.iwram6))
                [!provide]                        PROVIDE (__load_stop_iwram6 = (LOADADDR (.iwram6) + SIZEOF (.iwram6)))

.iwram7         0x0000000003007744        0x0
 *(.iwram7)
                0x0000000003007744                . = ALIGN (0x4)
                [!provide]                        PROVIDE (__load_start_iwram7 = LOADADDR (.iwram7))
                [!provide]                        PROVIDE (__load_stop_iwram7 = (LOADADDR (.iwram7) + SIZEOF (.iwram7)))

.iwram8         0x0000000003007744        0x0
 *(.iwram8)
                0x0000000003007744                . = ALIGN (0x4)
                [!provide]                        PROVIDE (__load_start_iwram8 = LOADADDR (.iwram8))
                [!provide]                        PROVIDE (__load_stop_iwram8 = (LOADADDR (.iwram8) + SIZEOF (.iwram8)))

.iwram9         0x0000000003007744        0x0
 *(.iwram9)
                0x0000000003007744                . = ALIGN (0x4)
                [!provide]                        PROVIDE (__load_start_iwram9 = LOADADDR (.iwram9))
                [!provide]                        PROVIDE (__load_stop_iwram9 = (LOADADDR (.iwram9) + SIZEOF (.iwram9)))
                0x00000000020027fc                __ewram_lma = ((((((((((LOADADDR (.iwram0) + SIZEOF (.iwram0)) + SIZEOF (.iwram1)) + SIZEOF (.iwram2)) + SIZEOF (.iwram3)) + SIZEOF (.iwram4)) + SIZEOF (.iwram5)) + SIZEOF (.iwram6)) + SIZEOF (.iwram7)) + SIZEOF (.iwram8)) + SIZEOF (.iwram9))
                0x00000000020027fc                __iwram_overlay_end = __ewram_lma
                0x00000000020027fc                __ewram_start = __ewram_lma

.ewram          0x00000000020027fc        0x0
 *(.ewram)
                0x00000000020027fc                . = ALIGN (0x4)
                0x00000000020027fc                __ewram_end = ABSOLUTE (.)
                0x00000000020027fc                __ewram_overlay_lma = (__ewram_lma + SIZEOF (.ewram))

.sbss           0x00000000020027fc        0x0
                0x00000000020027fc                __sbss_start__ = ABSOLUTE (.)
 *(.sbss)
                0x00000000020027fc                . = ALIGN (0x4)
                0x00000000020027fc                __sbss_end__ = ABSOLUTE (.)
                0x00000000020027fc                __end__ = ABSOLUTE (.)
                0x00000000020027fc                __eheap_start = ABSOLUTE (.)

.ewram0         0x00000000020027fc        0x0
 *(.ewram0)
                0x00000000020027fc                . = ALIGN (0x4)
                [!provide]                        PROVIDE (__load_start_ewram0 = LOADADDR (.ewram0))
                [!provide]                        PROVIDE (__load_stop_ewram0 = (LOADADDR (.ewram0) + SIZEOF (.ewram0)))

.ewram1         0x00000000020027fc        0x0
 *(.ewram1)
                0x00000000020027fc                . = ALIGN (0x4)
                [!provide]                        PROVIDE (__load_start_ewram1 = LOADADDR (.ewram1))
                [!provide]                        PROVIDE (__load_stop_ewram1 = (LOADADDR (.ewram1) + SIZEOF (.ewram1)))

.ewram2         0x00000000020027fc        0x0
 *(.ewram2)
                0x00000000020027fc                . = ALIGN (0x4)
                [!provide]                        PROVIDE (__load_start_ewram2 = LOADADDR (.ewram2))
                [!provide]                        PROVIDE (__load_stop_ewram2 = (LOADADDR (.ewram2) + SIZEOF (.ewram2)))

.ewram3         0x00000000020027fc        0x0
 *(.ewram3)
                0x00000000020027fc                . = ALIGN (0x4)
                [!provide]                        PROVIDE (__load_start_ewram3 = LOADADDR (.ewram3))
                [!provide]                        PROVIDE (__load_stop_ewram3 = (LOADADDR (.ewram3) + SIZEOF (.ewram3)))

.ewram4         0x00000000020027fc        0x0
 *(.ewram4)
                0x00000000020027fc                . = ALIGN (0x4)
                [!provide]                        PROVIDE (__load_start_ewram4 = LOADADDR (.ewram4))
                [!provide]                        PROVIDE (__load_stop_ewram4 = (LOADADDR (.ewram4) + SIZEOF (.ewram4)))

.ewram5         0x00000000020027fc        0x0
 *(.ewram5)
                0x00000000020027fc                . = ALIGN (0x4)
                [!provide]                        PROVIDE (__load_start_ewram5 = LOADADDR (.ewram5))
                [!provide]                        PROVIDE (__load_stop_ewram5 = (LOADADDR (.ewram5) + SIZEOF (.ewram5)))

.ewram6         0x00000000020027fc        0x0
 *(.ewram6)
                0x00000000020027fc                . = ALIGN (0x4)
                [!provide]                        PROVIDE (__load_start_ewram6 = LOADADDR (.ewram6))
                [!provide]                        PROVIDE (__load_stop_ewram6 = (LOADADDR (.ewram6) + SIZEOF (.ewram6)))

.ewram7         0x00000000020027fc        0x0
 *(.ewram7)
                0x00000000020027fc                . = ALIGN (0x4)
                [!provide]                        PROVIDE (__load_start_ewram7 = LOADADDR (.ewram7))
                [!provide]                        PROVIDE (__load_stop_ewram7 = (LOADADDR (.ewram7) + SIZEOF (.ewram7)))

.ewram8         0x00000000020027fc        0x0
 *(.ewram8)
                0x00000000020027fc                . = ALIGN (0x4)
                [!provide]                        PROVIDE (__load_start_ewram8 = LOADADDR (.ewram8))
                [!provide]                        PROVIDE (__load_stop_ewram8 = (LOADADDR (.ewram8) + SIZEOF (.ewram8)))

.ewram9         0x00000000020027fc        0x0
 *(.ewram9)
                0x00000000020027fc                . = ALIGN (0x4)
                [!provide]                        PROVIDE (__load_start_ewram9 = LOADADDR (.ewram9))
                [!provide]                        PROVIDE (__load_stop_ewram9 = (LOADADDR (.ewram9) + SIZEOF (.ewram9)))
                0x00000000020027fc                __ewram_overlay_end = ABSOLUTE (.)
                0x00000000020027fc                __eheap_start = __ewram_overlay_end
                0x00000000020027fc                _end = __ewram_overlay_end
                0x00000000020027fc                __end__ = __ewram_overlay_end
                0x00000000020027fc                __rom_end__ = __ewram_overlay_end

.stab
 *(.stab)

.stabstr
 *(.stabstr)

.stab.excl
 *(.stab.excl)

.stab.exclstr
 *(.stab.exclstr)

.stab.index
 *(.stab.index)

.stab.indexstr
 *(.stab.indexstr)

.comment        0x0000000000000000       0x45
 *(.comment)
 .comment       0x0000000000000000       0x23 c:/devkitpro/devkitarm/bin/../lib/gcc/arm-none-eabi/10.2.0/thumb/crtbegin.o
                                         0x24 (size before relaxing)
 .comment       0x0000000000000023       0x24 Colly.o
 .comment       0x0000000000000023       0x24 TileMap.o
 .comment       0x0000000000000023       0x24 main.o
 .comment       0x0000000000000023       0x24 map.o
 .comment       0x0000000000000023       0x24 sio.o
 .comment       0x0000000000000023       0x24 util.o
 .comment       0x0000000000000023       0x22 C:/devkitPro/libtonc/lib\libtonc.a(tonc_irq.o)
                                         0x23 (size before relaxing)
 .comment       0x0000000000000045       0x23 C:/devkitPro/libtonc/lib\libtonc.a(tonc_oam.o)
 .comment       0x0000000000000045       0x23 C:/devkitPro/libtonc/lib\libtonc.a(tonc_input.o)
 .comment       0x0000000000000045       0x24 c:/devkitpro/devkitarm/bin/../lib/gcc/arm-none-eabi/10.2.0/../../../../arm-none-eabi/lib/thumb\libg.a(lib_a-init.o)
 .comment       0x0000000000000045       0x24 c:/devkitpro/devkitarm/bin/../lib/gcc/arm-none-eabi/10.2.0/../../../../arm-none-eabi/lib/thumb\libg.a(lib_a-memcpy-stub.o)
 .comment       0x0000000000000045       0x24 c:/devkitpro/devkitarm/bin/../lib/gcc/arm-none-eabi/10.2.0/../../../../arm-none-eabi/lib/thumb\libg.a(lib_a-memmove.o)
 .comment       0x0000000000000045       0x24 c:/devkitpro/devkitarm/bin/../lib/gcc/arm-none-eabi/10.2.0/../../../../arm-none-eabi/lib/thumb\libsysbase.a(malloc_vars.o)
 .comment       0x0000000000000045       0x24 c:/devkitpro/devkitarm/bin/../lib/gcc/arm-none-eabi/10.2.0/thumb/crtend.o

.ARM.attributes
                0x0000000000000000       0x2c
 .ARM.attributes
                0x0000000000000000       0x20 c:/devkitpro/devkitarm/bin/../lib/gcc/arm-none-eabi/10.2.0/../../../../arm-none-eabi/lib/thumb/gba_crt0.o
 .ARM.attributes
                0x0000000000000020       0x1c c:/devkitpro/devkitarm/bin/../lib/gcc/arm-none-eabi/10.2.0/thumb/crti.o
 .ARM.attributes
                0x000000000000003c       0x2a c:/devkitpro/devkitarm/bin/../lib/gcc/arm-none-eabi/10.2.0/thumb/crtbegin.o
 .ARM.attributes
                0x0000000000000066       0x26 Colly.o
 .ARM.attributes
                0x000000000000008c       0x2c TileMap.o
 .ARM.attributes
                0x00000000000000b8       0x26 main.o
 .ARM.attributes
                0x00000000000000de       0x26 map.o
 .ARM.attributes
                0x0000000000000104       0x26 sio.o
 .ARM.attributes
                0x000000000000012a       0x26 util.o
 .ARM.attributes
                0x0000000000000150       0x2a C:/devkitPro/libtonc/lib\libtonc.a(tonc_irq.o)
 .ARM.attributes
                0x000000000000017a       0x2a C:/devkitPro/libtonc/lib\libtonc.a(tonc_oam.o)
 .ARM.attributes
                0x00000000000001a4       0x2a C:/devkitPro/libtonc/lib\libtonc.a(tonc_input.o)
 .ARM.attributes
                0x00000000000001ce       0x1a C:/devkitPro/libtonc/lib\libtonc.a(tonc_bios.o)
 .ARM.attributes
                0x00000000000001e8       0x1a C:/devkitPro/libtonc/lib\libtonc.a(tonc_memcpy.o)
 .ARM.attributes
                0x0000000000000202       0x1a C:/devkitPro/libtonc/lib\libtonc.a(tonc_isr_master.o)
 .ARM.attributes
                0x000000000000021c       0x1a C:/devkitPro/libtonc/lib\libtonc.a(tonc_memset.o)
 .ARM.attributes
                0x0000000000000236       0x1c c:/devkitpro/devkitarm/bin/../lib/gcc/arm-none-eabi/10.2.0/thumb\libgcc.a(_arm_mulsf3.o)
 .ARM.attributes
                0x0000000000000252       0x1c c:/devkitpro/devkitarm/bin/../lib/gcc/arm-none-eabi/10.2.0/thumb\libgcc.a(_divsi3.o)
 .ARM.attributes
                0x000000000000026e       0x1c c:/devkitpro/devkitarm/bin/../lib/gcc/arm-none-eabi/10.2.0/thumb\libgcc.a(_dvmd_tls.o)
 .ARM.attributes
                0x000000000000028a       0x1c c:/devkitpro/devkitarm/bin/../lib/gcc/arm-none-eabi/10.2.0/thumb\libgcc.a(_arm_addsubsf3.o)
 .ARM.attributes
                0x00000000000002a6       0x1c c:/devkitpro/devkitarm/bin/../lib/gcc/arm-none-eabi/10.2.0/thumb\libgcc.a(_arm_cmpsf2.o)
 .ARM.attributes
                0x00000000000002c2       0x1c c:/devkitpro/devkitarm/bin/../lib/gcc/arm-none-eabi/10.2.0/thumb\libgcc.a(_arm_fixsfsi.o)
 .ARM.attributes
                0x00000000000002de       0x2a c:/devkitpro/devkitarm/bin/../lib/gcc/arm-none-eabi/10.2.0/../../../../arm-none-eabi/lib/thumb\libg.a(lib_a-init.o)
 .ARM.attributes
                0x0000000000000308       0x2a c:/devkitpro/devkitarm/bin/../lib/gcc/arm-none-eabi/10.2.0/../../../../arm-none-eabi/lib/thumb\libg.a(lib_a-memcpy-stub.o)
 .ARM.attributes
                0x0000000000000332       0x2a c:/devkitpro/devkitarm/bin/../lib/gcc/arm-none-eabi/10.2.0/../../../../arm-none-eabi/lib/thumb\libg.a(lib_a-memmove.o)
 .ARM.attributes
                0x000000000000035c       0x30 c:/devkitpro/devkitarm/bin/../lib/gcc/arm-none-eabi/10.2.0/../../../../arm-none-eabi/lib/thumb\libsysbase.a(malloc_vars.o)
 .ARM.attributes
                0x000000000000038c       0x30 c:/devkitpro/devkitarm/bin/../lib/gcc/arm-none-eabi/10.2.0/thumb/crtend.o
 .ARM.attributes
                0x00000000000003bc       0x1c c:/devkitpro/devkitarm/bin/../lib/gcc/arm-none-eabi/10.2.0/thumb/crtn.o

.debug
 *(.debug)

.line
 *(.line)

.debug_srcinfo
 *(.debug_srcinfo)

.debug_sfnames
 *(.debug_sfnames)

.debug_aranges  0x0000000000000000       0xc0
 *(.debug_aranges)
 .debug_aranges
                0x0000000000000000       0x20 Colly.o
 .debug_aranges
                0x0000000000000020       0x18 TileMap.o
 .debug_aranges
                0x0000000000000038       0x28 main.o
 .debug_aranges
                0x0000000000000060       0x20 map.o
 .debug_aranges
                0x0000000000000080       0x20 sio.o
 .debug_aranges
                0x00000000000000a0       0x20 util.o

.debug_pubnames
 *(.debug_pubnames)

.debug_info     0x0000000000000000     0x2ab8
 *(.debug_info)
 .debug_info    0x0000000000000000      0xdf3 Colly.o
 .debug_info    0x0000000000000df3      0x1c6 TileMap.o
 .debug_info    0x0000000000000fb9      0xbdf main.o
 .debug_info    0x0000000000001b98      0x708 map.o
 .debug_info    0x00000000000022a0      0x6a9 sio.o
 .debug_info    0x0000000000002949      0x16f util.o

.debug_abbrev   0x0000000000000000      0xce2
 *(.debug_abbrev)
 .debug_abbrev  0x0000000000000000      0x2a3 Colly.o
 .debug_abbrev  0x00000000000002a3       0x95 TileMap.o
 .debug_abbrev  0x0000000000000338      0x3a6 main.o
 .debug_abbrev  0x00000000000006de      0x285 map.o
 .debug_abbrev  0x0000000000000963      0x2d0 sio.o
 .debug_abbrev  0x0000000000000c33       0xaf util.o

.debug_line     0x0000000000000000     0x1e7a
 *(.debug_line)
 .debug_line    0x0000000000000000      0x7ad Colly.o
 .debug_line    0x00000000000007ad       0x99 TileMap.o
 .debug_line    0x0000000000000846      0x920 main.o
 .debug_line    0x0000000000001166      0x5c0 map.o
 .debug_line    0x0000000000001726      0x64e sio.o
 .debug_line    0x0000000000001d74      0x106 util.o

.debug_frame    0x0000000000000000      0x334
 *(.debug_frame)
 .debug_frame   0x0000000000000000       0xac Colly.o
 .debug_frame   0x00000000000000ac       0xb4 main.o
 .debug_frame   0x0000000000000160       0xa4 map.o
 .debug_frame   0x0000000000000204       0xf0 sio.o
 .debug_frame   0x00000000000002f4       0x40 util.o

.debug_str      0x0000000000000000      0x85e
 *(.debug_str)
 .debug_str     0x0000000000000000      0x27e Colly.o
                                        0x2bc (size before relaxing)
 .debug_str     0x000000000000027e      0x106 TileMap.o
                                        0x24c (size before relaxing)
 .debug_str     0x0000000000000384      0x299 main.o
                                        0x4f8 (size before relaxing)
 .debug_str     0x000000000000061d       0xbc map.o
                                        0x2e7 (size before relaxing)
 .debug_str     0x00000000000006d9      0x13e sio.o
                                        0x3d1 (size before relaxing)
 .debug_str     0x0000000000000817       0x47 util.o
                                        0x1aa (size before relaxing)

.debug_loc      0x0000000000000000     0x2736
 *(.debug_loc)
 .debug_loc     0x0000000000000000     0x16f9 Colly.o
 .debug_loc     0x00000000000016f9      0x5cd main.o
 .debug_loc     0x0000000000001cc6      0x70a map.o
 .debug_loc     0x00000000000023d0      0x16f sio.o
 .debug_loc     0x000000000000253f      0x1f7 util.o

.debug_macinfo
 *(.debug_macinfo)

.debug_weaknames
 *(.debug_weaknames)

.debug_funcnames
 *(.debug_funcnames)

.debug_typenames
 *(.debug_typenames)

.debug_varnames
 *(.debug_varnames)

.stack          0x0000000000080000        0x0
                0x0000000000080000                _stack = .
 *(.stack)
LOAD c:/devkitpro/devkitarm/bin/../lib/gcc/arm-none-eabi/10.2.0/../../../../arm-none-eabi/lib/thumb/gba_crt0.o
LOAD c:/devkitpro/devkitarm/bin/../lib/gcc/arm-none-eabi/10.2.0/thumb/crti.o
LOAD c:/devkitpro/devkitarm/bin/../lib/gcc/arm-none-eabi/10.2.0/thumb/crtbegin.o
LOAD Colly.o
LOAD TileMap.o
LOAD main.o
LOAD map.o
LOAD sio.o
LOAD util.o
LOAD C:/devkitPro/libgba/lib\libgba.a
LOAD C:/devkitPro/libtonc/lib\libtonc.a
START GROUP
LOAD c:/devkitpro/devkitarm/bin/../lib/gcc/arm-none-eabi/10.2.0/thumb\libgcc.a
LOAD c:/devkitpro/devkitarm/bin/../lib/gcc/arm-none-eabi/10.2.0/../../../../arm-none-eabi/lib/thumb\libg.a
LOAD c:/devkitpro/devkitarm/bin/../lib/gcc/arm-none-eabi/10.2.0/../../../../arm-none-eabi/lib/thumb\libc.a
LOAD c:/devkitpro/devkitarm/bin/../lib/gcc/arm-none-eabi/10.2.0/../../../../arm-none-eabi/lib/thumb\libsysbase.a
END GROUP
LOAD c:/devkitpro/devkitarm/bin/../lib/gcc/arm-none-eabi/10.2.0/thumb/crtend.o
LOAD c:/devkitpro/devkitarm/bin/../lib/gcc/arm-none-eabi/10.2.0/thumb/crtn.o
OUTPUT(C:/Users/Daniel/Desktop/GBAWork/TileWorldGBA/TileWorldGBA_mb.elf elf32-littlearm)
LOAD linker stubs

.debug_ranges   0x0000000000000000      0x680
 .debug_ranges  0x0000000000000000      0x470 Colly.o
 .debug_ranges  0x0000000000000470      0x160 main.o
 .debug_ranges  0x00000000000005d0       0x68 map.o
 .debug_ranges  0x0000000000000638       0x48 sio.o
