Archive member included to satisfy reference by file (symbol)

C:/devkitPro/libtonc/lib\libtonc.a(tonc_irq.o)
                              main.o (irq_init)
C:/devkitPro/libtonc/lib\libtonc.a(tonc_oam.o)
                              main.o (oam_init)
C:/devkitPro/libtonc/lib\libtonc.a(tonc_input.o)
                              main.o (key_poll)
C:/devkitPro/libtonc/lib\libtonc.a(tonc_bios.o)
                              C:/devkitPro/libtonc/lib\libtonc.a(tonc_input.o) (VBlankIntrWait)
C:/devkitPro/libtonc/lib\libtonc.a(tonc_memcpy.o)
                              main.o (memcpy32)
C:/devkitPro/libtonc/lib\libtonc.a(tonc_isr_master.o)
                              C:/devkitPro/libtonc/lib\libtonc.a(tonc_irq.o) (isr_master)
C:/devkitPro/libtonc/lib\libtonc.a(tonc_memset.o)
                              C:/devkitPro/libtonc/lib\libtonc.a(tonc_irq.o) (memset32)
c:/devkitpro/devkitarm/bin/../lib/gcc/arm-none-eabi/10.2.0/thumb\libgcc.a(_arm_mulsf3.o)
                              sio.o (__aeabi_fmul)
c:/devkitpro/devkitarm/bin/../lib/gcc/arm-none-eabi/10.2.0/thumb\libgcc.a(_divsi3.o)
                              main.o (__aeabi_idiv)
c:/devkitpro/devkitarm/bin/../lib/gcc/arm-none-eabi/10.2.0/thumb\libgcc.a(_dvmd_tls.o)
                              c:/devkitpro/devkitarm/bin/../lib/gcc/arm-none-eabi/10.2.0/thumb\libgcc.a(_divsi3.o) (__aeabi_idiv0)
c:/devkitpro/devkitarm/bin/../lib/gcc/arm-none-eabi/10.2.0/thumb\libgcc.a(_arm_addsubsf3.o)
                              Colly.o (__aeabi_fsub)
c:/devkitpro/devkitarm/bin/../lib/gcc/arm-none-eabi/10.2.0/thumb\libgcc.a(_arm_cmpsf2.o)
                              Colly.o (__aeabi_fcmplt)
c:/devkitpro/devkitarm/bin/../lib/gcc/arm-none-eabi/10.2.0/thumb\libgcc.a(_arm_fixsfsi.o)
                              Colly.o (__aeabi_f2iz)
c:/devkitpro/devkitarm/bin/../lib/gcc/arm-none-eabi/10.2.0/../../../../arm-none-eabi/lib/thumb\libg.a(lib_a-init.o)
                              c:/devkitpro/devkitarm/bin/../lib/gcc/arm-none-eabi/10.2.0/../../../../arm-none-eabi/lib/thumb/gba_crt0.o (__libc_init_array)
c:/devkitpro/devkitarm/bin/../lib/gcc/arm-none-eabi/10.2.0/../../../../arm-none-eabi/lib/thumb\libg.a(lib_a-memcpy-stub.o)
                              main.o (memcpy)
c:/devkitpro/devkitarm/bin/../lib/gcc/arm-none-eabi/10.2.0/../../../../arm-none-eabi/lib/thumb\libg.a(lib_a-memmove.o)
                              sio.o (memmove)
c:/devkitpro/devkitarm/bin/../lib/gcc/arm-none-eabi/10.2.0/../../../../arm-none-eabi/lib/thumb\libsysbase.a(malloc_vars.o)
                              c:/devkitpro/devkitarm/bin/../lib/gcc/arm-none-eabi/10.2.0/../../../../arm-none-eabi/lib/thumb/gba_crt0.o (fake_heap_end)

Allocating common symbols
Common symbol       size              file

__isr_table         0x78              C:/devkitPro/libtonc/lib\libtonc.a(tonc_irq.o)

Discarded input sections

 .text          0x0000000000000000        0x0 c:/devkitpro/devkitarm/bin/../lib/gcc/arm-none-eabi/10.2.0/../../../../arm-none-eabi/lib/thumb/gba_crt0.o
 .data          0x0000000000000000        0x0 c:/devkitpro/devkitarm/bin/../lib/gcc/arm-none-eabi/10.2.0/../../../../arm-none-eabi/lib/thumb/gba_crt0.o
 .bss           0x0000000000000000        0x0 c:/devkitpro/devkitarm/bin/../lib/gcc/arm-none-eabi/10.2.0/../../../../arm-none-eabi/lib/thumb/gba_crt0.o
 .text          0x0000000000000000        0x0 c:/devkitpro/devkitarm/bin/../lib/gcc/arm-none-eabi/10.2.0/thumb/crti.o
 .data          0x0000000000000000        0x0 c:/devkitpro/devkitarm/bin/../lib/gcc/arm-none-eabi/10.2.0/thumb/crti.o
 .bss           0x0000000000000000        0x0 c:/devkitpro/devkitarm/bin/../lib/gcc/arm-none-eabi/10.2.0/thumb/crti.o
 .text          0x0000000000000000        0x0 c:/devkitpro/devkitarm/bin/../lib/gcc/arm-none-eabi/10.2.0/thumb/crtbegin.o
 .data          0x0000000000000000        0x0 c:/devkitpro/devkitarm/bin/../lib/gcc/arm-none-eabi/10.2.0/thumb/crtbegin.o
 .bss           0x0000000000000000        0x0 c:/devkitpro/devkitarm/bin/../lib/gcc/arm-none-eabi/10.2.0/thumb/crtbegin.o
 .data.__dso_handle
                0x0000000000000000        0x4 c:/devkitpro/devkitarm/bin/../lib/gcc/arm-none-eabi/10.2.0/thumb/crtbegin.o
 .data          0x0000000000000000        0x0 Colly.o
 .bss           0x0000000000000000        0x0 Colly.o
 .text          0x0000000000000000        0x0 TileMap.o
 .data          0x0000000000000000        0x0 TileMap.o
 .bss           0x0000000000000000        0x0 TileMap.o
 .text          0x0000000000000000        0x0 util.o
 .data          0x0000000000000000        0x0 util.o
 .bss           0x0000000000000000        0x0 util.o
 .debug_line    0x0000000000000000        0x0 util.o
 .debug_str     0x0000000000000000       0xec util.o
 .comment       0x0000000000000000       0x24 util.o
 .ARM.attributes
                0x0000000000000000       0x2c util.o
 .data          0x0000000000000000        0x0 C:/devkitPro/libtonc/lib\libtonc.a(tonc_irq.o)
 .bss           0x0000000000000000        0x0 C:/devkitPro/libtonc/lib\libtonc.a(tonc_irq.o)
 .data          0x0000000000000000        0x0 C:/devkitPro/libtonc/lib\libtonc.a(tonc_oam.o)
 .bss           0x0000000000000000        0x0 C:/devkitPro/libtonc/lib\libtonc.a(tonc_oam.o)
 .data          0x0000000000000000        0x0 C:/devkitPro/libtonc/lib\libtonc.a(tonc_bios.o)
 .bss           0x0000000000000000        0x0 C:/devkitPro/libtonc/lib\libtonc.a(tonc_bios.o)
 .text          0x0000000000000000       0x44 C:/devkitPro/libtonc/lib\libtonc.a(tonc_memcpy.o)
 .data          0x0000000000000000        0x0 C:/devkitPro/libtonc/lib\libtonc.a(tonc_memcpy.o)
 .bss           0x0000000000000000        0x0 C:/devkitPro/libtonc/lib\libtonc.a(tonc_memcpy.o)
 .text          0x0000000000000000        0x0 C:/devkitPro/libtonc/lib\libtonc.a(tonc_isr_master.o)
 .data          0x0000000000000000        0x0 C:/devkitPro/libtonc/lib\libtonc.a(tonc_isr_master.o)
 .bss           0x0000000000000000        0x0 C:/devkitPro/libtonc/lib\libtonc.a(tonc_isr_master.o)
 .text          0x0000000000000000       0x3c C:/devkitPro/libtonc/lib\libtonc.a(tonc_memset.o)
 .data          0x0000000000000000        0x0 C:/devkitPro/libtonc/lib\libtonc.a(tonc_memset.o)
 .bss           0x0000000000000000        0x0 C:/devkitPro/libtonc/lib\libtonc.a(tonc_memset.o)
 .data          0x0000000000000000        0x0 c:/devkitpro/devkitarm/bin/../lib/gcc/arm-none-eabi/10.2.0/thumb\libgcc.a(_arm_mulsf3.o)
 .bss           0x0000000000000000        0x0 c:/devkitpro/devkitarm/bin/../lib/gcc/arm-none-eabi/10.2.0/thumb\libgcc.a(_arm_mulsf3.o)
 .data          0x0000000000000000        0x0 c:/devkitpro/devkitarm/bin/../lib/gcc/arm-none-eabi/10.2.0/thumb\libgcc.a(_divsi3.o)
 .bss           0x0000000000000000        0x0 c:/devkitpro/devkitarm/bin/../lib/gcc/arm-none-eabi/10.2.0/thumb\libgcc.a(_divsi3.o)
 .data          0x0000000000000000        0x0 c:/devkitpro/devkitarm/bin/../lib/gcc/arm-none-eabi/10.2.0/thumb\libgcc.a(_dvmd_tls.o)
 .bss           0x0000000000000000        0x0 c:/devkitpro/devkitarm/bin/../lib/gcc/arm-none-eabi/10.2.0/thumb\libgcc.a(_dvmd_tls.o)
 .data          0x0000000000000000        0x0 c:/devkitpro/devkitarm/bin/../lib/gcc/arm-none-eabi/10.2.0/thumb\libgcc.a(_arm_addsubsf3.o)
 .bss           0x0000000000000000        0x0 c:/devkitpro/devkitarm/bin/../lib/gcc/arm-none-eabi/10.2.0/thumb\libgcc.a(_arm_addsubsf3.o)
 .data          0x0000000000000000        0x0 c:/devkitpro/devkitarm/bin/../lib/gcc/arm-none-eabi/10.2.0/thumb\libgcc.a(_arm_cmpsf2.o)
 .bss           0x0000000000000000        0x0 c:/devkitpro/devkitarm/bin/../lib/gcc/arm-none-eabi/10.2.0/thumb\libgcc.a(_arm_cmpsf2.o)
 .data          0x0000000000000000        0x0 c:/devkitpro/devkitarm/bin/../lib/gcc/arm-none-eabi/10.2.0/thumb\libgcc.a(_arm_fixsfsi.o)
 .bss           0x0000000000000000        0x0 c:/devkitpro/devkitarm/bin/../lib/gcc/arm-none-eabi/10.2.0/thumb\libgcc.a(_arm_fixsfsi.o)
 .text          0x0000000000000000        0x0 c:/devkitpro/devkitarm/bin/../lib/gcc/arm-none-eabi/10.2.0/../../../../arm-none-eabi/lib/thumb\libg.a(lib_a-init.o)
 .data          0x0000000000000000        0x0 c:/devkitpro/devkitarm/bin/../lib/gcc/arm-none-eabi/10.2.0/../../../../arm-none-eabi/lib/thumb\libg.a(lib_a-init.o)
 .bss           0x0000000000000000        0x0 c:/devkitpro/devkitarm/bin/../lib/gcc/arm-none-eabi/10.2.0/../../../../arm-none-eabi/lib/thumb\libg.a(lib_a-init.o)
 .text          0x0000000000000000        0x0 c:/devkitpro/devkitarm/bin/../lib/gcc/arm-none-eabi/10.2.0/../../../../arm-none-eabi/lib/thumb\libg.a(lib_a-memcpy-stub.o)
 .data          0x0000000000000000        0x0 c:/devkitpro/devkitarm/bin/../lib/gcc/arm-none-eabi/10.2.0/../../../../arm-none-eabi/lib/thumb\libg.a(lib_a-memcpy-stub.o)
 .bss           0x0000000000000000        0x0 c:/devkitpro/devkitarm/bin/../lib/gcc/arm-none-eabi/10.2.0/../../../../arm-none-eabi/lib/thumb\libg.a(lib_a-memcpy-stub.o)
 .text          0x0000000000000000        0x0 c:/devkitpro/devkitarm/bin/../lib/gcc/arm-none-eabi/10.2.0/../../../../arm-none-eabi/lib/thumb\libg.a(lib_a-memmove.o)
 .data          0x0000000000000000        0x0 c:/devkitpro/devkitarm/bin/../lib/gcc/arm-none-eabi/10.2.0/../../../../arm-none-eabi/lib/thumb\libg.a(lib_a-memmove.o)
 .bss           0x0000000000000000        0x0 c:/devkitpro/devkitarm/bin/../lib/gcc/arm-none-eabi/10.2.0/../../../../arm-none-eabi/lib/thumb\libg.a(lib_a-memmove.o)
 .text          0x0000000000000000        0x0 c:/devkitpro/devkitarm/bin/../lib/gcc/arm-none-eabi/10.2.0/../../../../arm-none-eabi/lib/thumb\libsysbase.a(malloc_vars.o)
 .data          0x0000000000000000        0x0 c:/devkitpro/devkitarm/bin/../lib/gcc/arm-none-eabi/10.2.0/../../../../arm-none-eabi/lib/thumb\libsysbase.a(malloc_vars.o)
 .bss           0x0000000000000000        0x0 c:/devkitpro/devkitarm/bin/../lib/gcc/arm-none-eabi/10.2.0/../../../../arm-none-eabi/lib/thumb\libsysbase.a(malloc_vars.o)
 .bss.fake_heap_start
                0x0000000000000000        0x4 c:/devkitpro/devkitarm/bin/../lib/gcc/arm-none-eabi/10.2.0/../../../../arm-none-eabi/lib/thumb\libsysbase.a(malloc_vars.o)
 .text          0x0000000000000000        0x0 c:/devkitpro/devkitarm/bin/../lib/gcc/arm-none-eabi/10.2.0/thumb/crtend.o
 .data          0x0000000000000000        0x0 c:/devkitpro/devkitarm/bin/../lib/gcc/arm-none-eabi/10.2.0/thumb/crtend.o
 .bss           0x0000000000000000        0x0 c:/devkitpro/devkitarm/bin/../lib/gcc/arm-none-eabi/10.2.0/thumb/crtend.o
 .text          0x0000000000000000        0x0 c:/devkitpro/devkitarm/bin/../lib/gcc/arm-none-eabi/10.2.0/thumb/crtn.o
 .data          0x0000000000000000        0x0 c:/devkitpro/devkitarm/bin/../lib/gcc/arm-none-eabi/10.2.0/thumb/crtn.o
 .bss           0x0000000000000000        0x0 c:/devkitpro/devkitarm/bin/../lib/gcc/arm-none-eabi/10.2.0/thumb/crtn.o

Memory Configuration

Name             Origin             Length             Attributes
rom              0x0000000008000000 0x0000000002000000
iwram            0x0000000003000000 0x0000000000008000
ewram            0x0000000002000000 0x0000000000040000
*default*        0x0000000000000000 0xffffffffffffffff

Linker script and memory map

                0x0000000002000000                __text_start = ORIGIN (ewram)
                0x0000000002040000                __eheap_end = (ORIGIN (ewram) + LENGTH (ewram))
                0x0000000003000000                __iwram_start = ORIGIN (iwram)
                0x0000000003008000                __iwram_top = (ORIGIN (iwram) + LENGTH (iwram))
                0x0000000003007fa0                __sp_irq = (__iwram_top - 0x60)
                0x0000000003007f00                __sp_usr = (__sp_irq - 0xa0)
                0x0000000003007ff8                __irq_flags = 0x3007ff8
                0x0000000002000000                . = __text_start
                0x0000000002000000                . = __text_start

.crt0           0x0000000002000000      0x210
 *(.crt0)
 .crt0          0x0000000002000000      0x210 c:/devkitpro/devkitarm/bin/../lib/gcc/arm-none-eabi/10.2.0/../../../../arm-none-eabi/lib/thumb/gba_crt0.o
                0x0000000002000000                _start
                0x00000000020000c4                __boot_method
                0x00000000020000c5                __slave_number
                0x00000000020000e0                start_vector
                0x0000000002000210                . = ALIGN (0x4)

.init           0x0000000002000210        0xc
 *(SORT_NONE(.init))
 .init          0x0000000002000210        0x4 c:/devkitpro/devkitarm/bin/../lib/gcc/arm-none-eabi/10.2.0/thumb/crti.o
                0x0000000002000210                _init
 .init          0x0000000002000214        0x8 c:/devkitpro/devkitarm/bin/../lib/gcc/arm-none-eabi/10.2.0/thumb/crtn.o

.plt            0x000000000200021c        0x0
 *(.plt)
                0x000000000200021c                . = ALIGN (0x4)

.text           0x000000000200021c     0x1fec
 *(EXCLUDE_FILE(*.iwram*) .text*)
 .text.__do_global_dtors_aux
                0x000000000200021c       0x2c c:/devkitpro/devkitarm/bin/../lib/gcc/arm-none-eabi/10.2.0/thumb/crtbegin.o
 .text.frame_dummy
                0x0000000002000248       0x24 c:/devkitpro/devkitarm/bin/../lib/gcc/arm-none-eabi/10.2.0/thumb/crtbegin.o
 .text          0x000000000200026c      0x664 Colly.o
                0x000000000200026c                mod
                0x0000000002000284                se_index
                0x00000000020002a0                Intersects
                0x0000000002000364                increment
                0x000000000200055c                Check
 .text          0x00000000020008d0      0x49c main.o
                0x00000000020008d0                init_map
                0x0000000002000ac8                movement
                0x0000000002000cc4                renderPlayer
                0x0000000002000d58                resetPlayerPos
 .text.startup  0x0000000002000d6c       0x70 main.o
                0x0000000002000d6c                main
 .text          0x0000000002000ddc      0x5e4 sio.o
                0x0000000002000ddc                handle_serial
                0x0000000002000f78                connect
                0x0000000002000fb4                place
                0x0000000002000fe4                sioMove
                0x00000000020010a0                requestChunks
                0x00000000020010dc                setChunk
                0x00000000020011a0                setupMap
                0x00000000020011d0                loadChunksLR
                0x0000000002001210                loadChunksUD
                0x0000000002001250                loadChunks
                0x000000000200135c                sioInit
 .text          0x00000000020013c0      0x354 C:/devkitPro/libtonc/lib\libtonc.a(tonc_irq.o)
                0x00000000020013c0                irq_init
                0x0000000002001404                irq_set_master
                0x0000000002001430                irq_set
                0x0000000002001558                irq_add
                0x00000000020015d0                irq_delete
                0x0000000002001684                irq_enable
                0x00000000020016cc                irq_disable
 .text          0x0000000002001714       0xbc C:/devkitPro/libtonc/lib\libtonc.a(tonc_oam.o)
                0x0000000002001714                oam_init
                0x000000000200175c                obj_copy
                0x000000000200177c                obj_hide_multi
                0x00000000020017a4                obj_unhide_multi
 .text          0x00000000020017d0       0xa8 C:/devkitPro/libtonc/lib\libtonc.a(tonc_input.o)
                0x00000000020017d0                key_poll
                0x0000000002001824                key_wait_till_hit
                0x0000000002001848                key_repeat
                0x0000000002001854                key_repeat_mask
                0x0000000002001864                key_repeat_limits
 .text          0x0000000002001878       0x8c C:/devkitPro/libtonc/lib\libtonc.a(tonc_bios.o)
                0x0000000002001878                SoftReset
                0x000000000200187c                RegisterRamReset
                0x0000000002001880                Halt
                0x0000000002001884                Stop
                0x0000000002001888                IntrWait
                0x000000000200188c                VBlankIntrWait
                0x0000000002001890                Div
                0x0000000002001894                DivArm
                0x0000000002001898                Sqrt
                0x000000000200189c                ArcTan
                0x00000000020018a0                ArcTan2
                0x00000000020018a4                CpuSet
                0x00000000020018a8                CpuFastSet
                0x00000000020018ac                BiosCheckSum
                0x00000000020018b0                BgAffineSet
                0x00000000020018b4                ObjAffineSet
                0x00000000020018b8                BitUnPack
                0x00000000020018bc                LZ77UnCompWram
                0x00000000020018c0                LZ77UnCompVram
                0x00000000020018c4                HuffUnComp
                0x00000000020018c8                RLUnCompWram
                0x00000000020018cc                RLUnCompVram
                0x00000000020018d0                Diff8bitUnFilterWram
                0x00000000020018d4                Diff8bitUnFilterVram
                0x00000000020018d8                Diff16bitUnFilter
                0x00000000020018dc                SoundBias
                0x00000000020018e0                SoundDriverInit
                0x00000000020018e4                SoundDriverMode
                0x00000000020018e8                SoundDriverMain
                0x00000000020018ec                SoundDriverVSync
                0x00000000020018f0                SoundChannelClear
                0x00000000020018f4                MidiKey2Freq
                0x00000000020018f8                MultiBoot
                0x00000000020018fc                SoundDriverVSyncOff
                0x0000000002001900                SoundDriverVSyncOn
 .text          0x0000000002001904      0x198 c:/devkitpro/devkitarm/bin/../lib/gcc/arm-none-eabi/10.2.0/thumb\libgcc.a(_arm_mulsf3.o)
                0x0000000002001904                __aeabi_fmul
                0x0000000002001904                __mulsf3
 .text          0x0000000002001a9c      0x150 c:/devkitpro/devkitarm/bin/../lib/gcc/arm-none-eabi/10.2.0/thumb\libgcc.a(_divsi3.o)
                0x0000000002001a9c                __divsi3
                0x0000000002001a9c                __aeabi_idiv
                0x0000000002001bcc                __aeabi_idivmod
 .text          0x0000000002001bec        0x4 c:/devkitpro/devkitarm/bin/../lib/gcc/arm-none-eabi/10.2.0/thumb\libgcc.a(_dvmd_tls.o)
                0x0000000002001bec                __aeabi_idiv0
                0x0000000002001bec                __aeabi_ldiv0
 .text          0x0000000002001bf0      0x2ac c:/devkitpro/devkitarm/bin/../lib/gcc/arm-none-eabi/10.2.0/thumb\libgcc.a(_arm_addsubsf3.o)
                0x0000000002001bf0                __aeabi_frsub
                0x0000000002001bf8                __subsf3
                0x0000000002001bf8                __aeabi_fsub
                0x0000000002001bfc                __aeabi_fadd
                0x0000000002001bfc                __addsf3
                0x0000000002001db8                __aeabi_ui2f
                0x0000000002001db8                __floatunsisf
                0x0000000002001dc0                __aeabi_i2f
                0x0000000002001dc0                __floatsisf
                0x0000000002001de0                __aeabi_ul2f
                0x0000000002001de0                __floatundisf
                0x0000000002001df0                __aeabi_l2f
                0x0000000002001df0                __floatdisf
 .text          0x0000000002001e9c      0x114 c:/devkitpro/devkitarm/bin/../lib/gcc/arm-none-eabi/10.2.0/thumb\libgcc.a(_arm_cmpsf2.o)
                0x0000000002001e9c                __gesf2
                0x0000000002001e9c                __gtsf2
                0x0000000002001ea4                __lesf2
                0x0000000002001ea4                __ltsf2
                0x0000000002001eac                __nesf2
                0x0000000002001eac                __eqsf2
                0x0000000002001eac                __cmpsf2
                0x0000000002001f10                __aeabi_cfrcmple
                0x0000000002001f20                __aeabi_cfcmpeq
                0x0000000002001f20                __aeabi_cfcmple
                0x0000000002001f38                __aeabi_fcmpeq
                0x0000000002001f50                __aeabi_fcmplt
                0x0000000002001f68                __aeabi_fcmple
                0x0000000002001f80                __aeabi_fcmpge
                0x0000000002001f98                __aeabi_fcmpgt
 .text          0x0000000002001fb0       0x5c c:/devkitpro/devkitarm/bin/../lib/gcc/arm-none-eabi/10.2.0/thumb\libgcc.a(_arm_fixsfsi.o)
                0x0000000002001fb0                __aeabi_f2iz
                0x0000000002001fb0                __fixsfsi
 .text.__libc_init_array
                0x000000000200200c       0x50 c:/devkitpro/devkitarm/bin/../lib/gcc/arm-none-eabi/10.2.0/../../../../arm-none-eabi/lib/thumb\libg.a(lib_a-init.o)
                0x000000000200200c                __libc_init_array
 .text.memcpy   0x000000000200205c       0xa8 c:/devkitpro/devkitarm/bin/../lib/gcc/arm-none-eabi/10.2.0/../../../../arm-none-eabi/lib/thumb\libg.a(lib_a-memcpy-stub.o)
                0x000000000200205c                memcpy
 .text.memmove  0x0000000002002104       0xbc c:/devkitpro/devkitarm/bin/../lib/gcc/arm-none-eabi/10.2.0/../../../../arm-none-eabi/lib/thumb\libg.a(lib_a-memmove.o)
                0x0000000002002104                memmove
 .text.memmove.__stub
                0x00000000020021c0       0x44 linker stubs
 *(.gnu.linkonce.t.*)
 *(.text.*personality*)
 *(.gnu.warning)
 *(.glue_7t)
 .glue_7t       0x0000000002002208        0x0 linker stubs
 *(.glue_7)
 .glue_7        0x0000000002002208        0x0 linker stubs
 *(.vfp11_veneer)
 .vfp11_veneer  0x0000000002002208        0x0 linker stubs
                0x0000000002002208                . = ALIGN (0x4)
                0x0000000002002208                __text_end = .

.v4_bx          0x0000000002002208        0x0
 .v4_bx         0x0000000002002208        0x0 linker stubs

.iplt           0x0000000002002208        0x0
 .iplt          0x0000000002002208        0x0 c:/devkitpro/devkitarm/bin/../lib/gcc/arm-none-eabi/10.2.0/../../../../arm-none-eabi/lib/thumb/gba_crt0.o

.fini           0x0000000002002208        0xc
 *(.fini)
 .fini          0x0000000002002208        0x4 c:/devkitpro/devkitarm/bin/../lib/gcc/arm-none-eabi/10.2.0/thumb/crti.o
                0x0000000002002208                _fini
 .fini          0x000000000200220c        0x8 c:/devkitpro/devkitarm/bin/../lib/gcc/arm-none-eabi/10.2.0/thumb/crtn.o
                0x0000000002002214                . = ALIGN (0x4)

.rodata         0x0000000002002214      0x25c
 *(.rodata)
 .rodata        0x0000000002002214      0x224 TileMap.o
                0x0000000002002214                playerspritePal
                0x0000000002002218                TileMapPal
                0x0000000002002238                TileMapTiles
 .rodata        0x0000000002002438       0x38 C:/devkitPro/libtonc/lib\libtonc.a(tonc_irq.o)
 *all.rodata*(*)
 *(.roda)
 *(.rodata.*)
 *(.gnu.linkonce.r*)
                0x0000000002002470                . = ALIGN (0x4)

.ARM.extab
 *(.ARM.extab* .gnu.linkonce.armextab.*)
                0x0000000002002470                __exidx_start = .

.ARM.exidx
 *(.ARM.exidx* .gnu.linkonce.armexidx.*)
                0x0000000002002470                __exidx_end = .
                0x0000000002002470                . = ALIGN (0x4)
                0x0000000002002470                PROVIDE (__preinit_array_start = .)

.preinit_array
 *(.preinit_array)
                0x0000000002002470                PROVIDE (__preinit_array_end = .)
                0x0000000002002470                PROVIDE (__init_array_start = .)

.init_array     0x0000000002002470        0x4
 *(.init_array)
 .init_array    0x0000000002002470        0x4 c:/devkitpro/devkitarm/bin/../lib/gcc/arm-none-eabi/10.2.0/thumb/crtbegin.o
                0x0000000002002474                PROVIDE (__init_array_end = .)
                [!provide]                        PROVIDE (__fini_array_start = .)

.fini_array     0x0000000002002474        0x4
 *(.fini_array)
 .fini_array    0x0000000002002474        0x4 c:/devkitpro/devkitarm/bin/../lib/gcc/arm-none-eabi/10.2.0/thumb/crtbegin.o
                [!provide]                        PROVIDE (__fini_array_end = .)

.ctors          0x0000000002002478        0x0
 *crtbegin.o(.ctors)
 *(EXCLUDE_FILE(*crtend.o) .ctors)
 *(SORT_BY_NAME(.ctors.*))
 *(.ctors)
                0x0000000002002478                . = ALIGN (0x4)

.dtors          0x0000000002002478        0x0
 *crtbegin.o(.dtors)
 *(EXCLUDE_FILE(*crtend.o) .dtors)
 *(SORT_BY_NAME(.dtors.*))
 *(.dtors)
                0x0000000002002478                . = ALIGN (0x4)

.jcr
 *(.jcr)

.eh_frame       0x0000000002002478        0x4
 *(.eh_frame)
 .eh_frame      0x0000000002002478        0x0 c:/devkitpro/devkitarm/bin/../lib/gcc/arm-none-eabi/10.2.0/thumb/crtbegin.o
 .eh_frame      0x0000000002002478        0x4 c:/devkitpro/devkitarm/bin/../lib/gcc/arm-none-eabi/10.2.0/thumb/crtend.o
                0x000000000200247c                . = ALIGN (0x4)

.gcc_except_table
                0x000000000200247c        0x0
 *(.gcc_except_table)
                0x000000000200247c                . = ALIGN (0x4)
                0x000000000200247c                __iwram_lma = .

.iwram          0x0000000003000000      0x128 load address 0x000000000200247c
                0x0000000003000000                __iwram_start__ = ABSOLUTE (.)
 *(.iwram)
 .iwram         0x0000000003000000       0x38 C:/devkitPro/libtonc/lib\libtonc.a(tonc_memcpy.o)
                0x0000000003000000                memcpy32
 .iwram         0x0000000003000038       0xa4 C:/devkitPro/libtonc/lib\libtonc.a(tonc_isr_master.o)
                0x0000000003000038                isr_master
 .iwram         0x00000000030000dc       0x4c C:/devkitPro/libtonc/lib\libtonc.a(tonc_memset.o)
                0x00000000030000dc                memset32
 *iwram.*(.text*)
                0x0000000003000128                . = ALIGN (0x4)
                0x0000000003000128                __iwram_end__ = ABSOLUTE (.)
                0x00000000020025a4                __data_lma = (__iwram_lma + SIZEOF (.iwram))

.rel.dyn        0x0000000003000128        0x0 load address 0x00000000020025a4
 .rel.iplt      0x0000000003000128        0x0 c:/devkitpro/devkitarm/bin/../lib/gcc/arm-none-eabi/10.2.0/../../../../arm-none-eabi/lib/thumb/gba_crt0.o

.bss            0x0000000003000128     0x75b8
                0x0000000003000128                __bss_start__ = ABSOLUTE (.)
 *(.dynbss)
 *(.gnu.linkonce.b*)
 *(.bss*)
 .bss.completed.1
                0x0000000003000128        0x1 c:/devkitpro/devkitarm/bin/../lib/gcc/arm-none-eabi/10.2.0/thumb/crtbegin.o
 *fill*         0x0000000003000129        0x3 
 .bss.object.0  0x000000000300012c       0x18 c:/devkitpro/devkitarm/bin/../lib/gcc/arm-none-eabi/10.2.0/thumb/crtbegin.o
 .bss           0x0000000003000144      0x410 main.o
                0x0000000003000144                bg0_pt
                0x0000000003000148                xv
                0x000000000300014c                yv
                0x0000000003000150                startMovement
                0x0000000003000154                obj_buffer
 .bss           0x0000000003000554     0x710c sio.o
                0x0000000003000554                startsending
                0x0000000003000555                numinbuf
                0x0000000003000558                outbuf
                0x00000000030005a8                datalen
                0x00000000030005a9                dataoffset
                0x00000000030005ac                expectedlen
                0x00000000030005b0                mapdatamode
                0x00000000030005b4                incomingoffset
                0x00000000030005b8                previousnibble
                0x00000000030005bc                incomingbuf
                0x00000000030005d4                setupmapTrigger
                0x00000000030005d8                MapOffsetX
                0x00000000030005dc                mapOffsetY
                0x00000000030005e0                map
 .bss           0x0000000003007660        0x4 C:/devkitPro/libtonc/lib\libtonc.a(tonc_input.o)
                0x0000000003007660                __key_curr
                0x0000000003007662                __key_prev
 .bss.fake_heap_end
                0x0000000003007664        0x4 c:/devkitpro/devkitarm/bin/../lib/gcc/arm-none-eabi/10.2.0/../../../../arm-none-eabi/lib/thumb\libsysbase.a(malloc_vars.o)
                0x0000000003007664                fake_heap_end
 *(COMMON)
 COMMON         0x0000000003007668       0x78 C:/devkitPro/libtonc/lib\libtonc.a(tonc_irq.o)
                0x0000000003007668                __isr_table
                0x00000000030076e0                . = ALIGN (0x4)
                0x00000000030076e0                __bss_end__ = ABSOLUTE (.)

.data           0x00000000030076e0       0x64 load address 0x00000000020025a4
                0x00000000030076e0                __data_start__ = ABSOLUTE (.)
 *(.data)
 .data          0x00000000030076e0       0x1c main.o
                0x00000000030076e0                bg0_map
                0x00000000030076e4                playerx
                0x00000000030076e8                playery
                0x00000000030076ec                camerax
                0x00000000030076f0                cameray
                0x00000000030076f4                player
                0x00000000030076f8                obj_aff_buffer
 .data          0x00000000030076fc       0x40 sio.o
                0x00000000030076fc                datalengthtable
                0x0000000003007710                bg_map
                0x0000000003007714                mapIDconversiontable
                0x0000000003007734                mapX
                0x0000000003007738                mapY
 .data          0x000000000300773c        0x8 C:/devkitPro/libtonc/lib\libtonc.a(tonc_input.o)
                0x000000000300773c                __key_rpt
 *(.data.*)
 *(.gnu.linkonce.d*)
                0x0000000003007744                . = ALIGN (0x4)
                0x0000000003007744                __data_end__ = ABSOLUTE (.)
                0x0000000002002608                __iwram_overlay_lma = (__data_lma + SIZEOF (.data))
                [!provide]                        PROVIDE (edata = .)
                0x0000000003007744                __iwram_overlay_start = .

.igot.plt       0x0000000003007744        0x0 load address 0x0000000002002608
 .igot.plt      0x0000000003007744        0x0 c:/devkitpro/devkitarm/bin/../lib/gcc/arm-none-eabi/10.2.0/../../../../arm-none-eabi/lib/thumb/gba_crt0.o

.iwram0         0x0000000003007744        0x0 load address 0x0000000002002608
 *(.iwram0)
                0x0000000003007744                . = ALIGN (0x4)
                0x0000000002002608                PROVIDE (__load_start_iwram0 = LOADADDR (.iwram0))
                0x0000000002002608                PROVIDE (__load_stop_iwram0 = (LOADADDR (.iwram0) + SIZEOF (.iwram0)))

.iwram1         0x0000000003007744        0x0
 *(.iwram1)
                0x0000000003007744                . = ALIGN (0x4)
                [!provide]                        PROVIDE (__load_start_iwram1 = LOADADDR (.iwram1))
                [!provide]                        PROVIDE (__load_stop_iwram1 = (LOADADDR (.iwram1) + SIZEOF (.iwram1)))

.iwram2         0x0000000003007744        0x0
 *(.iwram2)
                0x0000000003007744                . = ALIGN (0x4)
                [!provide]                        PROVIDE (__load_start_iwram2 = LOADADDR (.iwram2))
                [!provide]                        PROVIDE (__load_stop_iwram2 = (LOADADDR (.iwram2) + SIZEOF (.iwram2)))

.iwram3         0x0000000003007744        0x0
 *(.iwram3)
                0x0000000003007744                . = ALIGN (0x4)
                [!provide]                        PROVIDE (__load_start_iwram3 = LOADADDR (.iwram3))
                [!provide]                        PROVIDE (__load_stop_iwram3 = (LOADADDR (.iwram3) + SIZEOF (.iwram3)))

.iwram4         0x0000000003007744        0x0
 *(.iwram4)
                0x0000000003007744                . = ALIGN (0x4)
                [!provide]                        PROVIDE (__load_start_iwram4 = LOADADDR (.iwram4))
                [!provide]                        PROVIDE (__load_stop_iwram4 = (LOADADDR (.iwram4) + SIZEOF (.iwram4)))

.iwram5         0x0000000003007744        0x0
 *(.iwram5)
                0x0000000003007744                . = ALIGN (0x4)
                [!provide]                        PROVIDE (__load_start_iwram5 = LOADADDR (.iwram5))
                [!provide]                        PROVIDE (__load_stop_iwram5 = (LOADADDR (.iwram5) + SIZEOF (.iwram5)))

.iwram6         0x0000000003007744        0x0
 *(.iwram6)
                0x0000000003007744                . = ALIGN (0x4)
                [!provide]                        PROVIDE (__load_start_iwram6 = LOADADDR (.iwram6))
                [!provide]                        PROVIDE (__load_stop_iwram6 = (LOADADDR (.iwram6) + SIZEOF (.iwram6)))

.iwram7         0x0000000003007744        0x0
 *(.iwram7)
                0x0000000003007744                . = ALIGN (0x4)
                [!provide]                        PROVIDE (__load_start_iwram7 = LOADADDR (.iwram7))
                [!provide]                        PROVIDE (__load_stop_iwram7 = (LOADADDR (.iwram7) + SIZEOF (.iwram7)))

.iwram8         0x0000000003007744        0x0
 *(.iwram8)
                0x0000000003007744                . = ALIGN (0x4)
                [!provide]                        PROVIDE (__load_start_iwram8 = LOADADDR (.iwram8))
                [!provide]                        PROVIDE (__load_stop_iwram8 = (LOADADDR (.iwram8) + SIZEOF (.iwram8)))

.iwram9         0x0000000003007744        0x0
 *(.iwram9)
                0x0000000003007744                . = ALIGN (0x4)
                [!provide]                        PROVIDE (__load_start_iwram9 = LOADADDR (.iwram9))
                [!provide]                        PROVIDE (__load_stop_iwram9 = (LOADADDR (.iwram9) + SIZEOF (.iwram9)))
                0x0000000002002608                __ewram_lma = ((((((((((LOADADDR (.iwram0) + SIZEOF (.iwram0)) + SIZEOF (.iwram1)) + SIZEOF (.iwram2)) + SIZEOF (.iwram3)) + SIZEOF (.iwram4)) + SIZEOF (.iwram5)) + SIZEOF (.iwram6)) + SIZEOF (.iwram7)) + SIZEOF (.iwram8)) + SIZEOF (.iwram9))
                0x0000000002002608                __iwram_overlay_end = __ewram_lma
                0x0000000002002608                __ewram_start = __ewram_lma

.ewram          0x0000000002002608        0x0
 *(.ewram)
                0x0000000002002608                . = ALIGN (0x4)
                0x0000000002002608                __ewram_end = ABSOLUTE (.)
                0x0000000002002608                __ewram_overlay_lma = (__ewram_lma + SIZEOF (.ewram))

.sbss           0x0000000002002608        0x0
                0x0000000002002608                __sbss_start__ = ABSOLUTE (.)
 *(.sbss)
                0x0000000002002608                . = ALIGN (0x4)
                0x0000000002002608                __sbss_end__ = ABSOLUTE (.)
                0x0000000002002608                __end__ = ABSOLUTE (.)
                0x0000000002002608                __eheap_start = ABSOLUTE (.)

.ewram0         0x0000000002002608        0x0
 *(.ewram0)
                0x0000000002002608                . = ALIGN (0x4)
                [!provide]                        PROVIDE (__load_start_ewram0 = LOADADDR (.ewram0))
                [!provide]                        PROVIDE (__load_stop_ewram0 = (LOADADDR (.ewram0) + SIZEOF (.ewram0)))

.ewram1         0x0000000002002608        0x0
 *(.ewram1)
                0x0000000002002608                . = ALIGN (0x4)
                [!provide]                        PROVIDE (__load_start_ewram1 = LOADADDR (.ewram1))
                [!provide]                        PROVIDE (__load_stop_ewram1 = (LOADADDR (.ewram1) + SIZEOF (.ewram1)))

.ewram2         0x0000000002002608        0x0
 *(.ewram2)
                0x0000000002002608                . = ALIGN (0x4)
                [!provide]                        PROVIDE (__load_start_ewram2 = LOADADDR (.ewram2))
                [!provide]                        PROVIDE (__load_stop_ewram2 = (LOADADDR (.ewram2) + SIZEOF (.ewram2)))

.ewram3         0x0000000002002608        0x0
 *(.ewram3)
                0x0000000002002608                . = ALIGN (0x4)
                [!provide]                        PROVIDE (__load_start_ewram3 = LOADADDR (.ewram3))
                [!provide]                        PROVIDE (__load_stop_ewram3 = (LOADADDR (.ewram3) + SIZEOF (.ewram3)))

.ewram4         0x0000000002002608        0x0
 *(.ewram4)
                0x0000000002002608                . = ALIGN (0x4)
                [!provide]                        PROVIDE (__load_start_ewram4 = LOADADDR (.ewram4))
                [!provide]                        PROVIDE (__load_stop_ewram4 = (LOADADDR (.ewram4) + SIZEOF (.ewram4)))

.ewram5         0x0000000002002608        0x0
 *(.ewram5)
                0x0000000002002608                . = ALIGN (0x4)
                [!provide]                        PROVIDE (__load_start_ewram5 = LOADADDR (.ewram5))
                [!provide]                        PROVIDE (__load_stop_ewram5 = (LOADADDR (.ewram5) + SIZEOF (.ewram5)))

.ewram6         0x0000000002002608        0x0
 *(.ewram6)
                0x0000000002002608                . = ALIGN (0x4)
                [!provide]                        PROVIDE (__load_start_ewram6 = LOADADDR (.ewram6))
                [!provide]                        PROVIDE (__load_stop_ewram6 = (LOADADDR (.ewram6) + SIZEOF (.ewram6)))

.ewram7         0x0000000002002608        0x0
 *(.ewram7)
                0x0000000002002608                . = ALIGN (0x4)
                [!provide]                        PROVIDE (__load_start_ewram7 = LOADADDR (.ewram7))
                [!provide]                        PROVIDE (__load_stop_ewram7 = (LOADADDR (.ewram7) + SIZEOF (.ewram7)))

.ewram8         0x0000000002002608        0x0
 *(.ewram8)
                0x0000000002002608                . = ALIGN (0x4)
                [!provide]                        PROVIDE (__load_start_ewram8 = LOADADDR (.ewram8))
                [!provide]                        PROVIDE (__load_stop_ewram8 = (LOADADDR (.ewram8) + SIZEOF (.ewram8)))

.ewram9         0x0000000002002608        0x0
 *(.ewram9)
                0x0000000002002608                . = ALIGN (0x4)
                [!provide]                        PROVIDE (__load_start_ewram9 = LOADADDR (.ewram9))
                [!provide]                        PROVIDE (__load_stop_ewram9 = (LOADADDR (.ewram9) + SIZEOF (.ewram9)))
                0x0000000002002608                __ewram_overlay_end = ABSOLUTE (.)
                0x0000000002002608                __eheap_start = __ewram_overlay_end
                0x0000000002002608                _end = __ewram_overlay_end
                0x0000000002002608                __end__ = __ewram_overlay_end
                0x0000000002002608                __rom_end__ = __ewram_overlay_end

.stab
 *(.stab)

.stabstr
 *(.stabstr)

.stab.excl
 *(.stab.excl)

.stab.exclstr
 *(.stab.exclstr)

.stab.index
 *(.stab.index)

.stab.indexstr
 *(.stab.indexstr)

.comment        0x0000000000000000       0x45
 *(.comment)
 .comment       0x0000000000000000       0x23 c:/devkitpro/devkitarm/bin/../lib/gcc/arm-none-eabi/10.2.0/thumb/crtbegin.o
                                         0x24 (size before relaxing)
 .comment       0x0000000000000023       0x24 Colly.o
 .comment       0x0000000000000023       0x24 TileMap.o
 .comment       0x0000000000000023       0x24 main.o
 .comment       0x0000000000000023       0x24 sio.o
 .comment       0x0000000000000023       0x22 C:/devkitPro/libtonc/lib\libtonc.a(tonc_irq.o)
                                         0x23 (size before relaxing)
 .comment       0x0000000000000045       0x23 C:/devkitPro/libtonc/lib\libtonc.a(tonc_oam.o)
 .comment       0x0000000000000045       0x23 C:/devkitPro/libtonc/lib\libtonc.a(tonc_input.o)
 .comment       0x0000000000000045       0x24 c:/devkitpro/devkitarm/bin/../lib/gcc/arm-none-eabi/10.2.0/../../../../arm-none-eabi/lib/thumb\libg.a(lib_a-init.o)
 .comment       0x0000000000000045       0x24 c:/devkitpro/devkitarm/bin/../lib/gcc/arm-none-eabi/10.2.0/../../../../arm-none-eabi/lib/thumb\libg.a(lib_a-memcpy-stub.o)
 .comment       0x0000000000000045       0x24 c:/devkitpro/devkitarm/bin/../lib/gcc/arm-none-eabi/10.2.0/../../../../arm-none-eabi/lib/thumb\libg.a(lib_a-memmove.o)
 .comment       0x0000000000000045       0x24 c:/devkitpro/devkitarm/bin/../lib/gcc/arm-none-eabi/10.2.0/../../../../arm-none-eabi/lib/thumb\libsysbase.a(malloc_vars.o)
 .comment       0x0000000000000045       0x24 c:/devkitpro/devkitarm/bin/../lib/gcc/arm-none-eabi/10.2.0/thumb/crtend.o

.ARM.attributes
                0x0000000000000000       0x2c
 .ARM.attributes
                0x0000000000000000       0x20 c:/devkitpro/devkitarm/bin/../lib/gcc/arm-none-eabi/10.2.0/../../../../arm-none-eabi/lib/thumb/gba_crt0.o
 .ARM.attributes
                0x0000000000000020       0x1c c:/devkitpro/devkitarm/bin/../lib/gcc/arm-none-eabi/10.2.0/thumb/crti.o
 .ARM.attributes
                0x000000000000003c       0x2a c:/devkitpro/devkitarm/bin/../lib/gcc/arm-none-eabi/10.2.0/thumb/crtbegin.o
 .ARM.attributes
                0x0000000000000066       0x26 Colly.o
 .ARM.attributes
                0x000000000000008c       0x2c TileMap.o
 .ARM.attributes
                0x00000000000000b8       0x26 main.o
 .ARM.attributes
                0x00000000000000de       0x26 sio.o
 .ARM.attributes
                0x0000000000000104       0x2a C:/devkitPro/libtonc/lib\libtonc.a(tonc_irq.o)
 .ARM.attributes
                0x000000000000012e       0x2a C:/devkitPro/libtonc/lib\libtonc.a(tonc_oam.o)
 .ARM.attributes
                0x0000000000000158       0x2a C:/devkitPro/libtonc/lib\libtonc.a(tonc_input.o)
 .ARM.attributes
                0x0000000000000182       0x1a C:/devkitPro/libtonc/lib\libtonc.a(tonc_bios.o)
 .ARM.attributes
                0x000000000000019c       0x1a C:/devkitPro/libtonc/lib\libtonc.a(tonc_memcpy.o)
 .ARM.attributes
                0x00000000000001b6       0x1a C:/devkitPro/libtonc/lib\libtonc.a(tonc_isr_master.o)
 .ARM.attributes
                0x00000000000001d0       0x1a C:/devkitPro/libtonc/lib\libtonc.a(tonc_memset.o)
 .ARM.attributes
                0x00000000000001ea       0x1c c:/devkitpro/devkitarm/bin/../lib/gcc/arm-none-eabi/10.2.0/thumb\libgcc.a(_arm_mulsf3.o)
 .ARM.attributes
                0x0000000000000206       0x1c c:/devkitpro/devkitarm/bin/../lib/gcc/arm-none-eabi/10.2.0/thumb\libgcc.a(_divsi3.o)
 .ARM.attributes
                0x0000000000000222       0x1c c:/devkitpro/devkitarm/bin/../lib/gcc/arm-none-eabi/10.2.0/thumb\libgcc.a(_dvmd_tls.o)
 .ARM.attributes
                0x000000000000023e       0x1c c:/devkitpro/devkitarm/bin/../lib/gcc/arm-none-eabi/10.2.0/thumb\libgcc.a(_arm_addsubsf3.o)
 .ARM.attributes
                0x000000000000025a       0x1c c:/devkitpro/devkitarm/bin/../lib/gcc/arm-none-eabi/10.2.0/thumb\libgcc.a(_arm_cmpsf2.o)
 .ARM.attributes
                0x0000000000000276       0x1c c:/devkitpro/devkitarm/bin/../lib/gcc/arm-none-eabi/10.2.0/thumb\libgcc.a(_arm_fixsfsi.o)
 .ARM.attributes
                0x0000000000000292       0x2a c:/devkitpro/devkitarm/bin/../lib/gcc/arm-none-eabi/10.2.0/../../../../arm-none-eabi/lib/thumb\libg.a(lib_a-init.o)
 .ARM.attributes
                0x00000000000002bc       0x2a c:/devkitpro/devkitarm/bin/../lib/gcc/arm-none-eabi/10.2.0/../../../../arm-none-eabi/lib/thumb\libg.a(lib_a-memcpy-stub.o)
 .ARM.attributes
                0x00000000000002e6       0x2a c:/devkitpro/devkitarm/bin/../lib/gcc/arm-none-eabi/10.2.0/../../../../arm-none-eabi/lib/thumb\libg.a(lib_a-memmove.o)
 .ARM.attributes
                0x0000000000000310       0x30 c:/devkitpro/devkitarm/bin/../lib/gcc/arm-none-eabi/10.2.0/../../../../arm-none-eabi/lib/thumb\libsysbase.a(malloc_vars.o)
 .ARM.attributes
                0x0000000000000340       0x30 c:/devkitpro/devkitarm/bin/../lib/gcc/arm-none-eabi/10.2.0/thumb/crtend.o
 .ARM.attributes
                0x0000000000000370       0x1c c:/devkitpro/devkitarm/bin/../lib/gcc/arm-none-eabi/10.2.0/thumb/crtn.o

.debug
 *(.debug)

.line
 *(.line)

.debug_srcinfo
 *(.debug_srcinfo)

.debug_sfnames
 *(.debug_sfnames)

.debug_aranges  0x0000000000000000       0x80
 *(.debug_aranges)
 .debug_aranges
                0x0000000000000000       0x20 Colly.o
 .debug_aranges
                0x0000000000000020       0x18 TileMap.o
 .debug_aranges
                0x0000000000000038       0x28 main.o
 .debug_aranges
                0x0000000000000060       0x20 sio.o

.debug_pubnames
 *(.debug_pubnames)

.debug_info     0x0000000000000000     0x252a
 *(.debug_info)
 .debug_info    0x0000000000000000      0xeee Colly.o
 .debug_info    0x0000000000000eee       0xa2 TileMap.o
 .debug_info    0x0000000000000f90      0xb6c main.o
 .debug_info    0x0000000000001afc      0xa2e sio.o

.debug_abbrev   0x0000000000000000      0x9d1
 *(.debug_abbrev)
 .debug_abbrev  0x0000000000000000      0x279 Colly.o
 .debug_abbrev  0x0000000000000279       0x4a TileMap.o
 .debug_abbrev  0x00000000000002c3      0x3a6 main.o
 .debug_abbrev  0x0000000000000669      0x368 sio.o

.debug_line     0x0000000000000000     0x1b83
 *(.debug_line)
 .debug_line    0x0000000000000000      0x885 Colly.o
 .debug_line    0x0000000000000885       0x5e TileMap.o
 .debug_line    0x00000000000008e3      0x82a main.o
 .debug_line    0x000000000000110d      0xa76 sio.o

.debug_frame    0x0000000000000000      0x2bc
 *(.debug_frame)
 .debug_frame   0x0000000000000000       0xbc Colly.o
 .debug_frame   0x00000000000000bc       0xb4 main.o
 .debug_frame   0x0000000000000170      0x14c sio.o

.debug_str      0x0000000000000000      0x7ad
 *(.debug_str)
 .debug_str     0x0000000000000000      0x284 Colly.o
                                        0x2c2 (size before relaxing)
 .debug_str     0x0000000000000284       0x66 TileMap.o
                                        0x124 (size before relaxing)
 .debug_str     0x00000000000002ea      0x328 main.o
                                        0x4e2 (size before relaxing)
 .debug_str     0x0000000000000612      0x19b sio.o
                                        0x40c (size before relaxing)

.debug_loc      0x0000000000000000     0x2786
 *(.debug_loc)
 .debug_loc     0x0000000000000000     0x199b Colly.o
 .debug_loc     0x000000000000199b      0x636 main.o
 .debug_loc     0x0000000000001fd1      0x7b5 sio.o

.debug_macinfo
 *(.debug_macinfo)

.debug_weaknames
 *(.debug_weaknames)

.debug_funcnames
 *(.debug_funcnames)

.debug_typenames
 *(.debug_typenames)

.debug_varnames
 *(.debug_varnames)

.stack          0x0000000000080000        0x0
                0x0000000000080000                _stack = .
 *(.stack)
LOAD c:/devkitpro/devkitarm/bin/../lib/gcc/arm-none-eabi/10.2.0/../../../../arm-none-eabi/lib/thumb/gba_crt0.o
LOAD c:/devkitpro/devkitarm/bin/../lib/gcc/arm-none-eabi/10.2.0/thumb/crti.o
LOAD c:/devkitpro/devkitarm/bin/../lib/gcc/arm-none-eabi/10.2.0/thumb/crtbegin.o
LOAD Colly.o
LOAD TileMap.o
LOAD main.o
LOAD sio.o
LOAD util.o
LOAD C:/devkitPro/libgba/lib\libgba.a
LOAD C:/devkitPro/libtonc/lib\libtonc.a
START GROUP
LOAD c:/devkitpro/devkitarm/bin/../lib/gcc/arm-none-eabi/10.2.0/thumb\libgcc.a
LOAD c:/devkitpro/devkitarm/bin/../lib/gcc/arm-none-eabi/10.2.0/../../../../arm-none-eabi/lib/thumb\libg.a
LOAD c:/devkitpro/devkitarm/bin/../lib/gcc/arm-none-eabi/10.2.0/../../../../arm-none-eabi/lib/thumb\libc.a
LOAD c:/devkitpro/devkitarm/bin/../lib/gcc/arm-none-eabi/10.2.0/../../../../arm-none-eabi/lib/thumb\libsysbase.a
END GROUP
LOAD c:/devkitpro/devkitarm/bin/../lib/gcc/arm-none-eabi/10.2.0/thumb/crtend.o
LOAD c:/devkitpro/devkitarm/bin/../lib/gcc/arm-none-eabi/10.2.0/thumb/crtn.o
OUTPUT(C:/Users/Daniel/Desktop/GBAWork/TileWorldGBA/TileWorldGBA_mb.elf elf32-littlearm)
LOAD linker stubs

.debug_ranges   0x0000000000000000      0x728
 .debug_ranges  0x0000000000000000      0x530 Colly.o
 .debug_ranges  0x0000000000000530      0x160 main.o
 .debug_ranges  0x0000000000000690       0x98 sio.o
