Archive member included to satisfy reference by file (symbol)

C:/devkitPro/libtonc/lib\libtonc.a(tonc_irq.o)
                              main.o (irq_init)
C:/devkitPro/libtonc/lib\libtonc.a(tonc_oam.o)
                              main.o (oam_init)
C:/devkitPro/libtonc/lib\libtonc.a(tonc_input.o)
                              main.o (key_poll)
C:/devkitPro/libtonc/lib\libtonc.a(tonc_bios.o)
                              C:/devkitPro/libtonc/lib\libtonc.a(tonc_input.o) (VBlankIntrWait)
C:/devkitPro/libtonc/lib\libtonc.a(tonc_memcpy.o)
                              main.o (memcpy32)
C:/devkitPro/libtonc/lib\libtonc.a(tonc_isr_master.o)
                              C:/devkitPro/libtonc/lib\libtonc.a(tonc_irq.o) (isr_master)
C:/devkitPro/libtonc/lib\libtonc.a(tonc_memset.o)
                              C:/devkitPro/libtonc/lib\libtonc.a(tonc_irq.o) (memset32)
c:/devkitpro/devkitarm/bin/../lib/gcc/arm-none-eabi/10.2.0/thumb\libgcc.a(_arm_mulsf3.o)
                              sio.o (__aeabi_fmul)
c:/devkitpro/devkitarm/bin/../lib/gcc/arm-none-eabi/10.2.0/thumb\libgcc.a(_udivsi3.o)
                              map.o (__aeabi_uidivmod)
c:/devkitpro/devkitarm/bin/../lib/gcc/arm-none-eabi/10.2.0/thumb\libgcc.a(_divsi3.o)
                              main.o (__aeabi_idiv)
c:/devkitpro/devkitarm/bin/../lib/gcc/arm-none-eabi/10.2.0/thumb\libgcc.a(_dvmd_tls.o)
                              c:/devkitpro/devkitarm/bin/../lib/gcc/arm-none-eabi/10.2.0/thumb\libgcc.a(_udivsi3.o) (__aeabi_idiv0)
c:/devkitpro/devkitarm/bin/../lib/gcc/arm-none-eabi/10.2.0/thumb\libgcc.a(_arm_addsubsf3.o)
                              Colly.o (__aeabi_fsub)
c:/devkitpro/devkitarm/bin/../lib/gcc/arm-none-eabi/10.2.0/thumb\libgcc.a(_arm_cmpsf2.o)
                              Colly.o (__aeabi_fcmplt)
c:/devkitpro/devkitarm/bin/../lib/gcc/arm-none-eabi/10.2.0/thumb\libgcc.a(_arm_fixsfsi.o)
                              Colly.o (__aeabi_f2iz)
c:/devkitpro/devkitarm/bin/../lib/gcc/arm-none-eabi/10.2.0/../../../../arm-none-eabi/lib/thumb\libg.a(lib_a-init.o)
                              c:/devkitpro/devkitarm/bin/../lib/gcc/arm-none-eabi/10.2.0/../../../../arm-none-eabi/lib/thumb/gba_crt0.o (__libc_init_array)
c:/devkitpro/devkitarm/bin/../lib/gcc/arm-none-eabi/10.2.0/../../../../arm-none-eabi/lib/thumb\libg.a(lib_a-memcpy-stub.o)
                              main.o (memcpy)
c:/devkitpro/devkitarm/bin/../lib/gcc/arm-none-eabi/10.2.0/../../../../arm-none-eabi/lib/thumb\libg.a(lib_a-memmove.o)
                              sio.o (memmove)
c:/devkitpro/devkitarm/bin/../lib/gcc/arm-none-eabi/10.2.0/../../../../arm-none-eabi/lib/thumb\libsysbase.a(malloc_vars.o)
                              c:/devkitpro/devkitarm/bin/../lib/gcc/arm-none-eabi/10.2.0/../../../../arm-none-eabi/lib/thumb/gba_crt0.o (fake_heap_end)

Allocating common symbols
Common symbol       size              file

__isr_table         0x78              C:/devkitPro/libtonc/lib\libtonc.a(tonc_irq.o)

Discarded input sections

 .text          0x0000000000000000        0x0 c:/devkitpro/devkitarm/bin/../lib/gcc/arm-none-eabi/10.2.0/../../../../arm-none-eabi/lib/thumb/gba_crt0.o
 .data          0x0000000000000000        0x0 c:/devkitpro/devkitarm/bin/../lib/gcc/arm-none-eabi/10.2.0/../../../../arm-none-eabi/lib/thumb/gba_crt0.o
 .bss           0x0000000000000000        0x0 c:/devkitpro/devkitarm/bin/../lib/gcc/arm-none-eabi/10.2.0/../../../../arm-none-eabi/lib/thumb/gba_crt0.o
 .text          0x0000000000000000        0x0 c:/devkitpro/devkitarm/bin/../lib/gcc/arm-none-eabi/10.2.0/thumb/crti.o
 .data          0x0000000000000000        0x0 c:/devkitpro/devkitarm/bin/../lib/gcc/arm-none-eabi/10.2.0/thumb/crti.o
 .bss           0x0000000000000000        0x0 c:/devkitpro/devkitarm/bin/../lib/gcc/arm-none-eabi/10.2.0/thumb/crti.o
 .text          0x0000000000000000        0x0 c:/devkitpro/devkitarm/bin/../lib/gcc/arm-none-eabi/10.2.0/thumb/crtbegin.o
 .data          0x0000000000000000        0x0 c:/devkitpro/devkitarm/bin/../lib/gcc/arm-none-eabi/10.2.0/thumb/crtbegin.o
 .bss           0x0000000000000000        0x0 c:/devkitpro/devkitarm/bin/../lib/gcc/arm-none-eabi/10.2.0/thumb/crtbegin.o
 .data.__dso_handle
                0x0000000000000000        0x4 c:/devkitpro/devkitarm/bin/../lib/gcc/arm-none-eabi/10.2.0/thumb/crtbegin.o
 .data          0x0000000000000000        0x0 Colly.o
 .bss           0x0000000000000000        0x0 Colly.o
 .text          0x0000000000000000        0x0 TileMap.o
 .data          0x0000000000000000        0x0 TileMap.o
 .bss           0x0000000000000000        0x0 TileMap.o
 .data          0x0000000000000000        0x0 util.o
 .bss           0x0000000000000000        0x0 util.o
 .data          0x0000000000000000        0x0 C:/devkitPro/libtonc/lib\libtonc.a(tonc_irq.o)
 .bss           0x0000000000000000        0x0 C:/devkitPro/libtonc/lib\libtonc.a(tonc_irq.o)
 .data          0x0000000000000000        0x0 C:/devkitPro/libtonc/lib\libtonc.a(tonc_oam.o)
 .bss           0x0000000000000000        0x0 C:/devkitPro/libtonc/lib\libtonc.a(tonc_oam.o)
 .data          0x0000000000000000        0x0 C:/devkitPro/libtonc/lib\libtonc.a(tonc_bios.o)
 .bss           0x0000000000000000        0x0 C:/devkitPro/libtonc/lib\libtonc.a(tonc_bios.o)
 .text          0x0000000000000000       0x44 C:/devkitPro/libtonc/lib\libtonc.a(tonc_memcpy.o)
 .data          0x0000000000000000        0x0 C:/devkitPro/libtonc/lib\libtonc.a(tonc_memcpy.o)
 .bss           0x0000000000000000        0x0 C:/devkitPro/libtonc/lib\libtonc.a(tonc_memcpy.o)
 .text          0x0000000000000000        0x0 C:/devkitPro/libtonc/lib\libtonc.a(tonc_isr_master.o)
 .data          0x0000000000000000        0x0 C:/devkitPro/libtonc/lib\libtonc.a(tonc_isr_master.o)
 .bss           0x0000000000000000        0x0 C:/devkitPro/libtonc/lib\libtonc.a(tonc_isr_master.o)
 .text          0x0000000000000000       0x3c C:/devkitPro/libtonc/lib\libtonc.a(tonc_memset.o)
 .data          0x0000000000000000        0x0 C:/devkitPro/libtonc/lib\libtonc.a(tonc_memset.o)
 .bss           0x0000000000000000        0x0 C:/devkitPro/libtonc/lib\libtonc.a(tonc_memset.o)
 .data          0x0000000000000000        0x0 c:/devkitpro/devkitarm/bin/../lib/gcc/arm-none-eabi/10.2.0/thumb\libgcc.a(_arm_mulsf3.o)
 .bss           0x0000000000000000        0x0 c:/devkitpro/devkitarm/bin/../lib/gcc/arm-none-eabi/10.2.0/thumb\libgcc.a(_arm_mulsf3.o)
 .data          0x0000000000000000        0x0 c:/devkitpro/devkitarm/bin/../lib/gcc/arm-none-eabi/10.2.0/thumb\libgcc.a(_udivsi3.o)
 .bss           0x0000000000000000        0x0 c:/devkitpro/devkitarm/bin/../lib/gcc/arm-none-eabi/10.2.0/thumb\libgcc.a(_udivsi3.o)
 .data          0x0000000000000000        0x0 c:/devkitpro/devkitarm/bin/../lib/gcc/arm-none-eabi/10.2.0/thumb\libgcc.a(_divsi3.o)
 .bss           0x0000000000000000        0x0 c:/devkitpro/devkitarm/bin/../lib/gcc/arm-none-eabi/10.2.0/thumb\libgcc.a(_divsi3.o)
 .data          0x0000000000000000        0x0 c:/devkitpro/devkitarm/bin/../lib/gcc/arm-none-eabi/10.2.0/thumb\libgcc.a(_dvmd_tls.o)
 .bss           0x0000000000000000        0x0 c:/devkitpro/devkitarm/bin/../lib/gcc/arm-none-eabi/10.2.0/thumb\libgcc.a(_dvmd_tls.o)
 .data          0x0000000000000000        0x0 c:/devkitpro/devkitarm/bin/../lib/gcc/arm-none-eabi/10.2.0/thumb\libgcc.a(_arm_addsubsf3.o)
 .bss           0x0000000000000000        0x0 c:/devkitpro/devkitarm/bin/../lib/gcc/arm-none-eabi/10.2.0/thumb\libgcc.a(_arm_addsubsf3.o)
 .data          0x0000000000000000        0x0 c:/devkitpro/devkitarm/bin/../lib/gcc/arm-none-eabi/10.2.0/thumb\libgcc.a(_arm_cmpsf2.o)
 .bss           0x0000000000000000        0x0 c:/devkitpro/devkitarm/bin/../lib/gcc/arm-none-eabi/10.2.0/thumb\libgcc.a(_arm_cmpsf2.o)
 .data          0x0000000000000000        0x0 c:/devkitpro/devkitarm/bin/../lib/gcc/arm-none-eabi/10.2.0/thumb\libgcc.a(_arm_fixsfsi.o)
 .bss           0x0000000000000000        0x0 c:/devkitpro/devkitarm/bin/../lib/gcc/arm-none-eabi/10.2.0/thumb\libgcc.a(_arm_fixsfsi.o)
 .text          0x0000000000000000        0x0 c:/devkitpro/devkitarm/bin/../lib/gcc/arm-none-eabi/10.2.0/../../../../arm-none-eabi/lib/thumb\libg.a(lib_a-init.o)
 .data          0x0000000000000000        0x0 c:/devkitpro/devkitarm/bin/../lib/gcc/arm-none-eabi/10.2.0/../../../../arm-none-eabi/lib/thumb\libg.a(lib_a-init.o)
 .bss           0x0000000000000000        0x0 c:/devkitpro/devkitarm/bin/../lib/gcc/arm-none-eabi/10.2.0/../../../../arm-none-eabi/lib/thumb\libg.a(lib_a-init.o)
 .text          0x0000000000000000        0x0 c:/devkitpro/devkitarm/bin/../lib/gcc/arm-none-eabi/10.2.0/../../../../arm-none-eabi/lib/thumb\libg.a(lib_a-memcpy-stub.o)
 .data          0x0000000000000000        0x0 c:/devkitpro/devkitarm/bin/../lib/gcc/arm-none-eabi/10.2.0/../../../../arm-none-eabi/lib/thumb\libg.a(lib_a-memcpy-stub.o)
 .bss           0x0000000000000000        0x0 c:/devkitpro/devkitarm/bin/../lib/gcc/arm-none-eabi/10.2.0/../../../../arm-none-eabi/lib/thumb\libg.a(lib_a-memcpy-stub.o)
 .text          0x0000000000000000        0x0 c:/devkitpro/devkitarm/bin/../lib/gcc/arm-none-eabi/10.2.0/../../../../arm-none-eabi/lib/thumb\libg.a(lib_a-memmove.o)
 .data          0x0000000000000000        0x0 c:/devkitpro/devkitarm/bin/../lib/gcc/arm-none-eabi/10.2.0/../../../../arm-none-eabi/lib/thumb\libg.a(lib_a-memmove.o)
 .bss           0x0000000000000000        0x0 c:/devkitpro/devkitarm/bin/../lib/gcc/arm-none-eabi/10.2.0/../../../../arm-none-eabi/lib/thumb\libg.a(lib_a-memmove.o)
 .text          0x0000000000000000        0x0 c:/devkitpro/devkitarm/bin/../lib/gcc/arm-none-eabi/10.2.0/../../../../arm-none-eabi/lib/thumb\libsysbase.a(malloc_vars.o)
 .data          0x0000000000000000        0x0 c:/devkitpro/devkitarm/bin/../lib/gcc/arm-none-eabi/10.2.0/../../../../arm-none-eabi/lib/thumb\libsysbase.a(malloc_vars.o)
 .bss           0x0000000000000000        0x0 c:/devkitpro/devkitarm/bin/../lib/gcc/arm-none-eabi/10.2.0/../../../../arm-none-eabi/lib/thumb\libsysbase.a(malloc_vars.o)
 .bss.fake_heap_start
                0x0000000000000000        0x4 c:/devkitpro/devkitarm/bin/../lib/gcc/arm-none-eabi/10.2.0/../../../../arm-none-eabi/lib/thumb\libsysbase.a(malloc_vars.o)
 .text          0x0000000000000000        0x0 c:/devkitpro/devkitarm/bin/../lib/gcc/arm-none-eabi/10.2.0/thumb/crtend.o
 .data          0x0000000000000000        0x0 c:/devkitpro/devkitarm/bin/../lib/gcc/arm-none-eabi/10.2.0/thumb/crtend.o
 .bss           0x0000000000000000        0x0 c:/devkitpro/devkitarm/bin/../lib/gcc/arm-none-eabi/10.2.0/thumb/crtend.o
 .text          0x0000000000000000        0x0 c:/devkitpro/devkitarm/bin/../lib/gcc/arm-none-eabi/10.2.0/thumb/crtn.o
 .data          0x0000000000000000        0x0 c:/devkitpro/devkitarm/bin/../lib/gcc/arm-none-eabi/10.2.0/thumb/crtn.o
 .bss           0x0000000000000000        0x0 c:/devkitpro/devkitarm/bin/../lib/gcc/arm-none-eabi/10.2.0/thumb/crtn.o

Memory Configuration

Name             Origin             Length             Attributes
rom              0x0000000008000000 0x0000000002000000
iwram            0x0000000003000000 0x0000000000008000
ewram            0x0000000002000000 0x0000000000040000
*default*        0x0000000000000000 0xffffffffffffffff

Linker script and memory map

                0x0000000002000000                __text_start = ORIGIN (ewram)
                0x0000000002040000                __eheap_end = (ORIGIN (ewram) + LENGTH (ewram))
                0x0000000003000000                __iwram_start = ORIGIN (iwram)
                0x0000000003008000                __iwram_top = (ORIGIN (iwram) + LENGTH (iwram))
                0x0000000003007fa0                __sp_irq = (__iwram_top - 0x60)
                0x0000000003007f00                __sp_usr = (__sp_irq - 0xa0)
                0x0000000003007ff8                __irq_flags = 0x3007ff8
                0x0000000002000000                . = __text_start
                0x0000000002000000                . = __text_start

.crt0           0x0000000002000000      0x210
 *(.crt0)
 .crt0          0x0000000002000000      0x210 c:/devkitpro/devkitarm/bin/../lib/gcc/arm-none-eabi/10.2.0/../../../../arm-none-eabi/lib/thumb/gba_crt0.o
                0x0000000002000000                _start
                0x00000000020000c4                __boot_method
                0x00000000020000c5                __slave_number
                0x00000000020000e0                start_vector
                0x0000000002000210                . = ALIGN (0x4)

.init           0x0000000002000210        0xc
 *(SORT_NONE(.init))
 .init          0x0000000002000210        0x4 c:/devkitpro/devkitarm/bin/../lib/gcc/arm-none-eabi/10.2.0/thumb/crti.o
                0x0000000002000210                _init
 .init          0x0000000002000214        0x8 c:/devkitpro/devkitarm/bin/../lib/gcc/arm-none-eabi/10.2.0/thumb/crtn.o

.plt            0x000000000200021c        0x0
 *(.plt)
                0x000000000200021c                . = ALIGN (0x4)

.text           0x000000000200021c     0x28e4
 *(EXCLUDE_FILE(*.iwram*) .text*)
 .text.__do_global_dtors_aux
                0x000000000200021c       0x2c c:/devkitpro/devkitarm/bin/../lib/gcc/arm-none-eabi/10.2.0/thumb/crtbegin.o
 .text.frame_dummy
                0x0000000002000248       0x24 c:/devkitpro/devkitarm/bin/../lib/gcc/arm-none-eabi/10.2.0/thumb/crtbegin.o
 .text          0x000000000200026c      0x5b0 Colly.o
                0x000000000200026c                mod
                0x0000000002000284                Intersects
                0x0000000002000348                increment
                0x0000000002000510                Check
 .text          0x000000000200081c      0x620 main.o
                0x000000000200081c                init_map
                0x0000000002000adc                movement
                0x0000000002000cfc                renderPlayer
                0x0000000002000dbc                placeTiles
 .text.startup  0x0000000002000e3c       0x9c main.o
                0x0000000002000e3c                main
 .text          0x0000000002000ed8      0x624 map.o
                0x0000000002000ed8                setChunk
                0x0000000002000f9c                setTile
                0x0000000002001028                setupMap
                0x0000000002001068                loadChunksLR
                0x00000000020010a8                loadChunksUD
                0x00000000020010e8                loadChunks
                0x0000000002001234                processNewChunkData
 .text          0x00000000020014fc      0x644 sio.o
                0x00000000020014fc                sio_interrupt
                0x0000000002001604                connect
                0x000000000200164c                ping
                0x0000000002001674                place
                0x00000000020016a8                sioMove
                0x0000000002001764                requestChunks
                0x00000000020017ec                handle_serial
                0x0000000002001a7c                processData
                0x0000000002001acc                sioInit
 .text          0x0000000002001b40       0x50 util.o
                0x0000000002001b40                se_index
                0x0000000002001b5c                map_index
                0x0000000002001b78                Reverse32
 .text          0x0000000002001b90      0x354 C:/devkitPro/libtonc/lib\libtonc.a(tonc_irq.o)
                0x0000000002001b90                irq_init
                0x0000000002001bd4                irq_set_master
                0x0000000002001c00                irq_set
                0x0000000002001d28                irq_add
                0x0000000002001da0                irq_delete
                0x0000000002001e54                irq_enable
                0x0000000002001e9c                irq_disable
 .text          0x0000000002001ee4       0xbc C:/devkitPro/libtonc/lib\libtonc.a(tonc_oam.o)
                0x0000000002001ee4                oam_init
                0x0000000002001f2c                obj_copy
                0x0000000002001f4c                obj_hide_multi
                0x0000000002001f74                obj_unhide_multi
 .text          0x0000000002001fa0       0xa8 C:/devkitPro/libtonc/lib\libtonc.a(tonc_input.o)
                0x0000000002001fa0                key_poll
                0x0000000002001ff4                key_wait_till_hit
                0x0000000002002018                key_repeat
                0x0000000002002024                key_repeat_mask
                0x0000000002002034                key_repeat_limits
 .text          0x0000000002002048       0x8c C:/devkitPro/libtonc/lib\libtonc.a(tonc_bios.o)
                0x0000000002002048                SoftReset
                0x000000000200204c                RegisterRamReset
                0x0000000002002050                Halt
                0x0000000002002054                Stop
                0x0000000002002058                IntrWait
                0x000000000200205c                VBlankIntrWait
                0x0000000002002060                Div
                0x0000000002002064                DivArm
                0x0000000002002068                Sqrt
                0x000000000200206c                ArcTan
                0x0000000002002070                ArcTan2
                0x0000000002002074                CpuSet
                0x0000000002002078                CpuFastSet
                0x000000000200207c                BiosCheckSum
                0x0000000002002080                BgAffineSet
                0x0000000002002084                ObjAffineSet
                0x0000000002002088                BitUnPack
                0x000000000200208c                LZ77UnCompWram
                0x0000000002002090                LZ77UnCompVram
                0x0000000002002094                HuffUnComp
                0x0000000002002098                RLUnCompWram
                0x000000000200209c                RLUnCompVram
                0x00000000020020a0                Diff8bitUnFilterWram
                0x00000000020020a4                Diff8bitUnFilterVram
                0x00000000020020a8                Diff16bitUnFilter
                0x00000000020020ac                SoundBias
                0x00000000020020b0                SoundDriverInit
                0x00000000020020b4                SoundDriverMode
                0x00000000020020b8                SoundDriverMain
                0x00000000020020bc                SoundDriverVSync
                0x00000000020020c0                SoundChannelClear
                0x00000000020020c4                MidiKey2Freq
                0x00000000020020c8                MultiBoot
                0x00000000020020cc                SoundDriverVSyncOff
                0x00000000020020d0                SoundDriverVSyncOn
 .text          0x00000000020020d4      0x198 c:/devkitpro/devkitarm/bin/../lib/gcc/arm-none-eabi/10.2.0/thumb\libgcc.a(_arm_mulsf3.o)
                0x00000000020020d4                __aeabi_fmul
                0x00000000020020d4                __mulsf3
 .text          0x000000000200226c      0x11c c:/devkitpro/devkitarm/bin/../lib/gcc/arm-none-eabi/10.2.0/thumb\libgcc.a(_udivsi3.o)
                0x000000000200226c                __aeabi_uidiv
                0x000000000200226c                __udivsi3
                0x0000000002002368                __aeabi_uidivmod
 .text          0x0000000002002388      0x150 c:/devkitpro/devkitarm/bin/../lib/gcc/arm-none-eabi/10.2.0/thumb\libgcc.a(_divsi3.o)
                0x0000000002002388                __divsi3
                0x0000000002002388                __aeabi_idiv
                0x00000000020024b8                __aeabi_idivmod
 .text          0x00000000020024d8        0x4 c:/devkitpro/devkitarm/bin/../lib/gcc/arm-none-eabi/10.2.0/thumb\libgcc.a(_dvmd_tls.o)
                0x00000000020024d8                __aeabi_idiv0
                0x00000000020024d8                __aeabi_ldiv0
 .text          0x00000000020024dc      0x2ac c:/devkitpro/devkitarm/bin/../lib/gcc/arm-none-eabi/10.2.0/thumb\libgcc.a(_arm_addsubsf3.o)
                0x00000000020024dc                __aeabi_frsub
                0x00000000020024e4                __subsf3
                0x00000000020024e4                __aeabi_fsub
                0x00000000020024e8                __aeabi_fadd
                0x00000000020024e8                __addsf3
                0x00000000020026a4                __aeabi_ui2f
                0x00000000020026a4                __floatunsisf
                0x00000000020026ac                __aeabi_i2f
                0x00000000020026ac                __floatsisf
                0x00000000020026cc                __aeabi_ul2f
                0x00000000020026cc                __floatundisf
                0x00000000020026dc                __aeabi_l2f
                0x00000000020026dc                __floatdisf
 .text          0x0000000002002788      0x114 c:/devkitpro/devkitarm/bin/../lib/gcc/arm-none-eabi/10.2.0/thumb\libgcc.a(_arm_cmpsf2.o)
                0x0000000002002788                __gesf2
                0x0000000002002788                __gtsf2
                0x0000000002002790                __lesf2
                0x0000000002002790                __ltsf2
                0x0000000002002798                __nesf2
                0x0000000002002798                __eqsf2
                0x0000000002002798                __cmpsf2
                0x00000000020027fc                __aeabi_cfrcmple
                0x000000000200280c                __aeabi_cfcmpeq
                0x000000000200280c                __aeabi_cfcmple
                0x0000000002002824                __aeabi_fcmpeq
                0x000000000200283c                __aeabi_fcmplt
                0x0000000002002854                __aeabi_fcmple
                0x000000000200286c                __aeabi_fcmpge
                0x0000000002002884                __aeabi_fcmpgt
 .text          0x000000000200289c       0x5c c:/devkitpro/devkitarm/bin/../lib/gcc/arm-none-eabi/10.2.0/thumb\libgcc.a(_arm_fixsfsi.o)
                0x000000000200289c                __aeabi_f2iz
                0x000000000200289c                __fixsfsi
 .text.__libc_init_array
                0x00000000020028f8       0x50 c:/devkitpro/devkitarm/bin/../lib/gcc/arm-none-eabi/10.2.0/../../../../arm-none-eabi/lib/thumb\libg.a(lib_a-init.o)
                0x00000000020028f8                __libc_init_array
 .text.memcpy   0x0000000002002948       0xa8 c:/devkitpro/devkitarm/bin/../lib/gcc/arm-none-eabi/10.2.0/../../../../arm-none-eabi/lib/thumb\libg.a(lib_a-memcpy-stub.o)
                0x0000000002002948                memcpy
 .text.memmove  0x00000000020029f0       0xbc c:/devkitpro/devkitarm/bin/../lib/gcc/arm-none-eabi/10.2.0/../../../../arm-none-eabi/lib/thumb\libg.a(lib_a-memmove.o)
                0x00000000020029f0                memmove
 *fill*         0x0000000002002aac        0x4 ff
 .text.memmove.__stub
                0x0000000002002ab0       0x4c linker stubs
 *(.gnu.linkonce.t.*)
 *(.text.*personality*)
 *(.gnu.warning)
 *(.glue_7t)
 .glue_7t       0x0000000002002b00        0x0 linker stubs
 *(.glue_7)
 .glue_7        0x0000000002002b00        0x0 linker stubs
 *(.vfp11_veneer)
 .vfp11_veneer  0x0000000002002b00        0x0 linker stubs
                0x0000000002002b00                . = ALIGN (0x4)
                0x0000000002002b00                __text_end = .

.v4_bx          0x0000000002002b00        0x0
 .v4_bx         0x0000000002002b00        0x0 linker stubs

.iplt           0x0000000002002b00        0x0
 .iplt          0x0000000002002b00        0x0 c:/devkitpro/devkitarm/bin/../lib/gcc/arm-none-eabi/10.2.0/../../../../arm-none-eabi/lib/thumb/gba_crt0.o

.fini           0x0000000002002b00        0xc
 *(.fini)
 .fini          0x0000000002002b00        0x4 c:/devkitpro/devkitarm/bin/../lib/gcc/arm-none-eabi/10.2.0/thumb/crti.o
                0x0000000002002b00                _fini
 .fini          0x0000000002002b04        0x8 c:/devkitpro/devkitarm/bin/../lib/gcc/arm-none-eabi/10.2.0/thumb/crtn.o
                0x0000000002002b0c                . = ALIGN (0x4)

.rodata         0x0000000002002b0c      0x2c8
 *(.rodata)
 .rodata        0x0000000002002b0c      0x290 TileMap.o
                0x0000000002002b0c                DING
                0x0000000002002b44                LOAD
                0x0000000002002b78                playerspritePal
                0x0000000002002b7c                TileMapPal
                0x0000000002002b9c                TileMapTiles
 .rodata        0x0000000002002d9c       0x38 C:/devkitPro/libtonc/lib\libtonc.a(tonc_irq.o)
 *all.rodata*(*)
 *(.roda)
 *(.rodata.*)
 *(.gnu.linkonce.r*)
                0x0000000002002dd4                . = ALIGN (0x4)

.ARM.extab
 *(.ARM.extab* .gnu.linkonce.armextab.*)
                0x0000000002002dd4                __exidx_start = .

.ARM.exidx
 *(.ARM.exidx* .gnu.linkonce.armexidx.*)
                0x0000000002002dd4                __exidx_end = .
                0x0000000002002dd4                . = ALIGN (0x4)
                0x0000000002002dd4                PROVIDE (__preinit_array_start = .)

.preinit_array
 *(.preinit_array)
                0x0000000002002dd4                PROVIDE (__preinit_array_end = .)
                0x0000000002002dd4                PROVIDE (__init_array_start = .)

.init_array     0x0000000002002dd4        0x4
 *(.init_array)
 .init_array    0x0000000002002dd4        0x4 c:/devkitpro/devkitarm/bin/../lib/gcc/arm-none-eabi/10.2.0/thumb/crtbegin.o
                0x0000000002002dd8                PROVIDE (__init_array_end = .)
                [!provide]                        PROVIDE (__fini_array_start = .)

.fini_array     0x0000000002002dd8        0x4
 *(.fini_array)
 .fini_array    0x0000000002002dd8        0x4 c:/devkitpro/devkitarm/bin/../lib/gcc/arm-none-eabi/10.2.0/thumb/crtbegin.o
                [!provide]                        PROVIDE (__fini_array_end = .)

.ctors          0x0000000002002ddc        0x0
 *crtbegin.o(.ctors)
 *(EXCLUDE_FILE(*crtend.o) .ctors)
 *(SORT_BY_NAME(.ctors.*))
 *(.ctors)
                0x0000000002002ddc                . = ALIGN (0x4)

.dtors          0x0000000002002ddc        0x0
 *crtbegin.o(.dtors)
 *(EXCLUDE_FILE(*crtend.o) .dtors)
 *(SORT_BY_NAME(.dtors.*))
 *(.dtors)
                0x0000000002002ddc                . = ALIGN (0x4)

.jcr
 *(.jcr)

.eh_frame       0x0000000002002ddc        0x4
 *(.eh_frame)
 .eh_frame      0x0000000002002ddc        0x0 c:/devkitpro/devkitarm/bin/../lib/gcc/arm-none-eabi/10.2.0/thumb/crtbegin.o
 .eh_frame      0x0000000002002ddc        0x4 c:/devkitpro/devkitarm/bin/../lib/gcc/arm-none-eabi/10.2.0/thumb/crtend.o
                0x0000000002002de0                . = ALIGN (0x4)

.gcc_except_table
                0x0000000002002de0        0x0
 *(.gcc_except_table)
                0x0000000002002de0                . = ALIGN (0x4)
                0x0000000002002de0                __iwram_lma = .

.iwram          0x0000000003000000      0x128 load address 0x0000000002002de0
                0x0000000003000000                __iwram_start__ = ABSOLUTE (.)
 *(.iwram)
 .iwram         0x0000000003000000       0x38 C:/devkitPro/libtonc/lib\libtonc.a(tonc_memcpy.o)
                0x0000000003000000                memcpy32
 .iwram         0x0000000003000038       0xa4 C:/devkitPro/libtonc/lib\libtonc.a(tonc_isr_master.o)
                0x0000000003000038                isr_master
 .iwram         0x00000000030000dc       0x4c C:/devkitPro/libtonc/lib\libtonc.a(tonc_memset.o)
                0x00000000030000dc                memset32
 *iwram.*(.text*)
                0x0000000003000128                . = ALIGN (0x4)
                0x0000000003000128                __iwram_end__ = ABSOLUTE (.)
                0x0000000002002f08                __data_lma = (__iwram_lma + SIZEOF (.iwram))

.rel.dyn        0x0000000003000128        0x0 load address 0x0000000002002f08
 .rel.iplt      0x0000000003000128        0x0 c:/devkitpro/devkitarm/bin/../lib/gcc/arm-none-eabi/10.2.0/../../../../arm-none-eabi/lib/thumb/gba_crt0.o

.bss            0x0000000003000128     0x79dc
                0x0000000003000128                __bss_start__ = ABSOLUTE (.)
 *(.dynbss)
 *(.gnu.linkonce.b*)
 *(.bss*)
 .bss.completed.1
                0x0000000003000128        0x1 c:/devkitpro/devkitarm/bin/../lib/gcc/arm-none-eabi/10.2.0/thumb/crtbegin.o
 *fill*         0x0000000003000129        0x3 
 .bss.object.0  0x000000000300012c       0x18 c:/devkitpro/devkitarm/bin/../lib/gcc/arm-none-eabi/10.2.0/thumb/crtbegin.o
 .bss           0x0000000003000144      0x420 main.o
                0x0000000003000144                bg0_pt
                0x0000000003000148                placeMode
                0x000000000300014c                xv
                0x0000000003000150                yv
                0x0000000003000154                tilex
                0x0000000003000158                tiley
                0x000000000300015c                startMovement
                0x0000000003000160                pingtimer
                0x0000000003000164                obj_buffer
 .bss           0x0000000003000564     0x70a4 map.o
                0x0000000003000564                cx
                0x0000000003000568                ChunkX
                0x000000000300056c                cy
                0x0000000003000570                ChunkY
                0x0000000003000574                mapOffsetX
                0x0000000003000578                mapOffsetY
                0x000000000300057c                o
                0x0000000003000580                c
                0x0000000003000584                d
                0x0000000003000588                map
 .bss           0x0000000003007608      0x47c sio.o
                0x0000000003007608                startsending
                0x0000000003007609                numinOutBuf
                0x000000000300760c                outbuf
                0x000000000300765c                datalen
                0x000000000300765d                dataoffset
                0x000000000300765e                currentBuffer
                0x000000000300765f                numinInBuf
                0x0000000003007660                numinsecondInBuf
                0x0000000003007664                expectedlen
                0x0000000003007668                incomingoffset
                0x000000000300766c                incomingpacket
                0x0000000003007684                secondaryincomingdata
                0x0000000003007884                incomingdata
 .bss           0x0000000003007a84        0x4 C:/devkitPro/libtonc/lib\libtonc.a(tonc_input.o)
                0x0000000003007a84                __key_curr
                0x0000000003007a86                __key_prev
 .bss.fake_heap_end
                0x0000000003007a88        0x4 c:/devkitpro/devkitarm/bin/../lib/gcc/arm-none-eabi/10.2.0/../../../../arm-none-eabi/lib/thumb\libsysbase.a(malloc_vars.o)
                0x0000000003007a88                fake_heap_end
 *(COMMON)
 COMMON         0x0000000003007a8c       0x78 C:/devkitPro/libtonc/lib\libtonc.a(tonc_irq.o)
                0x0000000003007a8c                __isr_table
                0x0000000003007b04                . = ALIGN (0x4)
                0x0000000003007b04                __bss_end__ = ABSOLUTE (.)

.data           0x0000000003007b04       0x60 load address 0x0000000002002f08
                0x0000000003007b04                __data_start__ = ABSOLUTE (.)
 *(.data)
 .data          0x0000000003007b04       0x1d main.o
                0x0000000003007b04                bg0_map
                0x0000000003007b08                playerx
                0x0000000003007b0c                playery
                0x0000000003007b10                camerax
                0x0000000003007b14                cameray
                0x0000000003007b18                player
                0x0000000003007b1c                colourselector
                0x0000000003007b20                currentTileID
 *fill*         0x0000000003007b21        0x3 ff
 .data          0x0000000003007b24       0x2c map.o
                0x0000000003007b24                bg_map
                0x0000000003007b28                mapIDconversiontable
                0x0000000003007b48                mapX
                0x0000000003007b4c                mapY
 .data          0x0000000003007b50        0xa sio.o
                0x0000000003007b50                datalengthtable
 *fill*         0x0000000003007b5a        0x2 ff
 .data          0x0000000003007b5c        0x8 C:/devkitPro/libtonc/lib\libtonc.a(tonc_input.o)
                0x0000000003007b5c                __key_rpt
 *(.data.*)
 *(.gnu.linkonce.d*)
                0x0000000003007b64                . = ALIGN (0x4)
                0x0000000003007b64                __data_end__ = ABSOLUTE (.)
                0x0000000002002f68                __iwram_overlay_lma = (__data_lma + SIZEOF (.data))
                [!provide]                        PROVIDE (edata = .)
                0x0000000003007b64                __iwram_overlay_start = .

.igot.plt       0x0000000003007b64        0x0 load address 0x0000000002002f68
 .igot.plt      0x0000000003007b64        0x0 c:/devkitpro/devkitarm/bin/../lib/gcc/arm-none-eabi/10.2.0/../../../../arm-none-eabi/lib/thumb/gba_crt0.o

.iwram0         0x0000000003007b64        0x0 load address 0x0000000002002f68
 *(.iwram0)
                0x0000000003007b64                . = ALIGN (0x4)
                0x0000000002002f68                PROVIDE (__load_start_iwram0 = LOADADDR (.iwram0))
                0x0000000002002f68                PROVIDE (__load_stop_iwram0 = (LOADADDR (.iwram0) + SIZEOF (.iwram0)))

.iwram1         0x0000000003007b64        0x0
 *(.iwram1)
                0x0000000003007b64                . = ALIGN (0x4)
                [!provide]                        PROVIDE (__load_start_iwram1 = LOADADDR (.iwram1))
                [!provide]                        PROVIDE (__load_stop_iwram1 = (LOADADDR (.iwram1) + SIZEOF (.iwram1)))

.iwram2         0x0000000003007b64        0x0
 *(.iwram2)
                0x0000000003007b64                . = ALIGN (0x4)
                [!provide]                        PROVIDE (__load_start_iwram2 = LOADADDR (.iwram2))
                [!provide]                        PROVIDE (__load_stop_iwram2 = (LOADADDR (.iwram2) + SIZEOF (.iwram2)))

.iwram3         0x0000000003007b64        0x0
 *(.iwram3)
                0x0000000003007b64                . = ALIGN (0x4)
                [!provide]                        PROVIDE (__load_start_iwram3 = LOADADDR (.iwram3))
                [!provide]                        PROVIDE (__load_stop_iwram3 = (LOADADDR (.iwram3) + SIZEOF (.iwram3)))

.iwram4         0x0000000003007b64        0x0
 *(.iwram4)
                0x0000000003007b64                . = ALIGN (0x4)
                [!provide]                        PROVIDE (__load_start_iwram4 = LOADADDR (.iwram4))
                [!provide]                        PROVIDE (__load_stop_iwram4 = (LOADADDR (.iwram4) + SIZEOF (.iwram4)))

.iwram5         0x0000000003007b64        0x0
 *(.iwram5)
                0x0000000003007b64                . = ALIGN (0x4)
                [!provide]                        PROVIDE (__load_start_iwram5 = LOADADDR (.iwram5))
                [!provide]                        PROVIDE (__load_stop_iwram5 = (LOADADDR (.iwram5) + SIZEOF (.iwram5)))

.iwram6         0x0000000003007b64        0x0
 *(.iwram6)
                0x0000000003007b64                . = ALIGN (0x4)
                [!provide]                        PROVIDE (__load_start_iwram6 = LOADADDR (.iwram6))
                [!provide]                        PROVIDE (__load_stop_iwram6 = (LOADADDR (.iwram6) + SIZEOF (.iwram6)))

.iwram7         0x0000000003007b64        0x0
 *(.iwram7)
                0x0000000003007b64                . = ALIGN (0x4)
                [!provide]                        PROVIDE (__load_start_iwram7 = LOADADDR (.iwram7))
                [!provide]                        PROVIDE (__load_stop_iwram7 = (LOADADDR (.iwram7) + SIZEOF (.iwram7)))

.iwram8         0x0000000003007b64        0x0
 *(.iwram8)
                0x0000000003007b64                . = ALIGN (0x4)
                [!provide]                        PROVIDE (__load_start_iwram8 = LOADADDR (.iwram8))
                [!provide]                        PROVIDE (__load_stop_iwram8 = (LOADADDR (.iwram8) + SIZEOF (.iwram8)))

.iwram9         0x0000000003007b64        0x0
 *(.iwram9)
                0x0000000003007b64                . = ALIGN (0x4)
                [!provide]                        PROVIDE (__load_start_iwram9 = LOADADDR (.iwram9))
                [!provide]                        PROVIDE (__load_stop_iwram9 = (LOADADDR (.iwram9) + SIZEOF (.iwram9)))
                0x0000000002002f68                __ewram_lma = ((((((((((LOADADDR (.iwram0) + SIZEOF (.iwram0)) + SIZEOF (.iwram1)) + SIZEOF (.iwram2)) + SIZEOF (.iwram3)) + SIZEOF (.iwram4)) + SIZEOF (.iwram5)) + SIZEOF (.iwram6)) + SIZEOF (.iwram7)) + SIZEOF (.iwram8)) + SIZEOF (.iwram9))
                0x0000000002002f68                __iwram_overlay_end = __ewram_lma
                0x0000000002002f68                __ewram_start = __ewram_lma

.ewram          0x0000000002002f68        0x0
 *(.ewram)
                0x0000000002002f68                . = ALIGN (0x4)
                0x0000000002002f68                __ewram_end = ABSOLUTE (.)
                0x0000000002002f68                __ewram_overlay_lma = (__ewram_lma + SIZEOF (.ewram))

.sbss           0x0000000002002f68        0x0
                0x0000000002002f68                __sbss_start__ = ABSOLUTE (.)
 *(.sbss)
                0x0000000002002f68                . = ALIGN (0x4)
                0x0000000002002f68                __sbss_end__ = ABSOLUTE (.)
                0x0000000002002f68                __end__ = ABSOLUTE (.)
                0x0000000002002f68                __eheap_start = ABSOLUTE (.)

.ewram0         0x0000000002002f68        0x0
 *(.ewram0)
                0x0000000002002f68                . = ALIGN (0x4)
                [!provide]                        PROVIDE (__load_start_ewram0 = LOADADDR (.ewram0))
                [!provide]                        PROVIDE (__load_stop_ewram0 = (LOADADDR (.ewram0) + SIZEOF (.ewram0)))

.ewram1         0x0000000002002f68        0x0
 *(.ewram1)
                0x0000000002002f68                . = ALIGN (0x4)
                [!provide]                        PROVIDE (__load_start_ewram1 = LOADADDR (.ewram1))
                [!provide]                        PROVIDE (__load_stop_ewram1 = (LOADADDR (.ewram1) + SIZEOF (.ewram1)))

.ewram2         0x0000000002002f68        0x0
 *(.ewram2)
                0x0000000002002f68                . = ALIGN (0x4)
                [!provide]                        PROVIDE (__load_start_ewram2 = LOADADDR (.ewram2))
                [!provide]                        PROVIDE (__load_stop_ewram2 = (LOADADDR (.ewram2) + SIZEOF (.ewram2)))

.ewram3         0x0000000002002f68        0x0
 *(.ewram3)
                0x0000000002002f68                . = ALIGN (0x4)
                [!provide]                        PROVIDE (__load_start_ewram3 = LOADADDR (.ewram3))
                [!provide]                        PROVIDE (__load_stop_ewram3 = (LOADADDR (.ewram3) + SIZEOF (.ewram3)))

.ewram4         0x0000000002002f68        0x0
 *(.ewram4)
                0x0000000002002f68                . = ALIGN (0x4)
                [!provide]                        PROVIDE (__load_start_ewram4 = LOADADDR (.ewram4))
                [!provide]                        PROVIDE (__load_stop_ewram4 = (LOADADDR (.ewram4) + SIZEOF (.ewram4)))

.ewram5         0x0000000002002f68        0x0
 *(.ewram5)
                0x0000000002002f68                . = ALIGN (0x4)
                [!provide]                        PROVIDE (__load_start_ewram5 = LOADADDR (.ewram5))
                [!provide]                        PROVIDE (__load_stop_ewram5 = (LOADADDR (.ewram5) + SIZEOF (.ewram5)))

.ewram6         0x0000000002002f68        0x0
 *(.ewram6)
                0x0000000002002f68                . = ALIGN (0x4)
                [!provide]                        PROVIDE (__load_start_ewram6 = LOADADDR (.ewram6))
                [!provide]                        PROVIDE (__load_stop_ewram6 = (LOADADDR (.ewram6) + SIZEOF (.ewram6)))

.ewram7         0x0000000002002f68        0x0
 *(.ewram7)
                0x0000000002002f68                . = ALIGN (0x4)
                [!provide]                        PROVIDE (__load_start_ewram7 = LOADADDR (.ewram7))
                [!provide]                        PROVIDE (__load_stop_ewram7 = (LOADADDR (.ewram7) + SIZEOF (.ewram7)))

.ewram8         0x0000000002002f68        0x0
 *(.ewram8)
                0x0000000002002f68                . = ALIGN (0x4)
                [!provide]                        PROVIDE (__load_start_ewram8 = LOADADDR (.ewram8))
                [!provide]                        PROVIDE (__load_stop_ewram8 = (LOADADDR (.ewram8) + SIZEOF (.ewram8)))

.ewram9         0x0000000002002f68        0x0
 *(.ewram9)
                0x0000000002002f68                . = ALIGN (0x4)
                [!provide]                        PROVIDE (__load_start_ewram9 = LOADADDR (.ewram9))
                [!provide]                        PROVIDE (__load_stop_ewram9 = (LOADADDR (.ewram9) + SIZEOF (.ewram9)))
                0x0000000002002f68                __ewram_overlay_end = ABSOLUTE (.)
                0x0000000002002f68                __eheap_start = __ewram_overlay_end
                0x0000000002002f68                _end = __ewram_overlay_end
                0x0000000002002f68                __end__ = __ewram_overlay_end
                0x0000000002002f68                __rom_end__ = __ewram_overlay_end

.stab
 *(.stab)

.stabstr
 *(.stabstr)

.stab.excl
 *(.stab.excl)

.stab.exclstr
 *(.stab.exclstr)

.stab.index
 *(.stab.index)

.stab.indexstr
 *(.stab.indexstr)

.comment        0x0000000000000000       0x45
 *(.comment)
 .comment       0x0000000000000000       0x23 c:/devkitpro/devkitarm/bin/../lib/gcc/arm-none-eabi/10.2.0/thumb/crtbegin.o
                                         0x24 (size before relaxing)
 .comment       0x0000000000000023       0x24 Colly.o
 .comment       0x0000000000000023       0x24 TileMap.o
 .comment       0x0000000000000023       0x24 main.o
 .comment       0x0000000000000023       0x24 map.o
 .comment       0x0000000000000023       0x24 sio.o
 .comment       0x0000000000000023       0x24 util.o
 .comment       0x0000000000000023       0x22 C:/devkitPro/libtonc/lib\libtonc.a(tonc_irq.o)
                                         0x23 (size before relaxing)
 .comment       0x0000000000000045       0x23 C:/devkitPro/libtonc/lib\libtonc.a(tonc_oam.o)
 .comment       0x0000000000000045       0x23 C:/devkitPro/libtonc/lib\libtonc.a(tonc_input.o)
 .comment       0x0000000000000045       0x24 c:/devkitpro/devkitarm/bin/../lib/gcc/arm-none-eabi/10.2.0/../../../../arm-none-eabi/lib/thumb\libg.a(lib_a-init.o)
 .comment       0x0000000000000045       0x24 c:/devkitpro/devkitarm/bin/../lib/gcc/arm-none-eabi/10.2.0/../../../../arm-none-eabi/lib/thumb\libg.a(lib_a-memcpy-stub.o)
 .comment       0x0000000000000045       0x24 c:/devkitpro/devkitarm/bin/../lib/gcc/arm-none-eabi/10.2.0/../../../../arm-none-eabi/lib/thumb\libg.a(lib_a-memmove.o)
 .comment       0x0000000000000045       0x24 c:/devkitpro/devkitarm/bin/../lib/gcc/arm-none-eabi/10.2.0/../../../../arm-none-eabi/lib/thumb\libsysbase.a(malloc_vars.o)
 .comment       0x0000000000000045       0x24 c:/devkitpro/devkitarm/bin/../lib/gcc/arm-none-eabi/10.2.0/thumb/crtend.o

.ARM.attributes
                0x0000000000000000       0x2c
 .ARM.attributes
                0x0000000000000000       0x20 c:/devkitpro/devkitarm/bin/../lib/gcc/arm-none-eabi/10.2.0/../../../../arm-none-eabi/lib/thumb/gba_crt0.o
 .ARM.attributes
                0x0000000000000020       0x1c c:/devkitpro/devkitarm/bin/../lib/gcc/arm-none-eabi/10.2.0/thumb/crti.o
 .ARM.attributes
                0x000000000000003c       0x2a c:/devkitpro/devkitarm/bin/../lib/gcc/arm-none-eabi/10.2.0/thumb/crtbegin.o
 .ARM.attributes
                0x0000000000000066       0x26 Colly.o
 .ARM.attributes
                0x000000000000008c       0x2c TileMap.o
 .ARM.attributes
                0x00000000000000b8       0x26 main.o
 .ARM.attributes
                0x00000000000000de       0x26 map.o
 .ARM.attributes
                0x0000000000000104       0x26 sio.o
 .ARM.attributes
                0x000000000000012a       0x26 util.o
 .ARM.attributes
                0x0000000000000150       0x2a C:/devkitPro/libtonc/lib\libtonc.a(tonc_irq.o)
 .ARM.attributes
                0x000000000000017a       0x2a C:/devkitPro/libtonc/lib\libtonc.a(tonc_oam.o)
 .ARM.attributes
                0x00000000000001a4       0x2a C:/devkitPro/libtonc/lib\libtonc.a(tonc_input.o)
 .ARM.attributes
                0x00000000000001ce       0x1a C:/devkitPro/libtonc/lib\libtonc.a(tonc_bios.o)
 .ARM.attributes
                0x00000000000001e8       0x1a C:/devkitPro/libtonc/lib\libtonc.a(tonc_memcpy.o)
 .ARM.attributes
                0x0000000000000202       0x1a C:/devkitPro/libtonc/lib\libtonc.a(tonc_isr_master.o)
 .ARM.attributes
                0x000000000000021c       0x1a C:/devkitPro/libtonc/lib\libtonc.a(tonc_memset.o)
 .ARM.attributes
                0x0000000000000236       0x1c c:/devkitpro/devkitarm/bin/../lib/gcc/arm-none-eabi/10.2.0/thumb\libgcc.a(_arm_mulsf3.o)
 .ARM.attributes
                0x0000000000000252       0x1c c:/devkitpro/devkitarm/bin/../lib/gcc/arm-none-eabi/10.2.0/thumb\libgcc.a(_udivsi3.o)
 .ARM.attributes
                0x000000000000026e       0x1c c:/devkitpro/devkitarm/bin/../lib/gcc/arm-none-eabi/10.2.0/thumb\libgcc.a(_divsi3.o)
 .ARM.attributes
                0x000000000000028a       0x1c c:/devkitpro/devkitarm/bin/../lib/gcc/arm-none-eabi/10.2.0/thumb\libgcc.a(_dvmd_tls.o)
 .ARM.attributes
                0x00000000000002a6       0x1c c:/devkitpro/devkitarm/bin/../lib/gcc/arm-none-eabi/10.2.0/thumb\libgcc.a(_arm_addsubsf3.o)
 .ARM.attributes
                0x00000000000002c2       0x1c c:/devkitpro/devkitarm/bin/../lib/gcc/arm-none-eabi/10.2.0/thumb\libgcc.a(_arm_cmpsf2.o)
 .ARM.attributes
                0x00000000000002de       0x1c c:/devkitpro/devkitarm/bin/../lib/gcc/arm-none-eabi/10.2.0/thumb\libgcc.a(_arm_fixsfsi.o)
 .ARM.attributes
                0x00000000000002fa       0x2a c:/devkitpro/devkitarm/bin/../lib/gcc/arm-none-eabi/10.2.0/../../../../arm-none-eabi/lib/thumb\libg.a(lib_a-init.o)
 .ARM.attributes
                0x0000000000000324       0x2a c:/devkitpro/devkitarm/bin/../lib/gcc/arm-none-eabi/10.2.0/../../../../arm-none-eabi/lib/thumb\libg.a(lib_a-memcpy-stub.o)
 .ARM.attributes
                0x000000000000034e       0x2a c:/devkitpro/devkitarm/bin/../lib/gcc/arm-none-eabi/10.2.0/../../../../arm-none-eabi/lib/thumb\libg.a(lib_a-memmove.o)
 .ARM.attributes
                0x0000000000000378       0x30 c:/devkitpro/devkitarm/bin/../lib/gcc/arm-none-eabi/10.2.0/../../../../arm-none-eabi/lib/thumb\libsysbase.a(malloc_vars.o)
 .ARM.attributes
                0x00000000000003a8       0x30 c:/devkitpro/devkitarm/bin/../lib/gcc/arm-none-eabi/10.2.0/thumb/crtend.o
 .ARM.attributes
                0x00000000000003d8       0x1c c:/devkitpro/devkitarm/bin/../lib/gcc/arm-none-eabi/10.2.0/thumb/crtn.o

.debug
 *(.debug)

.line
 *(.line)

.debug_srcinfo
 *(.debug_srcinfo)

.debug_sfnames
 *(.debug_sfnames)

.debug_aranges  0x0000000000000000       0xc0
 *(.debug_aranges)
 .debug_aranges
                0x0000000000000000       0x20 Colly.o
 .debug_aranges
                0x0000000000000020       0x18 TileMap.o
 .debug_aranges
                0x0000000000000038       0x28 main.o
 .debug_aranges
                0x0000000000000060       0x20 map.o
 .debug_aranges
                0x0000000000000080       0x20 sio.o
 .debug_aranges
                0x00000000000000a0       0x20 util.o

.debug_pubnames
 *(.debug_pubnames)

.debug_info     0x0000000000000000     0x307b
 *(.debug_info)
 .debug_info    0x0000000000000000      0xdf3 Colly.o
 .debug_info    0x0000000000000df3      0x1c6 TileMap.o
 .debug_info    0x0000000000000fb9      0xdda main.o
 .debug_info    0x0000000000001d93      0x96f map.o
 .debug_info    0x0000000000002702      0x80a sio.o
 .debug_info    0x0000000000002f0c      0x16f util.o

.debug_abbrev   0x0000000000000000      0xd59
 *(.debug_abbrev)
 .debug_abbrev  0x0000000000000000      0x2a3 Colly.o
 .debug_abbrev  0x00000000000002a3       0x95 TileMap.o
 .debug_abbrev  0x0000000000000338      0x3e6 main.o
 .debug_abbrev  0x000000000000071e      0x2a6 map.o
 .debug_abbrev  0x00000000000009c4      0x2e6 sio.o
 .debug_abbrev  0x0000000000000caa       0xaf util.o

.debug_line     0x0000000000000000     0x27df
 *(.debug_line)
 .debug_line    0x0000000000000000      0x7ad Colly.o
 .debug_line    0x00000000000007ad       0x99 TileMap.o
 .debug_line    0x0000000000000846      0xb72 main.o
 .debug_line    0x00000000000013b8      0xa3a map.o
 .debug_line    0x0000000000001df2      0x8e7 sio.o
 .debug_line    0x00000000000026d9      0x106 util.o

.debug_frame    0x0000000000000000      0x3ac
 *(.debug_frame)
 .debug_frame   0x0000000000000000       0xac Colly.o
 .debug_frame   0x00000000000000ac       0xc0 main.o
 .debug_frame   0x000000000000016c       0xe8 map.o
 .debug_frame   0x0000000000000254      0x118 sio.o
 .debug_frame   0x000000000000036c       0x40 util.o

.debug_str      0x0000000000000000      0x8f9
 *(.debug_str)
 .debug_str     0x0000000000000000      0x27e Colly.o
                                        0x2bc (size before relaxing)
 .debug_str     0x000000000000027e      0x106 TileMap.o
                                        0x24c (size before relaxing)
 .debug_str     0x0000000000000384      0x2d3 main.o
                                        0x532 (size before relaxing)
 .debug_str     0x0000000000000657       0xff map.o
                                        0x355 (size before relaxing)
 .debug_str     0x0000000000000756      0x15c sio.o
                                        0x419 (size before relaxing)
 .debug_str     0x00000000000008b2       0x47 util.o
                                        0x1aa (size before relaxing)

.debug_loc      0x0000000000000000     0x2dad
 *(.debug_loc)
 .debug_loc     0x0000000000000000     0x16f9 Colly.o
 .debug_loc     0x00000000000016f9      0x67d main.o
 .debug_loc     0x0000000000001d76      0xa05 map.o
 .debug_loc     0x000000000000277b      0x43b sio.o
 .debug_loc     0x0000000000002bb6      0x1f7 util.o

.debug_macinfo
 *(.debug_macinfo)

.debug_weaknames
 *(.debug_weaknames)

.debug_funcnames
 *(.debug_funcnames)

.debug_typenames
 *(.debug_typenames)

.debug_varnames
 *(.debug_varnames)

.stack          0x0000000000080000        0x0
                0x0000000000080000                _stack = .
 *(.stack)
LOAD c:/devkitpro/devkitarm/bin/../lib/gcc/arm-none-eabi/10.2.0/../../../../arm-none-eabi/lib/thumb/gba_crt0.o
LOAD c:/devkitpro/devkitarm/bin/../lib/gcc/arm-none-eabi/10.2.0/thumb/crti.o
LOAD c:/devkitpro/devkitarm/bin/../lib/gcc/arm-none-eabi/10.2.0/thumb/crtbegin.o
LOAD Colly.o
LOAD TileMap.o
LOAD main.o
LOAD map.o
LOAD sio.o
LOAD util.o
LOAD C:/devkitPro/libgba/lib\libgba.a
LOAD C:/devkitPro/libtonc/lib\libtonc.a
START GROUP
LOAD c:/devkitpro/devkitarm/bin/../lib/gcc/arm-none-eabi/10.2.0/thumb\libgcc.a
LOAD c:/devkitpro/devkitarm/bin/../lib/gcc/arm-none-eabi/10.2.0/../../../../arm-none-eabi/lib/thumb\libg.a
LOAD c:/devkitpro/devkitarm/bin/../lib/gcc/arm-none-eabi/10.2.0/../../../../arm-none-eabi/lib/thumb\libc.a
LOAD c:/devkitpro/devkitarm/bin/../lib/gcc/arm-none-eabi/10.2.0/../../../../arm-none-eabi/lib/thumb\libsysbase.a
END GROUP
LOAD c:/devkitpro/devkitarm/bin/../lib/gcc/arm-none-eabi/10.2.0/thumb/crtend.o
LOAD c:/devkitpro/devkitarm/bin/../lib/gcc/arm-none-eabi/10.2.0/thumb/crtn.o
OUTPUT(C:/Users/Daniel/Desktop/GBAWork/TileWorldGBA/TileWorldGBA_mb.elf elf32-littlearm)
LOAD linker stubs

.debug_ranges   0x0000000000000000      0x858
 .debug_ranges  0x0000000000000000      0x470 Colly.o
 .debug_ranges  0x0000000000000470      0x218 main.o
 .debug_ranges  0x0000000000000688       0xe8 map.o
 .debug_ranges  0x0000000000000770       0xe8 sio.o
