Archive member included to satisfy reference by file (symbol)

C:/devkitPro/libtonc/lib\libtonc.a(tonc_irq.o)
                              main.o (irq_init)
C:/devkitPro/libtonc/lib\libtonc.a(tonc_oam.o)
                              main.o (oam_init)
C:/devkitPro/libtonc/lib\libtonc.a(tonc_input.o)
                              main.o (key_poll)
C:/devkitPro/libtonc/lib\libtonc.a(tte_main.o)
                              main.o (tte_erase_screen)
C:/devkitPro/libtonc/lib\libtonc.a(tte_init_obj.o)
                              main.o (tte_init_obj)
C:/devkitPro/libtonc/lib\libtonc.a(tonc_text.o)
                              main.o (txt_bup_1toX)
C:/devkitPro/libtonc/lib\libtonc.a(tonc_bios.o)
                              C:/devkitPro/libtonc/lib\libtonc.a(tonc_input.o) (VBlankIntrWait)
C:/devkitPro/libtonc/lib\libtonc.a(tonc_memcpy.o)
                              main.o (memcpy32)
C:/devkitPro/libtonc/lib\libtonc.a(tonc_bios_ex.o)
                              C:/devkitPro/libtonc/lib\libtonc.a(tte_main.o) (VBlankIntrDelay)
C:/devkitPro/libtonc/lib\libtonc.a(tonc_isr_master.o)
                              C:/devkitPro/libtonc/lib\libtonc.a(tonc_irq.o) (isr_master)
C:/devkitPro/libtonc/lib\libtonc.a(tonc_memset.o)
                              C:/devkitPro/libtonc/lib\libtonc.a(tonc_irq.o) (memset32)
C:/devkitPro/libtonc/lib\libtonc.a(sys8.o)
                              C:/devkitPro/libtonc/lib\libtonc.a(tte_main.o) (sys8Font)
C:/devkitPro/libtonc/lib\libtonc.a(toncfont.o)
                              main.o (toncfontTiles)
C:/devkitPro/libtonc/lib\libtonc.a(obj_drawg.o)
                              C:/devkitPro/libtonc/lib\libtonc.a(tte_init_obj.o) (obj_erase)
c:/devkitpro/devkitarm/bin/../lib/gcc/arm-none-eabi/10.2.0/thumb\libgcc.a(_arm_mulsf3.o)
                              players.o (__aeabi_fmul)
c:/devkitpro/devkitarm/bin/../lib/gcc/arm-none-eabi/10.2.0/thumb\libgcc.a(_divsi3.o)
                              C:/devkitPro/libtonc/lib\libtonc.a(tte_main.o) (__aeabi_idiv)
c:/devkitpro/devkitarm/bin/../lib/gcc/arm-none-eabi/10.2.0/thumb\libgcc.a(_dvmd_tls.o)
                              c:/devkitpro/devkitarm/bin/../lib/gcc/arm-none-eabi/10.2.0/thumb\libgcc.a(_divsi3.o) (__aeabi_idiv0)
c:/devkitpro/devkitarm/bin/../lib/gcc/arm-none-eabi/10.2.0/thumb\libgcc.a(_arm_addsubsf3.o)
                              Colly.o (__aeabi_fsub)
c:/devkitpro/devkitarm/bin/../lib/gcc/arm-none-eabi/10.2.0/thumb\libgcc.a(_arm_cmpsf2.o)
                              Colly.o (__aeabi_fcmplt)
c:/devkitpro/devkitarm/bin/../lib/gcc/arm-none-eabi/10.2.0/thumb\libgcc.a(_arm_fixsfsi.o)
                              Colly.o (__aeabi_f2iz)
c:/devkitpro/devkitarm/bin/../lib/gcc/arm-none-eabi/10.2.0/../../../../arm-none-eabi/lib/thumb\libg.a(lib_a-ctype_.o)
                              C:/devkitPro/libtonc/lib\libtonc.a(tte_main.o) (_ctype_)
c:/devkitpro/devkitarm/bin/../lib/gcc/arm-none-eabi/10.2.0/../../../../arm-none-eabi/lib/thumb\libg.a(lib_a-init.o)
                              c:/devkitpro/devkitarm/bin/../lib/gcc/arm-none-eabi/10.2.0/../../../../arm-none-eabi/lib/thumb/gba_crt0.o (__libc_init_array)
c:/devkitpro/devkitarm/bin/../lib/gcc/arm-none-eabi/10.2.0/../../../../arm-none-eabi/lib/thumb\libg.a(lib_a-itoa.o)
                              main.o (itoa)
c:/devkitpro/devkitarm/bin/../lib/gcc/arm-none-eabi/10.2.0/../../../../arm-none-eabi/lib/thumb\libg.a(lib_a-malloc.o)
                              main.o (malloc)
c:/devkitpro/devkitarm/bin/../lib/gcc/arm-none-eabi/10.2.0/../../../../arm-none-eabi/lib/thumb\libg.a(lib_a-mallocr.o)
                              c:/devkitpro/devkitarm/bin/../lib/gcc/arm-none-eabi/10.2.0/../../../../arm-none-eabi/lib/thumb\libg.a(lib_a-malloc.o) (_malloc_r)
c:/devkitpro/devkitarm/bin/../lib/gcc/arm-none-eabi/10.2.0/../../../../arm-none-eabi/lib/thumb\libg.a(lib_a-memcpy-stub.o)
                              main.o (memcpy)
c:/devkitpro/devkitarm/bin/../lib/gcc/arm-none-eabi/10.2.0/../../../../arm-none-eabi/lib/thumb\libg.a(lib_a-memmove.o)
                              sio.o (memmove)
c:/devkitpro/devkitarm/bin/../lib/gcc/arm-none-eabi/10.2.0/../../../../arm-none-eabi/lib/thumb\libg.a(lib_a-memset.o)
                              C:/devkitPro/libtonc/lib\libtonc.a(tte_main.o) (memset)
c:/devkitpro/devkitarm/bin/../lib/gcc/arm-none-eabi/10.2.0/../../../../arm-none-eabi/lib/thumb\libg.a(lib_a-mlock.o)
                              c:/devkitpro/devkitarm/bin/../lib/gcc/arm-none-eabi/10.2.0/../../../../arm-none-eabi/lib/thumb\libg.a(lib_a-mallocr.o) (__malloc_lock)
c:/devkitpro/devkitarm/bin/../lib/gcc/arm-none-eabi/10.2.0/../../../../arm-none-eabi/lib/thumb\libg.a(lib_a-strlen-stub.o)
                              sio.o (strlen)
c:/devkitpro/devkitarm/bin/../lib/gcc/arm-none-eabi/10.2.0/../../../../arm-none-eabi/lib/thumb\libg.a(lib_a-strtol.o)
                              C:/devkitPro/libtonc/lib\libtonc.a(tte_main.o) (strtol)
c:/devkitpro/devkitarm/bin/../lib/gcc/arm-none-eabi/10.2.0/../../../../arm-none-eabi/lib/thumb\libg.a(lib_a-utoa.o)
                              c:/devkitpro/devkitarm/bin/../lib/gcc/arm-none-eabi/10.2.0/../../../../arm-none-eabi/lib/thumb\libg.a(lib_a-itoa.o) (__utoa)
c:/devkitpro/devkitarm/bin/../lib/gcc/arm-none-eabi/10.2.0/../../../../arm-none-eabi/lib/thumb\libg.a(lib_a-errno.o)
                              c:/devkitpro/devkitarm/bin/../lib/gcc/arm-none-eabi/10.2.0/../../../../arm-none-eabi/lib/thumb\libg.a(lib_a-strtol.o) (__errno)
c:/devkitpro/devkitarm/bin/../lib/gcc/arm-none-eabi/10.2.0/../../../../arm-none-eabi/lib/thumb\libg.a(lib_a-freer.o)
                              c:/devkitpro/devkitarm/bin/../lib/gcc/arm-none-eabi/10.2.0/../../../../arm-none-eabi/lib/thumb\libg.a(lib_a-malloc.o) (_free_r)
c:/devkitpro/devkitarm/bin/../lib/gcc/arm-none-eabi/10.2.0/../../../../arm-none-eabi/lib/thumb\libsysbase.a(sbrk.o)
                              c:/devkitpro/devkitarm/bin/../lib/gcc/arm-none-eabi/10.2.0/../../../../arm-none-eabi/lib/thumb\libg.a(lib_a-mallocr.o) (_sbrk_r)
c:/devkitpro/devkitarm/bin/../lib/gcc/arm-none-eabi/10.2.0/../../../../arm-none-eabi/lib/thumb\libsysbase.a(malloc_vars.o)
                              c:/devkitpro/devkitarm/bin/../lib/gcc/arm-none-eabi/10.2.0/../../../../arm-none-eabi/lib/thumb\libsysbase.a(sbrk.o) (fake_heap_start)
c:/devkitpro/devkitarm/bin/../lib/gcc/arm-none-eabi/10.2.0/../../../../arm-none-eabi/lib/thumb\libsysbase.a(syscall_support.o)
                              c:/devkitpro/devkitarm/bin/../lib/gcc/arm-none-eabi/10.2.0/../../../../arm-none-eabi/lib/thumb\libg.a(lib_a-mlock.o) (__libc_lock_acquire_recursive)
c:/devkitpro/devkitarm/bin/../lib/gcc/arm-none-eabi/10.2.0/../../../../arm-none-eabi/lib/thumb\libsysbase.a(getreent.o)
                              c:/devkitpro/devkitarm/bin/../lib/gcc/arm-none-eabi/10.2.0/../../../../arm-none-eabi/lib/thumb\libg.a(lib_a-malloc.o) (__getreent)
c:/devkitpro/devkitarm/bin/../lib/gcc/arm-none-eabi/10.2.0/thumb\libgcc.a(_udivsi3.o)
                              c:/devkitpro/devkitarm/bin/../lib/gcc/arm-none-eabi/10.2.0/../../../../arm-none-eabi/lib/thumb\libg.a(lib_a-strtol.o) (__aeabi_uidivmod)
c:/devkitpro/devkitarm/bin/../lib/gcc/arm-none-eabi/10.2.0/../../../../arm-none-eabi/lib/thumb\libg.a(lib_a-impure.o)
                              c:/devkitpro/devkitarm/bin/../lib/gcc/arm-none-eabi/10.2.0/../../../../arm-none-eabi/lib/thumb\libsysbase.a(getreent.o) (_impure_ptr)

Allocating common symbols
Common symbol       size              file

__isr_table         0x78              C:/devkitPro/libtonc/lib\libtonc.a(tonc_irq.o)
__txt_base          0x20              C:/devkitPro/libtonc/lib\libtonc.a(tonc_text.o)
txt_lut             0x100             C:/devkitPro/libtonc/lib\libtonc.a(tonc_text.o)
__tte_main_context  0x48              C:/devkitPro/libtonc/lib\libtonc.a(tte_main.o)

Discarded input sections

 .text          0x0000000000000000        0x0 c:/devkitpro/devkitarm/bin/../lib/gcc/arm-none-eabi/10.2.0/../../../../arm-none-eabi/lib/thumb/gba_crt0.o
 .data          0x0000000000000000        0x0 c:/devkitpro/devkitarm/bin/../lib/gcc/arm-none-eabi/10.2.0/../../../../arm-none-eabi/lib/thumb/gba_crt0.o
 .bss           0x0000000000000000        0x0 c:/devkitpro/devkitarm/bin/../lib/gcc/arm-none-eabi/10.2.0/../../../../arm-none-eabi/lib/thumb/gba_crt0.o
 .text          0x0000000000000000        0x0 c:/devkitpro/devkitarm/bin/../lib/gcc/arm-none-eabi/10.2.0/thumb/crti.o
 .data          0x0000000000000000        0x0 c:/devkitpro/devkitarm/bin/../lib/gcc/arm-none-eabi/10.2.0/thumb/crti.o
 .bss           0x0000000000000000        0x0 c:/devkitpro/devkitarm/bin/../lib/gcc/arm-none-eabi/10.2.0/thumb/crti.o
 .text          0x0000000000000000        0x0 c:/devkitpro/devkitarm/bin/../lib/gcc/arm-none-eabi/10.2.0/thumb/crtbegin.o
 .data          0x0000000000000000        0x0 c:/devkitpro/devkitarm/bin/../lib/gcc/arm-none-eabi/10.2.0/thumb/crtbegin.o
 .bss           0x0000000000000000        0x0 c:/devkitpro/devkitarm/bin/../lib/gcc/arm-none-eabi/10.2.0/thumb/crtbegin.o
 .data.__dso_handle
                0x0000000000000000        0x4 c:/devkitpro/devkitarm/bin/../lib/gcc/arm-none-eabi/10.2.0/thumb/crtbegin.o
 .data          0x0000000000000000        0x0 Colly.o
 .bss           0x0000000000000000        0x0 Colly.o
 .text          0x0000000000000000        0x0 TileMap.o
 .data          0x0000000000000000        0x0 TileMap.o
 .bss           0x0000000000000000        0x0 TileMap.o
 .data          0x0000000000000000        0x0 players.o
 .data          0x0000000000000000        0x0 util.o
 .bss           0x0000000000000000        0x0 util.o
 .data          0x0000000000000000        0x0 C:/devkitPro/libtonc/lib\libtonc.a(tonc_irq.o)
 .bss           0x0000000000000000        0x0 C:/devkitPro/libtonc/lib\libtonc.a(tonc_irq.o)
 .data          0x0000000000000000        0x0 C:/devkitPro/libtonc/lib\libtonc.a(tonc_oam.o)
 .bss           0x0000000000000000        0x0 C:/devkitPro/libtonc/lib\libtonc.a(tonc_oam.o)
 .bss           0x0000000000000000        0x0 C:/devkitPro/libtonc/lib\libtonc.a(tte_main.o)
 .data          0x0000000000000000        0x0 C:/devkitPro/libtonc/lib\libtonc.a(tte_init_obj.o)
 .bss           0x0000000000000000        0x0 C:/devkitPro/libtonc/lib\libtonc.a(tte_init_obj.o)
 .bss           0x0000000000000000        0x0 C:/devkitPro/libtonc/lib\libtonc.a(tonc_text.o)
 .data          0x0000000000000000        0x0 C:/devkitPro/libtonc/lib\libtonc.a(tonc_bios.o)
 .bss           0x0000000000000000        0x0 C:/devkitPro/libtonc/lib\libtonc.a(tonc_bios.o)
 .text          0x0000000000000000       0x44 C:/devkitPro/libtonc/lib\libtonc.a(tonc_memcpy.o)
 .data          0x0000000000000000        0x0 C:/devkitPro/libtonc/lib\libtonc.a(tonc_memcpy.o)
 .bss           0x0000000000000000        0x0 C:/devkitPro/libtonc/lib\libtonc.a(tonc_memcpy.o)
 .data          0x0000000000000000        0x0 C:/devkitPro/libtonc/lib\libtonc.a(tonc_bios_ex.o)
 .bss           0x0000000000000000        0x0 C:/devkitPro/libtonc/lib\libtonc.a(tonc_bios_ex.o)
 .text          0x0000000000000000        0x0 C:/devkitPro/libtonc/lib\libtonc.a(tonc_isr_master.o)
 .data          0x0000000000000000        0x0 C:/devkitPro/libtonc/lib\libtonc.a(tonc_isr_master.o)
 .bss           0x0000000000000000        0x0 C:/devkitPro/libtonc/lib\libtonc.a(tonc_isr_master.o)
 .text          0x0000000000000000       0x3c C:/devkitPro/libtonc/lib\libtonc.a(tonc_memset.o)
 .data          0x0000000000000000        0x0 C:/devkitPro/libtonc/lib\libtonc.a(tonc_memset.o)
 .bss           0x0000000000000000        0x0 C:/devkitPro/libtonc/lib\libtonc.a(tonc_memset.o)
 .text          0x0000000000000000        0x0 C:/devkitPro/libtonc/lib\libtonc.a(sys8.o)
 .data          0x0000000000000000        0x0 C:/devkitPro/libtonc/lib\libtonc.a(sys8.o)
 .bss           0x0000000000000000        0x0 C:/devkitPro/libtonc/lib\libtonc.a(sys8.o)
 .text          0x0000000000000000        0x0 C:/devkitPro/libtonc/lib\libtonc.a(toncfont.o)
 .data          0x0000000000000000        0x0 C:/devkitPro/libtonc/lib\libtonc.a(toncfont.o)
 .bss           0x0000000000000000        0x0 C:/devkitPro/libtonc/lib\libtonc.a(toncfont.o)
 .data          0x0000000000000000        0x0 C:/devkitPro/libtonc/lib\libtonc.a(obj_drawg.o)
 .bss           0x0000000000000000        0x0 C:/devkitPro/libtonc/lib\libtonc.a(obj_drawg.o)
 .data          0x0000000000000000        0x0 c:/devkitpro/devkitarm/bin/../lib/gcc/arm-none-eabi/10.2.0/thumb\libgcc.a(_arm_mulsf3.o)
 .bss           0x0000000000000000        0x0 c:/devkitpro/devkitarm/bin/../lib/gcc/arm-none-eabi/10.2.0/thumb\libgcc.a(_arm_mulsf3.o)
 .data          0x0000000000000000        0x0 c:/devkitpro/devkitarm/bin/../lib/gcc/arm-none-eabi/10.2.0/thumb\libgcc.a(_divsi3.o)
 .bss           0x0000000000000000        0x0 c:/devkitpro/devkitarm/bin/../lib/gcc/arm-none-eabi/10.2.0/thumb\libgcc.a(_divsi3.o)
 .data          0x0000000000000000        0x0 c:/devkitpro/devkitarm/bin/../lib/gcc/arm-none-eabi/10.2.0/thumb\libgcc.a(_dvmd_tls.o)
 .bss           0x0000000000000000        0x0 c:/devkitpro/devkitarm/bin/../lib/gcc/arm-none-eabi/10.2.0/thumb\libgcc.a(_dvmd_tls.o)
 .data          0x0000000000000000        0x0 c:/devkitpro/devkitarm/bin/../lib/gcc/arm-none-eabi/10.2.0/thumb\libgcc.a(_arm_addsubsf3.o)
 .bss           0x0000000000000000        0x0 c:/devkitpro/devkitarm/bin/../lib/gcc/arm-none-eabi/10.2.0/thumb\libgcc.a(_arm_addsubsf3.o)
 .data          0x0000000000000000        0x0 c:/devkitpro/devkitarm/bin/../lib/gcc/arm-none-eabi/10.2.0/thumb\libgcc.a(_arm_cmpsf2.o)
 .bss           0x0000000000000000        0x0 c:/devkitpro/devkitarm/bin/../lib/gcc/arm-none-eabi/10.2.0/thumb\libgcc.a(_arm_cmpsf2.o)
 .data          0x0000000000000000        0x0 c:/devkitpro/devkitarm/bin/../lib/gcc/arm-none-eabi/10.2.0/thumb\libgcc.a(_arm_fixsfsi.o)
 .bss           0x0000000000000000        0x0 c:/devkitpro/devkitarm/bin/../lib/gcc/arm-none-eabi/10.2.0/thumb\libgcc.a(_arm_fixsfsi.o)
 .text          0x0000000000000000        0x0 c:/devkitpro/devkitarm/bin/../lib/gcc/arm-none-eabi/10.2.0/../../../../arm-none-eabi/lib/thumb\libg.a(lib_a-ctype_.o)
 .data          0x0000000000000000        0x0 c:/devkitpro/devkitarm/bin/../lib/gcc/arm-none-eabi/10.2.0/../../../../arm-none-eabi/lib/thumb\libg.a(lib_a-ctype_.o)
 .bss           0x0000000000000000        0x0 c:/devkitpro/devkitarm/bin/../lib/gcc/arm-none-eabi/10.2.0/../../../../arm-none-eabi/lib/thumb\libg.a(lib_a-ctype_.o)
 .text.__set_ctype
                0x0000000000000000        0xc c:/devkitpro/devkitarm/bin/../lib/gcc/arm-none-eabi/10.2.0/../../../../arm-none-eabi/lib/thumb\libg.a(lib_a-ctype_.o)
 .text          0x0000000000000000        0x0 c:/devkitpro/devkitarm/bin/../lib/gcc/arm-none-eabi/10.2.0/../../../../arm-none-eabi/lib/thumb\libg.a(lib_a-init.o)
 .data          0x0000000000000000        0x0 c:/devkitpro/devkitarm/bin/../lib/gcc/arm-none-eabi/10.2.0/../../../../arm-none-eabi/lib/thumb\libg.a(lib_a-init.o)
 .bss           0x0000000000000000        0x0 c:/devkitpro/devkitarm/bin/../lib/gcc/arm-none-eabi/10.2.0/../../../../arm-none-eabi/lib/thumb\libg.a(lib_a-init.o)
 .text          0x0000000000000000        0x0 c:/devkitpro/devkitarm/bin/../lib/gcc/arm-none-eabi/10.2.0/../../../../arm-none-eabi/lib/thumb\libg.a(lib_a-itoa.o)
 .data          0x0000000000000000        0x0 c:/devkitpro/devkitarm/bin/../lib/gcc/arm-none-eabi/10.2.0/../../../../arm-none-eabi/lib/thumb\libg.a(lib_a-itoa.o)
 .bss           0x0000000000000000        0x0 c:/devkitpro/devkitarm/bin/../lib/gcc/arm-none-eabi/10.2.0/../../../../arm-none-eabi/lib/thumb\libg.a(lib_a-itoa.o)
 .text.__itoa   0x0000000000000000       0x34 c:/devkitpro/devkitarm/bin/../lib/gcc/arm-none-eabi/10.2.0/../../../../arm-none-eabi/lib/thumb\libg.a(lib_a-itoa.o)
 .text          0x0000000000000000        0x0 c:/devkitpro/devkitarm/bin/../lib/gcc/arm-none-eabi/10.2.0/../../../../arm-none-eabi/lib/thumb\libg.a(lib_a-malloc.o)
 .data          0x0000000000000000        0x0 c:/devkitpro/devkitarm/bin/../lib/gcc/arm-none-eabi/10.2.0/../../../../arm-none-eabi/lib/thumb\libg.a(lib_a-malloc.o)
 .bss           0x0000000000000000        0x0 c:/devkitpro/devkitarm/bin/../lib/gcc/arm-none-eabi/10.2.0/../../../../arm-none-eabi/lib/thumb\libg.a(lib_a-malloc.o)
 .text.free     0x0000000000000000       0x14 c:/devkitpro/devkitarm/bin/../lib/gcc/arm-none-eabi/10.2.0/../../../../arm-none-eabi/lib/thumb\libg.a(lib_a-malloc.o)
 .text          0x0000000000000000        0x0 c:/devkitpro/devkitarm/bin/../lib/gcc/arm-none-eabi/10.2.0/../../../../arm-none-eabi/lib/thumb\libg.a(lib_a-mallocr.o)
 .data          0x0000000000000000        0x0 c:/devkitpro/devkitarm/bin/../lib/gcc/arm-none-eabi/10.2.0/../../../../arm-none-eabi/lib/thumb\libg.a(lib_a-mallocr.o)
 .bss           0x0000000000000000        0x0 c:/devkitpro/devkitarm/bin/../lib/gcc/arm-none-eabi/10.2.0/../../../../arm-none-eabi/lib/thumb\libg.a(lib_a-mallocr.o)
 .text          0x0000000000000000        0x0 c:/devkitpro/devkitarm/bin/../lib/gcc/arm-none-eabi/10.2.0/../../../../arm-none-eabi/lib/thumb\libg.a(lib_a-memcpy-stub.o)
 .data          0x0000000000000000        0x0 c:/devkitpro/devkitarm/bin/../lib/gcc/arm-none-eabi/10.2.0/../../../../arm-none-eabi/lib/thumb\libg.a(lib_a-memcpy-stub.o)
 .bss           0x0000000000000000        0x0 c:/devkitpro/devkitarm/bin/../lib/gcc/arm-none-eabi/10.2.0/../../../../arm-none-eabi/lib/thumb\libg.a(lib_a-memcpy-stub.o)
 .text          0x0000000000000000        0x0 c:/devkitpro/devkitarm/bin/../lib/gcc/arm-none-eabi/10.2.0/../../../../arm-none-eabi/lib/thumb\libg.a(lib_a-memmove.o)
 .data          0x0000000000000000        0x0 c:/devkitpro/devkitarm/bin/../lib/gcc/arm-none-eabi/10.2.0/../../../../arm-none-eabi/lib/thumb\libg.a(lib_a-memmove.o)
 .bss           0x0000000000000000        0x0 c:/devkitpro/devkitarm/bin/../lib/gcc/arm-none-eabi/10.2.0/../../../../arm-none-eabi/lib/thumb\libg.a(lib_a-memmove.o)
 .text          0x0000000000000000        0x0 c:/devkitpro/devkitarm/bin/../lib/gcc/arm-none-eabi/10.2.0/../../../../arm-none-eabi/lib/thumb\libg.a(lib_a-memset.o)
 .data          0x0000000000000000        0x0 c:/devkitpro/devkitarm/bin/../lib/gcc/arm-none-eabi/10.2.0/../../../../arm-none-eabi/lib/thumb\libg.a(lib_a-memset.o)
 .bss           0x0000000000000000        0x0 c:/devkitpro/devkitarm/bin/../lib/gcc/arm-none-eabi/10.2.0/../../../../arm-none-eabi/lib/thumb\libg.a(lib_a-memset.o)
 .text          0x0000000000000000        0x0 c:/devkitpro/devkitarm/bin/../lib/gcc/arm-none-eabi/10.2.0/../../../../arm-none-eabi/lib/thumb\libg.a(lib_a-mlock.o)
 .data          0x0000000000000000        0x0 c:/devkitpro/devkitarm/bin/../lib/gcc/arm-none-eabi/10.2.0/../../../../arm-none-eabi/lib/thumb\libg.a(lib_a-mlock.o)
 .bss           0x0000000000000000        0x0 c:/devkitpro/devkitarm/bin/../lib/gcc/arm-none-eabi/10.2.0/../../../../arm-none-eabi/lib/thumb\libg.a(lib_a-mlock.o)
 .text          0x0000000000000000        0x0 c:/devkitpro/devkitarm/bin/../lib/gcc/arm-none-eabi/10.2.0/../../../../arm-none-eabi/lib/thumb\libg.a(lib_a-strlen-stub.o)
 .data          0x0000000000000000        0x0 c:/devkitpro/devkitarm/bin/../lib/gcc/arm-none-eabi/10.2.0/../../../../arm-none-eabi/lib/thumb\libg.a(lib_a-strlen-stub.o)
 .bss           0x0000000000000000        0x0 c:/devkitpro/devkitarm/bin/../lib/gcc/arm-none-eabi/10.2.0/../../../../arm-none-eabi/lib/thumb\libg.a(lib_a-strlen-stub.o)
 .text          0x0000000000000000        0x0 c:/devkitpro/devkitarm/bin/../lib/gcc/arm-none-eabi/10.2.0/../../../../arm-none-eabi/lib/thumb\libg.a(lib_a-strtol.o)
 .data          0x0000000000000000        0x0 c:/devkitpro/devkitarm/bin/../lib/gcc/arm-none-eabi/10.2.0/../../../../arm-none-eabi/lib/thumb\libg.a(lib_a-strtol.o)
 .bss           0x0000000000000000        0x0 c:/devkitpro/devkitarm/bin/../lib/gcc/arm-none-eabi/10.2.0/../../../../arm-none-eabi/lib/thumb\libg.a(lib_a-strtol.o)
 .text._strtol_r
                0x0000000000000000       0x20 c:/devkitpro/devkitarm/bin/../lib/gcc/arm-none-eabi/10.2.0/../../../../arm-none-eabi/lib/thumb\libg.a(lib_a-strtol.o)
 .text.strtol_l
                0x0000000000000000       0x30 c:/devkitpro/devkitarm/bin/../lib/gcc/arm-none-eabi/10.2.0/../../../../arm-none-eabi/lib/thumb\libg.a(lib_a-strtol.o)
 .text          0x0000000000000000        0x0 c:/devkitpro/devkitarm/bin/../lib/gcc/arm-none-eabi/10.2.0/../../../../arm-none-eabi/lib/thumb\libg.a(lib_a-utoa.o)
 .data          0x0000000000000000        0x0 c:/devkitpro/devkitarm/bin/../lib/gcc/arm-none-eabi/10.2.0/../../../../arm-none-eabi/lib/thumb\libg.a(lib_a-utoa.o)
 .bss           0x0000000000000000        0x0 c:/devkitpro/devkitarm/bin/../lib/gcc/arm-none-eabi/10.2.0/../../../../arm-none-eabi/lib/thumb\libg.a(lib_a-utoa.o)
 .text.utoa     0x0000000000000000        0xc c:/devkitpro/devkitarm/bin/../lib/gcc/arm-none-eabi/10.2.0/../../../../arm-none-eabi/lib/thumb\libg.a(lib_a-utoa.o)
 .text          0x0000000000000000        0x0 c:/devkitpro/devkitarm/bin/../lib/gcc/arm-none-eabi/10.2.0/../../../../arm-none-eabi/lib/thumb\libg.a(lib_a-errno.o)
 .data          0x0000000000000000        0x0 c:/devkitpro/devkitarm/bin/../lib/gcc/arm-none-eabi/10.2.0/../../../../arm-none-eabi/lib/thumb\libg.a(lib_a-errno.o)
 .bss           0x0000000000000000        0x0 c:/devkitpro/devkitarm/bin/../lib/gcc/arm-none-eabi/10.2.0/../../../../arm-none-eabi/lib/thumb\libg.a(lib_a-errno.o)
 .text          0x0000000000000000        0x0 c:/devkitpro/devkitarm/bin/../lib/gcc/arm-none-eabi/10.2.0/../../../../arm-none-eabi/lib/thumb\libg.a(lib_a-freer.o)
 .data          0x0000000000000000        0x0 c:/devkitpro/devkitarm/bin/../lib/gcc/arm-none-eabi/10.2.0/../../../../arm-none-eabi/lib/thumb\libg.a(lib_a-freer.o)
 .bss           0x0000000000000000        0x0 c:/devkitpro/devkitarm/bin/../lib/gcc/arm-none-eabi/10.2.0/../../../../arm-none-eabi/lib/thumb\libg.a(lib_a-freer.o)
 .text          0x0000000000000000        0x0 c:/devkitpro/devkitarm/bin/../lib/gcc/arm-none-eabi/10.2.0/../../../../arm-none-eabi/lib/thumb\libsysbase.a(sbrk.o)
 .data          0x0000000000000000        0x0 c:/devkitpro/devkitarm/bin/../lib/gcc/arm-none-eabi/10.2.0/../../../../arm-none-eabi/lib/thumb\libsysbase.a(sbrk.o)
 .bss           0x0000000000000000        0x0 c:/devkitpro/devkitarm/bin/../lib/gcc/arm-none-eabi/10.2.0/../../../../arm-none-eabi/lib/thumb\libsysbase.a(sbrk.o)
 .text          0x0000000000000000        0x0 c:/devkitpro/devkitarm/bin/../lib/gcc/arm-none-eabi/10.2.0/../../../../arm-none-eabi/lib/thumb\libsysbase.a(malloc_vars.o)
 .data          0x0000000000000000        0x0 c:/devkitpro/devkitarm/bin/../lib/gcc/arm-none-eabi/10.2.0/../../../../arm-none-eabi/lib/thumb\libsysbase.a(malloc_vars.o)
 .bss           0x0000000000000000        0x0 c:/devkitpro/devkitarm/bin/../lib/gcc/arm-none-eabi/10.2.0/../../../../arm-none-eabi/lib/thumb\libsysbase.a(malloc_vars.o)
 .text          0x0000000000000000        0x0 c:/devkitpro/devkitarm/bin/../lib/gcc/arm-none-eabi/10.2.0/../../../../arm-none-eabi/lib/thumb\libsysbase.a(syscall_support.o)
 .data          0x0000000000000000        0x0 c:/devkitpro/devkitarm/bin/../lib/gcc/arm-none-eabi/10.2.0/../../../../arm-none-eabi/lib/thumb\libsysbase.a(syscall_support.o)
 .bss           0x0000000000000000        0x0 c:/devkitpro/devkitarm/bin/../lib/gcc/arm-none-eabi/10.2.0/../../../../arm-none-eabi/lib/thumb\libsysbase.a(syscall_support.o)
 .text.__libc_lock_init
                0x0000000000000000       0x1c c:/devkitpro/devkitarm/bin/../lib/gcc/arm-none-eabi/10.2.0/../../../../arm-none-eabi/lib/thumb\libsysbase.a(syscall_support.o)
 .text.__libc_lock_acquire
                0x0000000000000000       0x1c c:/devkitpro/devkitarm/bin/../lib/gcc/arm-none-eabi/10.2.0/../../../../arm-none-eabi/lib/thumb\libsysbase.a(syscall_support.o)
 .text.__libc_lock_try_acquire
                0x0000000000000000       0x24 c:/devkitpro/devkitarm/bin/../lib/gcc/arm-none-eabi/10.2.0/../../../../arm-none-eabi/lib/thumb\libsysbase.a(syscall_support.o)
 .text.__libc_lock_release
                0x0000000000000000       0x1c c:/devkitpro/devkitarm/bin/../lib/gcc/arm-none-eabi/10.2.0/../../../../arm-none-eabi/lib/thumb\libsysbase.a(syscall_support.o)
 .text.__libc_lock_close
                0x0000000000000000       0x1c c:/devkitpro/devkitarm/bin/../lib/gcc/arm-none-eabi/10.2.0/../../../../arm-none-eabi/lib/thumb\libsysbase.a(syscall_support.o)
 .text.__libc_lock_init_recursive
                0x0000000000000000       0x1c c:/devkitpro/devkitarm/bin/../lib/gcc/arm-none-eabi/10.2.0/../../../../arm-none-eabi/lib/thumb\libsysbase.a(syscall_support.o)
 .text.__libc_lock_try_acquire_recursive
                0x0000000000000000       0x24 c:/devkitpro/devkitarm/bin/../lib/gcc/arm-none-eabi/10.2.0/../../../../arm-none-eabi/lib/thumb\libsysbase.a(syscall_support.o)
 .text.__libc_lock_close_recursive
                0x0000000000000000       0x1c c:/devkitpro/devkitarm/bin/../lib/gcc/arm-none-eabi/10.2.0/../../../../arm-none-eabi/lib/thumb\libsysbase.a(syscall_support.o)
 .text          0x0000000000000000        0x0 c:/devkitpro/devkitarm/bin/../lib/gcc/arm-none-eabi/10.2.0/../../../../arm-none-eabi/lib/thumb\libsysbase.a(getreent.o)
 .data          0x0000000000000000        0x0 c:/devkitpro/devkitarm/bin/../lib/gcc/arm-none-eabi/10.2.0/../../../../arm-none-eabi/lib/thumb\libsysbase.a(getreent.o)
 .bss           0x0000000000000000        0x0 c:/devkitpro/devkitarm/bin/../lib/gcc/arm-none-eabi/10.2.0/../../../../arm-none-eabi/lib/thumb\libsysbase.a(getreent.o)
 .data          0x0000000000000000        0x0 c:/devkitpro/devkitarm/bin/../lib/gcc/arm-none-eabi/10.2.0/thumb\libgcc.a(_udivsi3.o)
 .bss           0x0000000000000000        0x0 c:/devkitpro/devkitarm/bin/../lib/gcc/arm-none-eabi/10.2.0/thumb\libgcc.a(_udivsi3.o)
 .text          0x0000000000000000        0x0 c:/devkitpro/devkitarm/bin/../lib/gcc/arm-none-eabi/10.2.0/../../../../arm-none-eabi/lib/thumb\libg.a(lib_a-impure.o)
 .data          0x0000000000000000        0x0 c:/devkitpro/devkitarm/bin/../lib/gcc/arm-none-eabi/10.2.0/../../../../arm-none-eabi/lib/thumb\libg.a(lib_a-impure.o)
 .bss           0x0000000000000000        0x0 c:/devkitpro/devkitarm/bin/../lib/gcc/arm-none-eabi/10.2.0/../../../../arm-none-eabi/lib/thumb\libg.a(lib_a-impure.o)
 .rodata._global_impure_ptr
                0x0000000000000000        0x4 c:/devkitpro/devkitarm/bin/../lib/gcc/arm-none-eabi/10.2.0/../../../../arm-none-eabi/lib/thumb\libg.a(lib_a-impure.o)
 .text          0x0000000000000000        0x0 c:/devkitpro/devkitarm/bin/../lib/gcc/arm-none-eabi/10.2.0/thumb/crtend.o
 .data          0x0000000000000000        0x0 c:/devkitpro/devkitarm/bin/../lib/gcc/arm-none-eabi/10.2.0/thumb/crtend.o
 .bss           0x0000000000000000        0x0 c:/devkitpro/devkitarm/bin/../lib/gcc/arm-none-eabi/10.2.0/thumb/crtend.o
 .text          0x0000000000000000        0x0 c:/devkitpro/devkitarm/bin/../lib/gcc/arm-none-eabi/10.2.0/thumb/crtn.o
 .data          0x0000000000000000        0x0 c:/devkitpro/devkitarm/bin/../lib/gcc/arm-none-eabi/10.2.0/thumb/crtn.o
 .bss           0x0000000000000000        0x0 c:/devkitpro/devkitarm/bin/../lib/gcc/arm-none-eabi/10.2.0/thumb/crtn.o

Memory Configuration

Name             Origin             Length             Attributes
rom              0x0000000008000000 0x0000000002000000
iwram            0x0000000003000000 0x0000000000008000
ewram            0x0000000002000000 0x0000000000040000
*default*        0x0000000000000000 0xffffffffffffffff

Linker script and memory map

                0x0000000002000000                __text_start = ORIGIN (ewram)
                0x0000000002040000                __eheap_end = (ORIGIN (ewram) + LENGTH (ewram))
                0x0000000003000000                __iwram_start = ORIGIN (iwram)
                0x0000000003008000                __iwram_top = (ORIGIN (iwram) + LENGTH (iwram))
                0x0000000003007fa0                __sp_irq = (__iwram_top - 0x60)
                0x0000000003007f00                __sp_usr = (__sp_irq - 0xa0)
                0x0000000003007ff8                __irq_flags = 0x3007ff8
                0x0000000002000000                . = __text_start
                0x0000000002000000                . = __text_start

.crt0           0x0000000002000000      0x210
 *(.crt0)
 .crt0          0x0000000002000000      0x210 c:/devkitpro/devkitarm/bin/../lib/gcc/arm-none-eabi/10.2.0/../../../../arm-none-eabi/lib/thumb/gba_crt0.o
                0x0000000002000000                _start
                0x00000000020000c4                __boot_method
                0x00000000020000c5                __slave_number
                0x00000000020000e0                start_vector
                0x0000000002000210                . = ALIGN (0x4)

.init           0x0000000002000210        0xc
 *(SORT_NONE(.init))
 .init          0x0000000002000210        0x4 c:/devkitpro/devkitarm/bin/../lib/gcc/arm-none-eabi/10.2.0/thumb/crti.o
                0x0000000002000210                _init
 .init          0x0000000002000214        0x8 c:/devkitpro/devkitarm/bin/../lib/gcc/arm-none-eabi/10.2.0/thumb/crtn.o

.plt            0x000000000200021c        0x0
 *(.plt)
                0x000000000200021c                . = ALIGN (0x4)

.text           0x000000000200021c     0x4aec
 *(EXCLUDE_FILE(*.iwram*) .text*)
 .text.__do_global_dtors_aux
                0x000000000200021c       0x2c c:/devkitpro/devkitarm/bin/../lib/gcc/arm-none-eabi/10.2.0/thumb/crtbegin.o
 .text.frame_dummy
                0x0000000002000248       0x24 c:/devkitpro/devkitarm/bin/../lib/gcc/arm-none-eabi/10.2.0/thumb/crtbegin.o
 .text          0x000000000200026c      0x570 Colly.o
                0x000000000200026c                mod
                0x0000000002000284                Intersects
                0x0000000002000348                increment
                0x00000000020004f8                Check
 .text          0x00000000020007dc      0x998 main.o
                0x00000000020007dc                init_map
                0x0000000002000aa4                movement
                0x0000000002000cdc                render
                0x0000000002000f48                placeTiles
                0x0000000002001054                handleMiniMap
                0x0000000002001118                txt_init_objxxx
 .text.startup  0x0000000002001174       0xf8 main.o
                0x0000000002001174                main
 .text          0x000000000200126c      0x58c map.o
                0x000000000200126c                setChunk
                0x0000000002001324                setTile
                0x00000000020013b4                setupMap
                0x00000000020013f8                loadChunksLR
                0x0000000002001438                loadChunksUD
                0x0000000002001478                loadChunks
                0x0000000002001600                processNewChunkData
                0x0000000002001720                EnableMiniMapMode
 .text          0x00000000020017f8      0x51c players.o
                0x00000000020017f8                UpdatePlayer
                0x0000000002001b34                PlayerLeave
                0x0000000002001bf4                InitAllPlayers
                0x0000000002001c60                RenderAllPlayers
 .text          0x0000000002001d14      0x780 sio.o
                0x0000000002001d14                sio_interrupt
                0x0000000002001e70                connect
                0x0000000002001eb8                ping
                0x0000000002001ee0                place
                0x0000000002001f4c                sioMove
                0x0000000002002018                requestChunks
                0x00000000020020a0                sioPrint
                0x00000000020020e4                sioPrintInt
                0x0000000002002128                handle_serial
                0x000000000200239c                processData
                0x0000000002002420                sioInit
 .text          0x0000000002002494       0xac util.o
                0x0000000002002494                se_index
                0x00000000020024b0                map_index
                0x00000000020024d0                Reverse32
                0x00000000020024e8                swapNibbles
                0x00000000020024f8                ReverseNibbles32
 .text          0x0000000002002540      0x354 C:/devkitPro/libtonc/lib\libtonc.a(tonc_irq.o)
                0x0000000002002540                irq_init
                0x0000000002002584                irq_set_master
                0x00000000020025b0                irq_set
                0x00000000020026d8                irq_add
                0x0000000002002750                irq_delete
                0x0000000002002804                irq_enable
                0x000000000200284c                irq_disable
 .text          0x0000000002002894       0xbc C:/devkitPro/libtonc/lib\libtonc.a(tonc_oam.o)
                0x0000000002002894                oam_init
                0x00000000020028dc                obj_copy
                0x00000000020028fc                obj_hide_multi
                0x0000000002002924                obj_unhide_multi
 .text          0x0000000002002950       0xa8 C:/devkitPro/libtonc/lib\libtonc.a(tonc_input.o)
                0x0000000002002950                key_poll
                0x00000000020029a4                key_wait_till_hit
                0x00000000020029c8                key_repeat
                0x00000000020029d4                key_repeat_mask
                0x00000000020029e4                key_repeat_limits
 .text          0x00000000020029f8      0x958 C:/devkitPro/libtonc/lib\libtonc.a(tte_main.o)
                0x00000000020029f8                dummy_drawg
                0x00000000020029fc                dummy_erase
                0x0000000002002a00                tte_set_context
                0x0000000002002a18                tte_set_color_attr
                0x0000000002002a28                tte_set_color_attrs
                0x0000000002002a44                tte_set_color
                0x0000000002002a64                tte_set_colors
                0x0000000002002aa4                tte_init_base
                0x0000000002002b38                utf8_decode_char
                0x0000000002002bec                tte_cmd_skip
                0x0000000002002bfc                tte_cmd_next
                0x0000000002002c34                tte_putc
                0x0000000002002c84                tte_erase_rect
                0x0000000002002ca0                tte_erase_screen
                0x0000000002002cc4                tte_erase_line
                0x0000000002002cec                tte_cmd_default
                0x0000000002003140                tte_write
                0x000000000200322c                tte_write_ex
                0x000000000200325c                tte_get_text_size
                0x0000000002003330                tte_set_margins
 .text          0x0000000002003350       0xf0 C:/devkitPro/libtonc/lib\libtonc.a(tte_init_obj.o)
                0x0000000002003350                tte_init_obj
 .text          0x0000000002003440       0xd0 C:/devkitPro/libtonc/lib\libtonc.a(tonc_text.o)
                0x0000000002003440                txt_init_std
                0x0000000002003484                txt_bup_1toX
 .text          0x0000000002003510       0x8c C:/devkitPro/libtonc/lib\libtonc.a(tonc_bios.o)
                0x0000000002003510                SoftReset
                0x0000000002003514                RegisterRamReset
                0x0000000002003518                Halt
                0x000000000200351c                Stop
                0x0000000002003520                IntrWait
                0x0000000002003524                VBlankIntrWait
                0x0000000002003528                Div
                0x000000000200352c                DivArm
                0x0000000002003530                Sqrt
                0x0000000002003534                ArcTan
                0x0000000002003538                ArcTan2
                0x000000000200353c                CpuSet
                0x0000000002003540                CpuFastSet
                0x0000000002003544                BiosCheckSum
                0x0000000002003548                BgAffineSet
                0x000000000200354c                ObjAffineSet
                0x0000000002003550                BitUnPack
                0x0000000002003554                LZ77UnCompWram
                0x0000000002003558                LZ77UnCompVram
                0x000000000200355c                HuffUnComp
                0x0000000002003560                RLUnCompWram
                0x0000000002003564                RLUnCompVram
                0x0000000002003568                Diff8bitUnFilterWram
                0x000000000200356c                Diff8bitUnFilterVram
                0x0000000002003570                Diff16bitUnFilter
                0x0000000002003574                SoundBias
                0x0000000002003578                SoundDriverInit
                0x000000000200357c                SoundDriverMode
                0x0000000002003580                SoundDriverMain
                0x0000000002003584                SoundDriverVSync
                0x0000000002003588                SoundChannelClear
                0x000000000200358c                MidiKey2Freq
                0x0000000002003590                MultiBoot
                0x0000000002003594                SoundDriverVSyncOff
                0x0000000002003598                SoundDriverVSyncOn
 .text          0x000000000200359c       0x54 C:/devkitPro/libtonc/lib\libtonc.a(tonc_bios_ex.o)
                0x000000000200359c                VBlankIntrDelay
                0x00000000020035ac                DivSafe
                0x00000000020035c0                Mod
                0x00000000020035c8                DivAbs
                0x00000000020035d0                DivArmMod
                0x00000000020035d8                DivArmAbs
                0x00000000020035e0                CpuFastFill
 .text          0x00000000020035f0       0x8c C:/devkitPro/libtonc/lib\libtonc.a(obj_drawg.o)
                0x00000000020035f0                obj_erase
                0x0000000002003628                obj_drawg
 .text          0x000000000200367c      0x198 c:/devkitpro/devkitarm/bin/../lib/gcc/arm-none-eabi/10.2.0/thumb\libgcc.a(_arm_mulsf3.o)
                0x000000000200367c                __aeabi_fmul
                0x000000000200367c                __mulsf3
 .text          0x0000000002003814      0x150 c:/devkitpro/devkitarm/bin/../lib/gcc/arm-none-eabi/10.2.0/thumb\libgcc.a(_divsi3.o)
                0x0000000002003814                __divsi3
                0x0000000002003814                __aeabi_idiv
                0x0000000002003944                __aeabi_idivmod
 .text          0x0000000002003964        0x4 c:/devkitpro/devkitarm/bin/../lib/gcc/arm-none-eabi/10.2.0/thumb\libgcc.a(_dvmd_tls.o)
                0x0000000002003964                __aeabi_idiv0
                0x0000000002003964                __aeabi_ldiv0
 .text          0x0000000002003968      0x2ac c:/devkitpro/devkitarm/bin/../lib/gcc/arm-none-eabi/10.2.0/thumb\libgcc.a(_arm_addsubsf3.o)
                0x0000000002003968                __aeabi_frsub
                0x0000000002003970                __subsf3
                0x0000000002003970                __aeabi_fsub
                0x0000000002003974                __aeabi_fadd
                0x0000000002003974                __addsf3
                0x0000000002003b30                __aeabi_ui2f
                0x0000000002003b30                __floatunsisf
                0x0000000002003b38                __aeabi_i2f
                0x0000000002003b38                __floatsisf
                0x0000000002003b58                __aeabi_ul2f
                0x0000000002003b58                __floatundisf
                0x0000000002003b68                __aeabi_l2f
                0x0000000002003b68                __floatdisf
 .text          0x0000000002003c14      0x114 c:/devkitpro/devkitarm/bin/../lib/gcc/arm-none-eabi/10.2.0/thumb\libgcc.a(_arm_cmpsf2.o)
                0x0000000002003c14                __gesf2
                0x0000000002003c14                __gtsf2
                0x0000000002003c1c                __lesf2
                0x0000000002003c1c                __ltsf2
                0x0000000002003c24                __nesf2
                0x0000000002003c24                __eqsf2
                0x0000000002003c24                __cmpsf2
                0x0000000002003c88                __aeabi_cfrcmple
                0x0000000002003c98                __aeabi_cfcmpeq
                0x0000000002003c98                __aeabi_cfcmple
                0x0000000002003cb0                __aeabi_fcmpeq
                0x0000000002003cc8                __aeabi_fcmplt
                0x0000000002003ce0                __aeabi_fcmple
                0x0000000002003cf8                __aeabi_fcmpge
                0x0000000002003d10                __aeabi_fcmpgt
 .text          0x0000000002003d28       0x5c c:/devkitpro/devkitarm/bin/../lib/gcc/arm-none-eabi/10.2.0/thumb\libgcc.a(_arm_fixsfsi.o)
                0x0000000002003d28                __aeabi_f2iz
                0x0000000002003d28                __fixsfsi
 .text.__libc_init_array
                0x0000000002003d84       0x50 c:/devkitpro/devkitarm/bin/../lib/gcc/arm-none-eabi/10.2.0/../../../../arm-none-eabi/lib/thumb\libg.a(lib_a-init.o)
                0x0000000002003d84                __libc_init_array
 .text.itoa     0x0000000002003dd4       0x34 c:/devkitpro/devkitarm/bin/../lib/gcc/arm-none-eabi/10.2.0/../../../../arm-none-eabi/lib/thumb\libg.a(lib_a-itoa.o)
                0x0000000002003dd4                itoa
 .text.malloc   0x0000000002003e08       0x14 c:/devkitpro/devkitarm/bin/../lib/gcc/arm-none-eabi/10.2.0/../../../../arm-none-eabi/lib/thumb\libg.a(lib_a-malloc.o)
                0x0000000002003e08                malloc
 .text._malloc_r
                0x0000000002003e1c      0x59c c:/devkitpro/devkitarm/bin/../lib/gcc/arm-none-eabi/10.2.0/../../../../arm-none-eabi/lib/thumb\libg.a(lib_a-mallocr.o)
                0x0000000002003e1c                _malloc_r
 .text.memcpy   0x00000000020043b8       0xa8 c:/devkitpro/devkitarm/bin/../lib/gcc/arm-none-eabi/10.2.0/../../../../arm-none-eabi/lib/thumb\libg.a(lib_a-memcpy-stub.o)
                0x00000000020043b8                memcpy
 .text.memmove  0x0000000002004460       0xbc c:/devkitpro/devkitarm/bin/../lib/gcc/arm-none-eabi/10.2.0/../../../../arm-none-eabi/lib/thumb\libg.a(lib_a-memmove.o)
                0x0000000002004460                memmove
 .text.memset   0x000000000200451c       0xb0 c:/devkitpro/devkitarm/bin/../lib/gcc/arm-none-eabi/10.2.0/../../../../arm-none-eabi/lib/thumb\libg.a(lib_a-memset.o)
                0x000000000200451c                memset
 .text.__malloc_lock
                0x00000000020045cc       0x14 c:/devkitpro/devkitarm/bin/../lib/gcc/arm-none-eabi/10.2.0/../../../../arm-none-eabi/lib/thumb\libg.a(lib_a-mlock.o)
                0x00000000020045cc                __malloc_lock
 .text.__malloc_unlock
                0x00000000020045e0       0x14 c:/devkitpro/devkitarm/bin/../lib/gcc/arm-none-eabi/10.2.0/../../../../arm-none-eabi/lib/thumb\libg.a(lib_a-mlock.o)
                0x00000000020045e0                __malloc_unlock
 .text.strlen   0x00000000020045f4       0x60 c:/devkitpro/devkitarm/bin/../lib/gcc/arm-none-eabi/10.2.0/../../../../arm-none-eabi/lib/thumb\libg.a(lib_a-strlen-stub.o)
                0x00000000020045f4                strlen
 .text._strtol_l.part.0
                0x0000000002004654      0x150 c:/devkitpro/devkitarm/bin/../lib/gcc/arm-none-eabi/10.2.0/../../../../arm-none-eabi/lib/thumb\libg.a(lib_a-strtol.o)
 .text.strtol   0x00000000020047a4       0x30 c:/devkitpro/devkitarm/bin/../lib/gcc/arm-none-eabi/10.2.0/../../../../arm-none-eabi/lib/thumb\libg.a(lib_a-strtol.o)
                0x00000000020047a4                strtol
 .text.__utoa   0x00000000020047d4       0x84 c:/devkitpro/devkitarm/bin/../lib/gcc/arm-none-eabi/10.2.0/../../../../arm-none-eabi/lib/thumb\libg.a(lib_a-utoa.o)
                0x00000000020047d4                __utoa
 .text.__errno  0x0000000002004858        0xc c:/devkitpro/devkitarm/bin/../lib/gcc/arm-none-eabi/10.2.0/../../../../arm-none-eabi/lib/thumb\libg.a(lib_a-errno.o)
                0x0000000002004858                __errno
 .text._malloc_trim_r
                0x0000000002004864       0xa0 c:/devkitpro/devkitarm/bin/../lib/gcc/arm-none-eabi/10.2.0/../../../../arm-none-eabi/lib/thumb\libg.a(lib_a-freer.o)
                0x0000000002004864                _malloc_trim_r
 .text._free_r  0x0000000002004904      0x1e0 c:/devkitpro/devkitarm/bin/../lib/gcc/arm-none-eabi/10.2.0/../../../../arm-none-eabi/lib/thumb\libg.a(lib_a-freer.o)
                0x0000000002004904                _free_r
 .text._sbrk_r  0x0000000002004ae4       0x54 c:/devkitpro/devkitarm/bin/../lib/gcc/arm-none-eabi/10.2.0/../../../../arm-none-eabi/lib/thumb\libsysbase.a(sbrk.o)
                0x0000000002004ae4                _sbrk_r
 .text.__libc_lock_acquire_recursive
                0x0000000002004b38       0x1c c:/devkitpro/devkitarm/bin/../lib/gcc/arm-none-eabi/10.2.0/../../../../arm-none-eabi/lib/thumb\libsysbase.a(syscall_support.o)
                0x0000000002004b38                __libc_lock_acquire_recursive
 .text.__libc_lock_release_recursive
                0x0000000002004b54       0x1c c:/devkitpro/devkitarm/bin/../lib/gcc/arm-none-eabi/10.2.0/../../../../arm-none-eabi/lib/thumb\libsysbase.a(syscall_support.o)
                0x0000000002004b54                __libc_lock_release_recursive
 .text.__getreent
                0x0000000002004b70       0x28 c:/devkitpro/devkitarm/bin/../lib/gcc/arm-none-eabi/10.2.0/../../../../arm-none-eabi/lib/thumb\libsysbase.a(getreent.o)
                0x0000000002004b70                __getreent
 .text          0x0000000002004b98      0x11c c:/devkitpro/devkitarm/bin/../lib/gcc/arm-none-eabi/10.2.0/thumb\libgcc.a(_udivsi3.o)
                0x0000000002004b98                __aeabi_uidiv
                0x0000000002004b98                __udivsi3
                0x0000000002004c94                __aeabi_uidivmod
 *fill*         0x0000000002004cb4        0x4 ff
 .text.__stub   0x0000000002004cb8       0x4c linker stubs
 *(.gnu.linkonce.t.*)
 *(.text.*personality*)
 *(.gnu.warning)
 *(.glue_7t)
 .glue_7t       0x0000000002004d08        0x0 linker stubs
 *(.glue_7)
 .glue_7        0x0000000002004d08        0x0 linker stubs
 *(.vfp11_veneer)
 .vfp11_veneer  0x0000000002004d08        0x0 linker stubs
                0x0000000002004d08                . = ALIGN (0x4)
                0x0000000002004d08                __text_end = .

.v4_bx          0x0000000002004d08        0x0
 .v4_bx         0x0000000002004d08        0x0 linker stubs

.iplt           0x0000000002004d08        0x0
 .iplt          0x0000000002004d08        0x0 c:/devkitpro/devkitarm/bin/../lib/gcc/arm-none-eabi/10.2.0/../../../../arm-none-eabi/lib/thumb/gba_crt0.o

.fini           0x0000000002004d08        0xc
 *(.fini)
 .fini          0x0000000002004d08        0x4 c:/devkitpro/devkitarm/bin/../lib/gcc/arm-none-eabi/10.2.0/thumb/crti.o
                0x0000000002004d08                _fini
 .fini          0x0000000002004d0c        0x8 c:/devkitpro/devkitarm/bin/../lib/gcc/arm-none-eabi/10.2.0/thumb/crtn.o
                0x0000000002004d14                . = ALIGN (0x4)

.rodata         0x0000000002004d14      0xe84
 *(.rodata)
 .rodata        0x0000000002004d14      0x4ec TileMap.o
                0x0000000002004d14                DING
                0x0000000002004d4c                LOAD
                0x0000000002004d80                spritesPal
                0x0000000002004da0                spritesTiles
                0x0000000002004fe0                TileMapPal
                0x0000000002005000                TileMapTiles
 .rodata        0x0000000002005200       0x38 C:/devkitPro/libtonc/lib\libtonc.a(tonc_irq.o)
 .rodata        0x0000000002005238      0x1f0 C:/devkitPro/libtonc/lib\libtonc.a(tte_main.o)
 .rodata        0x0000000002005428      0x318 C:/devkitPro/libtonc/lib\libtonc.a(sys8.o)
                0x0000000002005428                sys8Font
                0x0000000002005440                sys8Glyphs
 .rodata        0x0000000002005740      0x300 C:/devkitPro/libtonc/lib\libtonc.a(toncfont.o)
                0x0000000002005740                toncfontTiles
 *all.rodata*(*)
 *(.roda)
 *(.rodata.*)
 .rodata.str1.4
                0x0000000002005a40        0xa main.o
 *fill*         0x0000000002005a4a        0x2 ff
 .rodata.str1.4
                0x0000000002005a4c       0x1d sio.o
 *fill*         0x0000000002005a69        0x3 ff
 .rodata._ctype_
                0x0000000002005a6c      0x101 c:/devkitpro/devkitarm/bin/../lib/gcc/arm-none-eabi/10.2.0/../../../../arm-none-eabi/lib/thumb\libg.a(lib_a-ctype_.o)
                0x0000000002005a6c                _ctype_
 *fill*         0x0000000002005b6d        0x3 ff
 .rodata.__utoa.str1.4
                0x0000000002005b70       0x25 c:/devkitpro/devkitarm/bin/../lib/gcc/arm-none-eabi/10.2.0/../../../../arm-none-eabi/lib/thumb\libg.a(lib_a-utoa.o)
 *(.gnu.linkonce.r*)
                0x0000000002005b98                . = ALIGN (0x4)
 *fill*         0x0000000002005b95        0x3 ff

.ARM.extab
 *(.ARM.extab* .gnu.linkonce.armextab.*)
                0x0000000002005b98                __exidx_start = .

.ARM.exidx
 *(.ARM.exidx* .gnu.linkonce.armexidx.*)
                0x0000000002005b98                __exidx_end = .
                0x0000000002005b98                . = ALIGN (0x4)
                0x0000000002005b98                PROVIDE (__preinit_array_start = .)

.preinit_array
 *(.preinit_array)
                0x0000000002005b98                PROVIDE (__preinit_array_end = .)
                0x0000000002005b98                PROVIDE (__init_array_start = .)

.init_array     0x0000000002005b98        0x4
 *(.init_array)
 .init_array    0x0000000002005b98        0x4 c:/devkitpro/devkitarm/bin/../lib/gcc/arm-none-eabi/10.2.0/thumb/crtbegin.o
                0x0000000002005b9c                PROVIDE (__init_array_end = .)
                [!provide]                        PROVIDE (__fini_array_start = .)

.fini_array     0x0000000002005b9c        0x4
 *(.fini_array)
 .fini_array    0x0000000002005b9c        0x4 c:/devkitpro/devkitarm/bin/../lib/gcc/arm-none-eabi/10.2.0/thumb/crtbegin.o
                [!provide]                        PROVIDE (__fini_array_end = .)

.ctors          0x0000000002005ba0        0x0
 *crtbegin.o(.ctors)
 *(EXCLUDE_FILE(*crtend.o) .ctors)
 *(SORT_BY_NAME(.ctors.*))
 *(.ctors)
                0x0000000002005ba0                . = ALIGN (0x4)

.dtors          0x0000000002005ba0        0x0
 *crtbegin.o(.dtors)
 *(EXCLUDE_FILE(*crtend.o) .dtors)
 *(SORT_BY_NAME(.dtors.*))
 *(.dtors)
                0x0000000002005ba0                . = ALIGN (0x4)

.jcr
 *(.jcr)

.eh_frame       0x0000000002005ba0        0x4
 *(.eh_frame)
 .eh_frame      0x0000000002005ba0        0x0 c:/devkitpro/devkitarm/bin/../lib/gcc/arm-none-eabi/10.2.0/thumb/crtbegin.o
 .eh_frame      0x0000000002005ba0        0x4 c:/devkitpro/devkitarm/bin/../lib/gcc/arm-none-eabi/10.2.0/thumb/crtend.o
                0x0000000002005ba4                . = ALIGN (0x4)

.gcc_except_table
                0x0000000002005ba4        0x0
 *(.gcc_except_table)
                0x0000000002005ba4                . = ALIGN (0x4)
                0x0000000002005ba4                __iwram_lma = .

.iwram          0x0000000003000000      0x128 load address 0x0000000002005ba4
                0x0000000003000000                __iwram_start__ = ABSOLUTE (.)
 *(.iwram)
 .iwram         0x0000000003000000       0x38 C:/devkitPro/libtonc/lib\libtonc.a(tonc_memcpy.o)
                0x0000000003000000                memcpy32
 .iwram         0x0000000003000038       0xa4 C:/devkitPro/libtonc/lib\libtonc.a(tonc_isr_master.o)
                0x0000000003000038                isr_master
 .iwram         0x00000000030000dc       0x4c C:/devkitPro/libtonc/lib\libtonc.a(tonc_memset.o)
                0x00000000030000dc                memset32
 *iwram.*(.text*)
                0x0000000003000128                . = ALIGN (0x4)
                0x0000000003000128                __iwram_end__ = ABSOLUTE (.)
                0x0000000002005ccc                __data_lma = (__iwram_lma + SIZEOF (.iwram))

.rel.dyn        0x0000000003000128        0x0 load address 0x0000000002005ccc
 .rel.iplt      0x0000000003000128        0x0 c:/devkitpro/devkitarm/bin/../lib/gcc/arm-none-eabi/10.2.0/../../../../arm-none-eabi/lib/thumb/gba_crt0.o

.bss            0x0000000003000128      0xc54
                0x0000000003000128                __bss_start__ = ABSOLUTE (.)
 *(.dynbss)
 *(.gnu.linkonce.b*)
 *(.bss*)
 .bss.completed.1
                0x0000000003000128        0x1 c:/devkitpro/devkitarm/bin/../lib/gcc/arm-none-eabi/10.2.0/thumb/crtbegin.o
 *fill*         0x0000000003000129        0x3 
 .bss.object.0  0x000000000300012c       0x18 c:/devkitpro/devkitarm/bin/../lib/gcc/arm-none-eabi/10.2.0/thumb/crtbegin.o
 .bss           0x0000000003000144      0x428 main.o
                0x0000000003000144                bg0_pt
                0x0000000003000148                placeMode
                0x0000000003000149                miniMapMode
                0x000000000300014c                xv
                0x0000000003000150                yv
                0x0000000003000154                tiley
                0x0000000003000158                tilex
                0x000000000300015c                startMovement
                0x000000000300015d                currentTileID
                0x0000000003000160                bg1_pt
                0x0000000003000164                mmcameray
                0x0000000003000168                pingtimer
                0x000000000300016c                obj_buffer
 .bss           0x000000000300056c       0x28 map.o
                0x000000000300056c                map
                0x0000000003000570                cx
                0x0000000003000574                ChunkX
                0x0000000003000578                cy
                0x000000000300057c                ChunkY
                0x0000000003000580                mapOffsetX
                0x0000000003000584                mapOffsetY
                0x0000000003000588                o
                0x000000000300058c                c
                0x0000000003000590                d
 .bss           0x0000000003000594      0x100 players.o
                0x0000000003000594                players
 .bss           0x0000000003000694      0x47c sio.o
                0x0000000003000694                startsending
                0x0000000003000695                numinOutBuf
                0x0000000003000698                outbuf
                0x00000000030006e8                datalen
                0x00000000030006e9                dataoffset
                0x00000000030006ea                currentBuffer
                0x00000000030006eb                numinInBuf
                0x00000000030006ec                numinsecondInBuf
                0x00000000030006f0                expectedlen
                0x00000000030006f4                incomingoffset
                0x00000000030006f8                incomingpacket
                0x0000000003000710                secondaryincomingdata
                0x0000000003000910                incomingdata
 .bss           0x0000000003000b10        0x4 C:/devkitPro/libtonc/lib\libtonc.a(tonc_input.o)
                0x0000000003000b10                __key_curr
                0x0000000003000b12                __key_prev
 .bss.__malloc_current_mallinfo
                0x0000000003000b14       0x28 c:/devkitpro/devkitarm/bin/../lib/gcc/arm-none-eabi/10.2.0/../../../../arm-none-eabi/lib/thumb\libg.a(lib_a-mallocr.o)
                0x0000000003000b14                __malloc_current_mallinfo
 .bss.__malloc_max_sbrked_mem
                0x0000000003000b3c        0x4 c:/devkitpro/devkitarm/bin/../lib/gcc/arm-none-eabi/10.2.0/../../../../arm-none-eabi/lib/thumb\libg.a(lib_a-mallocr.o)
                0x0000000003000b3c                __malloc_max_sbrked_mem
 .bss.__malloc_max_total_mem
                0x0000000003000b40        0x4 c:/devkitpro/devkitarm/bin/../lib/gcc/arm-none-eabi/10.2.0/../../../../arm-none-eabi/lib/thumb\libg.a(lib_a-mallocr.o)
                0x0000000003000b40                __malloc_max_total_mem
 .bss.__malloc_top_pad
                0x0000000003000b44        0x4 c:/devkitpro/devkitarm/bin/../lib/gcc/arm-none-eabi/10.2.0/../../../../arm-none-eabi/lib/thumb\libg.a(lib_a-mallocr.o)
                0x0000000003000b44                __malloc_top_pad
 .bss.heap_start.0
                0x0000000003000b48        0x4 c:/devkitpro/devkitarm/bin/../lib/gcc/arm-none-eabi/10.2.0/../../../../arm-none-eabi/lib/thumb\libsysbase.a(sbrk.o)
 .bss.fake_heap_end
                0x0000000003000b4c        0x4 c:/devkitpro/devkitarm/bin/../lib/gcc/arm-none-eabi/10.2.0/../../../../arm-none-eabi/lib/thumb\libsysbase.a(malloc_vars.o)
                0x0000000003000b4c                fake_heap_end
 .bss.fake_heap_start
                0x0000000003000b50        0x4 c:/devkitpro/devkitarm/bin/../lib/gcc/arm-none-eabi/10.2.0/../../../../arm-none-eabi/lib/thumb\libsysbase.a(malloc_vars.o)
                0x0000000003000b50                fake_heap_start
 .bss.__syscalls
                0x0000000003000b54       0x48 c:/devkitpro/devkitarm/bin/../lib/gcc/arm-none-eabi/10.2.0/../../../../arm-none-eabi/lib/thumb\libsysbase.a(syscall_support.o)
                0x0000000003000b54                __syscalls
 *(COMMON)
 COMMON         0x0000000003000b9c       0x78 C:/devkitPro/libtonc/lib\libtonc.a(tonc_irq.o)
                0x0000000003000b9c                __isr_table
 COMMON         0x0000000003000c14       0x48 C:/devkitPro/libtonc/lib\libtonc.a(tte_main.o)
                0x0000000003000c14                __tte_main_context
 COMMON         0x0000000003000c5c      0x120 C:/devkitPro/libtonc/lib\libtonc.a(tonc_text.o)
                0x0000000003000c5c                __txt_base
                0x0000000003000c7c                txt_lut
                0x0000000003000d7c                . = ALIGN (0x4)
                0x0000000003000d7c                __bss_end__ = ABSOLUTE (.)

.data           0x0000000003000d7c      0x8ec load address 0x0000000002005ccc
                0x0000000003000d7c                __data_start__ = ABSOLUTE (.)
 *(.data)
 .data          0x0000000003000d7c       0x20 main.o
                0x0000000003000d7c                bg0_map
                0x0000000003000d80                playerx
                0x0000000003000d84                playery
                0x0000000003000d88                cameray
                0x0000000003000d8c                camerax
                0x0000000003000d90                player
                0x0000000003000d94                indicator
                0x0000000003000d98                hammer
 .data          0x0000000003000d9c       0x2c map.o
                0x0000000003000d9c                bg_map
                0x0000000003000da0                mapIDconversiontable
                0x0000000003000dc0                mapX
                0x0000000003000dc4                mapY
 .data          0x0000000003000dc8        0xb sio.o
                0x0000000003000dc8                datalengthtable
 *fill*         0x0000000003000dd3        0x1 ff
 .data          0x0000000003000dd4        0x8 C:/devkitPro/libtonc/lib\libtonc.a(tonc_input.o)
                0x0000000003000dd4                __key_rpt
 .data          0x0000000003000ddc        0x4 C:/devkitPro/libtonc/lib\libtonc.a(tte_main.o)
                0x0000000003000ddc                gp_tte_context
 .data          0x0000000003000de0        0x4 C:/devkitPro/libtonc/lib\libtonc.a(tonc_text.o)
                0x0000000003000de0                gptxt
 *(.data.*)
 .data.__malloc_av_
                0x0000000003000de4      0x408 c:/devkitpro/devkitarm/bin/../lib/gcc/arm-none-eabi/10.2.0/../../../../arm-none-eabi/lib/thumb\libg.a(lib_a-mallocr.o)
                0x0000000003000de4                __malloc_av_
 .data.__malloc_sbrk_base
                0x00000000030011ec        0x4 c:/devkitpro/devkitarm/bin/../lib/gcc/arm-none-eabi/10.2.0/../../../../arm-none-eabi/lib/thumb\libg.a(lib_a-mallocr.o)
                0x00000000030011ec                __malloc_sbrk_base
 .data.__malloc_trim_threshold
                0x00000000030011f0        0x4 c:/devkitpro/devkitarm/bin/../lib/gcc/arm-none-eabi/10.2.0/../../../../arm-none-eabi/lib/thumb\libg.a(lib_a-mallocr.o)
                0x00000000030011f0                __malloc_trim_threshold
 .data.__malloc_recursive_mutex
                0x00000000030011f4        0xc c:/devkitpro/devkitarm/bin/../lib/gcc/arm-none-eabi/10.2.0/../../../../arm-none-eabi/lib/thumb\libg.a(lib_a-mlock.o)
 .data._impure_ptr
                0x0000000003001200        0x4 c:/devkitpro/devkitarm/bin/../lib/gcc/arm-none-eabi/10.2.0/../../../../arm-none-eabi/lib/thumb\libg.a(lib_a-impure.o)
                0x0000000003001200                _impure_ptr
 *fill*         0x0000000003001204        0x4 ff
 .data.impure_data
                0x0000000003001208      0x460 c:/devkitpro/devkitarm/bin/../lib/gcc/arm-none-eabi/10.2.0/../../../../arm-none-eabi/lib/thumb\libg.a(lib_a-impure.o)
 *(.gnu.linkonce.d*)
                0x0000000003001668                . = ALIGN (0x4)
                0x0000000003001668                __data_end__ = ABSOLUTE (.)
                0x00000000020065b8                __iwram_overlay_lma = (__data_lma + SIZEOF (.data))
                [!provide]                        PROVIDE (edata = .)
                0x0000000003001668                __iwram_overlay_start = .

.igot.plt       0x0000000003001668        0x0 load address 0x00000000020065b8
 .igot.plt      0x0000000003001668        0x0 c:/devkitpro/devkitarm/bin/../lib/gcc/arm-none-eabi/10.2.0/../../../../arm-none-eabi/lib/thumb/gba_crt0.o

.iwram0         0x0000000003001668        0x0 load address 0x00000000020065b8
 *(.iwram0)
                0x0000000003001668                . = ALIGN (0x4)
                0x00000000020065b8                PROVIDE (__load_start_iwram0 = LOADADDR (.iwram0))
                0x00000000020065b8                PROVIDE (__load_stop_iwram0 = (LOADADDR (.iwram0) + SIZEOF (.iwram0)))

.iwram1         0x0000000003001668        0x0
 *(.iwram1)
                0x0000000003001668                . = ALIGN (0x4)
                [!provide]                        PROVIDE (__load_start_iwram1 = LOADADDR (.iwram1))
                [!provide]                        PROVIDE (__load_stop_iwram1 = (LOADADDR (.iwram1) + SIZEOF (.iwram1)))

.iwram2         0x0000000003001668        0x0
 *(.iwram2)
                0x0000000003001668                . = ALIGN (0x4)
                [!provide]                        PROVIDE (__load_start_iwram2 = LOADADDR (.iwram2))
                [!provide]                        PROVIDE (__load_stop_iwram2 = (LOADADDR (.iwram2) + SIZEOF (.iwram2)))

.iwram3         0x0000000003001668        0x0
 *(.iwram3)
                0x0000000003001668                . = ALIGN (0x4)
                [!provide]                        PROVIDE (__load_start_iwram3 = LOADADDR (.iwram3))
                [!provide]                        PROVIDE (__load_stop_iwram3 = (LOADADDR (.iwram3) + SIZEOF (.iwram3)))

.iwram4         0x0000000003001668        0x0
 *(.iwram4)
                0x0000000003001668                . = ALIGN (0x4)
                [!provide]                        PROVIDE (__load_start_iwram4 = LOADADDR (.iwram4))
                [!provide]                        PROVIDE (__load_stop_iwram4 = (LOADADDR (.iwram4) + SIZEOF (.iwram4)))

.iwram5         0x0000000003001668        0x0
 *(.iwram5)
                0x0000000003001668                . = ALIGN (0x4)
                [!provide]                        PROVIDE (__load_start_iwram5 = LOADADDR (.iwram5))
                [!provide]                        PROVIDE (__load_stop_iwram5 = (LOADADDR (.iwram5) + SIZEOF (.iwram5)))

.iwram6         0x0000000003001668        0x0
 *(.iwram6)
                0x0000000003001668                . = ALIGN (0x4)
                [!provide]                        PROVIDE (__load_start_iwram6 = LOADADDR (.iwram6))
                [!provide]                        PROVIDE (__load_stop_iwram6 = (LOADADDR (.iwram6) + SIZEOF (.iwram6)))

.iwram7         0x0000000003001668        0x0
 *(.iwram7)
                0x0000000003001668                . = ALIGN (0x4)
                [!provide]                        PROVIDE (__load_start_iwram7 = LOADADDR (.iwram7))
                [!provide]                        PROVIDE (__load_stop_iwram7 = (LOADADDR (.iwram7) + SIZEOF (.iwram7)))

.iwram8         0x0000000003001668        0x0
 *(.iwram8)
                0x0000000003001668                . = ALIGN (0x4)
                [!provide]                        PROVIDE (__load_start_iwram8 = LOADADDR (.iwram8))
                [!provide]                        PROVIDE (__load_stop_iwram8 = (LOADADDR (.iwram8) + SIZEOF (.iwram8)))

.iwram9         0x0000000003001668        0x0
 *(.iwram9)
                0x0000000003001668                . = ALIGN (0x4)
                [!provide]                        PROVIDE (__load_start_iwram9 = LOADADDR (.iwram9))
                [!provide]                        PROVIDE (__load_stop_iwram9 = (LOADADDR (.iwram9) + SIZEOF (.iwram9)))
                0x00000000020065b8                __ewram_lma = ((((((((((LOADADDR (.iwram0) + SIZEOF (.iwram0)) + SIZEOF (.iwram1)) + SIZEOF (.iwram2)) + SIZEOF (.iwram3)) + SIZEOF (.iwram4)) + SIZEOF (.iwram5)) + SIZEOF (.iwram6)) + SIZEOF (.iwram7)) + SIZEOF (.iwram8)) + SIZEOF (.iwram9))
                0x00000000020065b8                __iwram_overlay_end = __ewram_lma
                0x00000000020065b8                __ewram_start = __ewram_lma

.ewram          0x00000000020065b8        0x0
 *(.ewram)
                0x00000000020065b8                . = ALIGN (0x4)
                0x00000000020065b8                __ewram_end = ABSOLUTE (.)
                0x00000000020065b8                __ewram_overlay_lma = (__ewram_lma + SIZEOF (.ewram))

.sbss           0x00000000020065b8        0x0
                0x00000000020065b8                __sbss_start__ = ABSOLUTE (.)
 *(.sbss)
                0x00000000020065b8                . = ALIGN (0x4)
                0x00000000020065b8                __sbss_end__ = ABSOLUTE (.)
                0x00000000020065b8                __end__ = ABSOLUTE (.)
                0x00000000020065b8                __eheap_start = ABSOLUTE (.)

.ewram0         0x00000000020065b8        0x0
 *(.ewram0)
                0x00000000020065b8                . = ALIGN (0x4)
                [!provide]                        PROVIDE (__load_start_ewram0 = LOADADDR (.ewram0))
                [!provide]                        PROVIDE (__load_stop_ewram0 = (LOADADDR (.ewram0) + SIZEOF (.ewram0)))

.ewram1         0x00000000020065b8        0x0
 *(.ewram1)
                0x00000000020065b8                . = ALIGN (0x4)
                [!provide]                        PROVIDE (__load_start_ewram1 = LOADADDR (.ewram1))
                [!provide]                        PROVIDE (__load_stop_ewram1 = (LOADADDR (.ewram1) + SIZEOF (.ewram1)))

.ewram2         0x00000000020065b8        0x0
 *(.ewram2)
                0x00000000020065b8                . = ALIGN (0x4)
                [!provide]                        PROVIDE (__load_start_ewram2 = LOADADDR (.ewram2))
                [!provide]                        PROVIDE (__load_stop_ewram2 = (LOADADDR (.ewram2) + SIZEOF (.ewram2)))

.ewram3         0x00000000020065b8        0x0
 *(.ewram3)
                0x00000000020065b8                . = ALIGN (0x4)
                [!provide]                        PROVIDE (__load_start_ewram3 = LOADADDR (.ewram3))
                [!provide]                        PROVIDE (__load_stop_ewram3 = (LOADADDR (.ewram3) + SIZEOF (.ewram3)))

.ewram4         0x00000000020065b8        0x0
 *(.ewram4)
                0x00000000020065b8                . = ALIGN (0x4)
                [!provide]                        PROVIDE (__load_start_ewram4 = LOADADDR (.ewram4))
                [!provide]                        PROVIDE (__load_stop_ewram4 = (LOADADDR (.ewram4) + SIZEOF (.ewram4)))

.ewram5         0x00000000020065b8        0x0
 *(.ewram5)
                0x00000000020065b8                . = ALIGN (0x4)
                [!provide]                        PROVIDE (__load_start_ewram5 = LOADADDR (.ewram5))
                [!provide]                        PROVIDE (__load_stop_ewram5 = (LOADADDR (.ewram5) + SIZEOF (.ewram5)))

.ewram6         0x00000000020065b8        0x0
 *(.ewram6)
                0x00000000020065b8                . = ALIGN (0x4)
                [!provide]                        PROVIDE (__load_start_ewram6 = LOADADDR (.ewram6))
                [!provide]                        PROVIDE (__load_stop_ewram6 = (LOADADDR (.ewram6) + SIZEOF (.ewram6)))

.ewram7         0x00000000020065b8        0x0
 *(.ewram7)
                0x00000000020065b8                . = ALIGN (0x4)
                [!provide]                        PROVIDE (__load_start_ewram7 = LOADADDR (.ewram7))
                [!provide]                        PROVIDE (__load_stop_ewram7 = (LOADADDR (.ewram7) + SIZEOF (.ewram7)))

.ewram8         0x00000000020065b8        0x0
 *(.ewram8)
                0x00000000020065b8                . = ALIGN (0x4)
                [!provide]                        PROVIDE (__load_start_ewram8 = LOADADDR (.ewram8))
                [!provide]                        PROVIDE (__load_stop_ewram8 = (LOADADDR (.ewram8) + SIZEOF (.ewram8)))

.ewram9         0x00000000020065b8        0x0
 *(.ewram9)
                0x00000000020065b8                . = ALIGN (0x4)
                [!provide]                        PROVIDE (__load_start_ewram9 = LOADADDR (.ewram9))
                [!provide]                        PROVIDE (__load_stop_ewram9 = (LOADADDR (.ewram9) + SIZEOF (.ewram9)))
                0x00000000020065b8                __ewram_overlay_end = ABSOLUTE (.)
                0x00000000020065b8                __eheap_start = __ewram_overlay_end
                0x00000000020065b8                _end = __ewram_overlay_end
                0x00000000020065b8                __end__ = __ewram_overlay_end
                0x00000000020065b8                __rom_end__ = __ewram_overlay_end

.stab
 *(.stab)

.stabstr
 *(.stabstr)

.stab.excl
 *(.stab.excl)

.stab.exclstr
 *(.stab.exclstr)

.stab.index
 *(.stab.index)

.stab.indexstr
 *(.stab.indexstr)

.comment        0x0000000000000000       0x45
 *(.comment)
 .comment       0x0000000000000000       0x23 c:/devkitpro/devkitarm/bin/../lib/gcc/arm-none-eabi/10.2.0/thumb/crtbegin.o
                                         0x24 (size before relaxing)
 .comment       0x0000000000000023       0x24 Colly.o
 .comment       0x0000000000000023       0x24 TileMap.o
 .comment       0x0000000000000023       0x24 main.o
 .comment       0x0000000000000023       0x24 map.o
 .comment       0x0000000000000023       0x24 players.o
 .comment       0x0000000000000023       0x24 sio.o
 .comment       0x0000000000000023       0x24 util.o
 .comment       0x0000000000000023       0x22 C:/devkitPro/libtonc/lib\libtonc.a(tonc_irq.o)
                                         0x23 (size before relaxing)
 .comment       0x0000000000000045       0x23 C:/devkitPro/libtonc/lib\libtonc.a(tonc_oam.o)
 .comment       0x0000000000000045       0x23 C:/devkitPro/libtonc/lib\libtonc.a(tonc_input.o)
 .comment       0x0000000000000045       0x23 C:/devkitPro/libtonc/lib\libtonc.a(tte_main.o)
 .comment       0x0000000000000045       0x23 C:/devkitPro/libtonc/lib\libtonc.a(tte_init_obj.o)
 .comment       0x0000000000000045       0x23 C:/devkitPro/libtonc/lib\libtonc.a(tonc_text.o)
 .comment       0x0000000000000045       0x23 C:/devkitPro/libtonc/lib\libtonc.a(obj_drawg.o)
 .comment       0x0000000000000045       0x24 c:/devkitpro/devkitarm/bin/../lib/gcc/arm-none-eabi/10.2.0/../../../../arm-none-eabi/lib/thumb\libg.a(lib_a-ctype_.o)
 .comment       0x0000000000000045       0x24 c:/devkitpro/devkitarm/bin/../lib/gcc/arm-none-eabi/10.2.0/../../../../arm-none-eabi/lib/thumb\libg.a(lib_a-init.o)
 .comment       0x0000000000000045       0x24 c:/devkitpro/devkitarm/bin/../lib/gcc/arm-none-eabi/10.2.0/../../../../arm-none-eabi/lib/thumb\libg.a(lib_a-itoa.o)
 .comment       0x0000000000000045       0x24 c:/devkitpro/devkitarm/bin/../lib/gcc/arm-none-eabi/10.2.0/../../../../arm-none-eabi/lib/thumb\libg.a(lib_a-malloc.o)
 .comment       0x0000000000000045       0x24 c:/devkitpro/devkitarm/bin/../lib/gcc/arm-none-eabi/10.2.0/../../../../arm-none-eabi/lib/thumb\libg.a(lib_a-mallocr.o)
 .comment       0x0000000000000045       0x24 c:/devkitpro/devkitarm/bin/../lib/gcc/arm-none-eabi/10.2.0/../../../../arm-none-eabi/lib/thumb\libg.a(lib_a-memcpy-stub.o)
 .comment       0x0000000000000045       0x24 c:/devkitpro/devkitarm/bin/../lib/gcc/arm-none-eabi/10.2.0/../../../../arm-none-eabi/lib/thumb\libg.a(lib_a-memmove.o)
 .comment       0x0000000000000045       0x24 c:/devkitpro/devkitarm/bin/../lib/gcc/arm-none-eabi/10.2.0/../../../../arm-none-eabi/lib/thumb\libg.a(lib_a-memset.o)
 .comment       0x0000000000000045       0x24 c:/devkitpro/devkitarm/bin/../lib/gcc/arm-none-eabi/10.2.0/../../../../arm-none-eabi/lib/thumb\libg.a(lib_a-mlock.o)
 .comment       0x0000000000000045       0x24 c:/devkitpro/devkitarm/bin/../lib/gcc/arm-none-eabi/10.2.0/../../../../arm-none-eabi/lib/thumb\libg.a(lib_a-strlen-stub.o)
 .comment       0x0000000000000045       0x24 c:/devkitpro/devkitarm/bin/../lib/gcc/arm-none-eabi/10.2.0/../../../../arm-none-eabi/lib/thumb\libg.a(lib_a-strtol.o)
 .comment       0x0000000000000045       0x24 c:/devkitpro/devkitarm/bin/../lib/gcc/arm-none-eabi/10.2.0/../../../../arm-none-eabi/lib/thumb\libg.a(lib_a-utoa.o)
 .comment       0x0000000000000045       0x24 c:/devkitpro/devkitarm/bin/../lib/gcc/arm-none-eabi/10.2.0/../../../../arm-none-eabi/lib/thumb\libg.a(lib_a-errno.o)
 .comment       0x0000000000000045       0x24 c:/devkitpro/devkitarm/bin/../lib/gcc/arm-none-eabi/10.2.0/../../../../arm-none-eabi/lib/thumb\libg.a(lib_a-freer.o)
 .comment       0x0000000000000045       0x24 c:/devkitpro/devkitarm/bin/../lib/gcc/arm-none-eabi/10.2.0/../../../../arm-none-eabi/lib/thumb\libsysbase.a(sbrk.o)
 .comment       0x0000000000000045       0x24 c:/devkitpro/devkitarm/bin/../lib/gcc/arm-none-eabi/10.2.0/../../../../arm-none-eabi/lib/thumb\libsysbase.a(malloc_vars.o)
 .comment       0x0000000000000045       0x24 c:/devkitpro/devkitarm/bin/../lib/gcc/arm-none-eabi/10.2.0/../../../../arm-none-eabi/lib/thumb\libsysbase.a(syscall_support.o)
 .comment       0x0000000000000045       0x24 c:/devkitpro/devkitarm/bin/../lib/gcc/arm-none-eabi/10.2.0/../../../../arm-none-eabi/lib/thumb\libsysbase.a(getreent.o)
 .comment       0x0000000000000045       0x24 c:/devkitpro/devkitarm/bin/../lib/gcc/arm-none-eabi/10.2.0/../../../../arm-none-eabi/lib/thumb\libg.a(lib_a-impure.o)
 .comment       0x0000000000000045       0x24 c:/devkitpro/devkitarm/bin/../lib/gcc/arm-none-eabi/10.2.0/thumb/crtend.o

.ARM.attributes
                0x0000000000000000       0x2c
 .ARM.attributes
                0x0000000000000000       0x20 c:/devkitpro/devkitarm/bin/../lib/gcc/arm-none-eabi/10.2.0/../../../../arm-none-eabi/lib/thumb/gba_crt0.o
 .ARM.attributes
                0x0000000000000020       0x1c c:/devkitpro/devkitarm/bin/../lib/gcc/arm-none-eabi/10.2.0/thumb/crti.o
 .ARM.attributes
                0x000000000000003c       0x2a c:/devkitpro/devkitarm/bin/../lib/gcc/arm-none-eabi/10.2.0/thumb/crtbegin.o
 .ARM.attributes
                0x0000000000000066       0x26 Colly.o
 .ARM.attributes
                0x000000000000008c       0x2c TileMap.o
 .ARM.attributes
                0x00000000000000b8       0x26 main.o
 .ARM.attributes
                0x00000000000000de       0x26 map.o
 .ARM.attributes
                0x0000000000000104       0x26 players.o
 .ARM.attributes
                0x000000000000012a       0x26 sio.o
 .ARM.attributes
                0x0000000000000150       0x26 util.o
 .ARM.attributes
                0x0000000000000176       0x2a C:/devkitPro/libtonc/lib\libtonc.a(tonc_irq.o)
 .ARM.attributes
                0x00000000000001a0       0x2a C:/devkitPro/libtonc/lib\libtonc.a(tonc_oam.o)
 .ARM.attributes
                0x00000000000001ca       0x2a C:/devkitPro/libtonc/lib\libtonc.a(tonc_input.o)
 .ARM.attributes
                0x00000000000001f4       0x2a C:/devkitPro/libtonc/lib\libtonc.a(tte_main.o)
 .ARM.attributes
                0x000000000000021e       0x2a C:/devkitPro/libtonc/lib\libtonc.a(tte_init_obj.o)
 .ARM.attributes
                0x0000000000000248       0x2a C:/devkitPro/libtonc/lib\libtonc.a(tonc_text.o)
 .ARM.attributes
                0x0000000000000272       0x1a C:/devkitPro/libtonc/lib\libtonc.a(tonc_bios.o)
 .ARM.attributes
                0x000000000000028c       0x1a C:/devkitPro/libtonc/lib\libtonc.a(tonc_memcpy.o)
 .ARM.attributes
                0x00000000000002a6       0x1a C:/devkitPro/libtonc/lib\libtonc.a(tonc_bios_ex.o)
 .ARM.attributes
                0x00000000000002c0       0x1a C:/devkitPro/libtonc/lib\libtonc.a(tonc_isr_master.o)
 .ARM.attributes
                0x00000000000002da       0x1a C:/devkitPro/libtonc/lib\libtonc.a(tonc_memset.o)
 .ARM.attributes
                0x00000000000002f4       0x1a C:/devkitPro/libtonc/lib\libtonc.a(sys8.o)
 .ARM.attributes
                0x000000000000030e       0x1a C:/devkitPro/libtonc/lib\libtonc.a(toncfont.o)
 .ARM.attributes
                0x0000000000000328       0x2a C:/devkitPro/libtonc/lib\libtonc.a(obj_drawg.o)
 .ARM.attributes
                0x0000000000000352       0x1c c:/devkitpro/devkitarm/bin/../lib/gcc/arm-none-eabi/10.2.0/thumb\libgcc.a(_arm_mulsf3.o)
 .ARM.attributes
                0x000000000000036e       0x1c c:/devkitpro/devkitarm/bin/../lib/gcc/arm-none-eabi/10.2.0/thumb\libgcc.a(_divsi3.o)
 .ARM.attributes
                0x000000000000038a       0x1c c:/devkitpro/devkitarm/bin/../lib/gcc/arm-none-eabi/10.2.0/thumb\libgcc.a(_dvmd_tls.o)
 .ARM.attributes
                0x00000000000003a6       0x1c c:/devkitpro/devkitarm/bin/../lib/gcc/arm-none-eabi/10.2.0/thumb\libgcc.a(_arm_addsubsf3.o)
 .ARM.attributes
                0x00000000000003c2       0x1c c:/devkitpro/devkitarm/bin/../lib/gcc/arm-none-eabi/10.2.0/thumb\libgcc.a(_arm_cmpsf2.o)
 .ARM.attributes
                0x00000000000003de       0x1c c:/devkitpro/devkitarm/bin/../lib/gcc/arm-none-eabi/10.2.0/thumb\libgcc.a(_arm_fixsfsi.o)
 .ARM.attributes
                0x00000000000003fa       0x2a c:/devkitpro/devkitarm/bin/../lib/gcc/arm-none-eabi/10.2.0/../../../../arm-none-eabi/lib/thumb\libg.a(lib_a-ctype_.o)
 .ARM.attributes
                0x0000000000000424       0x2a c:/devkitpro/devkitarm/bin/../lib/gcc/arm-none-eabi/10.2.0/../../../../arm-none-eabi/lib/thumb\libg.a(lib_a-init.o)
 .ARM.attributes
                0x000000000000044e       0x2a c:/devkitpro/devkitarm/bin/../lib/gcc/arm-none-eabi/10.2.0/../../../../arm-none-eabi/lib/thumb\libg.a(lib_a-itoa.o)
 .ARM.attributes
                0x0000000000000478       0x2a c:/devkitpro/devkitarm/bin/../lib/gcc/arm-none-eabi/10.2.0/../../../../arm-none-eabi/lib/thumb\libg.a(lib_a-malloc.o)
 .ARM.attributes
                0x00000000000004a2       0x2a c:/devkitpro/devkitarm/bin/../lib/gcc/arm-none-eabi/10.2.0/../../../../arm-none-eabi/lib/thumb\libg.a(lib_a-mallocr.o)
 .ARM.attributes
                0x00000000000004cc       0x2a c:/devkitpro/devkitarm/bin/../lib/gcc/arm-none-eabi/10.2.0/../../../../arm-none-eabi/lib/thumb\libg.a(lib_a-memcpy-stub.o)
 .ARM.attributes
                0x00000000000004f6       0x2a c:/devkitpro/devkitarm/bin/../lib/gcc/arm-none-eabi/10.2.0/../../../../arm-none-eabi/lib/thumb\libg.a(lib_a-memmove.o)
 .ARM.attributes
                0x0000000000000520       0x2a c:/devkitpro/devkitarm/bin/../lib/gcc/arm-none-eabi/10.2.0/../../../../arm-none-eabi/lib/thumb\libg.a(lib_a-memset.o)
 .ARM.attributes
                0x000000000000054a       0x2a c:/devkitpro/devkitarm/bin/../lib/gcc/arm-none-eabi/10.2.0/../../../../arm-none-eabi/lib/thumb\libg.a(lib_a-mlock.o)
 .ARM.attributes
                0x0000000000000574       0x2a c:/devkitpro/devkitarm/bin/../lib/gcc/arm-none-eabi/10.2.0/../../../../arm-none-eabi/lib/thumb\libg.a(lib_a-strlen-stub.o)
 .ARM.attributes
                0x000000000000059e       0x2a c:/devkitpro/devkitarm/bin/../lib/gcc/arm-none-eabi/10.2.0/../../../../arm-none-eabi/lib/thumb\libg.a(lib_a-strtol.o)
 .ARM.attributes
                0x00000000000005c8       0x2a c:/devkitpro/devkitarm/bin/../lib/gcc/arm-none-eabi/10.2.0/../../../../arm-none-eabi/lib/thumb\libg.a(lib_a-utoa.o)
 .ARM.attributes
                0x00000000000005f2       0x2a c:/devkitpro/devkitarm/bin/../lib/gcc/arm-none-eabi/10.2.0/../../../../arm-none-eabi/lib/thumb\libg.a(lib_a-errno.o)
 .ARM.attributes
                0x000000000000061c       0x2a c:/devkitpro/devkitarm/bin/../lib/gcc/arm-none-eabi/10.2.0/../../../../arm-none-eabi/lib/thumb\libg.a(lib_a-freer.o)
 .ARM.attributes
                0x0000000000000646       0x2a c:/devkitpro/devkitarm/bin/../lib/gcc/arm-none-eabi/10.2.0/../../../../arm-none-eabi/lib/thumb\libsysbase.a(sbrk.o)
 .ARM.attributes
                0x0000000000000670       0x30 c:/devkitpro/devkitarm/bin/../lib/gcc/arm-none-eabi/10.2.0/../../../../arm-none-eabi/lib/thumb\libsysbase.a(malloc_vars.o)
 .ARM.attributes
                0x00000000000006a0       0x2a c:/devkitpro/devkitarm/bin/../lib/gcc/arm-none-eabi/10.2.0/../../../../arm-none-eabi/lib/thumb\libsysbase.a(syscall_support.o)
 .ARM.attributes
                0x00000000000006ca       0x2a c:/devkitpro/devkitarm/bin/../lib/gcc/arm-none-eabi/10.2.0/../../../../arm-none-eabi/lib/thumb\libsysbase.a(getreent.o)
 .ARM.attributes
                0x00000000000006f4       0x1c c:/devkitpro/devkitarm/bin/../lib/gcc/arm-none-eabi/10.2.0/thumb\libgcc.a(_udivsi3.o)
 .ARM.attributes
                0x0000000000000710       0x30 c:/devkitpro/devkitarm/bin/../lib/gcc/arm-none-eabi/10.2.0/../../../../arm-none-eabi/lib/thumb\libg.a(lib_a-impure.o)
 .ARM.attributes
                0x0000000000000740       0x30 c:/devkitpro/devkitarm/bin/../lib/gcc/arm-none-eabi/10.2.0/thumb/crtend.o
 .ARM.attributes
                0x0000000000000770       0x1c c:/devkitpro/devkitarm/bin/../lib/gcc/arm-none-eabi/10.2.0/thumb/crtn.o

.debug
 *(.debug)

.line
 *(.line)

.debug_srcinfo
 *(.debug_srcinfo)

.debug_sfnames
 *(.debug_sfnames)

.debug_aranges  0x0000000000000000       0xe0
 *(.debug_aranges)
 .debug_aranges
                0x0000000000000000       0x20 Colly.o
 .debug_aranges
                0x0000000000000020       0x18 TileMap.o
 .debug_aranges
                0x0000000000000038       0x28 main.o
 .debug_aranges
                0x0000000000000060       0x20 map.o
 .debug_aranges
                0x0000000000000080       0x20 players.o
 .debug_aranges
                0x00000000000000a0       0x20 sio.o
 .debug_aranges
                0x00000000000000c0       0x20 util.o

.debug_pubnames
 *(.debug_pubnames)

.debug_info     0x0000000000000000     0x45aa
 *(.debug_info)
 .debug_info    0x0000000000000000      0xcc0 Colly.o
 .debug_info    0x0000000000000cc0      0x1d9 TileMap.o
 .debug_info    0x0000000000000e99     0x1934 main.o
 .debug_info    0x00000000000027cd      0xa3f map.o
 .debug_info    0x000000000000320c      0x66a players.o
 .debug_info    0x0000000000003876      0xacd sio.o
 .debug_info    0x0000000000004343      0x267 util.o

.debug_abbrev   0x0000000000000000     0x12ce
 *(.debug_abbrev)
 .debug_abbrev  0x0000000000000000      0x2be Colly.o
 .debug_abbrev  0x00000000000002be       0x95 TileMap.o
 .debug_abbrev  0x0000000000000353      0x553 main.o
 .debug_abbrev  0x00000000000008a6      0x2c1 map.o
 .debug_abbrev  0x0000000000000b67      0x33b players.o
 .debug_abbrev  0x0000000000000ea2      0x326 sio.o
 .debug_abbrev  0x00000000000011c8      0x106 util.o

.debug_line     0x0000000000000000     0x39d4
 *(.debug_line)
 .debug_line    0x0000000000000000      0x735 Colly.o
 .debug_line    0x0000000000000735       0x99 TileMap.o
 .debug_line    0x00000000000007ce     0x1093 main.o
 .debug_line    0x0000000000001861      0xa36 map.o
 .debug_line    0x0000000000002297      0xb85 players.o
 .debug_line    0x0000000000002e1c      0xa11 sio.o
 .debug_line    0x000000000000382d      0x1a7 util.o

.debug_frame    0x0000000000000000      0x518
 *(.debug_frame)
 .debug_frame   0x0000000000000000       0xac Colly.o
 .debug_frame   0x00000000000000ac      0x110 main.o
 .debug_frame   0x00000000000001bc      0x114 map.o
 .debug_frame   0x00000000000002d0       0x78 players.o
 .debug_frame   0x0000000000000348      0x164 sio.o
 .debug_frame   0x00000000000004ac       0x6c util.o

.debug_str      0x0000000000000000      0xbe5
 *(.debug_str)
 .debug_str     0x0000000000000000      0x27e Colly.o
                                        0x2bc (size before relaxing)
 .debug_str     0x000000000000027e      0x10e TileMap.o
                                        0x254 (size before relaxing)
 .debug_str     0x000000000000038c      0x521 main.o
                                        0x7b0 (size before relaxing)
 .debug_str     0x00000000000008ad       0xf5 map.o
                                        0x38e (size before relaxing)
 .debug_str     0x00000000000009a2       0x91 players.o
                                        0x34e (size before relaxing)
 .debug_str     0x0000000000000a33      0x165 sio.o
                                        0x462 (size before relaxing)
 .debug_str     0x0000000000000b98       0x4d util.o
                                        0x1c7 (size before relaxing)

.debug_loc      0x0000000000000000     0x45f1
 *(.debug_loc)
 .debug_loc     0x0000000000000000     0x1697 Colly.o
 .debug_loc     0x0000000000001697     0x106e main.o
 .debug_loc     0x0000000000002705      0x9d0 map.o
 .debug_loc     0x00000000000030d5      0xd51 players.o
 .debug_loc     0x0000000000003e26      0x514 sio.o
 .debug_loc     0x000000000000433a      0x2b7 util.o

.debug_macinfo
 *(.debug_macinfo)

.debug_weaknames
 *(.debug_weaknames)

.debug_funcnames
 *(.debug_funcnames)

.debug_typenames
 *(.debug_typenames)

.debug_varnames
 *(.debug_varnames)

.stack          0x0000000000080000        0x0
                0x0000000000080000                _stack = .
 *(.stack)
LOAD c:/devkitpro/devkitarm/bin/../lib/gcc/arm-none-eabi/10.2.0/../../../../arm-none-eabi/lib/thumb/gba_crt0.o
LOAD c:/devkitpro/devkitarm/bin/../lib/gcc/arm-none-eabi/10.2.0/thumb/crti.o
LOAD c:/devkitpro/devkitarm/bin/../lib/gcc/arm-none-eabi/10.2.0/thumb/crtbegin.o
LOAD Colly.o
LOAD TileMap.o
LOAD main.o
LOAD map.o
LOAD players.o
LOAD sio.o
LOAD util.o
LOAD C:/devkitPro/libgba/lib\libgba.a
LOAD C:/devkitPro/libtonc/lib\libtonc.a
START GROUP
LOAD c:/devkitpro/devkitarm/bin/../lib/gcc/arm-none-eabi/10.2.0/thumb\libgcc.a
LOAD c:/devkitpro/devkitarm/bin/../lib/gcc/arm-none-eabi/10.2.0/../../../../arm-none-eabi/lib/thumb\libg.a
LOAD c:/devkitpro/devkitarm/bin/../lib/gcc/arm-none-eabi/10.2.0/../../../../arm-none-eabi/lib/thumb\libc.a
LOAD c:/devkitpro/devkitarm/bin/../lib/gcc/arm-none-eabi/10.2.0/../../../../arm-none-eabi/lib/thumb\libsysbase.a
END GROUP
LOAD c:/devkitpro/devkitarm/bin/../lib/gcc/arm-none-eabi/10.2.0/thumb/crtend.o
LOAD c:/devkitpro/devkitarm/bin/../lib/gcc/arm-none-eabi/10.2.0/thumb/crtn.o
OUTPUT(C:/Users/Daniel/Desktop/GBAWork/TileWorldGBA/TileWorldGBA_mb.elf elf32-littlearm)
LOAD linker stubs

.debug_ranges   0x0000000000000000      0xbc8
 .debug_ranges  0x0000000000000000      0x3c0 Colly.o
 .debug_ranges  0x00000000000003c0      0x3f8 main.o
 .debug_ranges  0x00000000000007b8       0x88 map.o
 .debug_ranges  0x0000000000000840      0x268 players.o
 .debug_ranges  0x0000000000000aa8       0xb0 sio.o
 .debug_ranges  0x0000000000000b58       0x70 util.o
